Godot Engine v4.7.2.stable.official.ed1daf0bf - https://godotengine.org
Vulkan 1.4.329 - Forward+ - Using Device #0: NVIDIA - NVIDIA GeForce RTX 4060

CAPTURED A:/Python/beyond-heroes/work/lemondev/bh-012/evidence/dungeons/dg_deeps_2__overview.png
CAPTURED A:/Python/beyond-heroes/work/lemondev/bh-012/evidence/dungeons/dg_deeps_2__arrival.png
CAPTURED A:/Python/beyond-heroes/work/lemondev/bh-012/evidence/dungeons/dg_deeps_2__goal.png
STATS dg_deeps_2 {"build_ms":1230,"mesh_instances":627,"nav_polygons":284,"nodes":2355,"omni_lights":41,"shadowed_omni":0,"spawns":["arrival","start","descent"],"teleporters":2}
CAPTURED A:/Python/beyond-heroes/work/lemondev/bh-012/evidence/dungeons/dg_warren_1__overview.png
CAPTURED A:/Python/beyond-heroes/work/lemondev/bh-012/evidence/dungeons/dg_warren_1__arrival.png
CAPTURED A:/Python/beyond-heroes/work/lemondev/bh-012/evidence/dungeons/dg_warren_1__goal.png
STATS dg_warren_1 {"build_ms":212,"mesh_instances":478,"nav_polygons":221,"nodes":1789,"omni_lights":34,"shadowed_omni":0,"spawns":["arrival","start","descent"],"teleporters":2}
CAPTURED A:/Python/beyond-heroes/work/lemondev/bh-012/evidence/dungeons/dg_ember_2__overview.png
CAPTURED A:/Python/beyond-heroes/work/lemondev/bh-012/evidence/dungeons/dg_ember_2__arrival.png
CAPTURED A:/Python/beyond-heroes/work/lemondev/bh-012/evidence/dungeons/dg_ember_2__goal.png
STATS dg_ember_2 {"build_ms":170,"mesh_instances":698,"nav_polygons":289,"nodes":2601,"omni_lights":52,"shadowed_omni":0,"spawns":["arrival","start","descent"],"teleporters":2}
CAPTURED A:/Python/beyond-heroes/work/lemondev/bh-012/evidence/dungeons/dg_barrow_2__overview.png
CAPTURED A:/Python/beyond-heroes/work/lemondev/bh-012/evidence/dungeons/dg_barrow_2__arrival.png
CAPTURED A:/Python/beyond-heroes/work/lemondev/bh-012/evidence/dungeons/dg_barrow_2__goal.png
STATS dg_barrow_2 {"build_ms":113,"mesh_instances":463,"nav_polygons":137,"nodes":1767,"omni_lights":33,"shadowed_omni":0,"spawns":["arrival","start","descent"],"teleporters":2}
WARNING: Adding 'ring_a' as child to '@Node3D@610' will make owner 'armillary_sphere_79' inconsistent. Consider unsetting the owner beforehand.
   at: add_child (scene/main/node.cpp:1728)
   GDScript backtrace (most recent call first):
       [0] _light_and_dress (res://src/world/maps/dungeon.gd:544)
       [1] compose (res://src/world/maps/dungeon.gd:82)
       [2] build (res://src/world/map_builder.gd:62)
       [3] build_map (res://src/autoload/game.gd:154)
       [4] load_map (res://src/autoload/game.gd:158)
       [5] _ready (res://tests/tools/capture_maps.gd:26)
WARNING: Adding 'ring_b' as child to '@Node3D@611' will make owner 'armillary_sphere_79' inconsistent. Consider unsetting the owner beforehand.
   at: add_child (scene/main/node.cpp:1728)
   GDScript backtrace (most recent call first):
       [0] _light_and_dress (res://src/world/maps/dungeon.gd:544)
       [1] compose (res://src/world/maps/dungeon.gd:82)
       [2] build (res://src/world/map_builder.gd:62)
       [3] build_map (res://src/autoload/game.gd:154)
       [4] load_map (res://src/autoload/game.gd:158)
       [5] _ready (res://tests/tools/capture_maps.gd:26)
WARNING: Adding 'ring_c' as child to '@Node3D@612' will make owner 'armillary_sphere_79' inconsistent. Consider unsetting the owner beforehand.
   at: add_child (scene/main/node.cpp:1728)
   GDScript backtrace (most recent call first):
       [0] _light_and_dress (res://src/world/maps/dungeon.gd:544)
       [1] compose (res://src/world/maps/dungeon.gd:82)
       [2] build (res://src/world/map_builder.gd:62)
       [3] build_map (res://src/autoload/game.gd:154)
       [4] load_map (res://src/autoload/game.gd:158)
       [5] _ready (res://tests/tools/capture_maps.gd:26)
CAPTURED A:/Python/beyond-heroes/work/lemondev/bh-012/evidence/dungeons/dg_orrery_2__overview.png
CAPTURED A:/Python/beyond-heroes/work/lemondev/bh-012/evidence/dungeons/dg_orrery_2__arrival.png
CAPTURED A:/Python/beyond-heroes/work/lemondev/bh-012/evidence/dungeons/dg_orrery_2__goal.png
STATS dg_orrery_2 {"build_ms":204,"mesh_instances":552,"nav_polygons":196,"nodes":2078,"omni_lights":38,"shadowed_omni":0,"spawns":["arrival","start","descent"],"teleporters":2}
