package: name='com.aljayleodones.beyondheroes' versionCode='1' versionName='0.8.0' platformBuildVersionName='16' platformBuildVersionCode='36' compileSdkVersion='36' compileSdkVersionCodename='16'
install-location:'auto'
sdkVersion:'24'
targetSdkVersion:'36'
application-label:'Beyond Heroes'
application-label-af:'Beyond Heroes'
application-label-am:'Beyond Heroes'
application-label-ar:'Beyond Heroes'
application-label-as:'Beyond Heroes'
application-label-az:'Beyond Heroes'
application-label-be:'Beyond Heroes'
application-label-bg:'Beyond Heroes'
application-label-bn:'Beyond Heroes'
application-label-bs:'Beyond Heroes'
application-label-ca:'Beyond Heroes'
application-label-cs:'Beyond Heroes'
application-label-da:'Beyond Heroes'
application-label-de:'Beyond Heroes'
application-label-el:'Beyond Heroes'
application-label-en:'Beyond Heroes'
application-label-en-AU:'Beyond Heroes'
application-label-en-CA:'Beyond Heroes'
application-label-en-GB:'Beyond Heroes'
application-label-en-IN:'Beyond Heroes'
application-label-en-XC:'Beyond Heroes'
application-label-es:'Beyond Heroes'
application-label-es-ES:'Beyond Heroes'
application-label-es-US:'Beyond Heroes'
application-label-et:'Beyond Heroes'
application-label-eu:'Beyond Heroes'
application-label-fa:'Beyond Heroes'
application-label-fi:'Beyond Heroes'
application-label-fr:'Beyond Heroes'
application-label-fr-CA:'Beyond Heroes'
application-label-gl:'Beyond Heroes'
application-label-gu:'Beyond Heroes'
application-label-hi:'Beyond Heroes'
application-label-hr:'Beyond Heroes'
application-label-hu:'Beyond Heroes'
application-label-hy:'Beyond Heroes'
application-label-in:'Beyond Heroes'
application-label-is:'Beyond Heroes'
application-label-it:'Beyond Heroes'
application-label-iw:'Beyond Heroes'
application-label-ja:'Beyond Heroes'
application-label-ka:'Beyond Heroes'
application-label-kk:'Beyond Heroes'
application-label-km:'Beyond Heroes'
application-label-kn:'Beyond Heroes'
application-label-ko:'Beyond Heroes'
application-label-ky:'Beyond Heroes'
application-label-lo:'Beyond Heroes'
application-label-lt:'Beyond Heroes'
application-label-lv:'Beyond Heroes'
application-label-mk:'Beyond Heroes'
application-label-ml:'Beyond Heroes'
application-label-mn:'Beyond Heroes'
application-label-mr:'Beyond Heroes'
application-label-ms:'Beyond Heroes'
application-label-my:'Beyond Heroes'
application-label-nb:'Beyond Heroes'
application-label-ne:'Beyond Heroes'
application-label-nl:'Beyond Heroes'
application-label-or:'Beyond Heroes'
application-label-pa:'Beyond Heroes'
application-label-pl:'Beyond Heroes'
application-label-pt:'Beyond Heroes'
application-label-pt-BR:'Beyond Heroes'
application-label-pt-PT:'Beyond Heroes'
application-label-ro:'Beyond Heroes'
application-label-ru:'Beyond Heroes'
application-label-si:'Beyond Heroes'
application-label-sk:'Beyond Heroes'
application-label-sl:'Beyond Heroes'
application-label-sq:'Beyond Heroes'
application-label-sr:'Beyond Heroes'
application-label-sr-Latn:'Beyond Heroes'
application-label-sv:'Beyond Heroes'
application-label-sw:'Beyond Heroes'
application-label-ta:'Beyond Heroes'
application-label-te:'Beyond Heroes'
application-label-th:'Beyond Heroes'
application-label-tl:'Beyond Heroes'
application-label-tr:'Beyond Heroes'
application-label-uk:'Beyond Heroes'
application-label-ur:'Beyond Heroes'
application-label-uz:'Beyond Heroes'
application-label-vi:'Beyond Heroes'
application-label-zh:'Beyond Heroes'
application-label-zh-CN:'Beyond Heroes'
application-label-zh-HK:'Beyond Heroes'
application-label-zh-TW:'Beyond Heroes'
application-label-zu:'Beyond Heroes'
application-icon-160:'res/mipmap-anydpi-v26/icon.xml'
application-icon-240:'res/mipmap-anydpi-v26/icon.xml'
application-icon-320:'res/mipmap-anydpi-v26/icon.xml'
application-icon-480:'res/mipmap-anydpi-v26/icon.xml'
application-icon-640:'res/mipmap-anydpi-v26/icon.xml'
application-icon-65534:'res/mipmap-anydpi-v26/icon.xml'
application: label='Beyond Heroes' icon='res/mipmap-anydpi-v26/icon.xml'
application-isGame
application-debuggable
uses-permission: name='android.permission.ACCESS_NETWORK_STATE'
uses-permission: name='android.permission.ACCESS_WIFI_STATE'
uses-permission: name='android.permission.CHANGE_WIFI_MULTICAST_STATE'
uses-permission: name='android.permission.INTERNET'
feature-group: label=''
  uses-gl-es: '0x30000'
  uses-feature: name='android.hardware.faketouch'
  uses-implied-feature: name='android.hardware.faketouch' reason='default feature for all apps'
  uses-feature: name='android.hardware.wifi'
  uses-implied-feature: name='android.hardware.wifi' reason='requested android.permission.ACCESS_WIFI_STATE permission, and requested android.permission.CHANGE_WIFI_MULTICAST_STATE permission'
other-activities
other-receivers
supports-screens: 'small' 'normal' 'large' 'xlarge'
supports-any-density: 'true'
locales: '--_--' 'af' 'am' 'ar' 'as' 'az' 'be' 'bg' 'bn' 'bs' 'ca' 'cs' 'da' 'de' 'el' 'en' 'en-AU' 'en-CA' 'en-GB' 'en-IN' 'en-XC' 'es' 'es-ES' 'es-US' 'et' 'eu' 'fa' 'fi' 'fr' 'fr-CA' 'gl' 'gu' 'hi' 'hr' 'hu' 'hy' 'in' 'is' 'it' 'iw' 'ja' 'ka' 'kk' 'km' 'kn' 'ko' 'ky' 'lo' 'lt' 'lv' 'mk' 'ml' 'mn' 'mr' 'ms' 'my' 'nb' 'ne' 'nl' 'or' 'pa' 'pl' 'pt' 'pt-BR' 'pt-PT' 'ro' 'ru' 'si' 'sk' 'sl' 'sq' 'sr' 'sr-Latn' 'sv' 'sw' 'ta' 'te' 'th' 'tl' 'tr' 'uk' 'ur' 'uz' 'vi' 'zh' 'zh-CN' 'zh-HK' 'zh-TW' 'zu'
densities: '160' '240' '320' '480' '640' '65534'
native-code: 'arm64-v8a' 'armeabi-v7a'
