Godot Engine v4.7.2.stable.official.ed1daf0bf - https://godotengine.org
Vulkan 1.4.329 - Forward+ - Using Device #0: NVIDIA - NVIDIA GeForce RTX 4060

WALK map=agdao stops=13 refresh=60 Hz window=(1920, 1080) vsync=true cap=144 lite=true shadows=2 effects=2 aa=1 scale=1.00 renderer=forward_plus
STUCK near (-20.0, 1.600999, 46.21966) heading for pier
SPIKE {"added":{"AnimationPlayer":2,"AnimationTree":2,"BoneAttachment3D":4,"CollisionShape3D":1,"MeshInstance3D":15,"Node3D":13,"Node3D(character_visual.gd)":2,"Node3D(cutscene_actor.gd)":2,"PhysicalBoneSimulator3D":2,"Skeleton3D":2,"StaticBody3D":1},"cpu_render":2.1,"fades":0,"frame":29.7,"gpu":5.3,"lights_switched":0,"minimap":true,"phys":0.9,"pipelines":9,"pos":"-20,1.6,46","proc":16.9,"steps":1,"stop":"pier","t_ms":6579}
STUCK near (-20.0, 1.600999, 46.21966) heading for pier
STUCK near (-20.0, 1.600999, 46.21966) heading for pier
STUCK near (-20.0, 1.600999, 46.21966) heading for pier
SPIKE {"added":{"AnimationPlayer":1,"BoneAttachment3D":2,"Camera3D":1,"DirectionalLight3D":1,"GPUParticles3D":3,"MeshInstance3D":3,"MultiMeshInstance3D":2,"Node3D":3,"Node3D()":3,"Node3D(cutscene_actor.gd)":1,"OmniLight3D":3,"PhysicalBoneSimulator3D":1,"Skeleton3D":1,"SubViewport":1,"WorldEnvironment":1},"cpu_render":1.1,"fades":0,"frame":125.2,"gpu":5.6,"lights_switched":3,"minimap":true,"phys":1.5,"pipelines":33,"pos":"-21,5.0,31","proc":16.5,"steps":3,"stop":"agd_pier","t_ms":16674}
STUCK near (-11.28981, 5.600965, 23.651) heading for agdao_shrine
SPIKE {"added":{},"cpu_render":0.1,"fades":0,"frame":20.6,"gpu":0.3,"lights_switched":0,"minimap":true,"phys":1.0,"pipelines":0,"pos":"-11,5.6,24","proc":17.9,"steps":1,"stop":"agdao_shrine","t_ms":24519}
STUCK near (-11.28981, 5.600965, 23.651) heading for agdao_shrine
SPIKE {"added":{},"cpu_render":0.1,"fades":0,"frame":20.9,"gpu":1.7,"lights_switched":0,"minimap":true,"phys":1.1,"pipelines":0,"pos":"-5,5.6,22","proc":17.9,"steps":1,"stop":"agdao_shrine","t_ms":27034}
SPIKE {"added":{"AnimationPlayer":1,"AnimationTree":1,"BoneAttachment3D":1,"MeshInstance3D":3,"Node3D":2,"Node3D(character_visual.gd)":1,"Node3D(cutscene_actor.gd)":1,"PhysicalBoneSimulator3D":1,"Skeleton3D":1},"cpu_render":0.1,"fades":0,"frame":26.7,"gpu":0.3,"lights_switched":0,"minimap":true,"phys":1.1,"pipelines":17,"pos":"-2,5.6,22","proc":17.9,"steps":1,"stop":"agdao_shrine","t_ms":27609}
STUCK near (-1.34336, 5.600965, 22.51399) heading for agdao_shrine
SPIKE {"added":{},"cpu_render":0.1,"fades":0,"frame":20.9,"gpu":0.5,"lights_switched":0,"minimap":true,"phys":1.1,"pipelines":0,"pos":"-1,5.6,23","proc":17.2,"steps":1,"stop":"agdao_shrine","t_ms":31401}
SPIKE {"added":{},"cpu_render":0.1,"fades":0,"frame":20.3,"gpu":0.3,"lights_switched":0,"minimap":true,"phys":1.1,"pipelines":0,"pos":"-0,5.6,23","proc":20.1,"steps":1,"stop":"agdao_shrine","t_ms":31870}
STUCK near (0.632228, 5.600965, 22.72832) heading for agdao_shrine
SPIKE {"added":{"AnimationPlayer":2,"AnimationTree":2,"BoneAttachment3D":4,"CollisionShape3D":1,"MeshInstance3D":15,"Node3D":13,"Node3D(character_visual.gd)":2,"Node3D(cutscene_actor.gd)":2,"PhysicalBoneSimulator3D":2,"Skeleton3D":2,"StaticBody3D":1},"cpu_render":0.1,"fades":0,"frame":32.4,"gpu":0.1,"lights_switched":0,"minimap":true,"phys":1.1,"pipelines":0,"pos":"8,5.6,21","proc":16.6,"steps":1,"stop":"agdao_shrine","t_ms":36626}
SPIKE {"added":{},"cpu_render":1.0,"fades":1,"frame":54.6,"gpu":5.3,"lights_switched":0,"minimap":true,"phys":1.0,"pipelines":27,"pos":"27,9.6,-4","proc":16.6,"steps":1,"stop":"agd_mid","t_ms":51820}
SPIKE {"added":{},"cpu_render":0.9,"fades":0,"frame":20.6,"gpu":8.9,"lights_switched":0,"minimap":true,"phys":1.1,"pipelines":0,"pos":"0,13.6,-26","proc":16.9,"steps":1,"stop":"agd_upper","t_ms":59869}
STUCK near (-12.03706, 5.600965, 23.65099) heading for agd_crown
STUCK near (-12.03706, 5.600965, 23.65099) heading for agd_crown
STUCK near (-11.53351, 5.600965, 23.65099) heading for agd_crown
SPIKE {"added":{},"cpu_render":1.0,"fades":0,"frame":20.6,"gpu":8.3,"lights_switched":0,"minimap":true,"phys":1.6,"pipelines":0,"pos":"-0,13.6,-26","proc":18.2,"steps":1,"stop":"agd_crown","t_ms":119717}
WALKSUM {"avg_cpu_render":1.07,"avg_draws":690.09,"avg_fps":60.0,"avg_gpu":4.52,"avg_objects":1171.98,"avg_phys":1.17,"avg_proc":18.11,"avg_steps":1.0,"frames":8996,"hero_moving_frames":7063,"hero_still_frames":1933,"lite":true,"low1_fps":48.8,"map":"agdao","max_ms":125.2,"median_ms":16.66,"multi_step_frames":2,"over_17ms":287,"over_25ms":5,"over_33ms":2,"over_50ms":2,"p99_ms":17.96,"seconds":150.0,"spike_causes":{"fades":1,"lights":1,"minimap":11,"multi_step":1,"nodes_added":4,"pipelines":4},"stuck":11,"vsync":true,"zero_step_frames":1}
ERROR: 1 RID allocations of type 'N10RendererRD14TextureStorage7TextureE' were leaked at exit.
ERROR: Parameter "RenderingServer::get_singleton()" is null.
   at: ~CompressedTexture2D (scene/resources/compressed_texture.cpp:464)
WARNING: 2 RIDs of type "Texture" were leaked.
   at: finalize (servers/rendering/rendering_device.cpp:8900)
