Godot Engine v4.7.2.stable.official.ed1daf0bf - https://godotengine.org
Vulkan 1.4.329 - Forward+ - Using Device #0: NVIDIA - NVIDIA GeForce RTX 4060

WALK map=agdao stops=13 refresh=60 Hz window=(1920, 1080) vsync=false cap=0 lite=true shadows=2 effects=2 aa=1 scale=1.00 renderer=forward_plus
STUCK near (-20.0, 1.600999, 46.21966) heading for pier
STUCK near (-20.0, 1.600999, 46.21966) heading for pier
STUCK near (-20.0, 1.600999, 46.21966) heading for pier
STUCK near (-20.0, 1.600999, 46.21966) heading for pier
STUCK near (-11.28981, 5.600965, 23.651) heading for agdao_shrine
STUCK near (-11.28981, 5.600965, 23.651) heading for agdao_shrine
SPIKE {"added":{},"cpu_render":1.6,"fades":0,"frame":21.0,"gpu":1.8,"lights_switched":0,"minimap":true,"phases":"pre>post 3.5","phys":0.9,"pipelines":0,"pos":"-5,5.6,22","proc":6.1,"steps":1,"stop":"agdao_shrine","t_ms":26892}
STUCK near (-1.34336, 5.600965, 22.51399) heading for agdao_shrine
STUCK near (0.632228, 5.600965, 22.72832) heading for agdao_shrine
SPIKE {"added":{},"cpu_render":0.9,"fades":0,"frame":12.4,"gpu":1.7,"lights_switched":0,"minimap":true,"phases":"pre>post 2.0","phys":1.4,"pipelines":0,"pos":"16,5.6,20","proc":6.2,"steps":1,"stop":"agdao_shrine","t_ms":37902}
SPIKE {"added":{},"cpu_render":0.8,"fades":0,"frame":12.4,"gpu":1.5,"lights_switched":0,"minimap":true,"phases":"pre>post 2.5","phys":1.4,"pipelines":0,"pos":"28,9.6,-1","proc":7.2,"steps":1,"stop":"agd_mid","t_ms":50923}
SPIKE {"added":{},"cpu_render":1.6,"fades":1,"frame":57.8,"gpu":1.5,"lights_switched":0,"minimap":true,"phases":"pre>post 12.2","phys":1.0,"pipelines":27,"pos":"27,9.6,-4","proc":11.6,"steps":3,"stop":"agd_mid","t_ms":51678}
SPIKE {"added":{},"cpu_render":1.9,"fades":0,"frame":15.3,"gpu":1.6,"lights_switched":0,"minimap":true,"phases":"pre>post 2.4, phys>proc 1.0","phys":1.0,"pipelines":0,"pos":"-19,9.6,-8","proc":5.6,"steps":1,"stop":"agd_council","t_ms":65956}
SPIKE {"added":{},"cpu_render":1.1,"fades":0,"frame":13.5,"gpu":1.4,"lights_switched":0,"minimap":true,"phases":"pre>post 2.2","phys":1.0,"pipelines":0,"pos":"1,9.6,1","proc":6.1,"steps":1,"stop":"agd_harbour","t_ms":74971}
SPIKE {"added":{},"cpu_render":0.8,"fades":0,"frame":15.8,"gpu":1.6,"lights_switched":0,"minimap":true,"phases":"pre>post 3.2","phys":1.3,"pipelines":0,"pos":"-40,1.6,44","proc":6.5,"steps":0,"stop":"agd_harbour","t_ms":87997}
STUCK near (-46.36513, 1.600704, 38.60765) heading for agd_crown
STUCK near (-46.36513, 1.600704, 38.60765) heading for agd_crown
STUCK near (-46.36513, 1.600704, 38.60765) heading for agd_crown
STUCK near (-46.36513, 1.600704, 38.60765) heading for agd_crown
STUCK near (-46.36513, 1.600704, 38.60765) heading for agd_crown
STUCK near (-46.36513, 1.600704, 38.60765) heading for agd_crown
STUCK near (-46.36513, 1.600704, 38.60765) heading for agd_crown
STUCK near (-46.36513, 1.600704, 38.60765) heading for agd_crown
STUCK near (-46.36513, 1.600704, 38.60765) heading for agd_crown
SPIKE {"added":{"HBoxContainer":1,"Label":1,"PanelContainer":1,"TextureRect":1},"cpu_render":1.6,"fades":0,"frame":23.8,"gpu":1.5,"lights_switched":0,"minimap":true,"phases":"pre>post 2.3","phys":1.0,"pipelines":0,"pos":"-46,1.6,39","proc":6.0,"steps":2,"stop":"agd_crown","t_ms":119200}
STUCK near (-46.36513, 1.600704, 38.60765) heading for agd_crown
STUCK near (-46.36513, 1.600704, 38.60765) heading for agd_crown
STUCK near (-46.36513, 1.600704, 38.60765) heading for agd_crown
STUCK near (-46.36513, 1.600704, 38.60765) heading for agd_crown
STUCK near (-46.36513, 1.600704, 38.60765) heading for agd_crown
STUCK near (-24.4017, 1.600612, 34.79757) heading for agd_crown
SPIKE {"added":{},"cpu_render":1.6,"fades":0,"frame":13.0,"gpu":1.5,"lights_switched":0,"minimap":true,"phases":"pre>post 2.1","phys":1.2,"pipelines":0,"pos":"-24,1.6,32","proc":5.8,"steps":0,"stop":"agd_crown","t_ms":140069}
STUCK near (-24.40142, 1.600968, 31.29317) heading for agd_crown
STUCK near (-24.40142, 1.600968, 31.29317) heading for agd_crown
STUCK near (-24.40142, 1.600968, 30.41749) heading for agd_crown
WALKSUM {"avg_cpu_render":0.93,"avg_draws":703.27,"avg_fps":325.7,"avg_gpu":1.6,"avg_objects":1209.01,"avg_phys":1.21,"avg_proc":8.16,"avg_steps":0.18,"frames":48863,"hero_moving_frames":4375,"hero_still_frames":44488,"lite":true,"low1_fps":137.5,"map":"agdao","max_ms":57.8,"median_ms":2.78,"minimap_renders":48863,"multi_step_frames":3,"over_17ms":3,"over_25ms":1,"over_33ms":1,"over_50ms":1,"p99_ms":6.42,"seconds":150.0,"spike_causes":{"fades":1,"lights":0,"minimap":9,"multi_step":2,"nodes_added":1,"pipelines":1},"stuck":26,"vsync":false,"zero_step_frames":39866}
ERROR: 1 RID allocations of type 'N10RendererRD14TextureStorage7TextureE' were leaked at exit.
ERROR: Parameter "RenderingServer::get_singleton()" is null.
   at: ~CompressedTexture2D (scene/resources/compressed_texture.cpp:464)
WARNING: 2 RIDs of type "Texture" were leaked.
   at: finalize (servers/rendering/rendering_device.cpp:8900)
