Godot Engine v4.7.2.stable.official.ed1daf0bf - https://godotengine.org
Vulkan 1.4.329 - Forward+ - Using Device #0: NVIDIA - NVIDIA GeForce RTX 4060

WALKINFO hero=Hehe level=57 map=agdao tempos=10
WALK map=agdao stops=13 refresh=60 Hz window=(1920, 1080) vsync=true cap=144 lite=true shadows=2 effects=2 aa=1 scale=1.00 renderer=forward_plus
STUCK near (-20.0, 1.601, 46.21846) heading for pier: hop to the next path point
SPIKE {"added":{},"cpu_render":2.9,"fades":0,"frame":18.3,"gpu":5.2,"lights_switched":0,"minimap":false,"phases":"pre>post 12.4, phys>proc 3.5","phys":2.1,"pipelines":0,"pos":"-20,1.6,54","proc":16.3,"steps":1,"stop":"pier","t_ms":4913}
SPIKE {"added":{"HBoxContainer":1,"Label":1,"PanelContainer":1,"TextureRect":1},"cpu_render":2.6,"fades":0,"frame":75.7,"gpu":5.2,"lights_switched":0,"minimap":false,"phases":"pre>post 4.4, phys>phys 1.7, phys>phys 1.5, phys>proc 1.7","phys":2.1,"pipelines":0,"pos":"-20,1.6,55","proc":16.3,"steps":3,"stop":"pier","t_ms":5054}
SPIKE {"added":{},"cpu_render":2.3,"fades":0,"frame":18.7,"gpu":5.2,"lights_switched":0,"minimap":false,"phases":"pre>post 14.8, phys>proc 1.7","phys":2.1,"pipelines":0,"pos":"-20,1.6,56","proc":16.3,"steps":1,"stop":"pier","t_ms":5111}
SPIKE {"added":{},"cpu_render":2.0,"fades":0,"frame":18.0,"gpu":5.4,"lights_switched":0,"minimap":true,"phases":"pre>post 13.5, phys>proc 1.8","phys":3.5,"pipelines":0,"pos":"-20,1.6,59","proc":70.8,"steps":1,"stop":"pier","t_ms":5512}
SPIKE {"added":{},"cpu_render":2.5,"fades":0,"frame":19.7,"gpu":5.0,"lights_switched":0,"minimap":false,"phases":"pre>post 12.8, phys>proc 4.6","phys":3.0,"pipelines":0,"pos":"-20,1.6,65","proc":16.2,"steps":1,"stop":"pier","t_ms":6380}
SPIKE {"added":{},"cpu_render":2.1,"fades":0,"frame":18.3,"gpu":6.0,"lights_switched":0,"minimap":false,"phases":"pre>post 12.3, phys>proc 2.9","phys":2.5,"pipelines":0,"pos":"-17,5.6,27","proc":15.5,"steps":1,"stop":"agdao_shrine","t_ms":12696}
SPIKE {"added":{},"cpu_render":2.5,"fades":0,"frame":18.3,"gpu":5.8,"lights_switched":0,"minimap":false,"phases":"pre>post 11.9, phys>proc 3.3","phys":2.9,"pipelines":0,"pos":"-13,5.6,24","proc":15.8,"steps":1,"stop":"agdao_shrine","t_ms":13347}
SPIKE {"added":{},"cpu_render":2.6,"fades":0,"frame":22.3,"gpu":5.8,"lights_switched":0,"minimap":false,"phases":"pre>post 5.8, phys>proc 1.8","phys":2.9,"pipelines":0,"pos":"-12,5.6,24","proc":15.8,"steps":1,"stop":"agdao_shrine","t_ms":13668}
SPIKE {"added":{},"cpu_render":3.6,"fades":0,"frame":18.5,"gpu":6.0,"lights_switched":0,"minimap":false,"phases":"pre>post 10.9, phys>proc 3.5","phys":2.9,"pipelines":0,"pos":"-11,5.6,24","proc":15.8,"steps":1,"stop":"agdao_shrine","t_ms":14197}
SPIKE {"added":{},"cpu_render":5.0,"fades":0,"frame":18.0,"gpu":5.9,"lights_switched":0,"minimap":false,"phases":"pre>post 13.3, phys>proc 2.5","phys":2.9,"pipelines":0,"pos":"-11,5.6,24","proc":15.8,"steps":1,"stop":"agdao_shrine","t_ms":14232}
STUCK near (-11.42621, 5.600965, 23.651) heading for agdao_shrine: hop to the next path point
SPIKE {"added":{},"cpu_render":2.4,"fades":0,"frame":18.7,"gpu":5.9,"lights_switched":2,"minimap":false,"phases":"pre>post 12.2, phys>proc 3.7","phys":2.0,"pipelines":0,"pos":"-7,5.6,22","proc":15.5,"steps":1,"stop":"agdao_shrine","t_ms":17430}
SPIKE {"added":{},"cpu_render":2.4,"fades":0,"frame":18.7,"gpu":6.0,"lights_switched":0,"minimap":false,"phases":"pre>post 10.2, phys>proc 3.0","phys":2.0,"pipelines":0,"pos":"-7,5.6,22","proc":15.5,"steps":1,"stop":"agdao_shrine","t_ms":17449}
SPIKE {"added":{},"cpu_render":4.0,"fades":0,"frame":18.3,"gpu":6.0,"lights_switched":0,"minimap":false,"phases":"pre>post 12.9, phys>proc 2.8","phys":2.0,"pipelines":0,"pos":"-6,5.6,22","proc":15.5,"steps":1,"stop":"agdao_shrine","t_ms":17513}
SPIKE {"added":{},"cpu_render":2.5,"fades":0,"frame":18.2,"gpu":5.9,"lights_switched":0,"minimap":false,"phases":"pre>post 9.0, phys>proc 2.8","phys":2.0,"pipelines":0,"pos":"-5,5.6,22","proc":15.5,"steps":1,"stop":"agdao_shrine","t_ms":17597}
SPIKE {"added":{},"cpu_render":3.0,"fades":0,"frame":18.1,"gpu":6.2,"lights_switched":0,"minimap":true,"phases":"pre>post 11.8, phys>proc 2.1","phys":2.0,"pipelines":0,"pos":"-4,5.6,22","proc":15.5,"steps":1,"stop":"agdao_shrine","t_ms":17796}
SPIKE {"added":{},"cpu_render":2.9,"fades":0,"frame":18.9,"gpu":5.8,"lights_switched":0,"minimap":false,"phases":"pre>post 11.2, phys>proc 2.3","phys":2.2,"pipelines":0,"pos":"-0,5.6,23","proc":15.6,"steps":1,"stop":"agdao_shrine","t_ms":21214}
STUCK near (-0.38386, 5.600965, 22.72811) heading for agdao_shrine: hop to the next path point
SPIKE {"added":{},"cpu_render":3.8,"fades":0,"frame":18.1,"gpu":5.8,"lights_switched":0,"minimap":false,"phases":"pre>post 12.3, phys>proc 3.2","phys":2.3,"pipelines":0,"pos":"0,6.5,22","proc":16.5,"steps":1,"stop":"agdao_shrine","t_ms":21980}
SPIKE {"added":{},"cpu_render":1.9,"fades":0,"frame":18.0,"gpu":5.3,"lights_switched":0,"minimap":true,"phases":"pre>post 14.4, phys>proc 1.7","phys":2.4,"pipelines":0,"pos":"18,5.6,20","proc":16.2,"steps":1,"stop":"agdao_shrine","t_ms":24412}
SPIKE {"added":{},"cpu_render":2.5,"fades":0,"frame":18.5,"gpu":5.4,"lights_switched":0,"minimap":false,"phases":"pre>post 12.9, phys>proc 3.5","phys":3.0,"pipelines":0,"pos":"20,5.6,19","proc":16.2,"steps":1,"stop":"agd_shrine","t_ms":25463}
SPIKE {"added":{},"cpu_render":2.2,"fades":0,"frame":18.1,"gpu":5.2,"lights_switched":0,"minimap":false,"phases":"pre>post 11.1, phys>proc 2.1","phys":3.2,"pipelines":0,"pos":"26,9.6,4","proc":15.4,"steps":1,"stop":"agd_mid","t_ms":32896}
SPIKE {"added":{},"cpu_render":2.2,"fades":1,"frame":36.7,"gpu":5.3,"lights_switched":0,"minimap":false,"phases":"pre>post 13.4, phys>proc 1.6","phys":2.4,"pipelines":27,"pos":"28,9.6,0","proc":15.9,"steps":1,"stop":"agd_mid","t_ms":33680}
SPIKE {"added":{},"cpu_render":2.7,"fades":0,"frame":18.6,"gpu":6.1,"lights_switched":0,"minimap":false,"phases":"pre>post 14.5, phys>proc 2.0","phys":2.4,"pipelines":0,"pos":"28,9.6,-4","proc":15.9,"steps":1,"stop":"agd_mid","t_ms":34245}
SPIKE {"added":{},"cpu_render":4.0,"fades":0,"frame":19.0,"gpu":7.1,"lights_switched":0,"minimap":false,"phases":"pre>post 14.9, phys>proc 1.8","phys":2.9,"pipelines":0,"pos":"17,9.6,-7","proc":15.4,"steps":1,"stop":"agd_mid","t_ms":35762}
SPIKE {"added":{},"cpu_render":2.2,"fades":0,"frame":19.5,"gpu":5.2,"lights_switched":0,"minimap":false,"phases":"pre>post 5.7, phys>proc 2.3","phys":2.5,"pipelines":0,"pos":"10,9.6,-9","proc":17.1,"steps":1,"stop":"agd_mid","t_ms":36830}
SPIKE {"added":{},"cpu_render":2.2,"fades":0,"frame":18.2,"gpu":3.5,"lights_switched":0,"minimap":false,"phases":"pre>post 12.8, phys>proc 3.0","phys":2.5,"pipelines":0,"pos":"7,9.6,-10","proc":17.1,"steps":1,"stop":"agd_mid","t_ms":37161}
SPIKE {"added":{},"cpu_render":1.9,"fades":0,"frame":18.9,"gpu":7.8,"lights_switched":0,"minimap":false,"phases":"pre>post 15.3, phys>proc 1.8","phys":2.6,"pipelines":0,"pos":"0,13.6,-26","proc":15.4,"steps":1,"stop":"agd_upper","t_ms":40313}
SPIKE {"added":{},"cpu_render":3.4,"fades":0,"frame":19.3,"gpu":3.5,"lights_switched":0,"minimap":false,"phases":"pre>post 14.2, phys>proc 2.3","phys":2.2,"pipelines":0,"pos":"-2,11.7,-16","proc":15.5,"steps":1,"stop":"agd_council","t_ms":42211}
SPIKE {"added":{},"cpu_render":2.4,"fades":0,"frame":18.5,"gpu":7.0,"lights_switched":0,"minimap":false,"phases":"pre>post 14.7, phys>proc 1.7","phys":2.9,"pipelines":0,"pos":"-16,9.6,-9","proc":15.6,"steps":1,"stop":"agd_council","t_ms":44745}
SPIKE {"added":{},"cpu_render":2.5,"fades":0,"frame":18.2,"gpu":6.8,"lights_switched":0,"minimap":false,"phases":"pre>post 4.6, phys>proc 1.5","phys":2.9,"pipelines":0,"pos":"-17,9.6,-9","proc":15.6,"steps":1,"stop":"agd_council","t_ms":44830}
SPIKE {"added":{},"cpu_render":2.5,"fades":0,"frame":18.3,"gpu":7.7,"lights_switched":1,"minimap":false,"phases":"pre>post 14.3, phys>proc 1.6","phys":2.7,"pipelines":0,"pos":"-16,9.6,-7","proc":15.2,"steps":1,"stop":"agd_market","t_ms":49062}
SPIKE {"added":{},"cpu_render":2.8,"fades":0,"frame":18.3,"gpu":6.4,"lights_switched":0,"minimap":false,"phases":"pre>post 11.5, phys>proc 3.2","phys":2.2,"pipelines":0,"pos":"-10,9.6,-6","proc":16.6,"steps":1,"stop":"agd_market","t_ms":49880}
SPIKE {"added":{},"cpu_render":4.8,"fades":0,"frame":19.0,"gpu":6.4,"lights_switched":0,"minimap":false,"phases":"pre>post 12.6, phys>proc 4.1","phys":2.2,"pipelines":4,"pos":"-9,9.6,-6","proc":16.6,"steps":1,"stop":"agd_market","t_ms":49964}
SPIKE {"added":{},"cpu_render":4.4,"fades":0,"frame":18.9,"gpu":6.6,"lights_switched":0,"minimap":true,"phases":"pre>post 7.7, phys>proc 1.7","phys":2.2,"pipelines":0,"pos":"-9,9.6,-6","proc":16.6,"steps":1,"stop":"agd_market","t_ms":49983}
SPIKE {"added":{},"cpu_render":5.1,"fades":0,"frame":18.3,"gpu":6.2,"lights_switched":1,"minimap":false,"phases":"pre>post 12.1, phys>proc 3.1","phys":2.2,"pipelines":0,"pos":"-8,9.6,-6","proc":16.6,"steps":1,"stop":"agd_market","t_ms":50146}
SPIKE {"added":{},"cpu_render":4.5,"fades":0,"frame":19.0,"gpu":6.4,"lights_switched":0,"minimap":false,"phases":"pre>post 10.1, phys>proc 2.4","phys":4.1,"pipelines":0,"pos":"-6,9.6,-5","proc":17.1,"steps":1,"stop":"agd_market","t_ms":50482}
SPIKE {"added":{},"cpu_render":2.9,"fades":0,"frame":20.9,"gpu":4.0,"lights_switched":0,"minimap":false,"phases":"pre>post 10.5, phys>proc 3.8","phys":4.1,"pipelines":0,"pos":"-5,9.6,-4","proc":17.1,"steps":1,"stop":"agd_market","t_ms":50582}
SPIKE {"added":{},"cpu_render":2.7,"fades":0,"frame":18.8,"gpu":4.5,"lights_switched":0,"minimap":false,"phases":"pre>post 12.6, phys>proc 3.8","phys":3.8,"pipelines":0,"pos":"-2,9.6,-2","proc":16.9,"steps":1,"stop":"agd_market","t_ms":51345}
SPIKE {"added":{},"cpu_render":3.5,"fades":0,"frame":19.3,"gpu":4.1,"lights_switched":0,"minimap":false,"phases":"pre>post 10.9, phys>proc 3.2","phys":3.8,"pipelines":0,"pos":"-1,9.6,5","proc":16.1,"steps":1,"stop":"agd_harbour","t_ms":52678}
SPIKE {"added":{},"cpu_render":2.7,"fades":0,"frame":18.8,"gpu":4.2,"lights_switched":0,"minimap":false,"phases":"pre>post 6.0, phys>proc 2.1","phys":3.8,"pipelines":0,"pos":"-1,9.6,6","proc":16.1,"steps":1,"stop":"agd_harbour","t_ms":52828}
SPIKE {"added":{},"cpu_render":1.9,"fades":0,"frame":18.2,"gpu":4.8,"lights_switched":0,"minimap":true,"phases":"pre>post 14.3, phys>proc 2.0","phys":2.7,"pipelines":0,"pos":"-5,5.6,16","proc":15.4,"steps":1,"stop":"agd_harbour","t_ms":54444}
SPIKE {"added":{},"cpu_render":2.6,"fades":0,"frame":21.8,"gpu":5.4,"lights_switched":0,"minimap":false,"phases":"pre>post 6.5, phys>proc 2.3","phys":2.4,"pipelines":0,"pos":"-14,5.6,22","proc":16.1,"steps":1,"stop":"agd_harbour","t_ms":55832}
SPIKE {"added":{},"cpu_render":2.4,"fades":0,"frame":18.3,"gpu":5.4,"lights_switched":0,"minimap":false,"phases":"pre>post 10.7, phys>proc 3.5","phys":2.4,"pipelines":0,"pos":"-14,5.6,23","proc":16.1,"steps":1,"stop":"agd_harbour","t_ms":56046}
SPIKE {"added":{},"cpu_render":2.2,"fades":0,"frame":18.2,"gpu":5.2,"lights_switched":0,"minimap":true,"phases":"pre>post 14.6, phys>proc 1.9","phys":3.5,"pipelines":0,"pos":"-19,1.6,39","proc":15.3,"steps":1,"stop":"agd_harbour","t_ms":58245}
SPIKE {"added":{},"cpu_render":1.6,"fades":0,"frame":18.0,"gpu":5.7,"lights_switched":0,"minimap":true,"phases":"pre>post 13.3, phys>proc 2.0","phys":2.3,"pipelines":0,"pos":"-41,1.6,43","proc":15.2,"steps":1,"stop":"agd_harbour","t_ms":61978}
SPIKE {"added":{},"cpu_render":2.1,"fades":0,"frame":18.1,"gpu":5.3,"lights_switched":0,"minimap":false,"phases":"pre>post 12.7, phys>proc 3.1","phys":3.2,"pipelines":0,"pos":"-47,1.6,39","proc":16.0,"steps":1,"stop":"agd_crown","t_ms":63045}
SPIKE {"added":{},"cpu_render":2.2,"fades":0,"frame":20.1,"gpu":5.3,"lights_switched":0,"minimap":false,"phases":"pre>post 10.8, phys>proc 5.6","phys":3.2,"pipelines":0,"pos":"-46,1.6,39","proc":16.0,"steps":1,"stop":"agd_crown","t_ms":63281}
SPIKE {"added":{},"cpu_render":2.1,"fades":0,"frame":18.3,"gpu":5.4,"lights_switched":0,"minimap":false,"phases":"pre>post 12.6, phys>proc 3.7","phys":5.6,"pipelines":0,"pos":"-46,1.6,39","proc":15.1,"steps":1,"stop":"agd_crown","t_ms":63413}
SPIKE {"added":{},"cpu_render":2.1,"fades":0,"frame":18.2,"gpu":5.5,"lights_switched":0,"minimap":false,"phases":"pre>post 11.0, phys>proc 3.8","phys":5.6,"pipelines":0,"pos":"-46,1.6,39","proc":15.1,"steps":1,"stop":"agd_crown","t_ms":63446}
SPIKE {"added":{},"cpu_render":4.8,"fades":0,"frame":19.5,"gpu":5.4,"lights_switched":0,"minimap":false,"phases":"pre>post 11.6, phys>proc 4.5","phys":5.6,"pipelines":0,"pos":"-41,1.6,41","proc":15.1,"steps":1,"stop":"agd_crown","t_ms":64247}
SPIKE {"added":{},"cpu_render":4.6,"fades":0,"frame":18.2,"gpu":5.7,"lights_switched":0,"minimap":false,"phases":"pre>post 12.1, phys>proc 3.3","phys":3.1,"pipelines":0,"pos":"-32,1.6,42","proc":15.2,"steps":1,"stop":"agd_crown","t_ms":65529}
SPIKE {"added":{},"cpu_render":2.4,"fades":0,"frame":18.7,"gpu":5.5,"lights_switched":0,"minimap":false,"phases":"pre>post 10.8, phys>proc 3.6","phys":3.3,"pipelines":0,"pos":"-25,1.6,40","proc":15.6,"steps":1,"stop":"agd_crown","t_ms":66429}
SPIKE {"added":{},"cpu_render":2.2,"fades":0,"frame":18.2,"gpu":5.5,"lights_switched":0,"minimap":false,"phases":"pre>post 12.8, phys>proc 3.3","phys":3.3,"pipelines":0,"pos":"-24,1.6,39","proc":15.6,"steps":1,"stop":"agd_crown","t_ms":66695}
SPIKE {"added":{},"cpu_render":3.3,"fades":0,"frame":22.2,"gpu":5.4,"lights_switched":0,"minimap":false,"phases":"pre>post 7.6, phys>proc 3.0","phys":3.3,"pipelines":0,"pos":"-23,1.6,38","proc":15.6,"steps":1,"stop":"agd_crown","t_ms":66833}
SPIKE {"added":{},"cpu_render":2.2,"fades":0,"frame":18.1,"gpu":5.2,"lights_switched":0,"minimap":false,"phases":"pre>post 13.0, phys>proc 3.0","phys":3.6,"pipelines":0,"pos":"-22,3.1,35","proc":19.1,"steps":1,"stop":"agd_crown","t_ms":67495}
SPIKE {"added":{},"cpu_render":2.6,"fades":0,"frame":18.4,"gpu":5.2,"lights_switched":0,"minimap":false,"phases":"pre>post 11.7, phys>proc 3.3","phys":3.6,"pipelines":0,"pos":"-22,3.9,33","proc":19.1,"steps":1,"stop":"agd_crown","t_ms":67762}
SPIKE {"added":{},"cpu_render":2.1,"fades":0,"frame":19.7,"gpu":5.6,"lights_switched":0,"minimap":false,"phases":"pre>post 11.7, phys>proc 4.5","phys":3.6,"pipelines":0,"pos":"-22,4.2,33","proc":19.1,"steps":1,"stop":"agd_crown","t_ms":67880}
SPIKE {"added":{},"cpu_render":4.4,"fades":0,"frame":18.0,"gpu":5.7,"lights_switched":0,"minimap":false,"phases":"pre>post 12.2, phys>proc 3.0","phys":3.6,"pipelines":0,"pos":"-21,4.6,32","proc":19.1,"steps":1,"stop":"agd_crown","t_ms":68029}
SPIKE {"added":{},"cpu_render":3.2,"fades":0,"frame":18.3,"gpu":5.7,"lights_switched":0,"minimap":false,"phases":"pre>post 9.6, phys>proc 3.5","phys":3.6,"pipelines":0,"pos":"-21,5.4,31","proc":19.1,"steps":1,"stop":"agd_crown","t_ms":68279}
SPIKE {"added":{},"cpu_render":5.2,"fades":0,"frame":18.7,"gpu":5.7,"lights_switched":0,"minimap":false,"phases":"pre>post 9.8, phys>proc 3.6","phys":3.6,"pipelines":0,"pos":"-21,5.4,31","proc":19.1,"steps":1,"stop":"agd_crown","t_ms":68298}
SPIKE {"added":{},"cpu_render":3.3,"fades":0,"frame":18.7,"gpu":5.7,"lights_switched":0,"minimap":false,"phases":"pre>post 12.1, phys>proc 4.0","phys":4.5,"pipelines":0,"pos":"-21,5.6,30","proc":15.1,"steps":1,"stop":"agd_crown","t_ms":68413}
SPIKE {"added":{},"cpu_render":2.3,"fades":0,"frame":20.3,"gpu":5.7,"lights_switched":0,"minimap":false,"phases":"pre>post 13.1, phys>proc 3.0","phys":4.5,"pipelines":0,"pos":"-21,5.6,30","proc":15.1,"steps":1,"stop":"agd_crown","t_ms":68433}
SPIKE {"added":{},"cpu_render":2.2,"fades":0,"frame":18.1,"gpu":5.6,"lights_switched":0,"minimap":false,"phases":"pre>post 12.7, phys>proc 3.0","phys":4.5,"pipelines":0,"pos":"-17,5.6,26","proc":15.1,"steps":1,"stop":"agd_crown","t_ms":69195}
SPIKE {"added":{},"cpu_render":4.2,"fades":0,"frame":18.1,"gpu":5.7,"lights_switched":0,"minimap":false,"phases":"pre>post 12.2, phys>proc 3.4","phys":4.0,"pipelines":0,"pos":"-15,5.6,25","proc":17.2,"steps":1,"stop":"agd_crown","t_ms":69462}
STUCK near (-12.16679, 5.600965, 23.65099) heading for agd_crown: hop to the next path point
SPIKE {"added":{},"cpu_render":2.5,"fades":0,"frame":18.6,"gpu":5.5,"lights_switched":0,"minimap":false,"phases":"pre>post 13.5, phys>proc 3.3","phys":2.5,"pipelines":0,"pos":"-2,9.6,2","proc":16.1,"steps":1,"stop":"agd_crown","t_ms":76962}
SPIKE {"added":{},"cpu_render":2.0,"fades":1,"frame":18.3,"gpu":5.5,"lights_switched":0,"minimap":false,"phases":"pre>post 10.5, phys>proc 3.5","phys":3.3,"pipelines":0,"pos":"-2,9.6,-1","proc":15.2,"steps":1,"stop":"agd_crown","t_ms":77396}
SPIKE {"added":{},"cpu_render":1.9,"fades":0,"frame":21.9,"gpu":6.3,"lights_switched":0,"minimap":false,"phases":"pre>post 4.9, phys>proc 2.3","phys":3.3,"pipelines":0,"pos":"-2,9.6,-4","proc":15.2,"steps":1,"stop":"agd_crown","t_ms":77833}
SPIKE {"added":{},"cpu_render":3.0,"fades":0,"frame":18.2,"gpu":6.3,"lights_switched":0,"minimap":false,"phases":"pre>post 11.5, phys>proc 3.1","phys":3.3,"pipelines":0,"pos":"-2,9.6,-4","proc":15.2,"steps":1,"stop":"agd_crown","t_ms":77879}
SPIKE {"added":{},"cpu_render":1.9,"fades":0,"frame":18.5,"gpu":3.8,"lights_switched":0,"minimap":false,"phases":"pre>post 12.2, phys>proc 3.6","phys":3.5,"pipelines":0,"pos":"-1,10.3,-14","proc":19.6,"steps":1,"stop":"agd_crown","t_ms":79260}
SPIKE {"added":{},"cpu_render":1.9,"fades":0,"frame":18.1,"gpu":4.6,"lights_switched":0,"minimap":false,"phases":"pre>post 13.5, phys>proc 2.9","phys":3.6,"pipelines":0,"pos":"-1,13.5,-19","proc":15.5,"steps":1,"stop":"agd_crown","t_ms":80327}
SPIKE {"added":{},"cpu_render":1.9,"fades":0,"frame":19.6,"gpu":7.9,"lights_switched":0,"minimap":false,"phases":"pre>post 15.2, phys>proc 2.1","phys":2.9,"pipelines":0,"pos":"0,13.6,-26","proc":15.2,"steps":1,"stop":"agd_crown","t_ms":81263}
SPIKE {"added":{},"cpu_render":2.0,"fades":0,"frame":18.1,"gpu":7.5,"lights_switched":0,"minimap":false,"phases":"pre>post 12.3, phys>proc 2.4","phys":2.6,"pipelines":0,"pos":"0,13.6,-28","proc":17.4,"steps":1,"stop":"agd_crown","t_ms":81480}
SPIKE {"added":{},"cpu_render":2.4,"fades":0,"frame":18.1,"gpu":6.2,"lights_switched":0,"minimap":false,"phases":"pre>post 3.8, phys>proc 1.6","phys":2.6,"pipelines":0,"pos":"1,13.6,-30","proc":17.4,"steps":1,"stop":"agd_crown","t_ms":81830}
SPIKE {"added":{},"cpu_render":1.9,"fades":0,"frame":18.1,"gpu":5.7,"lights_switched":0,"minimap":false,"phases":"pre>post 12.0, phys>proc 3.1","phys":3.1,"pipelines":0,"pos":"1,13.6,-34","proc":16.4,"steps":1,"stop":"agd_crown","t_ms":82378}
SPIKE {"added":{},"cpu_render":2.1,"fades":0,"frame":18.3,"gpu":3.3,"lights_switched":0,"minimap":false,"phases":"pre>post 11.2, phys>proc 3.3","phys":3.1,"pipelines":0,"pos":"1,13.7,-37","proc":16.4,"steps":1,"stop":"agd_crown","t_ms":82759}
SPIKE {"added":{},"cpu_render":3.3,"fades":0,"frame":18.3,"gpu":3.2,"lights_switched":0,"minimap":false,"phases":"pre>post 11.7, phys>proc 3.7","phys":3.1,"pipelines":0,"pos":"1,13.9,-37","proc":16.4,"steps":1,"stop":"agd_crown","t_ms":82810}
SPIKE {"added":{},"cpu_render":1.9,"fades":0,"frame":18.3,"gpu":4.8,"lights_switched":0,"minimap":false,"phases":"pre>post 12.9, phys>proc 1.9","phys":3.7,"pipelines":0,"pos":"1,17.3,-43","proc":15.6,"steps":1,"stop":"agd_crown","t_ms":83976}
SPIKE {"added":{},"cpu_render":1.9,"fades":0,"frame":18.7,"gpu":5.1,"lights_switched":0,"minimap":false,"phases":"pre>post 12.0, phys>proc 3.5","phys":2.6,"pipelines":0,"pos":"1,19.6,-49","proc":16.3,"steps":1,"stop":"agd_crown","t_ms":85078}
SPIKE {"added":{},"cpu_render":1.9,"fades":0,"frame":19.3,"gpu":5.1,"lights_switched":0,"minimap":false,"phases":"pre>post 12.2, phys>proc 4.2","phys":2.6,"pipelines":0,"pos":"1,20.2,-50","proc":16.3,"steps":1,"stop":"agd_crown","t_ms":85279}
SPIKE {"added":{},"cpu_render":2.0,"fades":0,"frame":18.3,"gpu":5.1,"lights_switched":0,"minimap":false,"phases":"pre>post 12.8, phys>proc 3.6","phys":4.2,"pipelines":0,"pos":"1,20.6,-50","proc":15.7,"steps":1,"stop":"agd_crown","t_ms":85395}
SPIKE {"added":{},"cpu_render":2.4,"fades":0,"frame":19.6,"gpu":5.0,"lights_switched":0,"minimap":false,"phases":"pre>post 13.1, phys>proc 4.6","phys":3.6,"pipelines":0,"pos":"1,23.8,-55","proc":15.2,"steps":1,"stop":"agd_crown","t_ms":86412}
SPIKE {"added":{},"cpu_render":2.6,"fades":0,"frame":18.4,"gpu":5.8,"lights_switched":0,"minimap":false,"phases":"pre>post 9.2, phys>proc 3.2","phys":2.7,"pipelines":0,"pos":"0,29.3,-62","proc":15.1,"steps":1,"stop":"agd_gate","t_ms":92378}
SPIKE {"added":{},"cpu_render":3.5,"fades":0,"frame":19.3,"gpu":5.7,"lights_switched":2,"minimap":false,"phases":"pre>post 10.3, phys>proc 2.8","phys":2.7,"pipelines":0,"pos":"0,29.3,-62","proc":15.1,"steps":1,"stop":"agd_gate","t_ms":92398}
SPIKE {"added":{},"cpu_render":2.3,"fades":0,"frame":18.4,"gpu":5.7,"lights_switched":0,"minimap":false,"phases":"pre>post 12.6, phys>proc 3.6","phys":2.7,"pipelines":0,"pos":"-0,28.9,-61","proc":15.1,"steps":1,"stop":"agd_gate","t_ms":92462}
SPIKE {"added":{},"cpu_render":2.3,"fades":0,"frame":18.1,"gpu":5.0,"lights_switched":0,"minimap":false,"phases":"pre>post 13.5, phys>proc 2.5","phys":3.6,"pipelines":0,"pos":"-0,22.1,-52","proc":16.4,"steps":1,"stop":"agd_gate","t_ms":93694}
SPIKE {"added":{},"cpu_render":2.1,"fades":0,"frame":19.0,"gpu":7.9,"lights_switched":0,"minimap":false,"phases":"pre>post 15.3, phys>proc 1.8","phys":2.5,"pipelines":0,"pos":"7,13.6,-34","proc":15.5,"steps":1,"stop":"agd_gate","t_ms":97246}
SPIKE {"added":{},"cpu_render":2.6,"fades":0,"frame":18.5,"gpu":6.4,"lights_switched":0,"minimap":false,"phases":"pre>post 14.7, phys>proc 1.8","phys":2.5,"pipelines":0,"pos":"11,13.6,-33","proc":17.1,"steps":1,"stop":"agd_gate","t_ms":97711}
SPIKE {"added":{},"cpu_render":1.9,"fades":0,"frame":18.2,"gpu":6.8,"lights_switched":0,"minimap":true,"phases":"pre>post 13.0, phys>proc 1.9","phys":2.5,"pipelines":0,"pos":"13,13.6,-33","proc":17.1,"steps":1,"stop":"agd_gate","t_ms":98079}
SPIKE {"added":{},"cpu_render":2.8,"fades":0,"frame":18.1,"gpu":6.7,"lights_switched":0,"minimap":false,"phases":"pre>post 11.4, phys>proc 2.9","phys":2.7,"pipelines":0,"pos":"15,13.6,-33","proc":16.6,"steps":1,"stop":"agd_gate","t_ms":98345}
SPIKE {"added":{},"cpu_render":2.4,"fades":0,"frame":18.0,"gpu":6.3,"lights_switched":0,"minimap":false,"phases":"pre>post 10.2, phys>proc 2.9","phys":2.7,"pipelines":0,"pos":"16,13.6,-33","proc":16.6,"steps":1,"stop":"agd_gate","t_ms":98478}
SPIKE {"added":{},"cpu_render":4.7,"fades":0,"frame":20.7,"gpu":6.2,"lights_switched":0,"minimap":false,"phases":"pre>post 10.1, phys>proc 2.4","phys":2.7,"pipelines":0,"pos":"17,13.6,-33","proc":16.6,"steps":1,"stop":"agd_gate","t_ms":98582}
SPIKE {"added":{},"cpu_render":5.4,"fades":0,"frame":18.4,"gpu":6.2,"lights_switched":0,"minimap":false,"phases":"pre>post 10.1, phys>proc 2.7","phys":2.7,"pipelines":0,"pos":"17,13.6,-33","proc":16.6,"steps":1,"stop":"agd_gate","t_ms":98600}
SPIKE {"added":{},"cpu_render":2.3,"fades":0,"frame":18.3,"gpu":4.6,"lights_switched":0,"minimap":false,"phases":"pre>post 12.1, phys>proc 3.2","phys":3.2,"pipelines":0,"pos":"34,13.6,-31","proc":15.9,"steps":1,"stop":"agd_gate","t_ms":100844}
SPIKE {"added":{},"cpu_render":2.5,"fades":0,"frame":18.3,"gpu":4.9,"lights_switched":0,"minimap":false,"phases":"pre>post 13.0, phys>proc 3.2","phys":3.1,"pipelines":0,"pos":"45,13.6,-29","proc":15.1,"steps":1,"stop":"agd_gate","t_ms":102394}
SPIKE {"added":{},"cpu_render":2.8,"fades":0,"frame":18.8,"gpu":4.9,"lights_switched":0,"minimap":true,"phases":"pre>post 12.3, phys>proc 3.0","phys":3.1,"pipelines":0,"pos":"46,13.6,-29","proc":15.1,"steps":1,"stop":"agd_gate","t_ms":102628}
SPIKE {"added":{},"cpu_render":2.7,"fades":0,"frame":18.0,"gpu":5.2,"lights_switched":0,"minimap":false,"phases":"pre>post 4.6, phys>proc 1.9","phys":3.2,"pipelines":0,"pos":"55,13.6,-28","proc":15.7,"steps":1,"stop":"agd_gate","t_ms":103827}
SPIKE {"added":{},"cpu_render":2.2,"fades":0,"frame":18.0,"gpu":5.4,"lights_switched":0,"minimap":false,"phases":"pre>post 13.0, phys>proc 2.7","phys":2.8,"pipelines":0,"pos":"63,13.6,-27","proc":16.1,"steps":1,"stop":"agd_gate","t_ms":104844}
SPIKE {"added":{},"cpu_render":1.8,"fades":0,"frame":18.1,"gpu":5.8,"lights_switched":0,"minimap":true,"phases":"pre>post 14.2, phys>proc 1.8","phys":2.7,"pipelines":0,"pos":"80,13.7,-25","proc":16.1,"steps":1,"stop":"agd_gate","t_ms":107194}
WALKSUM {"avg_cpu_render":2.48,"avg_draws":1668.85,"avg_fps":60.0,"avg_gpu":5.31,"avg_objects":2485.47,"avg_phys":2.93,"avg_proc":16.6,"avg_steps":1.0,"frames":6583,"hero_moving_frames":5948,"hero_still_frames":635,"lite":true,"low1_fps":49.6,"map":"agdao","max_ms":75.7,"median_ms":16.67,"minimap_renders":44,"multi_step_frames":1,"over_17ms":261,"over_25ms":2,"over_33ms":2,"over_50ms":1,"p99_ms":18.24,"seconds":109.7,"spike_causes":{"fades":2,"lights":4,"minimap":10,"multi_step":1,"nodes_added":1,"pipelines":2},"stuck":4,"vsync":true,"zero_step_frames":1}
ERROR: 1 RID allocations of type 'N10RendererRD14TextureStorage7TextureE' were leaked at exit.
ERROR: Parameter "RenderingServer::get_singleton()" is null.
   at: ~CompressedTexture2D (scene/resources/compressed_texture.cpp:464)
WARNING: 2 RIDs of type "Texture" were leaked.
   at: finalize (servers/rendering/rendering_device.cpp:8900)
