Godot Engine v4.7.2.stable.official.ed1daf0bf - https://godotengine.org
Vulkan 1.4.329 - Forward+ - Using Device #0: NVIDIA - NVIDIA GeForce RTX 4060

WALKINFO hero=Hehe level=57 map=agdao tempos=10
WALK map=agdao stops=13 refresh=60 Hz window=(1920, 1080) vsync=true cap=144 lite=true shadows=2 effects=2 aa=1 scale=1.00 renderer=forward_plus
SPIKE {"added":{},"cpu_render":2.7,"fades":0,"frame":18.7,"gpu":4.5,"lights_switched":0,"minimap":false,"phases":"pre>post 10.2, phys>proc 2.9","phys":2.5,"pipelines":0,"pos":"-20,1.6,46","proc":15.6,"steps":1,"stop":"pier","t_ms":1199}
SPIKE {"added":{},"cpu_render":2.6,"fades":0,"frame":18.4,"gpu":4.5,"lights_switched":0,"minimap":false,"phases":"pre>post 13.1, phys>proc 3.0","phys":2.5,"pipelines":0,"pos":"-20,1.6,46","proc":15.6,"steps":1,"stop":"pier","t_ms":1264}
SPIKE {"added":{},"cpu_render":2.7,"fades":0,"frame":20.1,"gpu":4.5,"lights_switched":0,"minimap":false,"phases":"pre>post 9.1, phys>proc 2.5","phys":2.5,"pipelines":0,"pos":"-20,1.6,46","proc":15.6,"steps":1,"stop":"pier","t_ms":1284}
STUCK near (-20.0, 1.601, 46.21846) heading for pier: hop to the next path point
SPIKE {"added":{"HBoxContainer":1,"Label":1,"PanelContainer":1,"TextureRect":1},"cpu_render":2.6,"fades":0,"frame":84.2,"gpu":4.7,"lights_switched":0,"minimap":false,"phases":"pre>post 6.1, phys>phys 1.7, phys>phys 1.3, phys>proc 1.7","phys":2.1,"pipelines":0,"pos":"-20,1.6,55","proc":16.5,"steps":3,"stop":"pier","t_ms":5064}
SPIKE {"added":{},"cpu_render":1.9,"fades":0,"frame":18.2,"gpu":4.9,"lights_switched":0,"minimap":false,"phases":"pre>post 14.9, phys>proc 1.6","phys":2.1,"pipelines":0,"pos":"-20,1.6,56","proc":16.5,"steps":1,"stop":"pier","t_ms":5129}
SPIKE {"added":{},"cpu_render":1.5,"fades":0,"frame":22.0,"gpu":4.5,"lights_switched":0,"minimap":false,"phases":"pre>post 4.9, phys>proc 2.2","phys":2.7,"pipelines":0,"pos":"-20,1.6,66","proc":79.5,"steps":1,"stop":"agd_pier","t_ms":6668}
STUCK near (-11.42621, 5.600965, 23.651) heading for agdao_shrine: hop to the next path point
SPIKE {"added":{},"cpu_render":2.4,"fades":1,"frame":61.7,"gpu":5.6,"lights_switched":0,"minimap":false,"phases":"pre>post 13.7, phys>phys 1.6, phys>phys 1.5, phys>proc 1.1","phys":1.5,"pipelines":36,"pos":"-10,5.7,22","proc":15.9,"steps":3,"stop":"agdao_shrine","t_ms":16991}
STUCK near (-0.383859, 5.600965, 22.72811) heading for agdao_shrine: hop to the next path point
SPIKE {"added":{},"cpu_render":2.1,"fades":0,"frame":18.6,"gpu":5.7,"lights_switched":0,"minimap":false,"phases":"pre>post 14.0, phys>proc 2.9","phys":2.0,"pipelines":0,"pos":"9,5.6,21","proc":15.8,"steps":1,"stop":"agdao_shrine","t_ms":23198}
SPIKE {"added":{},"cpu_render":1.7,"fades":0,"frame":18.0,"gpu":4.9,"lights_switched":0,"minimap":false,"phases":"pre>post 4.8, phys>proc 2.0","phys":2.0,"pipelines":0,"pos":"13,5.6,21","proc":15.8,"steps":1,"stop":"agdao_shrine","t_ms":23747}
SPIKE {"added":{},"cpu_render":2.6,"fades":0,"frame":18.1,"gpu":5.2,"lights_switched":0,"minimap":false,"phases":"pre>post 12.3, phys>proc 2.6","phys":2.6,"pipelines":0,"pos":"22,5.6,20","proc":16.3,"steps":1,"stop":"agd_shrine","t_ms":25181}
SPIKE {"added":{},"cpu_render":1.8,"fades":0,"frame":18.5,"gpu":5.0,"lights_switched":0,"minimap":true,"phases":"pre>post 15.1, phys>proc 1.9","phys":2.3,"pipelines":0,"pos":"8,5.6,16","proc":15.5,"steps":1,"stop":"agd_shrine","t_ms":27197}
SPIKE {"added":{},"cpu_render":2.0,"fades":0,"frame":18.1,"gpu":5.8,"lights_switched":0,"minimap":false,"phases":"pre>post 14.6, phys>proc 2.0","phys":2.4,"pipelines":0,"pos":"3,7.5,10","proc":16.5,"steps":1,"stop":"agd_shrine","t_ms":28763}
SPIKE {"added":{},"cpu_render":1.4,"fades":0,"frame":18.0,"gpu":5.5,"lights_switched":0,"minimap":true,"phases":"pre>post 14.0, phys>proc 1.4","phys":2.4,"pipelines":0,"pos":"9,9.6,5","proc":15.5,"steps":1,"stop":"agd_shrine","t_ms":30480}
SPIKE {"added":{},"cpu_render":1.8,"fades":0,"frame":18.1,"gpu":5.8,"lights_switched":0,"minimap":false,"phases":"pre>post 14.5, phys>proc 2.3","phys":2.4,"pipelines":0,"pos":"15,9.6,5","proc":16.6,"steps":1,"stop":"agd_shrine","t_ms":31364}
SPIKE {"added":{},"cpu_render":1.6,"fades":0,"frame":18.2,"gpu":5.6,"lights_switched":0,"minimap":true,"phases":"pre>post 14.7, phys>proc 1.7","phys":3.0,"pipelines":0,"pos":"20,9.6,5","proc":15.9,"steps":1,"stop":"agd_shrine","t_ms":31998}
SPIKE {"added":{},"cpu_render":1.8,"fades":0,"frame":18.2,"gpu":4.8,"lights_switched":0,"minimap":false,"phases":"pre>post 13.6, phys>proc 2.7","phys":2.6,"pipelines":0,"pos":"27,9.6,4","proc":16.5,"steps":1,"stop":"agd_mid","t_ms":33030}
SPIKE {"added":{},"cpu_render":1.7,"fades":0,"frame":19.3,"gpu":7.1,"lights_switched":0,"minimap":false,"phases":"pre>post 15.2, phys>proc 2.0","phys":2.7,"pipelines":0,"pos":"27,9.6,-4","proc":15.6,"steps":1,"stop":"agd_mid","t_ms":34431}
SPIKE {"added":{},"cpu_render":1.3,"fades":0,"frame":18.3,"gpu":4.7,"lights_switched":0,"minimap":true,"phases":"pre>post 14.5, phys>proc 2.3","phys":2.7,"pipelines":0,"pos":"20,9.6,-6","proc":17.3,"steps":1,"stop":"agd_mid","t_ms":35363}
SPIKE {"added":{},"cpu_render":3.7,"fades":0,"frame":18.7,"gpu":6.9,"lights_switched":0,"minimap":false,"phases":"pre>post 15.1, phys>proc 1.7","phys":2.7,"pipelines":0,"pos":"17,9.6,-7","proc":17.3,"steps":1,"stop":"agd_mid","t_ms":35830}
SPIKE {"added":{},"cpu_render":1.8,"fades":0,"frame":18.3,"gpu":3.9,"lights_switched":0,"minimap":true,"phases":"pre>post 14.5, phys>proc 2.0","phys":1.9,"pipelines":0,"pos":"9,9.6,-9","proc":15.6,"steps":1,"stop":"agd_mid","t_ms":36929}
SPIKE {"added":{},"cpu_render":2.0,"fades":0,"frame":18.7,"gpu":3.5,"lights_switched":0,"minimap":false,"phases":"pre>post 5.1, phys>proc 2.0","phys":1.9,"pipelines":0,"pos":"9,9.6,-9","proc":15.6,"steps":1,"stop":"agd_mid","t_ms":36963}
SPIKE {"added":{},"cpu_render":1.4,"fades":0,"frame":19.2,"gpu":7.3,"lights_switched":0,"minimap":false,"phases":"pre>post 16.6, phys>proc 1.3","phys":2.2,"pipelines":0,"pos":"0,13.6,-26","proc":15.8,"steps":1,"stop":"agd_upper","t_ms":40264}
SPIKE {"added":{},"cpu_render":1.3,"fades":0,"frame":18.1,"gpu":8.3,"lights_switched":0,"minimap":false,"phases":"pre>post 13.1, phys>proc 1.9","phys":2.2,"pipelines":0,"pos":"0,13.6,-26","proc":15.8,"steps":1,"stop":"agd_upper","t_ms":40282}
SPIKE {"added":{},"cpu_render":1.3,"fades":0,"frame":18.2,"gpu":8.1,"lights_switched":0,"minimap":false,"phases":"pre>post 15.1, phys>proc 1.8","phys":2.2,"pipelines":0,"pos":"0,13.6,-27","proc":15.8,"steps":1,"stop":"agd_council","t_ms":40449}
SPIKE {"added":{},"cpu_render":2.1,"fades":0,"frame":18.3,"gpu":5.4,"lights_switched":0,"minimap":false,"phases":"pre>post 12.1, phys>proc 2.7","phys":2.1,"pipelines":0,"pos":"-18,9.6,-8","proc":16.3,"steps":1,"stop":"agd_council","t_ms":45080}
SPIKE {"added":{},"cpu_render":2.2,"fades":0,"frame":25.5,"gpu":4.8,"lights_switched":0,"minimap":false,"phases":"pre>post 6.4, phys>proc 2.2","phys":2.1,"pipelines":0,"pos":"-18,9.6,-8","proc":16.3,"steps":1,"stop":"agd_council","t_ms":45106}
SPIKE {"added":{},"cpu_render":2.1,"fades":0,"frame":18.2,"gpu":5.3,"lights_switched":0,"minimap":false,"phases":"pre>post 11.9, phys>proc 3.2","phys":2.7,"pipelines":0,"pos":"-27,9.9,-8","proc":23.3,"steps":1,"stop":"agd_council","t_ms":46364}
SPIKE {"added":{},"cpu_render":2.0,"fades":0,"frame":19.2,"gpu":5.1,"lights_switched":0,"minimap":false,"phases":"pre>post 13.2, post>phys 1.8, phys>proc 1.9","phys":2.3,"pipelines":0,"pos":"-17,9.6,-7","proc":15.5,"steps":1,"stop":"agd_market","t_ms":48864}
SPIKE {"added":{},"cpu_render":2.6,"fades":0,"frame":18.1,"gpu":3.1,"lights_switched":0,"minimap":false,"phases":"pre>post 14.1, phys>proc 2.0","phys":3.0,"pipelines":0,"pos":"-15,9.6,-6","proc":15.5,"steps":1,"stop":"agd_market","t_ms":49127}
SPIKE {"added":{},"cpu_render":1.6,"fades":0,"frame":18.3,"gpu":4.1,"lights_switched":0,"minimap":true,"phases":"pre>post 14.3, phys>proc 2.1","phys":1.9,"pipelines":0,"pos":"-2,6.1,12","proc":16.6,"steps":1,"stop":"agd_harbour","t_ms":53729}
SPIKE {"added":{},"cpu_render":2.4,"fades":0,"frame":18.9,"gpu":2.1,"lights_switched":0,"minimap":false,"phases":"pre>post 6.7, phys>proc 1.6","phys":2.8,"pipelines":0,"pos":"-10,5.6,20","proc":16.0,"steps":1,"stop":"agd_harbour","t_ms":55261}
SPIKE {"added":{},"cpu_render":2.1,"fades":0,"frame":18.3,"gpu":1.7,"lights_switched":0,"minimap":false,"phases":"pre>post 13.1, phys>proc 3.3","phys":2.7,"pipelines":0,"pos":"-16,5.6,27","proc":17.3,"steps":1,"stop":"agd_harbour","t_ms":56510}
SPIKE {"added":{},"cpu_render":2.3,"fades":0,"frame":18.2,"gpu":1.7,"lights_switched":0,"minimap":false,"phases":"pre>post 12.1, phys>proc 3.8","phys":2.7,"pipelines":0,"pos":"-16,5.6,27","proc":17.3,"steps":1,"stop":"agd_harbour","t_ms":56561}
SPIKE {"added":{},"cpu_render":3.4,"fades":0,"frame":18.3,"gpu":2.2,"lights_switched":0,"minimap":false,"phases":"pre>post 14.2, phys>proc 2.2","phys":2.7,"pipelines":0,"pos":"-16,5.6,27","proc":17.3,"steps":1,"stop":"agd_harbour","t_ms":56643}
SPIKE {"added":{},"cpu_render":2.2,"fades":0,"frame":18.1,"gpu":1.7,"lights_switched":0,"minimap":false,"phases":"pre>post 13.0, phys>proc 2.9","phys":2.7,"pipelines":0,"pos":"-17,5.6,29","proc":17.3,"steps":1,"stop":"agd_harbour","t_ms":56810}
SPIKE {"added":{},"cpu_render":1.8,"fades":0,"frame":18.1,"gpu":1.8,"lights_switched":0,"minimap":false,"phases":"pre>post 5.4, phys>proc 1.5","phys":2.5,"pipelines":0,"pos":"-19,1.6,39","proc":15.5,"steps":1,"stop":"agd_harbour","t_ms":58310}
SPIKE {"added":{},"cpu_render":1.6,"fades":0,"frame":19.2,"gpu":3.3,"lights_switched":0,"minimap":false,"phases":"pre>post 12.3, post>phys 2.8, phys>proc 1.9","phys":2.5,"pipelines":0,"pos":"-25,1.6,43","proc":16.5,"steps":1,"stop":"agd_harbour","t_ms":59180}
SPIKE {"added":{},"cpu_render":1.8,"fades":0,"frame":18.6,"gpu":4.3,"lights_switched":0,"minimap":false,"phases":"pre>post 12.9, phys>proc 3.3","phys":2.4,"pipelines":0,"pos":"-47,1.6,39","proc":15.4,"steps":1,"stop":"agd_crown","t_ms":63030}
SPIKE {"added":{},"cpu_render":1.9,"fades":0,"frame":26.2,"gpu":2.1,"lights_switched":0,"minimap":false,"phases":"pre>post 22.0, phys>proc 2.2","phys":2.7,"pipelines":0,"pos":"-33,1.6,42","proc":15.4,"steps":1,"stop":"agd_crown","t_ms":65322}
SPIKE {"added":{},"cpu_render":2.5,"fades":0,"frame":33.4,"gpu":2.0,"lights_switched":0,"minimap":false,"phases":"pre>post 28.0, phys>proc 2.0","phys":2.7,"pipelines":0,"pos":"-31,1.6,41","proc":15.4,"steps":1,"stop":"agd_crown","t_ms":65593}
SPIKE {"added":{},"cpu_render":1.7,"fades":0,"frame":18.2,"gpu":2.1,"lights_switched":0,"minimap":true,"phases":"pre>post 12.9, phys>proc 3.0","phys":3.2,"pipelines":0,"pos":"-26,1.6,40","proc":31.3,"steps":1,"stop":"agd_crown","t_ms":66360}
SPIKE {"added":{},"cpu_render":1.8,"fades":0,"frame":19.6,"gpu":1.9,"lights_switched":0,"minimap":false,"phases":"pre>post 5.9, phys>proc 2.6","phys":3.0,"pipelines":0,"pos":"-22,3.0,35","proc":15.4,"steps":1,"stop":"agd_crown","t_ms":67478}
SPIKE {"added":{},"cpu_render":1.7,"fades":0,"frame":19.1,"gpu":1.9,"lights_switched":0,"minimap":false,"phases":"pre>post 12.9, post>phys 2.4, phys>proc 1.8","phys":3.0,"pipelines":0,"pos":"-22,3.4,34","proc":15.4,"steps":1,"stop":"agd_crown","t_ms":67628}
SPIKE {"added":{},"cpu_render":2.2,"fades":0,"frame":18.1,"gpu":2.0,"lights_switched":0,"minimap":false,"phases":"pre>post 11.5, phys>proc 3.0","phys":3.0,"pipelines":0,"pos":"-22,3.6,34","proc":15.4,"steps":1,"stop":"agd_crown","t_ms":67693}
SPIKE {"added":{},"cpu_render":2.4,"fades":0,"frame":18.2,"gpu":4.6,"lights_switched":0,"minimap":false,"phases":"pre>post 13.6, phys>proc 2.3","phys":2.3,"pipelines":0,"pos":"-12,5.6,24","proc":15.6,"steps":1,"stop":"agd_crown","t_ms":72513}
STUCK near (-12.16679, 5.600965, 23.65099) heading for agd_crown: hop to the next path point
SPIKE {"added":{},"cpu_render":2.1,"fades":0,"frame":18.3,"gpu":4.6,"lights_switched":1,"minimap":false,"phases":"pre>post 12.8, phys>proc 2.7","phys":2.3,"pipelines":0,"pos":"-11,7.1,22","proc":16.0,"steps":1,"stop":"agd_crown","t_ms":73313}
SPIKE {"added":{},"cpu_render":1.8,"fades":0,"frame":18.1,"gpu":5.5,"lights_switched":1,"minimap":true,"phases":"pre>post 14.6, phys>proc 1.6","phys":2.7,"pipelines":0,"pos":"-2,8.1,9","proc":15.4,"steps":1,"stop":"agd_crown","t_ms":75913}
SPIKE {"added":{},"cpu_render":2.1,"fades":0,"frame":19.4,"gpu":7.4,"lights_switched":0,"minimap":false,"phases":"pre>post 16.0, phys>proc 1.9","phys":2.4,"pipelines":0,"pos":"-2,9.6,-1","proc":16.4,"steps":1,"stop":"agd_crown","t_ms":77381}
SPIKE {"added":{},"cpu_render":1.7,"fades":0,"frame":18.5,"gpu":6.8,"lights_switched":0,"minimap":true,"phases":"pre>post 13.4, phys>proc 1.9","phys":2.4,"pipelines":0,"pos":"-2,9.6,-2","proc":16.4,"steps":1,"stop":"agd_crown","t_ms":77598}
SPIKE {"added":{},"cpu_render":1.7,"fades":0,"frame":18.5,"gpu":3.1,"lights_switched":0,"minimap":false,"phases":"pre>post 5.1, phys>proc 3.0","phys":2.1,"pipelines":0,"pos":"-1,9.6,-10","proc":17.4,"steps":1,"stop":"agd_crown","t_ms":78661}
SPIKE {"added":{},"cpu_render":1.7,"fades":0,"frame":18.3,"gpu":4.0,"lights_switched":0,"minimap":false,"phases":"pre>post 13.6, phys>proc 2.8","phys":2.4,"pipelines":0,"pos":"-1,12.3,-17","proc":16.0,"steps":1,"stop":"agd_crown","t_ms":79962}
SPIKE {"added":{},"cpu_render":1.9,"fades":0,"frame":18.9,"gpu":7.2,"lights_switched":0,"minimap":false,"phases":"pre>post 15.7, phys>proc 1.6","phys":2.8,"pipelines":0,"pos":"-0,13.6,-26","proc":15.4,"steps":1,"stop":"agd_crown","t_ms":81230}
SPIKE {"added":{},"cpu_render":1.7,"fades":0,"frame":18.5,"gpu":7.2,"lights_switched":0,"minimap":false,"phases":"pre>post 12.6, phys>proc 3.4","phys":2.8,"pipelines":0,"pos":"-0,13.6,-26","proc":15.4,"steps":1,"stop":"agd_crown","t_ms":81249}
SPIKE {"added":{},"cpu_render":5.0,"fades":0,"frame":18.1,"gpu":6.0,"lights_switched":0,"minimap":false,"phases":"pre>post 13.2, phys>proc 2.2","phys":2.5,"pipelines":0,"pos":"1,30.4,-63","proc":15.5,"steps":1,"stop":"agd_crown","t_ms":88496}
SPIKE {"added":{},"cpu_render":1.7,"fades":0,"frame":18.1,"gpu":5.3,"lights_switched":0,"minimap":false,"phases":"pre>post 13.3, phys>proc 2.9","phys":2.2,"pipelines":0,"pos":"0,33.6,-68","proc":15.8,"steps":1,"stop":"agd_crown","t_ms":89529}
SPIKE {"added":{},"cpu_render":1.6,"fades":0,"frame":18.0,"gpu":4.1,"lights_switched":0,"minimap":false,"phases":"pre>post 12.6, phys>proc 2.5","phys":2.8,"pipelines":0,"pos":"-0,22.6,-53","proc":15.6,"steps":1,"stop":"agd_gate","t_ms":93595}
SPIKE {"added":{},"cpu_render":1.9,"fades":0,"frame":18.5,"gpu":6.7,"lights_switched":0,"minimap":false,"phases":"pre>post 15.2, phys>proc 1.4","phys":1.9,"pipelines":0,"pos":"11,13.6,-34","proc":16.4,"steps":1,"stop":"agd_gate","t_ms":97679}
SPIKE {"added":{},"cpu_render":2.3,"fades":0,"frame":23.6,"gpu":4.3,"lights_switched":0,"minimap":false,"phases":"pre>post 6.5, phys>proc 2.3","phys":2.7,"pipelines":0,"pos":"42,13.6,-29","proc":15.4,"steps":1,"stop":"agd_gate","t_ms":102052}
SPIKE {"added":{},"cpu_render":2.0,"fades":0,"frame":18.4,"gpu":4.6,"lights_switched":0,"minimap":false,"phases":"pre>post 3.8, phys>proc 1.6","phys":2.7,"pipelines":0,"pos":"64,13.6,-27","proc":15.7,"steps":1,"stop":"agd_gate","t_ms":105096}
SPIKE {"added":{},"cpu_render":1.9,"fades":0,"frame":20.4,"gpu":4.5,"lights_switched":0,"minimap":false,"phases":"pre>post 13.3, phys>proc 5.1","phys":2.9,"pipelines":0,"pos":"83,13.6,-23","proc":16.0,"steps":1,"stop":"agd_gate","t_ms":107748}
SPIKE {"added":{},"cpu_render":2.1,"fades":0,"frame":20.5,"gpu":4.8,"lights_switched":0,"minimap":false,"phases":"pre>post 3.9, post>phys 1.9, phys>proc 3.0","phys":2.9,"pipelines":0,"pos":"83,13.6,-23","proc":16.0,"steps":1,"stop":"agd_gate","t_ms":107768}
SPIKE {"added":{"AnimationPlayer":60,"AnimationTree":60,"Area3D":2,"Area3D(map_exit.gd)":2,"AudioStreamPlayer3D":2,"BoneAttachment3D":105,"Camera3D(player_camera.gd)":1,"CharacterBody3D(enemy.gd)":56,"CharacterBody3D(guild_fighter.gd)":2,"CharacterBody3D(player.gd)":1,"CharacterBody3D(quake_ally.gd)":3,"CharacterBody3D(tempo.gd)":5,"CollisionShape3D":291,"Control(art_bar.gd)":44,"Decal":6,"DirectionalLight3D":1,"GPUParticles3D":81,"HBoxContainer":44,"Label":44,"Label3D":77,"Marker3D":19,"MeshInstance3D":786,"MultiMeshInstance3D":710,"NavigationAgent3D":66,"NavigationRegion3D":1,"Node(combat_director.gd)":1,"Node(spawner.gd)":1,"Node3D":413,"Node3D(character_visual.gd)":67,"Node3D(enemy_bar.gd)":56,"Node3D(map_root.gd)":1,"Node3D(relay_pylon.gd)":3,"Node3D(sign_labels.gd)":5,"Node3D(teleporter.gd)":2,"Node3D(tempo_bar.gd)":10,"OmniLight3D":44,"OmniLight3D(flicker_light.gd)":19,"PanelContainer":22,"PhysicalBoneSimulator3D":60,"Skeleton3D":60,"StaticBody3D":220,"TextureRect":22,"Timer":12,"VBoxContainer":22,"WorldEnvironment":1},"cpu_render":2.2,"fades":0,"frame":3466.0,"gpu":4.9,"lights_switched":63,"minimap":false,"phases":"pre>post 37.4, phys>phys 10.6, phys>phys 7.5, phys>proc 4.2","phys":5.1,"pipelines":134,"pos":"-132,0.3,30","proc":16.0,"steps":3,"stop":"coil_gate","t_ms":111977}
SPIKE {"added":{"HBoxContainer":1,"Label":1,"PanelContainer":1,"TextureRect":1},"cpu_render":6.5,"fades":0,"frame":92.2,"gpu":34.6,"lights_switched":0,"minimap":true,"phases":"pre>post 9.0, phys>phys 6.3, phys>phys 5.6, phys>proc 5.6","phys":10.6,"pipelines":0,"pos":"-132,0.3,30","proc":3443.3,"steps":3,"stop":"coil_gate","t_ms":112069}
SPIKE {"added":{},"cpu_render":2.3,"fades":0,"frame":36.9,"gpu":33.5,"lights_switched":0,"minimap":false,"phases":"pre>post 10.4, phys>phys 5.6, phys>phys 5.6, phys>proc 6.5","phys":10.6,"pipelines":0,"pos":"-132,0.3,30","proc":3443.3,"steps":3,"stop":"coil_gate","t_ms":112106}
SPIKE {"added":{"AudioStreamPlayer":1},"cpu_render":2.3,"fades":0,"frame":35.8,"gpu":26.8,"lights_switched":0,"minimap":false,"phases":"pre>post 5.7, phys>phys 7.2, phys>proc 12.0","phys":10.6,"pipelines":0,"pos":"-132,0.3,30","proc":3443.3,"steps":2,"stop":"coil_gate","t_ms":112142}
SPIKE {"added":{},"cpu_render":3.6,"fades":0,"frame":18.1,"gpu":13.6,"lights_switched":0,"minimap":false,"phases":"pre>post 6.4, phys>proc 7.8","phys":10.6,"pipelines":0,"pos":"-132,0.4,30","proc":3443.3,"steps":1,"stop":"coil_gate","t_ms":112204}
SPIKE {"added":{},"cpu_render":1.9,"fades":0,"frame":18.2,"gpu":1.5,"lights_switched":0,"minimap":false,"phases":"pre>post 10.3, phys>proc 5.8","phys":10.6,"pipelines":0,"pos":"-130,0.5,29","proc":3443.3,"steps":1,"stop":"coil_gate","t_ms":112445}
SPIKE {"added":{},"cpu_render":3.4,"fades":0,"frame":19.0,"gpu":1.3,"lights_switched":0,"minimap":false,"phases":"pre>post 10.3, phys>proc 5.5","phys":12.0,"pipelines":0,"pos":"-124,0.7,28","proc":19.2,"steps":1,"stop":"coil_gate","t_ms":113278}
SPIKE {"added":{},"cpu_render":2.0,"fades":0,"frame":18.4,"gpu":1.4,"lights_switched":0,"minimap":false,"phases":"pre>post 11.8, phys>proc 4.2","phys":12.0,"pipelines":0,"pos":"-123,0.7,28","proc":19.2,"steps":1,"stop":"coil_gate","t_ms":113327}
SPIKE {"added":{},"cpu_render":2.0,"fades":0,"frame":18.8,"gpu":1.5,"lights_switched":0,"minimap":true,"phases":"pre>post 11.5, phys>proc 4.9","phys":12.0,"pipelines":0,"pos":"-121,0.8,27","proc":19.2,"steps":1,"stop":"coil_gate","t_ms":113711}
SPIKE {"added":{},"cpu_render":2.0,"fades":0,"frame":18.4,"gpu":2.2,"lights_switched":0,"minimap":false,"phases":"pre>post 13.8, phys>proc 2.7","phys":5.5,"pipelines":0,"pos":"-118,0.9,26","proc":14.5,"steps":1,"stop":"coil_gate","t_ms":114110}
SPIKE {"added":{},"cpu_render":2.2,"fades":0,"frame":20.2,"gpu":2.4,"lights_switched":0,"minimap":false,"phases":"pre>post 11.7, phys>proc 6.3","phys":5.5,"pipelines":0,"pos":"-116,0.9,26","proc":14.5,"steps":1,"stop":"coil_gate","t_ms":114397}
SPIKE {"added":{},"cpu_render":2.2,"fades":0,"frame":19.8,"gpu":2.3,"lights_switched":0,"minimap":false,"phases":"pre>post 11.4, phys>proc 5.2","phys":5.5,"pipelines":0,"pos":"-115,1.0,26","proc":14.5,"steps":1,"stop":"coil_gate","t_ms":114579}
SPIKE {"added":{},"cpu_render":2.0,"fades":0,"frame":18.6,"gpu":2.3,"lights_switched":0,"minimap":false,"phases":"pre>post 10.6, phys>proc 4.1","phys":5.5,"pipelines":0,"pos":"-115,1.0,26","proc":14.5,"steps":1,"stop":"coil_gate","t_ms":114678}
SPIKE {"added":{},"cpu_render":2.3,"fades":0,"frame":18.6,"gpu":2.4,"lights_switched":1,"minimap":false,"phases":"pre>post 11.7, phys>proc 4.1","phys":5.5,"pipelines":0,"pos":"-115,1.0,26","proc":14.5,"steps":1,"stop":"coil_gate","t_ms":114845}
STUCK near (-115.2066, 0.951959, 25.54291) heading for coil_gate: hop to the next path point
SPIKE {"added":{"GPUParticles3D":2},"cpu_render":1.8,"fades":0,"frame":18.2,"gpu":2.5,"lights_switched":0,"minimap":false,"phases":"pre>post 10.9, phys>proc 4.1","phys":6.3,"pipelines":0,"pos":"80,14.4,-25","proc":15.7,"steps":1,"stop":"coil_gate","t_ms":115011}
SPIKE {"added":{"GPUParticles3D":4,"HBoxContainer":1,"Label":1,"PanelContainer":1,"TextureRect":1},"cpu_render":0.7,"fades":0,"frame":19.0,"gpu":2.3,"lights_switched":0,"minimap":false,"phases":"pre>post 12.8, phys>proc 4.8","phys":6.3,"pipelines":0,"pos":"80,14.1,-25","proc":15.7,"steps":1,"stop":"coil_gate","t_ms":115112}
SPIKE {"added":{},"cpu_render":0.7,"fades":0,"frame":18.1,"gpu":2.5,"lights_switched":0,"minimap":false,"phases":"pre>post 12.3, phys>proc 4.3","phys":6.3,"pipelines":0,"pos":"79,13.9,-25","proc":15.7,"steps":1,"stop":"coil_gate","t_ms":115161}
SPIKE {"added":{"GPUParticles3D":2},"cpu_render":1.0,"fades":0,"frame":18.2,"gpu":2.3,"lights_switched":0,"minimap":false,"phases":"pre>post 8.6, phys>proc 5.4","phys":6.3,"pipelines":0,"pos":"79,13.9,-25","proc":15.7,"steps":1,"stop":"coil_gate","t_ms":115179}
SPIKE {"added":{"GPUParticles3D":2},"cpu_render":1.4,"fades":0,"frame":19.1,"gpu":3.4,"lights_switched":0,"minimap":false,"phases":"pre>post 12.2, phys>proc 5.5","phys":6.3,"pipelines":0,"pos":"79,13.5,-25","proc":15.7,"steps":1,"stop":"coil_gate","t_ms":115247}
SPIKE {"added":{},"cpu_render":1.1,"fades":0,"frame":19.6,"gpu":3.3,"lights_switched":6,"minimap":false,"phases":"pre>post 11.5, phys>proc 4.8","phys":6.3,"pipelines":0,"pos":"78,13.3,-25","proc":15.7,"steps":1,"stop":"coil_gate","t_ms":115279}
SPIKE {"added":{},"cpu_render":2.0,"fades":0,"frame":19.0,"gpu":2.9,"lights_switched":0,"minimap":false,"phases":"pre>post 12.1, phys>proc 5.2","phys":6.3,"pipelines":0,"pos":"78,12.6,-25","proc":15.7,"steps":1,"stop":"coil_gate","t_ms":115362}
SPIKE {"added":{},"cpu_render":1.9,"fades":0,"frame":19.6,"gpu":2.8,"lights_switched":0,"minimap":false,"phases":"pre>post 12.3, phys>proc 5.5","phys":6.3,"pipelines":0,"pos":"77,11.8,-25","proc":15.7,"steps":1,"stop":"coil_gate","t_ms":115447}
SPIKE {"added":{},"cpu_render":2.5,"fades":0,"frame":18.5,"gpu":2.9,"lights_switched":2,"minimap":false,"phases":"pre>post 11.5, phys>proc 3.9","phys":6.3,"pipelines":0,"pos":"77,11.2,-25","proc":15.7,"steps":1,"stop":"coil_gate","t_ms":115496}
SPIKE {"added":{},"cpu_render":1.9,"fades":0,"frame":20.7,"gpu":2.9,"lights_switched":0,"minimap":false,"phases":"pre>post 6.7, phys>proc 7.6","phys":6.3,"pipelines":0,"pos":"77,11.0,-25","proc":15.7,"steps":1,"stop":"coil_gate","t_ms":115516}
SPIKE {"added":{},"cpu_render":1.9,"fades":0,"frame":19.1,"gpu":2.9,"lights_switched":0,"minimap":false,"phases":"pre>post 11.5, phys>proc 4.8","phys":6.3,"pipelines":0,"pos":"76,9.2,-25","proc":15.7,"steps":1,"stop":"coil_gate","t_ms":115646}
SPIKE {"added":{},"cpu_render":2.5,"fades":0,"frame":19.4,"gpu":3.3,"lights_switched":0,"minimap":false,"phases":"pre>post 11.1, phys>proc 5.4","phys":6.3,"pipelines":0,"pos":"75,7.4,-25","proc":15.7,"steps":1,"stop":"coil_gate","t_ms":115797}
SPIKE {"added":{},"cpu_render":2.2,"fades":0,"frame":24.6,"gpu":3.7,"lights_switched":0,"minimap":false,"phases":"pre>post 4.7, phys>proc 3.2","phys":7.6,"pipelines":0,"pos":"74,7.5,-26","proc":14.7,"steps":1,"stop":"coil_gate","t_ms":115986}
SPIKE {"added":{},"cpu_render":2.3,"fades":0,"frame":18.4,"gpu":3.5,"lights_switched":0,"minimap":false,"phases":"pre>post 12.1, phys>proc 4.0","phys":7.6,"pipelines":0,"pos":"73,7.4,-26","proc":14.7,"steps":1,"stop":"coil_gate","t_ms":116062}
SPIKE {"added":{},"cpu_render":2.6,"fades":0,"frame":20.8,"gpu":3.7,"lights_switched":0,"minimap":false,"phases":"pre>post 7.9, phys>proc 6.7","phys":7.6,"pipelines":0,"pos":"73,7.4,-26","proc":14.7,"steps":1,"stop":"coil_gate","t_ms":116083}
WALKSUM {"avg_cpu_render":2.02,"avg_draws":1630.05,"avg_fps":58.1,"avg_gpu":4.49,"avg_objects":2443.18,"avg_phys":2.71,"avg_proc":42.06,"avg_steps":1.0,"frames":6749,"hero_moving_frames":6085,"hero_still_frames":664,"lite":true,"low1_fps":13.6,"map":"zr_coilwood","max_ms":3466.0,"median_ms":16.67,"minimap_renders":47,"multi_step_frames":8,"over_17ms":271,"over_25ms":9,"over_33ms":6,"over_50ms":4,"p99_ms":18.2,"seconds":116.1,"spike_causes":{"fades":1,"lights":6,"minimap":11,"multi_step":6,"nodes_added":8,"pipelines":2},"stuck":5,"vsync":true,"zero_step_frames":3}
ERROR: 1 RID allocations of type 'N10RendererRD14TextureStorage7TextureE' were leaked at exit.
ERROR: Parameter "RenderingServer::get_singleton()" is null.
   at: ~CompressedTexture2D (scene/resources/compressed_texture.cpp:464)
WARNING: 2 RIDs of type "Texture" were leaked.
   at: finalize (servers/rendering/rendering_device.cpp:8900)
