Godot Engine v4.7.2.stable.official.ed1daf0bf - https://godotengine.org
Vulkan 1.4.329 - Forward+ - Using Device #0: NVIDIA - NVIDIA GeForce RTX 4060

WALKINFO hero=Hehe level=57 map=dg_prismheart_6 tempos=10
WALK map=dg_prismheart_6 stops=3 refresh=60 Hz window=(1920, 1080) vsync=false cap=0 lite=true shadows=2 effects=2 aa=1 scale=1.00 renderer=forward_plus
SPIKE {"added":{},"awake":22,"cpu_render":2.1,"fades":0,"frame":20.2,"gpu":2.9,"lights_switched":0,"minimap":false,"phases":"pre>post 9.0, phys>proc 4.5","phys":4.3,"pipelines":0,"pos":"-1,0.0,15","proc":15.9,"steps":1,"stop":"descent","t_ms":1189}
SPIKE {"added":{"Decal":2,"GPUParticles3D":18,"MeshInstance3D":5,"MeshInstance3D(weapon_trail.gd)":1,"Node3D":9,"OmniLight3D":5,"Timer":26},"awake":23,"cpu_render":2.7,"fades":0,"frame":26.0,"gpu":3.1,"lights_switched":5,"minimap":false,"phases":"pre>post 5.0, phys>proc 18.1","phys":5.9,"pipelines":0,"pos":"14,0.0,6","proc":13.1,"steps":1,"stop":"descent","t_ms":3663}
SPIKE {"added":{"GPUParticles3D":2,"MeshInstance3D":1,"Node3D":2,"Node3D(projectile.gd)":1,"Timer":2},"awake":23,"cpu_render":2.5,"fades":0,"frame":20.7,"gpu":3.1,"lights_switched":0,"minimap":false,"phases":"pre>post 5.8, phys>phys 5.1, phys>proc 3.7","phys":5.9,"pipelines":1,"pos":"15,0.0,6","proc":13.1,"steps":2,"stop":"descent","t_ms":3684}
SPIKE {"added":{"Decal":1,"GPUParticles3D":7,"MeshInstance3D":3,"Node3D":3,"OmniLight3D":3,"Timer":10},"awake":23,"cpu_render":3.2,"fades":0,"frame":36.8,"gpu":3.6,"lights_switched":4,"minimap":false,"phases":"pre>post 5.2, phys>proc 26.4","phys":5.9,"pipelines":0,"pos":"16,0.0,5","proc":13.1,"steps":1,"stop":"descent","t_ms":3989}
SPIKE {"added":{"Decal":1,"GPUParticles3D":8,"MeshInstance3D":6,"MeshInstance3D(weapon_trail.gd)":1,"Node3D":6,"Node3D(projectile.gd)":1,"OmniLight3D":6,"Timer":12},"awake":23,"cpu_render":2.5,"fades":0,"frame":21.8,"gpu":3.3,"lights_switched":6,"minimap":false,"phases":"pre>post 7.3, phys>proc 10.6","phys":5.9,"pipelines":1,"pos":"17,0.0,5","proc":13.1,"steps":1,"stop":"descent","t_ms":4011}
SPIKE {"added":{"GPUParticles3D":5,"MeshInstance3D":4,"Node3D":3,"OmniLight3D":1,"Timer":8},"awake":23,"cpu_render":3.6,"fades":0,"frame":29.2,"gpu":3.7,"lights_switched":1,"minimap":false,"phases":"pre>post 6.4, phys>phys 6.6, phys>proc 11.4","phys":5.9,"pipelines":0,"pos":"17,0.0,5","proc":13.1,"steps":2,"stop":"descent","t_ms":4040}
SPIKE {"added":{"Decal":1,"GPUParticles3D":37,"MeshInstance3D":7,"Node3D":18,"OmniLight3D":3,"Timer":46},"awake":23,"cpu_render":2.8,"fades":0,"frame":21.8,"gpu":3.6,"lights_switched":3,"minimap":false,"phases":"pre>post 6.1, phys>proc 12.2","phys":5.9,"pipelines":0,"pos":"18,0.0,4","proc":13.1,"steps":1,"stop":"descent","t_ms":4150}
SPIKE {"added":{"GPUParticles3D":3,"MeshInstance3D":2,"Node3D":2,"Timer":5},"awake":23,"cpu_render":2.9,"fades":0,"frame":37.1,"gpu":3.6,"lights_switched":0,"minimap":false,"phases":"pre>post 10.7, phys>proc 16.2","phys":5.9,"pipelines":0,"pos":"18,0.0,4","proc":13.1,"steps":1,"stop":"descent","t_ms":4187}
SPIKE {"added":{"Decal":1,"GPUParticles3D":37,"MeshInstance3D":11,"Node3D":15,"OmniLight3D":8,"Timer":41},"awake":23,"cpu_render":4.0,"fades":0,"frame":21.2,"gpu":3.5,"lights_switched":8,"minimap":false,"phases":"pre>post 4.6, phys>proc 12.4","phys":5.9,"pipelines":0,"pos":"18,0.0,4","proc":13.1,"steps":1,"stop":"descent","t_ms":4256}
SPIKE {"added":{},"awake":23,"cpu_render":2.2,"fades":0,"frame":24.0,"gpu":3.5,"lights_switched":0,"minimap":false,"phases":"pre>post 10.0, phys>phys 5.1, phys>proc 3.0","phys":5.9,"pipelines":0,"pos":"18,0.0,4","proc":13.1,"steps":2,"stop":"descent","t_ms":4280}
SPIKE {"added":{},"awake":22,"cpu_render":2.2,"fades":0,"frame":20.1,"gpu":4.2,"lights_switched":0,"minimap":false,"phases":"pre>post 7.8, phys>phys 4.6, phys>proc 3.2","phys":5.9,"pipelines":0,"pos":"19,0.0,3","proc":13.1,"steps":2,"stop":"descent","t_ms":4399}
SPIKE {"added":{"GPUParticles3D":10,"MeshInstance3D":3,"Node3D":6,"OmniLight3D":3,"Timer":15},"awake":18,"cpu_render":3.7,"fades":0,"frame":22.5,"gpu":3.8,"lights_switched":3,"minimap":false,"phases":"pre>post 5.8, phys>proc 7.7","phys":26.4,"pipelines":0,"pos":"20,0.0,3","proc":20.8,"steps":1,"stop":"descent","t_ms":4538}
SPIKE {"added":{"Decal":1,"GPUParticles3D":39,"MeshInstance3D":13,"Node3D":20,"OmniLight3D":6,"Timer":49},"awake":18,"cpu_render":2.7,"fades":0,"frame":21.0,"gpu":4.3,"lights_switched":6,"minimap":false,"phases":"pre>post 3.5, phys>proc 13.8","phys":26.4,"pipelines":0,"pos":"20,0.0,3","proc":20.8,"steps":1,"stop":"descent","t_ms":4574}
SPIKE {"added":{"Decal":1,"GPUParticles3D":20,"MeshInstance3D":6,"Node3D":11,"OmniLight3D":4,"Timer":28},"awake":18,"cpu_render":2.9,"fades":0,"frame":20.5,"gpu":3.8,"lights_switched":4,"minimap":false,"phases":"pre>post 5.0, phys>proc 9.0","phys":26.4,"pipelines":0,"pos":"22,0.0,2","proc":20.8,"steps":1,"stop":"descent","t_ms":4875}
SPIKE {"added":{},"awake":18,"cpu_render":2.1,"fades":0,"frame":20.8,"gpu":4.2,"lights_switched":0,"minimap":false,"phases":"pre>post 9.1, phys>phys 4.5, phys>proc 2.4","phys":26.4,"pipelines":0,"pos":"22,0.0,1","proc":20.8,"steps":2,"stop":"descent","t_ms":4896}
SPIKE {"added":{"Decal":2,"GPUParticles3D":34,"MeshInstance3D":10,"Node3D":16,"OmniLight3D":8,"Timer":44},"awake":18,"cpu_render":2.9,"fades":0,"frame":30.6,"gpu":3.8,"lights_switched":8,"minimap":false,"phases":"pre>post 6.7, phys>proc 19.1","phys":26.4,"pipelines":0,"pos":"23,0.0,1","proc":20.8,"steps":1,"stop":"descent","t_ms":5036}
SPIKE {"added":{"GPUParticles3D":1,"MeshInstance3D":1,"Node3D":2,"Node3D(projectile.gd)":1,"Timer":1},"awake":18,"cpu_render":2.1,"fades":0,"frame":26.3,"gpu":4.2,"lights_switched":0,"minimap":false,"phases":"pre>post 7.6, phys>proc 11.9","phys":26.4,"pipelines":0,"pos":"23,0.0,1","proc":20.8,"steps":1,"stop":"descent","t_ms":5062}
SPIKE {"added":{},"awake":18,"cpu_render":3.8,"fades":0,"frame":24.7,"gpu":4.2,"lights_switched":0,"minimap":false,"phases":"pre>post 7.2, phys>phys 5.6, phys>proc 3.4","phys":26.4,"pipelines":20,"pos":"23,0.0,1","proc":20.8,"steps":2,"stop":"descent","t_ms":5087}
SPIKE {"added":{"Decal":1,"GPUParticles3D":19,"MeshInstance3D":9,"Node3D":11,"OmniLight3D":4,"Timer":30},"awake":18,"cpu_render":2.9,"fades":0,"frame":20.9,"gpu":3.7,"lights_switched":4,"minimap":false,"phases":"pre>post 5.5, phys>proc 9.2","phys":26.4,"pipelines":0,"pos":"25,0.0,0","proc":20.8,"steps":1,"stop":"descent","t_ms":5264}
SPIKE {"added":{"Decal":2,"GPUParticles3D":35,"MeshInstance3D":10,"Node3D":16,"OmniLight3D":8,"Timer":44},"awake":18,"cpu_render":2.2,"fades":0,"frame":22.1,"gpu":3.7,"lights_switched":8,"minimap":false,"phases":"pre>post 6.5, phys>proc 11.9","phys":19.1,"pipelines":0,"pos":"26,0.0,-1","proc":15.6,"steps":1,"stop":"descent","t_ms":5485}
SPIKE {"added":{"GPUParticles3D":7,"MeshInstance3D":3,"Node3D":3,"OmniLight3D":3,"Timer":10},"awake":18,"cpu_render":2.2,"fades":0,"frame":31.3,"gpu":3.8,"lights_switched":3,"minimap":false,"phases":"pre>post 4.5, phys>proc 23.0","phys":19.1,"pipelines":0,"pos":"27,0.0,-1","proc":15.6,"steps":1,"stop":"descent","t_ms":5618}
SPIKE {"added":{},"awake":18,"cpu_render":2.8,"fades":0,"frame":21.2,"gpu":3.8,"lights_switched":0,"minimap":false,"phases":"pre>post 13.2, phys>proc 4.3","phys":19.1,"pipelines":11,"pos":"27,0.0,-2","proc":15.6,"steps":1,"stop":"descent","t_ms":5687}
SPIKE {"added":{"Decal":2,"GPUParticles3D":20,"MeshInstance3D":10,"Node3D":11,"OmniLight3D":5,"Timer":31},"awake":18,"cpu_render":2.1,"fades":0,"frame":20.8,"gpu":3.8,"lights_switched":5,"minimap":false,"phases":"pre>post 4.4, phys>proc 9.9","phys":19.1,"pipelines":0,"pos":"27,0.0,-2","proc":15.6,"steps":1,"stop":"descent","t_ms":5721}
SPIKE {"added":{"Decal":1,"GPUParticles3D":19,"MeshInstance3D":9,"Node3D":11,"OmniLight3D":4,"Timer":30},"awake":18,"cpu_render":2.5,"fades":0,"frame":20.1,"gpu":3.7,"lights_switched":4,"minimap":false,"phases":"pre>post 6.0, phys>proc 9.4","phys":19.1,"pipelines":0,"pos":"28,0.0,-2","proc":15.6,"steps":1,"stop":"descent","t_ms":5867}
SPIKE {"added":{"Decal":1,"GPUParticles3D":31,"MeshInstance3D":8,"Node3D":16,"OmniLight3D":4,"Timer":41},"awake":18,"cpu_render":2.2,"fades":0,"frame":20.7,"gpu":3.7,"lights_switched":4,"minimap":false,"phases":"pre>post 6.2, phys>proc 11.1","phys":19.1,"pipelines":0,"pos":"29,0.0,-3","proc":15.6,"steps":1,"stop":"descent","t_ms":5933}
SPIKE {"added":{"Decal":1,"GPUParticles3D":13,"MeshInstance3D":7,"Node3D":7,"OmniLight3D":3,"Timer":20},"awake":18,"cpu_render":2.0,"fades":0,"frame":20.5,"gpu":3.5,"lights_switched":3,"minimap":false,"phases":"pre>post 4.7, phys>proc 9.9","phys":19.1,"pipelines":0,"pos":"30,0.0,-5","proc":15.6,"steps":1,"stop":"descent","t_ms":6315}
SPIKE {"added":{"Decal":1,"GPUParticles3D":17,"MeshInstance3D":9,"Node3D":9,"OmniLight3D":5,"Timer":24},"awake":18,"cpu_render":2.2,"fades":0,"frame":23.7,"gpu":3.5,"lights_switched":5,"minimap":false,"phases":"pre>post 5.7, phys>proc 13.6","phys":19.1,"pipelines":0,"pos":"30,0.0,-5","proc":15.6,"steps":1,"stop":"descent","t_ms":6353}
SPIKE {"added":{"GPUParticles3D":22,"MeshInstance3D":7,"Node3D":13,"OmniLight3D":3,"Timer":32},"awake":18,"cpu_render":3.5,"fades":0,"frame":23.4,"gpu":3.5,"lights_switched":3,"minimap":false,"phases":"pre>post 4.2, phys>proc 11.2","phys":19.1,"pipelines":0,"pos":"30,0.0,-5","proc":15.6,"steps":1,"stop":"descent","t_ms":6376}
SPIKE {"added":{"GPUParticles3D":16,"MeshInstance3D":8,"Node3D":11,"Node3D(projectile.gd)":1,"OmniLight3D":2,"Timer":25},"awake":18,"cpu_render":1.9,"fades":0,"frame":25.5,"gpu":3.3,"lights_switched":2,"minimap":false,"phases":"pre>post 5.8, phys>proc 14.2","phys":23.0,"pipelines":0,"pos":"31,0.0,-7","proc":16.8,"steps":1,"stop":"descent","t_ms":6537}
SPIKE {"added":{"GPUParticles3D":18,"MeshInstance3D":7,"Node3D":10,"OmniLight3D":5,"Timer":26},"awake":18,"cpu_render":1.8,"fades":0,"frame":25.1,"gpu":3.3,"lights_switched":5,"minimap":false,"phases":"pre>post 4.7, phys>proc 12.9","phys":23.0,"pipelines":0,"pos":"33,0.1,-12","proc":16.8,"steps":1,"stop":"descent","t_ms":7376}
SPIKE {"added":{"GPUParticles3D":18,"MeshInstance3D":5,"Node3D":10,"OmniLight3D":3,"Timer":26},"awake":18,"cpu_render":1.7,"fades":0,"frame":21.8,"gpu":3.5,"lights_switched":3,"minimap":false,"phases":"pre>post 5.4, phys>proc 10.0","phys":11.3,"pipelines":0,"pos":"33,4.0,-20","proc":14.9,"steps":1,"stop":"descent","t_ms":8867}
SPIKE {"added":{"Decal":2,"GPUParticles3D":16,"MeshInstance3D":6,"Node3D":8,"OmniLight3D":2,"Timer":24},"awake":18,"cpu_render":1.7,"fades":0,"frame":21.5,"gpu":3.4,"lights_switched":2,"minimap":false,"phases":"pre>post 3.6, phys>proc 11.4","phys":10.0,"pipelines":0,"pos":"30,4.0,-27","proc":13.0,"steps":1,"stop":"start","t_ms":9974}
SPIKE {"added":{"Decal":1,"GPUParticles3D":11,"MeshInstance3D":4,"Node3D":6,"OmniLight3D":1,"Timer":17},"awake":18,"cpu_render":1.7,"fades":0,"frame":20.9,"gpu":3.3,"lights_switched":1,"minimap":false,"phases":"pre>post 6.5, phys>proc 9.6","phys":10.0,"pipelines":0,"pos":"30,4.0,-25","proc":13.0,"steps":1,"stop":"start","t_ms":10184}
SPIKE {"added":{"GPUParticles3D":18,"MeshInstance3D":6,"Node3D":10,"OmniLight3D":2,"Timer":26},"awake":18,"cpu_render":1.9,"fades":0,"frame":21.1,"gpu":3.4,"lights_switched":2,"minimap":false,"phases":"pre>post 5.7, phys>proc 11.3","phys":11.4,"pipelines":0,"pos":"30,4.0,-22","proc":12.4,"steps":1,"stop":"start","t_ms":10634}
SPIKE {"added":{"Decal":2,"GPUParticles3D":16,"MeshInstance3D":8,"Node3D":8,"OmniLight3D":4,"Timer":24},"awake":18,"cpu_render":2.6,"fades":0,"frame":23.3,"gpu":3.2,"lights_switched":4,"minimap":false,"phases":"pre>post 6.6, phys>proc 10.7","phys":11.4,"pipelines":0,"pos":"30,3.9,-20","proc":12.4,"steps":1,"stop":"start","t_ms":10945}
SPIKE {"added":{"GPUParticles3D":6,"MeshInstance3D":2,"Node3D":6,"OmniLight3D":2,"Timer":12},"awake":18,"cpu_render":2.9,"fades":0,"frame":26.1,"gpu":3.1,"lights_switched":2,"minimap":false,"phases":"pre>post 7.2, phys>proc 13.9","phys":11.4,"pipelines":0,"pos":"30,3.3,-18","proc":12.4,"steps":1,"stop":"start","t_ms":11104}
SPIKE {"added":{"Decal":1,"GPUParticles3D":17,"MeshInstance3D":5,"Node3D":8,"OmniLight3D":1,"Timer":23},"awake":18,"cpu_render":2.3,"fades":0,"frame":20.8,"gpu":3.1,"lights_switched":1,"minimap":false,"phases":"pre>post 4.7, phys>proc 7.6","phys":11.4,"pipelines":0,"pos":"30,3.2,-18","proc":12.4,"steps":1,"stop":"start","t_ms":11141}
SPIKE {"added":{},"awake":18,"cpu_render":2.6,"fades":0,"frame":20.4,"gpu":3.4,"lights_switched":0,"minimap":false,"phases":"pre>post 8.3, phys>proc 6.3","phys":11.4,"pipelines":0,"pos":"30,3.1,-18","proc":12.4,"steps":1,"stop":"start","t_ms":11161}
SPIKE {"added":{"Decal":1,"GPUParticles3D":14,"MeshInstance3D":6,"Node3D":10,"Node3D(projectile.gd)":1,"OmniLight3D":1,"Timer":22},"awake":18,"cpu_render":4.2,"fades":0,"frame":29.1,"gpu":3.1,"lights_switched":2,"minimap":false,"phases":"pre>post 7.4, phys>phys 4.4, phys>proc 11.9","phys":11.4,"pipelines":0,"pos":"30,3.0,-18","proc":12.4,"steps":2,"stop":"start","t_ms":11190}
SPIKE {"added":{},"awake":18,"cpu_render":2.7,"fades":0,"frame":23.0,"gpu":3.0,"lights_switched":0,"minimap":false,"phases":"pre>post 7.3, phys>proc 6.1","phys":13.9,"pipelines":0,"pos":"30,0.0,-9","proc":14.7,"steps":1,"stop":"start","t_ms":12381}
SPIKE {"added":{},"awake":18,"cpu_render":3.7,"fades":0,"frame":22.0,"gpu":4.6,"lights_switched":0,"minimap":false,"phases":"pre>post 6.7, phys>proc 5.8","phys":7.8,"pipelines":0,"pos":"30,0.0,-8","proc":16.7,"steps":1,"stop":"start","t_ms":12553}
SPIKE {"added":{},"awake":18,"cpu_render":3.8,"fades":0,"frame":23.3,"gpu":2.5,"lights_switched":0,"minimap":false,"phases":"pre>post 7.6, phys>proc 5.0","phys":7.8,"pipelines":0,"pos":"29,0.0,-4","proc":16.7,"steps":1,"stop":"start","t_ms":13155}
SPIKE {"added":{},"awake":18,"cpu_render":2.9,"fades":0,"frame":22.3,"gpu":2.5,"lights_switched":0,"minimap":false,"phases":"pre>post 9.1, phys>proc 4.1","phys":7.8,"pipelines":0,"pos":"29,0.0,-4","proc":16.7,"steps":1,"stop":"start","t_ms":13427}
SPIKE {"added":{},"awake":18,"cpu_render":2.2,"fades":0,"frame":20.9,"gpu":2.5,"lights_switched":0,"minimap":false,"phases":"pre>post 11.7, phys>proc 6.0","phys":10.6,"pipelines":0,"pos":"29,0.0,-4","proc":18.3,"steps":1,"stop":"start","t_ms":13686}
SPIKE {"added":{"GPUParticles3D":4,"MeshInstance3D":1,"Node3D":3,"OmniLight3D":1,"Timer":6},"awake":18,"cpu_render":4.9,"fades":0,"frame":20.2,"gpu":2.6,"lights_switched":1,"minimap":false,"phases":"pre>post 5.3, phys>proc 6.5","phys":10.6,"pipelines":0,"pos":"29,0.0,-4","proc":18.3,"steps":1,"stop":"start","t_ms":13706}
SPIKE {"added":{"GPUParticles3D":4,"MeshInstance3D":2,"Node3D":3,"OmniLight3D":3,"Timer":7},"awake":18,"cpu_render":2.2,"fades":0,"frame":21.7,"gpu":2.6,"lights_switched":3,"minimap":false,"phases":"pre>post 6.1, phys>proc 10.9","phys":10.6,"pipelines":0,"pos":"29,0.0,-4","proc":18.3,"steps":1,"stop":"start","t_ms":13941}
SPIKE {"added":{"Decal":1,"GPUParticles3D":5,"MeshInstance3D":3,"Node3D":2,"OmniLight3D":1,"Timer":7},"awake":18,"cpu_render":2.9,"fades":0,"frame":20.7,"gpu":3.3,"lights_switched":1,"minimap":false,"phases":"pre>post 6.0, phys>proc 5.7","phys":11.3,"pipelines":0,"pos":"29,0.0,-4","proc":15.0,"steps":1,"stop":"start","t_ms":14846}
SPIKE {"added":{},"awake":18,"cpu_render":3.2,"fades":0,"frame":21.5,"gpu":4.0,"lights_switched":0,"minimap":false,"phases":"pre>post 9.9, phys>proc 4.4","phys":11.3,"pipelines":0,"pos":"29,0.0,-4","proc":15.0,"steps":1,"stop":"start","t_ms":15195}
STUCK near (29.31907, 0.000704, -3.639482) heading for start: hop to the next path point
SPIKE {"added":{},"awake":18,"cpu_render":2.7,"fades":0,"frame":26.2,"gpu":4.1,"lights_switched":0,"minimap":false,"phases":"pre>post 5.6, phys>proc 11.4","phys":12.3,"pipelines":0,"pos":"30,1.4,-3","proc":17.0,"steps":1,"stop":"start","t_ms":16209}
SPIKE {"added":{},"awake":18,"cpu_render":4.5,"fades":0,"frame":22.5,"gpu":3.5,"lights_switched":0,"minimap":false,"phases":"pre>post 8.4, phys>phys 5.2, phys>proc 2.5","phys":12.3,"pipelines":0,"pos":"29,1.5,-3","proc":17.0,"steps":2,"stop":"start","t_ms":16265}
SPIKE {"added":{"MeshInstance3D":1,"Node3D":2,"Node3D(projectile.gd)":1},"awake":18,"cpu_render":2.2,"fades":0,"frame":20.7,"gpu":3.9,"lights_switched":0,"minimap":false,"phases":"pre>post 7.0, phys>proc 7.1","phys":11.4,"pipelines":0,"pos":"28,1.3,-2","proc":14.8,"steps":1,"stop":"start","t_ms":16538}
SPIKE {"added":{},"awake":18,"cpu_render":2.8,"fades":0,"frame":21.6,"gpu":4.4,"lights_switched":0,"minimap":false,"phases":"pre>post 8.3, phys>proc 4.7","phys":11.4,"pipelines":0,"pos":"25,0.0,1","proc":14.8,"steps":1,"stop":"start","t_ms":17194}
SPIKE {"added":{},"awake":18,"cpu_render":2.4,"fades":0,"frame":25.7,"gpu":3.9,"lights_switched":0,"minimap":false,"phases":"pre>post 10.0, phys>proc 5.4","phys":11.4,"pipelines":0,"pos":"23,0.0,1","proc":14.8,"steps":1,"stop":"start","t_ms":17475}
SPIKE {"added":{"GPUParticles3D":25,"MeshInstance3D":6,"Node3D":12,"OmniLight3D":3,"Timer":31},"awake":18,"cpu_render":2.5,"fades":0,"frame":21.3,"gpu":4.7,"lights_switched":3,"minimap":false,"phases":"pre>post 4.9, phys>proc 13.3","phys":8.7,"pipelines":0,"pos":"22,0.0,2","proc":20.1,"steps":1,"stop":"start","t_ms":17642}
SPIKE {"added":{"Decal":1,"GPUParticles3D":11,"MeshInstance3D":5,"Node3D":6,"OmniLight3D":3,"Timer":17},"awake":18,"cpu_render":2.3,"fades":0,"frame":22.7,"gpu":4.2,"lights_switched":3,"minimap":false,"phases":"pre>post 7.0, phys>proc 11.3","phys":8.7,"pipelines":0,"pos":"22,0.0,2","proc":20.1,"steps":1,"stop":"start","t_ms":17664}
SPIKE {"added":{},"awake":18,"cpu_render":2.4,"fades":0,"frame":21.6,"gpu":4.8,"lights_switched":0,"minimap":false,"phases":"pre>post 9.7, phys>proc 4.5","phys":8.7,"pipelines":0,"pos":"22,0.0,2","proc":20.1,"steps":1,"stop":"start","t_ms":17727}
SPIKE {"added":{"Decal":1,"GPUParticles3D":5,"MeshInstance3D":2,"Node3D":2,"OmniLight3D":2,"Timer":7},"awake":18,"cpu_render":3.2,"fades":0,"frame":22.0,"gpu":4.1,"lights_switched":2,"minimap":false,"phases":"pre>post 9.6, phys>proc 8.6","phys":8.7,"pipelines":0,"pos":"21,0.0,3","proc":20.1,"steps":1,"stop":"start","t_ms":17836}
SPIKE {"added":{"MeshInstance3D":3,"Node3D":6,"Node3D(projectile.gd)":3},"awake":18,"cpu_render":2.2,"fades":0,"frame":20.9,"gpu":4.6,"lights_switched":0,"minimap":false,"phases":"pre>post 9.0, phys>proc 7.8","phys":8.7,"pipelines":0,"pos":"20,0.0,3","proc":20.1,"steps":1,"stop":"start","t_ms":17974}
SPIKE {"added":{"GPUParticles3D":10,"MeshInstance3D":6,"Node3D":7,"OmniLight3D":1,"Timer":16},"awake":18,"cpu_render":3.1,"fades":0,"frame":28.0,"gpu":4.1,"lights_switched":1,"minimap":false,"phases":"pre>post 8.6, phys>proc 11.6","phys":8.7,"pipelines":0,"pos":"19,0.0,4","proc":20.1,"steps":1,"stop":"start","t_ms":18107}
SPIKE {"added":{"GPUParticles3D":17,"MeshInstance3D":4,"Node3D":9,"OmniLight3D":3,"Timer":24},"awake":21,"cpu_render":2.2,"fades":0,"frame":21.6,"gpu":4.2,"lights_switched":3,"minimap":false,"phases":"pre>post 7.7, phys>proc 9.8","phys":13.3,"pipelines":1,"pos":"16,0.0,5","proc":17.1,"steps":1,"stop":"start","t_ms":18524}
SPIKE {"added":{"Decal":1,"GPUParticles3D":26,"MeshInstance3D":8,"Node3D":12,"OmniLight3D":4,"Timer":33},"awake":21,"cpu_render":2.8,"fades":0,"frame":25.2,"gpu":3.9,"lights_switched":4,"minimap":false,"phases":"pre>post 5.2, phys>proc 14.4","phys":13.3,"pipelines":0,"pos":"16,0.0,5","proc":17.1,"steps":1,"stop":"start","t_ms":18625}
SPIKE {"added":{"GPUParticles3D":4,"Node3D":2,"Timer":6},"awake":21,"cpu_render":3.0,"fades":0,"frame":27.3,"gpu":3.8,"lights_switched":1,"minimap":false,"phases":"pre>post 6.6, phys>phys 4.9, phys>proc 7.1","phys":13.3,"pipelines":0,"pos":"16,0.0,6","proc":17.1,"steps":2,"stop":"start","t_ms":18652}
SPIKE {"added":{"Decal":1,"GPUParticles3D":36,"MeshInstance3D":10,"Node3D":20,"Node3D(loot_drop.gd)":1,"OmniLight3D":8,"Timer":42},"awake":23,"cpu_render":2.1,"fades":0,"frame":27.3,"gpu":3.2,"lights_switched":8,"minimap":false,"phases":"pre>post 5.5, phys>proc 18.9","phys":13.3,"pipelines":4,"pos":"11,0.0,8","proc":17.1,"steps":1,"stop":"start","t_ms":19453}
SPIKE {"added":{},"awake":22,"cpu_render":2.5,"fades":0,"frame":21.7,"gpu":3.2,"lights_switched":0,"minimap":false,"phases":"pre>post 7.8, phys>proc 4.9","phys":18.9,"pipelines":0,"pos":"10,0.0,9","proc":15.2,"steps":1,"stop":"start","t_ms":19596}
SPIKE {"added":{"MeshInstance3D":3,"Node3D":6,"Node3D(projectile.gd)":3,"OmniLight3D":1},"awake":22,"cpu_render":4.1,"fades":0,"frame":22.1,"gpu":3.2,"lights_switched":1,"minimap":false,"phases":"pre>post 5.7, phys>proc 10.1","phys":18.9,"pipelines":0,"pos":"10,0.0,9","proc":15.2,"steps":1,"stop":"start","t_ms":19618}
SPIKE {"added":{"MeshInstance3D":2,"Node3D":4,"Node3D(projectile.gd)":2},"awake":22,"cpu_render":3.8,"fades":0,"frame":20.3,"gpu":3.2,"lights_switched":0,"minimap":false,"phases":"pre>post 6.6, phys>proc 10.1","phys":18.9,"pipelines":0,"pos":"8,0.0,10","proc":15.2,"steps":1,"stop":"start","t_ms":19779}
SPIKE {"added":{"GPUParticles3D":8,"MeshInstance3D":2,"Node3D":4,"Timer":11},"awake":22,"cpu_render":2.4,"fades":0,"frame":21.3,"gpu":3.2,"lights_switched":0,"minimap":false,"phases":"pre>post 4.9, phys>proc 10.7","phys":18.9,"pipelines":0,"pos":"8,0.0,10","proc":15.2,"steps":1,"stop":"start","t_ms":19858}
SPIKE {"added":{},"awake":22,"cpu_render":2.7,"fades":0,"frame":33.9,"gpu":3.2,"lights_switched":0,"minimap":false,"phases":"pre>post 9.1, phys>phys 8.9, phys>proc 7.6","phys":18.9,"pipelines":0,"pos":"8,0.0,10","proc":15.2,"steps":2,"stop":"start","t_ms":19892}
SPIKE {"added":{"GPUParticles3D":18,"MeshInstance3D":6,"Node3D":8,"OmniLight3D":3,"Timer":24},"awake":22,"cpu_render":4.5,"fades":0,"frame":28.7,"gpu":3.3,"lights_switched":3,"minimap":false,"phases":"pre>post 6.9, phys>phys 8.9, phys>proc 4.6","phys":18.9,"pipelines":0,"pos":"8,0.0,10","proc":15.2,"steps":2,"stop":"start","t_ms":19921}
SPIKE {"added":{"GPUParticles3D":6,"MeshInstance3D":2,"Node3D":3,"Timer":7},"awake":22,"cpu_render":3.1,"fades":0,"frame":74.2,"gpu":3.6,"lights_switched":0,"minimap":false,"phases":"pre>post 6.6, phys>phys 3.6, phys>phys 6.0, phys>proc 5.5","phys":18.9,"pipelines":3,"pos":"7,0.0,10","proc":15.2,"steps":3,"stop":"start","t_ms":19995}
SPIKE {"added":{},"awake":22,"cpu_render":3.3,"fades":0,"frame":24.1,"gpu":3.8,"lights_switched":0,"minimap":false,"phases":"pre>post 5.5, phys>phys 4.5, phys>phys 2.9, phys>proc 3.2","phys":18.9,"pipelines":0,"pos":"7,0.0,10","proc":15.2,"steps":3,"stop":"start","t_ms":20019}
SPIKE {"added":{},"awake":22,"cpu_render":4.5,"fades":0,"frame":23.7,"gpu":4.1,"lights_switched":0,"minimap":false,"phases":"pre>post 8.4, phys>proc 5.3","phys":18.9,"pipelines":0,"pos":"6,0.0,11","proc":15.2,"steps":1,"stop":"start","t_ms":20265}
SPIKE {"added":{},"awake":22,"cpu_render":4.0,"fades":0,"frame":23.6,"gpu":4.0,"lights_switched":0,"minimap":false,"phases":"pre>post 10.2, phys>proc 5.6","phys":18.9,"pipelines":4,"pos":"5,0.0,11","proc":15.2,"steps":1,"stop":"start","t_ms":20289}
SPIKE {"added":{},"awake":22,"cpu_render":4.1,"fades":0,"frame":20.8,"gpu":6.1,"lights_switched":0,"minimap":false,"phases":"pre>post 7.8, phys>proc 4.8","phys":18.9,"pipelines":0,"pos":"4,0.0,12","proc":15.2,"steps":1,"stop":"start","t_ms":20450}
SPIKE {"added":{"GPUParticles3D":2,"Node3D":1,"Timer":3},"awake":22,"cpu_render":4.0,"fades":0,"frame":20.6,"gpu":2.3,"lights_switched":0,"minimap":false,"phases":"pre>post 8.1, phys>proc 6.3","phys":7.4,"pipelines":0,"pos":"-4,0.3,17","proc":15.3,"steps":1,"stop":"start","t_ms":21879}
SPIKE {"added":{},"awake":22,"cpu_render":4.5,"fades":0,"frame":21.5,"gpu":3.0,"lights_switched":0,"minimap":false,"phases":"pre>post 9.7, phys>proc 5.3","phys":9.3,"pipelines":0,"pos":"-5,0.5,18","proc":14.2,"steps":1,"stop":"descent","t_ms":22974}
SPIKE {"added":{"MeshInstance3D":3,"Node3D":6,"Node3D(projectile.gd)":3},"awake":22,"cpu_render":3.7,"fades":0,"frame":20.3,"gpu":3.1,"lights_switched":0,"minimap":false,"phases":"pre>post 7.4, phys>proc 10.2","phys":9.3,"pipelines":0,"pos":"-3,0.0,16","proc":14.2,"steps":1,"stop":"descent","t_ms":23399}
SPIKE {"added":{"Decal":1,"GPUParticles3D":14,"MeshInstance3D":4,"Node3D":6,"OmniLight3D":4,"Timer":18},"awake":22,"cpu_render":3.1,"fades":0,"frame":20.0,"gpu":3.1,"lights_switched":4,"minimap":false,"phases":"pre>post 6.6, phys>proc 9.2","phys":9.3,"pipelines":0,"pos":"-3,0.0,16","proc":14.2,"steps":1,"stop":"descent","t_ms":23419}
SPIKE {"added":{},"awake":22,"cpu_render":3.7,"fades":0,"frame":20.7,"gpu":3.8,"lights_switched":0,"minimap":false,"phases":"pre>post 9.8, phys>proc 5.5","phys":10.2,"pipelines":0,"pos":"3,0.0,13","proc":16.1,"steps":1,"stop":"descent","t_ms":24360}
SPIKE {"added":{"GPUParticles3D":1,"MeshInstance3D":1,"Timer":1},"awake":22,"cpu_render":2.5,"fades":0,"frame":20.9,"gpu":3.1,"lights_switched":0,"minimap":false,"phases":"pre>post 8.6, phys>proc 6.3","phys":6.4,"pipelines":0,"pos":"5,0.0,11","proc":16.0,"steps":1,"stop":"descent","t_ms":24669}
SPIKE {"added":{},"awake":22,"cpu_render":3.7,"fades":0,"frame":21.5,"gpu":2.9,"lights_switched":0,"minimap":false,"phases":"pre>post 11.1, phys>proc 5.7","phys":6.3,"pipelines":0,"pos":"11,0.0,8","proc":14.5,"steps":1,"stop":"descent","t_ms":25659}
SPIKE {"added":{"MeshInstance3D":2,"Node3D":2,"Node3D(projectile.gd)":1},"awake":22,"cpu_render":3.1,"fades":0,"frame":27.8,"gpu":2.9,"lights_switched":0,"minimap":false,"phases":"pre>post 11.6, phys>phys 6.9, phys>proc 4.7","phys":6.3,"pipelines":0,"pos":"12,0.0,8","proc":14.5,"steps":2,"stop":"descent","t_ms":25702}
SPIKE {"added":{},"awake":22,"cpu_render":2.8,"fades":0,"frame":22.1,"gpu":2.9,"lights_switched":0,"minimap":false,"phases":"pre>post 10.5, phys>proc 5.1","phys":6.3,"pipelines":0,"pos":"13,0.0,7","proc":14.5,"steps":1,"stop":"descent","t_ms":25808}
SPIKE {"added":{},"awake":22,"cpu_render":2.5,"fades":0,"frame":20.7,"gpu":2.9,"lights_switched":0,"minimap":false,"phases":"pre>post 9.5, phys>proc 6.2","phys":6.3,"pipelines":0,"pos":"13,0.0,7","proc":14.5,"steps":1,"stop":"descent","t_ms":25891}
SPIKE {"added":{"GPUParticles3D":2,"Timer":2},"awake":22,"cpu_render":2.6,"fades":0,"frame":20.0,"gpu":3.2,"lights_switched":0,"minimap":false,"phases":"pre>post 9.8, phys>proc 5.4","phys":6.3,"pipelines":0,"pos":"14,0.0,6","proc":14.5,"steps":1,"stop":"descent","t_ms":25996}
SPIKE {"added":{},"awake":22,"cpu_render":2.9,"fades":0,"frame":20.4,"gpu":3.6,"lights_switched":0,"minimap":false,"phases":"pre>post 10.2, phys>proc 6.0","phys":6.3,"pipelines":0,"pos":"15,0.0,6","proc":14.5,"steps":1,"stop":"descent","t_ms":26212}
SPIKE {"added":{"MeshInstance3D":1,"Node3D()":1},"awake":19,"cpu_render":3.0,"fades":0,"frame":23.6,"gpu":4.2,"lights_switched":0,"minimap":false,"phases":"pre>post 10.3, phys>proc 5.3","phys":6.9,"pipelines":0,"pos":"20,0.0,3","proc":16.9,"steps":1,"stop":"descent","t_ms":27020}
SPIKE {"added":{},"awake":18,"cpu_render":2.9,"fades":0,"frame":27.4,"gpu":4.6,"lights_switched":0,"minimap":false,"phases":"pre>post 11.0, phys>phys 5.0, phys>proc 4.6","phys":6.9,"pipelines":0,"pos":"20,0.0,2","proc":16.9,"steps":2,"stop":"descent","t_ms":27065}
SPIKE {"added":{"Decal":1,"GPUParticles3D":7,"MeshInstance3D":3,"Node3D":3,"OmniLight3D":3,"Timer":10},"awake":18,"cpu_render":3.1,"fades":0,"frame":41.9,"gpu":4.2,"lights_switched":3,"minimap":false,"phases":"pre>post 5.6, phys>proc 30.8","phys":6.9,"pipelines":0,"pos":"21,0.0,2","proc":16.9,"steps":1,"stop":"descent","t_ms":27122}
SPIKE {"added":{"MeshInstance3D":2},"awake":18,"cpu_render":2.8,"fades":0,"frame":24.2,"gpu":4.3,"lights_switched":0,"minimap":false,"phases":"pre>post 9.7, phys>phys 4.8, phys>proc 4.2","phys":6.9,"pipelines":3,"pos":"21,0.0,2","proc":16.9,"steps":2,"stop":"descent","t_ms":27146}
SPIKE {"added":{"GPUParticles3D":7,"MeshInstance3D":2,"Node3D":3,"OmniLight3D":3,"Timer":10},"awake":18,"cpu_render":6.0,"fades":0,"frame":21.0,"gpu":4.5,"lights_switched":3,"minimap":false,"phases":"pre>post 4.6, phys>phys 3.7, phys>proc 4.4","phys":6.9,"pipelines":0,"pos":"21,0.0,2","proc":16.9,"steps":2,"stop":"descent","t_ms":27167}
SPIKE {"added":{},"awake":18,"cpu_render":2.8,"fades":0,"frame":23.0,"gpu":4.4,"lights_switched":0,"minimap":false,"phases":"pre>post 11.3, phys>proc 3.4","phys":6.9,"pipelines":0,"pos":"21,0.0,2","proc":16.9,"steps":1,"stop":"descent","t_ms":27190}
SPIKE {"added":{},"awake":18,"cpu_render":2.7,"fades":0,"frame":22.9,"gpu":4.6,"lights_switched":0,"minimap":false,"phases":"pre>post 10.6, phys>proc 4.9","phys":6.9,"pipelines":0,"pos":"21,0.0,2","proc":16.9,"steps":1,"stop":"descent","t_ms":27258}
SPIKE {"added":{"Decal":1,"GPUParticles3D":11,"MeshInstance3D":6,"Node3D":7,"OmniLight3D":2,"Timer":17},"awake":18,"cpu_render":5.1,"fades":0,"frame":29.5,"gpu":4.3,"lights_switched":2,"minimap":false,"phases":"pre>post 6.7, phys>phys 11.1, phys>proc 3.5","phys":6.9,"pipelines":0,"pos":"21,0.0,2","proc":16.9,"steps":2,"stop":"descent","t_ms":27288}
SPIKE {"added":{"Decal":1,"GPUParticles3D":20,"MeshInstance3D":5,"Node3D":11,"OmniLight3D":3,"Timer":30},"awake":17,"cpu_render":2.8,"fades":0,"frame":26.9,"gpu":5.3,"lights_switched":3,"minimap":false,"phases":"pre>post 5.4, phys>proc 13.8","phys":6.9,"pipelines":0,"pos":"21,0.0,2","proc":16.9,"steps":1,"stop":"descent","t_ms":27348}
SPIKE {"added":{},"awake":17,"cpu_render":2.9,"fades":0,"frame":32.2,"gpu":5.2,"lights_switched":0,"minimap":false,"phases":"pre>post 8.0, phys>phys 3.7, phys>proc 3.0","phys":6.9,"pipelines":0,"pos":"21,0.0,2","proc":16.9,"steps":2,"stop":"descent","t_ms":27380}
SPIKE {"added":{},"awake":17,"cpu_render":4.7,"fades":0,"frame":23.1,"gpu":4.6,"lights_switched":0,"minimap":false,"phases":"pre>post 4.9, phys>proc 3.6","phys":6.9,"pipelines":0,"pos":"21,0.0,2","proc":16.9,"steps":1,"stop":"descent","t_ms":27403}
SPIKE {"added":{"GPUParticles3D":4,"MeshInstance3D":1,"Node3D":3,"Timer":7},"awake":17,"cpu_render":2.9,"fades":0,"frame":27.7,"gpu":4.8,"lights_switched":0,"minimap":false,"phases":"pre>post 6.4, phys>phys 3.0, phys>proc 4.3","phys":6.9,"pipelines":0,"pos":"21,0.0,2","proc":16.9,"steps":2,"stop":"descent","t_ms":27431}
SPIKE {"added":{"GPUParticles3D":4,"MeshInstance3D":1,"Node3D":2,"Timer":6},"awake":17,"cpu_render":3.2,"fades":0,"frame":29.4,"gpu":4.5,"lights_switched":0,"minimap":false,"phases":"pre>post 6.9, phys>proc 5.6","phys":6.9,"pipelines":0,"pos":"21,0.0,2","proc":16.9,"steps":1,"stop":"descent","t_ms":27460}
SPIKE {"added":{"MeshInstance3D":1,"Node3D":2,"Node3D(projectile.gd)":1,"OmniLight3D":1},"awake":17,"cpu_render":3.8,"fades":0,"frame":28.4,"gpu":4.6,"lights_switched":1,"minimap":false,"phases":"pre>post 6.1, phys>phys 3.6, phys>proc 4.0","phys":30.8,"pipelines":0,"pos":"21,0.0,2","proc":25.4,"steps":2,"stop":"descent","t_ms":27489}
SPIKE {"added":{},"awake":17,"cpu_render":3.6,"fades":0,"frame":25.3,"gpu":5.1,"lights_switched":0,"minimap":false,"phases":"pre>post 4.7, phys>phys 3.2, phys>proc 2.5","phys":30.8,"pipelines":0,"pos":"21,0.0,2","proc":25.4,"steps":2,"stop":"descent","t_ms":27514}
SPIKE {"added":{},"awake":17,"cpu_render":2.9,"fades":0,"frame":26.7,"gpu":4.6,"lights_switched":1,"minimap":false,"phases":"pre>post 6.2, phys>proc 3.1","phys":30.8,"pipelines":0,"pos":"21,0.0,2","proc":25.4,"steps":1,"stop":"descent","t_ms":27541}
SPIKE {"added":{"MeshInstance3D":1,"Node3D()":1},"awake":17,"cpu_render":3.3,"fades":0,"frame":21.8,"gpu":4.6,"lights_switched":0,"minimap":false,"phases":"pre>post 6.5, phys>phys 3.0, phys>proc 3.6","phys":30.8,"pipelines":0,"pos":"21,0.0,2","proc":25.4,"steps":2,"stop":"descent","t_ms":27562}
SPIKE {"added":{"MeshInstance3D":1,"Node3D":2,"Node3D(projectile.gd)":1,"OmniLight3D":1},"awake":17,"cpu_render":2.8,"fades":0,"frame":23.0,"gpu":4.6,"lights_switched":1,"minimap":false,"phases":"pre>post 10.6, phys>proc 6.4","phys":30.8,"pipelines":0,"pos":"21,0.0,2","proc":25.4,"steps":1,"stop":"descent","t_ms":27656}
SPIKE {"added":{"Decal":1,"GPUParticles3D":36,"MeshInstance3D":10,"Node3D":15,"OmniLight3D":6,"Timer":40},"awake":17,"cpu_render":2.7,"fades":0,"frame":20.8,"gpu":5.2,"lights_switched":6,"minimap":false,"phases":"pre>post 4.9, phys>proc 11.4","phys":30.8,"pipelines":0,"pos":"21,0.0,2","proc":25.4,"steps":1,"stop":"descent","t_ms":27690}
SPIKE {"added":{"GPUParticles3D":5,"MeshInstance3D":2,"Node3D":3,"OmniLight3D":1,"Timer":8},"awake":17,"cpu_render":3.2,"fades":0,"frame":35.2,"gpu":5.5,"lights_switched":1,"minimap":false,"phases":"pre>post 6.2, phys>proc 22.7","phys":30.8,"pipelines":0,"pos":"21,0.0,2","proc":25.4,"steps":1,"stop":"descent","t_ms":27908}
SPIKE {"added":{"GPUParticles3D":5,"MeshInstance3D":1,"Node3D":3,"OmniLight3D":1,"Timer":8},"awake":17,"cpu_render":2.8,"fades":0,"frame":21.5,"gpu":4.7,"lights_switched":1,"minimap":false,"phases":"pre>post 6.9, phys>proc 5.2","phys":30.8,"pipelines":0,"pos":"21,0.0,2","proc":25.4,"steps":1,"stop":"descent","t_ms":27989}
SPIKE {"added":{},"awake":17,"cpu_render":3.7,"fades":0,"frame":21.8,"gpu":4.8,"lights_switched":0,"minimap":false,"phases":"pre>post 10.6, phys>proc 4.8","phys":30.8,"pipelines":0,"pos":"21,0.0,2","proc":25.4,"steps":1,"stop":"descent","t_ms":28120}
SPIKE {"added":{},"awake":17,"cpu_render":5.2,"fades":0,"frame":22.3,"gpu":5.1,"lights_switched":0,"minimap":false,"phases":"pre>post 7.1, phys>proc 6.4","phys":30.8,"pipelines":0,"pos":"21,0.0,2","proc":25.4,"steps":1,"stop":"descent","t_ms":28142}
SPIKE {"added":{},"awake":17,"cpu_render":3.1,"fades":0,"frame":27.5,"gpu":5.4,"lights_switched":0,"minimap":false,"phases":"pre>post 6.3, phys>phys 3.4, phys>proc 3.2","phys":30.8,"pipelines":0,"pos":"21,0.0,2","proc":25.4,"steps":2,"stop":"descent","t_ms":28170}
SPIKE {"added":{},"awake":17,"cpu_render":2.8,"fades":0,"frame":21.1,"gpu":5.3,"lights_switched":0,"minimap":false,"phases":"pre>post 11.2, phys>proc 5.3","phys":30.8,"pipelines":0,"pos":"21,0.0,2","proc":25.4,"steps":1,"stop":"descent","t_ms":28311}
SPIKE {"added":{},"awake":17,"cpu_render":3.0,"fades":0,"frame":24.2,"gpu":4.7,"lights_switched":0,"minimap":false,"phases":"pre>post 11.0, phys>proc 5.2","phys":30.8,"pipelines":0,"pos":"21,0.0,2","proc":25.4,"steps":1,"stop":"descent","t_ms":28385}
SPIKE {"added":{},"awake":17,"cpu_render":3.2,"fades":0,"frame":23.6,"gpu":4.7,"lights_switched":0,"minimap":false,"phases":"pre>post 10.9, phys>proc 4.8","phys":30.8,"pipelines":0,"pos":"21,0.0,2","proc":25.4,"steps":1,"stop":"descent","t_ms":28449}
SPIKE {"added":{},"awake":17,"cpu_render":3.1,"fades":0,"frame":23.5,"gpu":5.5,"lights_switched":0,"minimap":false,"phases":"pre>post 10.2, phys>proc 4.6","phys":22.7,"pipelines":0,"pos":"21,0.0,2","proc":23.5,"steps":1,"stop":"descent","t_ms":28645}
SPIKE {"added":{"MeshInstance3D":1,"OmniLight3D":1},"awake":17,"cpu_render":2.8,"fades":0,"frame":24.6,"gpu":4.8,"lights_switched":1,"minimap":false,"phases":"pre>post 8.7, phys>proc 6.1","phys":22.7,"pipelines":0,"pos":"21,0.0,2","proc":23.5,"steps":1,"stop":"descent","t_ms":28739}
SPIKE {"added":{},"awake":17,"cpu_render":2.5,"fades":0,"frame":22.7,"gpu":5.4,"lights_switched":0,"minimap":false,"phases":"pre>post 9.5, phys>proc 5.1","phys":22.7,"pipelines":0,"pos":"21,0.0,2","proc":23.5,"steps":1,"stop":"descent","t_ms":28808}
SPIKE {"added":{"GPUParticles3D":21,"MeshInstance3D":6,"Node3D":9,"OmniLight3D":7,"Timer":28},"awake":16,"cpu_render":2.6,"fades":0,"frame":26.0,"gpu":5.0,"lights_switched":7,"minimap":false,"phases":"pre>post 7.0, phys>proc 15.2","phys":22.7,"pipelines":0,"pos":"21,0.0,2","proc":23.5,"steps":1,"stop":"descent","t_ms":29050}
SPIKE {"added":{"GPUParticles3D":3,"MeshInstance3D":2,"Node3D()":1},"awake":16,"cpu_render":3.0,"fades":0,"frame":20.7,"gpu":5.1,"lights_switched":0,"minimap":false,"phases":"pre>post 7.4, phys>proc 5.0","phys":22.7,"pipelines":0,"pos":"21,0.0,2","proc":23.5,"steps":1,"stop":"descent","t_ms":29460}
SPIKE {"added":{"Decal":1,"GPUParticles3D":19,"HBoxContainer":1,"Label":1,"MeshInstance3D":10,"Node3D":11,"OmniLight3D":6,"PanelContainer":1,"TextureRect":1,"Timer":30},"awake":16,"cpu_render":4.2,"fades":0,"frame":34.6,"gpu":5.5,"lights_switched":6,"minimap":false,"phases":"pre>post 6.2, phys>proc 11.5","phys":15.2,"pipelines":0,"pos":"21,0.0,2","proc":23.0,"steps":1,"stop":"descent","t_ms":29495}
SPIKE {"added":{"MeshInstance3D":1,"Node3D()":1},"awake":16,"cpu_render":3.6,"fades":0,"frame":23.7,"gpu":5.2,"lights_switched":0,"minimap":false,"phases":"pre>post 7.5, phys>phys 5.3, phys>proc 4.7","phys":15.2,"pipelines":0,"pos":"21,0.0,2","proc":23.0,"steps":2,"stop":"descent","t_ms":29519}
SPIKE {"added":{},"awake":16,"cpu_render":3.2,"fades":0,"frame":21.3,"gpu":4.9,"lights_switched":0,"minimap":false,"phases":"pre>post 11.0, phys>proc 4.6","phys":15.2,"pipelines":0,"pos":"21,0.0,2","proc":23.0,"steps":1,"stop":"descent","t_ms":29623}
SPIKE {"added":{},"awake":16,"cpu_render":3.1,"fades":0,"frame":26.1,"gpu":5.2,"lights_switched":0,"minimap":false,"phases":"pre>post 11.4, phys>phys 6.3, phys>proc 3.1","phys":15.2,"pipelines":0,"pos":"21,0.0,2","proc":23.0,"steps":2,"stop":"descent","t_ms":29668}
SPIKE {"added":{"GPUParticles3D":1,"MeshInstance3D":3,"Node3D":1,"OmniLight3D":1,"Timer":2},"awake":16,"cpu_render":2.9,"fades":0,"frame":22.3,"gpu":4.9,"lights_switched":1,"minimap":false,"phases":"pre>post 6.4, phys>proc 10.4","phys":15.2,"pipelines":0,"pos":"21,0.0,2","proc":23.0,"steps":1,"stop":"descent","t_ms":29720}
SPIKE {"added":{"GPUParticles3D":14,"MeshInstance3D":5,"MeshInstance3D(weapon_trail.gd)":1,"Node3D":7,"OmniLight3D":5,"Timer":20},"awake":16,"cpu_render":3.1,"fades":0,"frame":22.8,"gpu":5.1,"lights_switched":5,"minimap":false,"phases":"pre>post 6.7, phys>proc 9.6","phys":15.2,"pipelines":0,"pos":"21,0.0,2","proc":23.0,"steps":1,"stop":"descent","t_ms":29790}
SPIKE {"added":{"GPUParticles3D":8,"MeshInstance3D":2,"Node3D":4,"Timer":12},"awake":16,"cpu_render":3.2,"fades":0,"frame":25.9,"gpu":5.2,"lights_switched":0,"minimap":false,"phases":"pre>post 7.5, phys>phys 6.0, phys>proc 4.6","phys":15.2,"pipelines":0,"pos":"21,0.0,2","proc":23.0,"steps":2,"stop":"descent","t_ms":29816}
SPIKE {"added":{},"awake":16,"cpu_render":3.2,"fades":0,"frame":22.4,"gpu":4.9,"lights_switched":0,"minimap":false,"phases":"pre>post 7.2, phys>proc 3.4","phys":15.2,"pipelines":0,"pos":"21,0.0,2","proc":23.0,"steps":1,"stop":"descent","t_ms":29940}
SPIKE {"added":{"Decal":1,"GPUParticles3D":19,"MeshInstance3D":8,"Node3D":11,"OmniLight3D":6,"Timer":28},"awake":16,"cpu_render":3.1,"fades":0,"frame":20.1,"gpu":4.9,"lights_switched":6,"minimap":false,"phases":"pre>post 6.5, phys>proc 8.4","phys":15.2,"pipelines":0,"pos":"21,0.0,2","proc":23.0,"steps":1,"stop":"descent","t_ms":29979}
SPIKE {"added":{"Decal":2,"GPUParticles3D":31,"MeshInstance3D":15,"Node3D":18,"OmniLight3D":10,"Timer":47},"awake":16,"cpu_render":3.3,"fades":0,"frame":21.8,"gpu":4.9,"lights_switched":10,"minimap":false,"phases":"pre>post 4.6, phys>proc 11.7","phys":15.2,"pipelines":0,"pos":"22,0.0,1","proc":23.0,"steps":1,"stop":"descent","t_ms":30238}
SPIKE {"added":{"MeshInstance3D":1,"Node3D":2,"Node3D(projectile.gd)":1},"awake":16,"cpu_render":3.4,"fades":0,"frame":27.7,"gpu":5.1,"lights_switched":0,"minimap":false,"phases":"pre>post 12.6, phys>proc 10.9","phys":11.7,"pipelines":0,"pos":"24,0.0,0","proc":18.9,"steps":1,"stop":"descent","t_ms":30550}
SPIKE {"added":{"Decal":2,"GPUParticles3D":24,"MeshInstance3D":15,"Node3D":14,"OmniLight3D":7,"Timer":37},"awake":16,"cpu_render":3.1,"fades":0,"frame":23.4,"gpu":4.5,"lights_switched":7,"minimap":false,"phases":"pre>post 6.6, phys>proc 11.5","phys":11.7,"pipelines":0,"pos":"25,0.0,-0","proc":18.9,"steps":1,"stop":"descent","t_ms":30685}
SPIKE {"added":{"Decal":1,"GPUParticles3D":7,"MeshInstance3D":3,"Node3D":3,"OmniLight3D":2,"Timer":9},"awake":16,"cpu_render":3.5,"fades":0,"frame":21.4,"gpu":5.1,"lights_switched":2,"minimap":false,"phases":"pre>post 7.0, phys>proc 10.9","phys":11.7,"pipelines":0,"pos":"25,0.0,-0","proc":18.9,"steps":1,"stop":"descent","t_ms":30745}
SPIKE {"added":{},"awake":16,"cpu_render":3.5,"fades":0,"frame":22.2,"gpu":5.5,"lights_switched":0,"minimap":false,"phases":"pre>post 6.1, phys>phys 3.9, phys>proc 3.9","phys":11.7,"pipelines":0,"pos":"25,0.0,-0","proc":18.9,"steps":2,"stop":"descent","t_ms":30767}
SPIKE {"added":{"Decal":1,"GPUParticles3D":15,"MeshInstance3D":5,"Node3D":9,"OmniLight3D":3,"Timer":24},"awake":16,"cpu_render":2.6,"fades":0,"frame":20.2,"gpu":4.4,"lights_switched":3,"minimap":false,"phases":"pre>post 6.3, phys>proc 10.3","phys":11.7,"pipelines":0,"pos":"26,0.0,-1","proc":18.9,"steps":1,"stop":"descent","t_ms":30989}
SPIKE {"added":{"GPUParticles3D":3,"MeshInstance3D":2,"Node3D":2,"OmniLight3D":3,"Timer":5},"awake":16,"cpu_render":2.9,"fades":0,"frame":21.0,"gpu":4.5,"lights_switched":3,"minimap":false,"phases":"pre>post 6.4, phys>phys 4.8, phys>proc 3.8","phys":11.7,"pipelines":0,"pos":"26,0.0,-1","proc":18.9,"steps":2,"stop":"descent","t_ms":31010}
SPIKE {"added":{"Decal":1,"GPUParticles3D":50,"MeshInstance3D":14,"Node3D":25,"OmniLight3D":13,"Timer":64},"awake":16,"cpu_render":2.7,"fades":0,"frame":25.7,"gpu":4.5,"lights_switched":13,"minimap":false,"phases":"pre>post 5.2, phys>proc 15.8","phys":11.7,"pipelines":0,"pos":"26,0.0,-1","proc":18.9,"steps":1,"stop":"descent","t_ms":31099}
SPIKE {"added":{},"awake":16,"cpu_render":2.6,"fades":0,"frame":28.6,"gpu":5.1,"lights_switched":0,"minimap":false,"phases":"pre>post 8.4, phys>proc 11.3","phys":11.7,"pipelines":0,"pos":"26,0.0,-1","proc":18.9,"steps":1,"stop":"descent","t_ms":31128}
SPIKE {"added":{"Decal":2,"GPUParticles3D":27,"MeshInstance3D":11,"Node3D":16,"OmniLight3D":6,"Timer":43},"awake":16,"cpu_render":5.1,"fades":0,"frame":28.8,"gpu":4.9,"lights_switched":6,"minimap":false,"phases":"pre>post 5.4, phys>phys 10.1, phys>proc 7.4","phys":11.7,"pipelines":0,"pos":"26,0.0,-1","proc":18.9,"steps":2,"stop":"descent","t_ms":31156}
SPIKE {"added":{},"awake":16,"cpu_render":3.3,"fades":0,"frame":23.4,"gpu":4.4,"lights_switched":0,"minimap":false,"phases":"pre>post 10.1, phys>phys 4.9, phys>proc 2.5","phys":11.7,"pipelines":0,"pos":"26,0.0,-1","proc":18.9,"steps":2,"stop":"descent","t_ms":31180}
SPIKE {"added":{"Decal":1,"GPUParticles3D":18,"MeshInstance3D":11,"Node3D":12,"OmniLight3D":5,"Timer":29},"awake":16,"cpu_render":3.1,"fades":0,"frame":20.7,"gpu":4.4,"lights_switched":5,"minimap":false,"phases":"pre>post 6.7, phys>proc 10.6","phys":11.7,"pipelines":0,"pos":"26,0.0,-1","proc":18.9,"steps":1,"stop":"descent","t_ms":31359}
SPIKE {"added":{"GPUParticles3D":27,"MeshInstance3D":11,"Node3D":18,"OmniLight3D":6,"Timer":45},"awake":16,"cpu_render":2.9,"fades":0,"frame":22.4,"gpu":5.2,"lights_switched":8,"minimap":false,"phases":"pre>post 5.9, phys>proc 11.3","phys":11.7,"pipelines":0,"pos":"26,0.0,-1","proc":18.9,"steps":1,"stop":"descent","t_ms":31460}
SPIKE {"added":{"GPUParticles3D":9,"MeshInstance3D":3,"Node3D":6,"OmniLight3D":1,"Timer":15},"awake":16,"cpu_render":3.1,"fades":0,"frame":21.9,"gpu":4.4,"lights_switched":1,"minimap":false,"phases":"pre>post 8.4, phys>proc 8.3","phys":11.7,"pipelines":0,"pos":"26,0.0,-1","proc":18.9,"steps":1,"stop":"descent","t_ms":31482}
SPIKE {"added":{"Decal":2,"GPUParticles3D":47,"MeshInstance3D":13,"Node3D":22,"OmniLight3D":12,"Timer":59},"awake":16,"cpu_render":2.8,"fades":0,"frame":26.3,"gpu":4.3,"lights_switched":12,"minimap":false,"phases":"pre>post 5.9, phys>proc 14.8","phys":15.8,"pipelines":0,"pos":"26,0.0,-1","proc":17.2,"steps":1,"stop":"descent","t_ms":31542}
SPIKE {"added":{"GPUParticles3D":2,"MeshInstance3D":3,"Node3D":1,"Timer":2},"awake":16,"cpu_render":3.3,"fades":0,"frame":24.5,"gpu":4.3,"lights_switched":0,"minimap":false,"phases":"pre>post 9.8, phys>phys 4.7, phys>proc 4.7","phys":15.8,"pipelines":0,"pos":"26,0.0,-1","proc":17.2,"steps":2,"stop":"descent","t_ms":31566}
SPIKE {"added":{"Decal":1,"GPUParticles3D":4,"MeshInstance3D":2,"Node3D":2,"OmniLight3D":1,"Timer":6},"awake":16,"cpu_render":3.3,"fades":0,"frame":22.5,"gpu":4.8,"lights_switched":1,"minimap":false,"phases":"pre>post 8.6, phys>proc 7.1","phys":15.8,"pipelines":0,"pos":"26,0.0,-1","proc":17.2,"steps":1,"stop":"descent","t_ms":31625}
SPIKE {"added":{},"awake":16,"cpu_render":3.5,"fades":0,"frame":22.6,"gpu":5.1,"lights_switched":0,"minimap":false,"phases":"pre>post 8.8, phys>phys 4.0, phys>proc 3.8","phys":15.8,"pipelines":0,"pos":"26,0.0,-1","proc":17.2,"steps":2,"stop":"descent","t_ms":31648}
SPIKE {"added":{},"awake":16,"cpu_render":2.9,"fades":0,"frame":26.9,"gpu":4.3,"lights_switched":0,"minimap":false,"phases":"pre>post 14.7, phys>proc 5.5","phys":15.8,"pipelines":0,"pos":"26,0.0,-1","proc":17.2,"steps":1,"stop":"descent","t_ms":31691}
SPIKE {"added":{"GPUParticles3D":4,"MeshInstance3D":1,"Node3D":2,"OmniLight3D":1,"Timer":6},"awake":16,"cpu_render":6.0,"fades":0,"frame":29.8,"gpu":4.6,"lights_switched":1,"minimap":false,"phases":"pre>post 5.9, phys>phys 5.2, phys>proc 5.6","phys":15.8,"pipelines":0,"pos":"26,0.0,-1","proc":17.2,"steps":2,"stop":"descent","t_ms":31721}
SPIKE {"added":{"GPUParticles3D":5,"MeshInstance3D":2,"Node3D":3,"OmniLight3D":3,"Timer":8},"awake":16,"cpu_render":3.9,"fades":0,"frame":32.4,"gpu":4.3,"lights_switched":3,"minimap":false,"phases":"pre>post 13.0, phys>phys 6.3, phys>proc 5.6","phys":15.8,"pipelines":0,"pos":"26,0.0,-1","proc":17.2,"steps":2,"stop":"descent","t_ms":31753}
SPIKE {"added":{"Decal":1,"GPUParticles3D":25,"MeshInstance3D":12,"Node3D":14,"Node3D(projectile.gd)":1,"OmniLight3D":5,"Timer":37},"awake":16,"cpu_render":4.2,"fades":0,"frame":27.4,"gpu":5.3,"lights_switched":5,"minimap":false,"phases":"pre>post 6.0, phys>phys 5.0, phys>proc 10.2","phys":15.8,"pipelines":0,"pos":"26,0.0,-1","proc":17.2,"steps":2,"stop":"descent","t_ms":31798}
SPIKE {"added":{"MeshInstance3D":1},"awake":16,"cpu_render":3.6,"fades":0,"frame":31.3,"gpu":5.0,"lights_switched":0,"minimap":false,"phases":"pre>post 12.6, phys>proc 8.5","phys":15.8,"pipelines":0,"pos":"26,0.0,-1","proc":17.2,"steps":1,"stop":"descent","t_ms":31829}
SPIKE {"added":{"GPUParticles3D":23,"MeshInstance3D":9,"Node3D":14,"OmniLight3D":4,"Timer":37},"awake":16,"cpu_render":3.5,"fades":0,"frame":28.7,"gpu":4.4,"lights_switched":4,"minimap":false,"phases":"pre>post 7.6, phys>phys 4.0, phys>proc 10.3","phys":15.8,"pipelines":0,"pos":"26,0.0,-1","proc":17.2,"steps":2,"stop":"descent","t_ms":31893}
SPIKE {"added":{},"awake":16,"cpu_render":3.0,"fades":0,"frame":31.0,"gpu":4.3,"lights_switched":0,"minimap":false,"phases":"pre>post 11.6, phys>proc 5.1","phys":15.8,"pipelines":0,"pos":"26,0.0,-1","proc":17.2,"steps":1,"stop":"descent","t_ms":31924}
SPIKE {"added":{"MeshInstance3D":1,"Node3D":2,"Node3D(projectile.gd)":1},"awake":16,"cpu_render":5.7,"fades":0,"frame":20.4,"gpu":4.7,"lights_switched":0,"minimap":false,"phases":"pre>post 5.9, phys>phys 4.2, phys>proc 3.3","phys":15.8,"pipelines":0,"pos":"26,0.0,-1","proc":17.2,"steps":2,"stop":"descent","t_ms":31944}
SPIKE {"added":{"GPUParticles3D":51,"MeshInstance3D":12,"Node3D":29,"Node3D(projectile.gd)":1,"OmniLight3D":6,"Timer":67},"awake":16,"cpu_render":3.6,"fades":0,"frame":36.0,"gpu":4.3,"lights_switched":6,"minimap":false,"phases":"pre>post 7.5, phys>phys 17.7, phys>proc 5.6","phys":15.8,"pipelines":0,"pos":"26,0.0,-1","proc":17.2,"steps":2,"stop":"descent","t_ms":31998}
SPIKE {"added":{},"awake":16,"cpu_render":3.1,"fades":0,"frame":28.9,"gpu":4.3,"lights_switched":0,"minimap":false,"phases":"pre>post 12.2, phys>phys 3.5, phys>proc 2.9","phys":15.8,"pipelines":0,"pos":"26,0.0,-1","proc":17.2,"steps":2,"stop":"descent","t_ms":32026}
SPIKE {"added":{"GPUParticles3D":7,"MeshInstance3D":3,"Node3D":5,"OmniLight3D":2,"Timer":12},"awake":16,"cpu_render":3.0,"fades":0,"frame":31.3,"gpu":4.3,"lights_switched":2,"minimap":false,"phases":"pre>post 12.0, phys>phys 9.4, phys>proc 3.8","phys":15.8,"pipelines":0,"pos":"26,0.0,-1","proc":17.2,"steps":2,"stop":"descent","t_ms":32089}
SPIKE {"added":{"MeshInstance3D":1,"Node3D":2,"Node3D(projectile.gd)":1,"OmniLight3D":1},"awake":16,"cpu_render":4.2,"fades":0,"frame":24.0,"gpu":4.3,"lights_switched":2,"minimap":false,"phases":"pre>post 9.1, phys>proc 5.9","phys":15.8,"pipelines":0,"pos":"26,0.0,-1","proc":17.2,"steps":1,"stop":"descent","t_ms":32113}
SPIKE {"added":{"GPUParticles3D":24,"MeshInstance3D":9,"Node3D":14,"OmniLight3D":4,"Timer":38},"awake":16,"cpu_render":3.1,"fades":0,"frame":23.7,"gpu":4.3,"lights_switched":4,"minimap":false,"phases":"pre>post 6.4, phys>proc 11.7","phys":15.8,"pipelines":0,"pos":"26,0.0,-1","proc":17.2,"steps":1,"stop":"descent","t_ms":32173}
SPIKE {"added":{"GPUParticles3D":11,"MeshInstance3D":3,"Node3D":5,"OmniLight3D":3,"Timer":15},"awake":16,"cpu_render":2.9,"fades":0,"frame":31.3,"gpu":4.3,"lights_switched":3,"minimap":false,"phases":"pre>post 10.8, phys>phys 6.2, phys>proc 5.4","phys":15.8,"pipelines":0,"pos":"26,0.0,-1","proc":17.2,"steps":2,"stop":"descent","t_ms":32204}
SPIKE {"added":{"GPUParticles3D":5,"MeshInstance3D":1,"Node3D":2,"OmniLight3D":1,"Timer":7},"awake":16,"cpu_render":5.7,"fades":0,"frame":21.4,"gpu":4.5,"lights_switched":1,"minimap":false,"phases":"pre>post 8.1, phys>proc 5.9","phys":15.8,"pipelines":0,"pos":"26,0.0,-1","proc":17.2,"steps":1,"stop":"descent","t_ms":32226}
SPIKE {"added":{"Decal":1,"GPUParticles3D":13,"MeshInstance3D":5,"Node3D":7,"OmniLight3D":3,"Timer":20},"awake":16,"cpu_render":4.6,"fades":0,"frame":32.1,"gpu":4.7,"lights_switched":3,"minimap":false,"phases":"pre>post 9.8, phys>phys 11.5, phys>proc 4.4","phys":15.8,"pipelines":0,"pos":"26,0.0,-1","proc":17.2,"steps":2,"stop":"descent","t_ms":32258}
SPIKE {"added":{"GPUParticles3D":14,"MeshInstance3D":6,"Node3D":8,"OmniLight3D":5,"Timer":21},"awake":16,"cpu_render":5.0,"fades":0,"frame":25.5,"gpu":4.7,"lights_switched":5,"minimap":false,"phases":"pre>post 6.3, phys>phys 4.5, phys>proc 7.3","phys":15.8,"pipelines":0,"pos":"26,0.0,-1","proc":17.2,"steps":2,"stop":"descent","t_ms":32301}
SPIKE {"added":{},"awake":16,"cpu_render":3.9,"fades":0,"frame":21.0,"gpu":8.4,"lights_switched":0,"minimap":false,"phases":"pre>post 10.0, phys>proc 4.5","phys":15.8,"pipelines":0,"pos":"26,0.0,-1","proc":17.2,"steps":1,"stop":"descent","t_ms":32321}
SPIKE {"added":{"Decal":1,"GPUParticles3D":24,"MeshInstance3D":8,"Node3D":14,"OmniLight3D":3,"Timer":38},"awake":16,"cpu_render":4.7,"fades":0,"frame":22.8,"gpu":9.7,"lights_switched":3,"minimap":false,"phases":"pre>post 4.8, phys>proc 11.8","phys":15.8,"pipelines":0,"pos":"26,0.0,-1","proc":17.2,"steps":1,"stop":"descent","t_ms":32344}
SPIKE {"added":{},"awake":16,"cpu_render":3.0,"fades":0,"frame":24.1,"gpu":11.2,"lights_switched":0,"minimap":false,"phases":"pre>post 11.2, phys>phys 4.7, phys>proc 2.8","phys":15.8,"pipelines":0,"pos":"26,0.0,-1","proc":17.2,"steps":2,"stop":"descent","t_ms":32368}
SPIKE {"added":{"Decal":1,"GPUParticles3D":45,"MeshInstance3D":11,"Node3D":23,"OmniLight3D":7,"Timer":58},"awake":16,"cpu_render":3.2,"fades":0,"frame":27.8,"gpu":9.6,"lights_switched":7,"minimap":false,"phases":"pre>post 6.4, phys>proc 16.0","phys":15.8,"pipelines":0,"pos":"26,0.0,-1","proc":17.2,"steps":1,"stop":"descent","t_ms":32444}
SPIKE {"added":{"Decal":2,"GPUParticles3D":22,"MeshInstance3D":12,"Node3D":14,"Node3D(projectile.gd)":1,"OmniLight3D":7,"Timer":32},"awake":16,"cpu_render":3.0,"fades":0,"frame":35.2,"gpu":9.6,"lights_switched":7,"minimap":false,"phases":"pre>post 10.5, phys>phys 10.7, phys>proc 8.5","phys":15.8,"pipelines":0,"pos":"26,0.0,-1","proc":17.2,"steps":2,"stop":"descent","t_ms":32479}
SPIKE {"added":{},"awake":16,"cpu_render":6.3,"fades":0,"frame":20.9,"gpu":10.5,"lights_switched":0,"minimap":false,"phases":"pre>post 8.3, phys>proc 4.2","phys":17.7,"pipelines":0,"pos":"26,0.0,-1","proc":25.8,"steps":1,"stop":"descent","t_ms":32500}
SPIKE {"added":{},"awake":16,"cpu_render":3.1,"fades":0,"frame":20.2,"gpu":8.3,"lights_switched":0,"minimap":false,"phases":"pre>post 9.6, phys>proc 3.8","phys":17.7,"pipelines":0,"pos":"26,0.0,-1","proc":25.8,"steps":1,"stop":"descent","t_ms":32539}
SPIKE {"added":{},"awake":16,"cpu_render":3.0,"fades":0,"frame":21.5,"gpu":9.8,"lights_switched":0,"minimap":false,"phases":"pre>post 8.1, phys>proc 3.4","phys":17.7,"pipelines":0,"pos":"26,0.0,-1","proc":25.8,"steps":1,"stop":"descent","t_ms":32578}
SPIKE {"added":{"Decal":1,"GPUParticles3D":21,"MeshInstance3D":12,"Node3D":11,"OmniLight3D":10,"Timer":31},"awake":16,"cpu_render":3.3,"fades":0,"frame":24.6,"gpu":7.0,"lights_switched":10,"minimap":false,"phases":"pre>post 8.0, phys>proc 11.7","phys":17.7,"pipelines":0,"pos":"26,0.0,-1","proc":25.8,"steps":1,"stop":"descent","t_ms":32620}
SPIKE {"added":{"Decal":1,"GPUParticles3D":5,"MeshInstance3D":2,"Node3D":2,"OmniLight3D":2,"Timer":7},"awake":16,"cpu_render":3.1,"fades":0,"frame":27.2,"gpu":7.0,"lights_switched":2,"minimap":false,"phases":"pre>post 9.9, phys>phys 8.1, phys>proc 3.4","phys":17.7,"pipelines":0,"pos":"26,0.0,-1","proc":25.8,"steps":2,"stop":"descent","t_ms":32647}
SPIKE {"added":{"GPUParticles3D":5,"MeshInstance3D":3,"Node3D":2,"OmniLight3D":2,"Timer":7},"awake":16,"cpu_render":4.9,"fades":0,"frame":36.0,"gpu":8.3,"lights_switched":2,"minimap":false,"phases":"pre>post 7.3, phys>proc 22.7","phys":17.7,"pipelines":0,"pos":"26,0.0,-1","proc":25.8,"steps":1,"stop":"descent","t_ms":32684}
SPIKE {"added":{"GPUParticles3D":23,"MeshInstance3D":11,"Node3D":13,"Node3D(projectile.gd)":1,"OmniLight3D":5,"Timer":34},"awake":16,"cpu_render":4.4,"fades":0,"frame":31.7,"gpu":9.3,"lights_switched":5,"minimap":false,"phases":"pre>post 9.0, phys>phys 9.1, phys>proc 4.9","phys":17.7,"pipelines":3,"pos":"26,0.0,-1","proc":25.8,"steps":2,"stop":"descent","t_ms":32715}
SPIKE {"added":{"MeshInstance3D":1},"awake":16,"cpu_render":6.1,"fades":0,"frame":28.2,"gpu":4.5,"lights_switched":0,"minimap":false,"phases":"pre>post 9.3, phys>phys 4.2, phys>proc 6.2","phys":17.7,"pipelines":0,"pos":"26,0.0,-1","proc":25.8,"steps":2,"stop":"descent","t_ms":32743}
SPIKE {"added":{"Decal":1,"GPUParticles3D":36,"MeshInstance3D":14,"Node3D":28,"Node3D(loot_drop.gd)":3,"OmniLight3D":9,"Timer":51},"awake":15,"cpu_render":5.5,"fades":0,"frame":39.9,"gpu":4.3,"lights_switched":10,"minimap":false,"phases":"pre>post 5.3, phys>phys 18.5, phys>proc 7.4","phys":17.7,"pipelines":0,"pos":"26,0.0,-1","proc":25.8,"steps":2,"stop":"descent","t_ms":32783}
SPIKE {"added":{"MeshInstance3D":1,"Node3D":2,"Node3D(projectile.gd)":1},"awake":15,"cpu_render":3.3,"fades":0,"frame":39.5,"gpu":3.5,"lights_switched":0,"minimap":false,"phases":"pre>post 16.2, phys>phys 8.2, phys>phys 3.6, phys>proc 3.2","phys":17.7,"pipelines":0,"pos":"27,0.0,-2","proc":25.8,"steps":3,"stop":"descent","t_ms":32823}
SPIKE {"added":{"Decal":1,"GPUParticles3D":11,"MeshInstance3D":4,"Node3D":7,"OmniLight3D":1,"Timer":18},"awake":15,"cpu_render":7.5,"fades":0,"frame":26.7,"gpu":4.0,"lights_switched":1,"minimap":false,"phases":"pre>post 6.1, phys>phys 4.8, phys>proc 7.1","phys":17.7,"pipelines":0,"pos":"27,0.0,-2","proc":25.8,"steps":2,"stop":"descent","t_ms":32850}
SPIKE {"added":{},"awake":15,"cpu_render":3.7,"fades":0,"frame":30.4,"gpu":3.5,"lights_switched":0,"minimap":false,"phases":"pre>post 15.7, phys>phys 4.3, phys>proc 2.5","phys":17.7,"pipelines":0,"pos":"27,0.0,-2","proc":25.8,"steps":2,"stop":"descent","t_ms":32880}
SPIKE {"added":{"Decal":2,"GPUParticles3D":41,"MeshInstance3D":9,"Node3D":18,"OmniLight3D":7,"Timer":50},"awake":15,"cpu_render":7.5,"fades":0,"frame":31.3,"gpu":3.9,"lights_switched":7,"minimap":false,"phases":"pre>post 5.1, phys>phys 13.0, phys>proc 4.2","phys":17.7,"pipelines":0,"pos":"27,0.0,-2","proc":25.8,"steps":2,"stop":"descent","t_ms":32911}
SPIKE {"added":{},"awake":15,"cpu_render":3.1,"fades":0,"frame":28.1,"gpu":3.4,"lights_switched":0,"minimap":false,"phases":"pre>post 13.8, phys>phys 3.7, phys>proc 3.0","phys":17.7,"pipelines":0,"pos":"27,0.0,-2","proc":25.8,"steps":2,"stop":"descent","t_ms":32939}
SPIKE {"added":{"GPUParticles3D":7,"MeshInstance3D":2,"Node3D":4,"Timer":11},"awake":15,"cpu_render":2.9,"fades":0,"frame":26.6,"gpu":4.0,"lights_switched":0,"minimap":false,"phases":"pre>post 8.5, phys>phys 5.5, phys>proc 4.4","phys":17.7,"pipelines":0,"pos":"28,0.0,-2","proc":25.8,"steps":2,"stop":"descent","t_ms":32983}
SPIKE {"added":{"Decal":1,"GPUParticles3D":10,"MeshInstance3D":8,"Node3D":5,"OmniLight3D":4,"Timer":14},"awake":15,"cpu_render":3.6,"fades":0,"frame":28.0,"gpu":3.5,"lights_switched":4,"minimap":false,"phases":"pre>post 9.4, phys>proc 10.6","phys":17.7,"pipelines":0,"pos":"28,0.0,-2","proc":25.8,"steps":1,"stop":"descent","t_ms":33011}
SPIKE {"added":{},"awake":15,"cpu_render":3.0,"fades":0,"frame":28.5,"gpu":3.7,"lights_switched":0,"minimap":true,"phases":"pre>post 14.0, phys>phys 5.5, phys>proc 3.2","phys":17.7,"pipelines":0,"pos":"28,0.0,-2","proc":25.8,"steps":2,"stop":"descent","t_ms":33039}
SPIKE {"added":{},"awake":15,"cpu_render":3.2,"fades":0,"frame":21.6,"gpu":3.4,"lights_switched":0,"minimap":false,"phases":"pre>post 9.2, phys>phys 3.7, phys>proc 2.9","phys":17.7,"pipelines":0,"pos":"29,0.0,-2","proc":25.8,"steps":2,"stop":"descent","t_ms":33096}
SPIKE {"added":{},"awake":15,"cpu_render":3.9,"fades":0,"frame":20.8,"gpu":3.4,"lights_switched":0,"minimap":false,"phases":"pre>post 9.3, phys>proc 5.2","phys":17.7,"pipelines":0,"pos":"29,0.0,-3","proc":25.8,"steps":1,"stop":"descent","t_ms":33116}
SPIKE {"added":{},"awake":15,"cpu_render":4.6,"fades":0,"frame":20.7,"gpu":3.3,"lights_switched":0,"minimap":false,"phases":"pre>post 8.6, phys>proc 4.7","phys":17.7,"pipelines":0,"pos":"29,0.0,-3","proc":25.8,"steps":1,"stop":"descent","t_ms":33137}
SPIKE {"added":{},"awake":15,"cpu_render":3.1,"fades":0,"frame":21.5,"gpu":3.6,"lights_switched":1,"minimap":false,"phases":"pre>post 9.0, phys>proc 4.1","phys":17.7,"pipelines":0,"pos":"29,0.0,-3","proc":25.8,"steps":1,"stop":"descent","t_ms":33159}
SPIKE {"added":{"GPUParticles3D":15,"MeshInstance3D":5,"Node3D":8,"OmniLight3D":1,"Timer":23},"awake":15,"cpu_render":3.3,"fades":0,"frame":30.6,"gpu":3.3,"lights_switched":1,"minimap":false,"phases":"pre>post 8.6, phys>phys 7.3, phys>proc 3.8","phys":17.7,"pipelines":0,"pos":"29,0.0,-3","proc":25.8,"steps":2,"stop":"descent","t_ms":33189}
SPIKE {"added":{"GPUParticles3D":3,"MeshInstance3D":3,"Node3D":2,"Node3D(projectile.gd)":1},"awake":15,"cpu_render":3.5,"fades":0,"frame":23.6,"gpu":3.3,"lights_switched":0,"minimap":false,"phases":"pre>post 11.1, phys>proc 4.2","phys":17.7,"pipelines":0,"pos":"29,0.0,-3","proc":25.8,"steps":1,"stop":"descent","t_ms":33213}
SPIKE {"added":{},"awake":15,"cpu_render":2.8,"fades":0,"frame":32.3,"gpu":3.2,"lights_switched":0,"minimap":false,"phases":"pre>post 13.8, phys>proc 5.5","phys":17.7,"pipelines":0,"pos":"29,0.0,-3","proc":25.8,"steps":1,"stop":"descent","t_ms":33281}
SPIKE {"added":{"Decal":1,"GPUParticles3D":4,"MeshInstance3D":3,"Node3D":2,"OmniLight3D":1,"Timer":6},"awake":15,"cpu_render":2.5,"fades":0,"frame":20.9,"gpu":2.9,"lights_switched":1,"minimap":false,"phases":"pre>post 7.8, phys>proc 6.6","phys":22.7,"pipelines":0,"pos":"30,0.0,-5","proc":26.6,"steps":1,"stop":"descent","t_ms":33488}
SPIKE {"added":{"GPUParticles3D":20,"MeshInstance3D":7,"Node3D":11,"Node3D(projectile.gd)":1,"OmniLight3D":3,"Timer":26},"awake":15,"cpu_render":2.4,"fades":0,"frame":41.7,"gpu":3.0,"lights_switched":3,"minimap":false,"phases":"pre>post 5.5, phys>proc 30.0","phys":22.7,"pipelines":0,"pos":"30,0.0,-6","proc":26.6,"steps":1,"stop":"descent","t_ms":33663}
SPIKE {"added":{"Decal":1,"GPUParticles3D":21,"MeshInstance3D":7,"Node3D":12,"Node3D(projectile.gd)":1,"OmniLight3D":1,"Timer":30},"awake":15,"cpu_render":2.5,"fades":0,"frame":27.7,"gpu":3.4,"lights_switched":1,"minimap":false,"phases":"pre>post 7.1, phys>phys 4.8, phys>proc 8.7","phys":22.7,"pipelines":1,"pos":"30,0.0,-6","proc":26.6,"steps":2,"stop":"descent","t_ms":33691}
SPIKE {"added":{},"awake":15,"cpu_render":4.2,"fades":0,"frame":23.8,"gpu":2.9,"lights_switched":0,"minimap":false,"phases":"pre>post 5.5, phys>phys 3.1, phys>proc 2.9","phys":22.7,"pipelines":0,"pos":"31,0.0,-6","proc":26.6,"steps":2,"stop":"descent","t_ms":33733}
SPIKE {"added":{"GPUParticles3D":2,"MeshInstance3D":1,"Node3D":1,"Timer":3},"awake":15,"cpu_render":3.0,"fades":0,"frame":23.2,"gpu":2.9,"lights_switched":0,"minimap":false,"phases":"pre>post 4.2, phys>proc 12.6","phys":22.7,"pipelines":0,"pos":"31,0.0,-7","proc":26.6,"steps":1,"stop":"descent","t_ms":33756}
SPIKE {"added":{"MeshInstance3D":1},"awake":15,"cpu_render":2.3,"fades":0,"frame":24.0,"gpu":2.7,"lights_switched":0,"minimap":false,"phases":"pre>post 6.8, phys>phys 4.8, phys>proc 2.3","phys":22.7,"pipelines":0,"pos":"31,0.0,-7","proc":26.6,"steps":2,"stop":"descent","t_ms":33780}
SPIKE {"added":{"MeshInstance3D":1,"Node3D()":1},"awake":15,"cpu_render":1.9,"fades":0,"frame":46.0,"gpu":2.4,"lights_switched":0,"minimap":false,"phases":"pre>post 8.6, phys>proc 32.7","phys":22.7,"pipelines":0,"pos":"33,0.0,-10","proc":26.6,"steps":1,"stop":"descent","t_ms":34388}
SPIKE {"added":{"GPUParticles3D":31,"MeshInstance3D":13,"Node3D":23,"Node3D(projectile.gd)":1,"OmniLight3D":4,"Timer":52},"awake":15,"cpu_render":1.7,"fades":0,"frame":27.6,"gpu":3.0,"lights_switched":4,"minimap":false,"phases":"pre>post 3.2, phys>proc 17.3","phys":32.7,"pipelines":0,"pos":"33,0.3,-12","proc":17.8,"steps":1,"stop":"descent","t_ms":34674}
SPIKE {"added":{"GPUParticles3D":31,"MeshInstance3D":6,"Node3D":18,"OmniLight3D":1,"Timer":45},"awake":15,"cpu_render":1.6,"fades":0,"frame":21.7,"gpu":2.8,"lights_switched":1,"minimap":false,"phases":"pre>post 3.0, phys>proc 10.7","phys":32.7,"pipelines":0,"pos":"33,2.3,-17","proc":17.8,"steps":1,"stop":"descent","t_ms":35454}
SPIKE {"added":{},"awake":15,"cpu_render":1.3,"fades":0,"frame":20.3,"gpu":3.2,"lights_switched":0,"minimap":false,"phases":"pre>post 5.7, phys>proc 7.2","phys":17.3,"pipelines":0,"pos":"33,3.0,-18","proc":12.6,"steps":1,"stop":"descent","t_ms":35696}
SPIKE {"added":{"Decal":1,"GPUParticles3D":35,"MeshInstance3D":9,"Node3D":18,"OmniLight3D":7,"Timer":49},"awake":15,"cpu_render":1.2,"fades":0,"frame":21.5,"gpu":3.1,"lights_switched":7,"minimap":false,"phases":"pre>post 2.5, phys>proc 13.2","phys":17.3,"pipelines":0,"pos":"33,3.7,-19","proc":12.6,"steps":1,"stop":"descent","t_ms":35942}
SPIKE {"added":{"CollisionShape3D":9,"GPUParticles3D":4,"MeshInstance3D":13,"Node3D":3,"Node3D(projectile.gd)":1,"OmniLight3D":1,"RigidBody3D":9,"Timer":4},"awake":15,"cpu_render":1.4,"fades":0,"frame":652.3,"gpu":3.6,"lights_switched":1,"minimap":false,"phases":"pre>post 3.9, phys>proc 644.4","phys":13.2,"pipelines":4,"pos":"31,4.0,-24","proc":13.0,"steps":1,"stop":"descent","t_ms":37253}
SPIKE {"added":{"Decal":1,"GPUParticles3D":25,"MeshInstance3D":9,"Node3D":13,"OmniLight3D":4,"Timer":38},"awake":15,"cpu_render":1.5,"fades":0,"frame":24.4,"gpu":5.0,"lights_switched":4,"minimap":false,"phases":"pre>post 2.4, phys>phys 7.9, phys>proc 7.9","phys":13.2,"pipelines":0,"pos":"31,4.0,-24","proc":13.0,"steps":2,"stop":"descent","t_ms":37294}
WALKSUM {"avg_awake":18.81,"avg_cpu_render":2.59,"avg_draws":1469.71,"avg_fps":76.7,"avg_gpu":3.5,"avg_objects":2649.01,"avg_phys":16.13,"avg_proc":17.79,"avg_steps":0.77,"drawn_speed_unevenness":0.593,"drawn_still_while_walking":10,"frames":2882,"hero_moving_frames":1797,"hero_still_frames":1085,"lite":true,"low1_fps":17.5,"map":"dg_prismheart_6","max_ms":652.3,"median_ms":11.92,"minimap_renders":15,"multi_step_frames":76,"nodes_end":6066,"nodes_start":5344,"over_17ms":376,"over_25ms":77,"over_33ms":14,"over_50ms":2,"p99_ms":30.44,"particles_end":213,"particles_start":50,"seconds":37.6,"spike_causes":{"fades":0,"lights":104,"minimap":1,"multi_step":63,"nodes_added":134,"pipelines":12},"stuck":1,"vsync":false,"walking_frames":2365,"zero_step_frames":743}
ERROR: 1 RID allocations of type 'N10RendererRD14TextureStorage7TextureE' were leaked at exit.
ERROR: Parameter "RenderingServer::get_singleton()" is null.
   at: ~CompressedTexture2D (scene/resources/compressed_texture.cpp:464)
WARNING: 2 RIDs of type "Texture" were leaked.
   at: finalize (servers/rendering/rendering_device.cpp:8900)
WARNING: 162 ObjectDB instances were leaked at exit (run with `--verbose` for details).
   at: cleanup (core/object/object.cpp:2536)
ERROR: 2 resources still in use at exit (run with --verbose for details).
   at: clear (core/io/resource.cpp:822)
ERROR: Pages in use exist at exit in PagedAllocator: N12VariantPools12BucketMediumE
   at: ~PagedAllocator (./core/templates/paged_allocator.h:170)
