Godot Engine v4.7.2.stable.official.ed1daf0bf - https://godotengine.org
Vulkan 1.4.329 - Forward+ - Using Device #0: NVIDIA - NVIDIA GeForce RTX 4060

WALKINFO hero=Hehe level=57 map=agdao tempos=10
WALK map=agdao stops=13 refresh=60 Hz window=(1920, 1080) vsync=false cap=0 lite=true shadows=2 effects=2 aa=1 scale=1.00 renderer=forward_plus
SPIKE {"added":{},"cpu_render":2.8,"fades":0,"frame":20.8,"gpu":2.0,"lights_switched":0,"minimap":false,"phases":"pre>post 4.7, phys>proc 1.5","phys":3.2,"pipelines":0,"pos":"-20,1.6,40","proc":13.6,"steps":1,"stop":"pier","t_ms":37}
SPIKE {"added":{},"cpu_render":2.9,"fades":0,"frame":18.3,"gpu":2.0,"lights_switched":0,"minimap":false,"phases":"pre>post 10.0, phys>proc 2.6","phys":3.4,"pipelines":0,"pos":"-20,1.6,46","proc":21.7,"steps":1,"stop":"pier","t_ms":1119}
STUCK near (-20.0, 1.601, 46.21846) heading for pier: hop to the next path point
SPIKE {"added":{},"cpu_render":4.4,"fades":0,"frame":18.9,"gpu":2.3,"lights_switched":0,"minimap":false,"phases":"pre>post 10.0, phys>proc 2.8","phys":2.5,"pipelines":0,"pos":"-20,1.6,54","proc":15.4,"steps":1,"stop":"pier","t_ms":4884}
SPIKE {"added":{},"cpu_render":2.6,"fades":0,"frame":18.5,"gpu":2.4,"lights_switched":0,"minimap":false,"phases":"pre>post 4.9, phys>proc 2.2","phys":3.0,"pipelines":0,"pos":"-12,5.6,24","proc":13.0,"steps":1,"stop":"agdao_shrine","t_ms":13536}
STUCK near (-11.42621, 5.600965, 23.651) heading for agdao_shrine: hop to the next path point
SPIKE {"added":{},"cpu_render":5.5,"fades":0,"frame":19.6,"gpu":2.6,"lights_switched":0,"minimap":false,"phases":"pre>post 10.0, phys>proc 3.2","phys":2.6,"pipelines":0,"pos":"-6,5.6,22","proc":14.2,"steps":1,"stop":"agdao_shrine","t_ms":17401}
STUCK near (-0.38386, 5.600965, 22.72811) heading for agdao_shrine: hop to the next path point
SPIKE {"added":{},"cpu_render":4.5,"fades":0,"frame":18.5,"gpu":2.5,"lights_switched":0,"minimap":false,"phases":"pre>post 8.7, phys>proc 2.4","phys":2.5,"pipelines":0,"pos":"8,5.6,21","proc":12.7,"steps":1,"stop":"agdao_shrine","t_ms":22935}
SPIKE {"added":{},"cpu_render":2.4,"fades":0,"frame":18.9,"gpu":2.8,"lights_switched":0,"minimap":false,"phases":"pre>post 9.4, phys>proc 3.7","phys":2.5,"pipelines":0,"pos":"9,5.6,21","proc":12.7,"steps":1,"stop":"agdao_shrine","t_ms":23058}
SPIKE {"added":{},"cpu_render":2.8,"fades":0,"frame":19.1,"gpu":2.6,"lights_switched":0,"minimap":false,"phases":"pre>post 11.5, phys>proc 3.4","phys":4.0,"pipelines":0,"pos":"14,5.6,21","proc":16.0,"steps":1,"stop":"agdao_shrine","t_ms":23738}
SPIKE {"added":{},"cpu_render":2.2,"fades":0,"frame":18.6,"gpu":1.7,"lights_switched":0,"minimap":false,"phases":"pre>post 4.8, phys>proc 1.7","phys":3.6,"pipelines":0,"pos":"4,9.6,-11","proc":14.0,"steps":1,"stop":"agd_mid","t_ms":37626}
SPIKE {"added":{},"cpu_render":3.0,"fades":0,"frame":18.2,"gpu":2.2,"lights_switched":0,"minimap":false,"phases":"pre>post 8.6, phys>proc 3.8","phys":2.8,"pipelines":0,"pos":"2,12.1,-17","proc":12.8,"steps":1,"stop":"agd_mid","t_ms":38782}
SPIKE {"added":{},"cpu_render":2.6,"fades":0,"frame":20.0,"gpu":2.7,"lights_switched":0,"minimap":false,"phases":"pre>post 9.5, phys>proc 2.9","phys":3.1,"pipelines":0,"pos":"-27,10.1,-9","proc":15.7,"steps":1,"stop":"agd_market","t_ms":47284}
SPIKE {"added":{},"cpu_render":4.5,"fades":0,"frame":19.5,"gpu":3.2,"lights_switched":0,"minimap":false,"phases":"pre>post 8.6, phys>proc 3.3","phys":3.1,"pipelines":0,"pos":"-26,9.7,-8","proc":15.7,"steps":1,"stop":"agd_market","t_ms":47557}
SPIKE {"added":{},"cpu_render":4.4,"fades":0,"frame":18.8,"gpu":2.7,"lights_switched":0,"minimap":false,"phases":"pre>post 8.7, phys>proc 2.9","phys":3.1,"pipelines":0,"pos":"-25,9.6,-8","proc":15.7,"steps":1,"stop":"agd_market","t_ms":47635}
SPIKE {"added":{},"cpu_render":2.4,"fades":0,"frame":18.8,"gpu":2.6,"lights_switched":0,"minimap":false,"phases":"pre>post 11.6, phys>proc 3.7","phys":3.5,"pipelines":0,"pos":"-19,9.6,-7","proc":17.0,"steps":1,"stop":"agd_market","t_ms":48602}
SPIKE {"added":{},"cpu_render":4.7,"fades":0,"frame":18.4,"gpu":3.5,"lights_switched":0,"minimap":false,"phases":"pre>post 9.0, phys>proc 3.2","phys":3.7,"pipelines":0,"pos":"-15,9.6,-6","proc":15.0,"steps":1,"stop":"agd_market","t_ms":49134}
SPIKE {"added":{},"cpu_render":3.8,"fades":0,"frame":18.7,"gpu":2.8,"lights_switched":0,"minimap":false,"phases":"pre>post 9.5, phys>proc 3.6","phys":4.3,"pipelines":0,"pos":"-6,9.6,-5","proc":15.1,"steps":1,"stop":"agd_market","t_ms":50454}
SPIKE {"added":{},"cpu_render":4.8,"fades":0,"frame":18.8,"gpu":2.9,"lights_switched":0,"minimap":false,"phases":"pre>post 9.2, phys>proc 2.2","phys":4.2,"pipelines":0,"pos":"-1,9.6,-0","proc":15.0,"steps":1,"stop":"agd_market","t_ms":51609}
SPIKE {"added":{},"cpu_render":4.6,"fades":0,"frame":21.1,"gpu":2.7,"lights_switched":0,"minimap":false,"phases":"pre>post 5.4, phys>proc 2.4","phys":3.4,"pipelines":0,"pos":"-0,9.6,-0","proc":16.5,"steps":1,"stop":"agd_market","t_ms":51706}
SPIKE {"added":{},"cpu_render":2.6,"fades":0,"frame":20.9,"gpu":1.7,"lights_switched":0,"minimap":false,"phases":"pre>post 12.9, phys>proc 2.6","phys":3.4,"pipelines":0,"pos":"1,9.6,1","proc":16.5,"steps":1,"stop":"agd_harbour","t_ms":51916}
SPIKE {"added":{},"cpu_render":4.8,"fades":0,"frame":18.1,"gpu":2.5,"lights_switched":0,"minimap":false,"phases":"pre>post 9.1, phys>proc 2.7","phys":3.3,"pipelines":0,"pos":"-11,5.6,20","proc":12.4,"steps":1,"stop":"agd_harbour","t_ms":55329}
SPIKE {"added":{},"cpu_render":2.5,"fades":0,"frame":19.0,"gpu":2.5,"lights_switched":0,"minimap":false,"phases":"pre>post 4.8, phys>proc 2.0","phys":3.3,"pipelines":0,"pos":"-13,5.6,22","proc":15.3,"steps":1,"stop":"agd_harbour","t_ms":55718}
SPIKE {"added":{},"cpu_render":5.0,"fades":0,"frame":18.9,"gpu":2.6,"lights_switched":0,"minimap":false,"phases":"pre>post 9.9, phys>proc 3.1","phys":3.1,"pipelines":0,"pos":"-16,5.6,28","proc":17.0,"steps":1,"stop":"agd_harbour","t_ms":56715}
SPIKE {"added":{},"cpu_render":2.9,"fades":0,"frame":18.8,"gpu":2.6,"lights_switched":0,"minimap":false,"phases":"pre>post 9.5, phys>proc 3.3","phys":3.1,"pipelines":0,"pos":"-17,5.6,29","proc":17.0,"steps":1,"stop":"agd_harbour","t_ms":56794}
SPIKE {"added":{},"cpu_render":2.7,"fades":0,"frame":23.0,"gpu":3.2,"lights_switched":0,"minimap":false,"phases":"pre>post 6.1, phys>proc 2.5","phys":4.1,"pipelines":0,"pos":"-22,1.6,41","proc":14.5,"steps":1,"stop":"agd_harbour","t_ms":58743}
SPIKE {"added":{},"cpu_render":2.3,"fades":0,"frame":19.1,"gpu":2.1,"lights_switched":0,"minimap":false,"phases":"pre>post 5.8, phys>proc 2.4","phys":3.6,"pipelines":0,"pos":"-45,1.6,40","proc":10.3,"steps":1,"stop":"agd_harbour","t_ms":62762}
SPIKE {"added":{},"cpu_render":4.2,"fades":0,"frame":18.7,"gpu":2.1,"lights_switched":0,"minimap":false,"phases":"pre>post 9.2, phys>proc 2.8","phys":3.2,"pipelines":0,"pos":"-44,1.6,40","proc":16.6,"steps":1,"stop":"agd_crown","t_ms":63841}
SPIKE {"added":{},"cpu_render":4.4,"fades":0,"frame":18.5,"gpu":2.1,"lights_switched":0,"minimap":false,"phases":"pre>post 8.8, phys>proc 4.2","phys":3.2,"pipelines":0,"pos":"-42,1.6,40","proc":16.6,"steps":1,"stop":"agd_crown","t_ms":64103}
SPIKE {"added":{},"cpu_render":2.4,"fades":0,"frame":19.0,"gpu":2.8,"lights_switched":0,"minimap":false,"phases":"pre>post 8.8, phys>proc 2.8","phys":4.2,"pipelines":0,"pos":"-32,1.6,42","proc":15.8,"steps":1,"stop":"agd_crown","t_ms":65427}
SPIKE {"added":{},"cpu_render":4.2,"fades":0,"frame":19.9,"gpu":3.0,"lights_switched":2,"minimap":false,"phases":"pre>post 9.7, phys>proc 3.2","phys":3.3,"pipelines":0,"pos":"-23,1.6,38","proc":13.5,"steps":1,"stop":"agd_crown","t_ms":66776}
SPIKE {"added":{},"cpu_render":4.8,"fades":0,"frame":21.3,"gpu":2.7,"lights_switched":0,"minimap":false,"phases":"pre>post 5.1, phys>phys 1.8, phys>proc 1.3","phys":3.3,"pipelines":0,"pos":"-23,1.6,38","proc":13.5,"steps":2,"stop":"agd_crown","t_ms":66797}
STUCK near (-12.16679, 5.600965, 23.65099) heading for agd_crown: hop to the next path point
SPIKE {"added":{},"cpu_render":3.8,"fades":0,"frame":20.0,"gpu":2.6,"lights_switched":0,"minimap":false,"phases":"pre>post 5.1, phys>proc 1.7","phys":3.2,"pipelines":0,"pos":"-8,5.6,19","proc":13.6,"steps":1,"stop":"agd_crown","t_ms":73813}
SPIKE {"added":{},"cpu_render":2.8,"fades":0,"frame":19.2,"gpu":2.4,"lights_switched":0,"minimap":false,"phases":"pre>post 13.7, phys>proc 2.6","phys":3.0,"pipelines":0,"pos":"55,13.6,-28","proc":11.8,"steps":1,"stop":"agd_gate","t_ms":103699}
SPIKE {"added":{},"cpu_render":3.4,"fades":0,"frame":18.7,"gpu":2.5,"lights_switched":0,"minimap":false,"phases":"pre>post 6.1","phys":3.0,"pipelines":0,"pos":"56,13.6,-28","proc":11.8,"steps":0,"stop":"agd_gate","t_ms":103915}
SPIKE {"added":{},"cpu_render":4.5,"fades":0,"frame":18.1,"gpu":2.3,"lights_switched":0,"minimap":false,"phases":"pre>post 8.8, phys>proc 3.4","phys":3.4,"pipelines":0,"pos":"63,13.6,-27","proc":18.6,"steps":1,"stop":"agd_gate","t_ms":104792}
SPIKE {"added":{},"cpu_render":2.3,"fades":0,"frame":26.0,"gpu":2.6,"lights_switched":0,"minimap":false,"phases":"pre>post 7.7, phys>proc 2.7","phys":3.3,"pipelines":0,"pos":"78,13.6,-25","proc":14.4,"steps":1,"stop":"agd_gate","t_ms":106941}
WALKSUM {"avg_cpu_render":2.58,"avg_draws":1650.6,"avg_fps":119.7,"avg_gpu":2.41,"avg_objects":2458.3,"avg_phys":3.38,"avg_proc":14.03,"avg_steps":0.5,"drawn_speed_unevenness":0.512,"drawn_still_while_walking":1,"frames":13129,"hero_moving_frames":5951,"hero_still_frames":7178,"lite":true,"low1_fps":56.8,"map":"agdao","max_ms":26.0,"median_ms":7.8,"minimap_renders":44,"multi_step_frames":1,"over_17ms":53,"over_25ms":1,"over_33ms":0,"over_50ms":0,"p99_ms":16.35,"seconds":109.7,"spike_causes":{"fades":0,"lights":1,"minimap":0,"multi_step":1,"nodes_added":0,"pipelines":0},"stuck":4,"vsync":false,"walking_frames":11661,"zero_step_frames":6549}
ERROR: 1 RID allocations of type 'N10RendererRD14TextureStorage7TextureE' were leaked at exit.
ERROR: Parameter "RenderingServer::get_singleton()" is null.
   at: ~CompressedTexture2D (scene/resources/compressed_texture.cpp:464)
WARNING: 2 RIDs of type "Texture" were leaked.
   at: finalize (servers/rendering/rendering_device.cpp:8900)
