Godot Engine v4.7.2.stable.official.ed1daf0bf - https://godotengine.org
Vulkan 1.4.329 - Forward+ - Using Device #0: NVIDIA - NVIDIA GeForce RTX 4060

WALKINFO hero=Hehe level=57 map=dg_prismheart_6 tempos=10
WALK map=dg_prismheart_6 stops=3 refresh=60 Hz window=(1920, 1080) vsync=true cap=144 lite=true shadows=2 effects=2 aa=1 scale=1.00 renderer=forward_plus
SPIKE {"added":{},"awake":23,"cpu_render":5.5,"fades":0,"frame":26.3,"gpu":5.1,"lights_switched":0,"minimap":false,"phases":"pre>post 12.4, phys>proc 5.1","phys":7.6,"pipelines":10,"pos":"11,0.0,8","proc":21.1,"steps":1,"stop":"descent","t_ms":3095}
SPIKE {"added":{"MeshInstance3D":1,"Node3D":2,"Node3D(projectile.gd)":1,"OmniLight3D":1},"awake":23,"cpu_render":2.7,"fades":0,"frame":26.8,"gpu":5.0,"lights_switched":1,"minimap":false,"phases":"pre>post 10.7, phys>phys 5.6, phys>proc 3.6","phys":7.6,"pipelines":0,"pos":"11,0.0,8","proc":21.1,"steps":2,"stop":"descent","t_ms":3151}
SPIKE {"added":{"Decal":2,"GPUParticles3D":25,"MeshInstance3D":8,"MeshInstance3D(weapon_trail.gd)":1,"Node3D":12,"OmniLight3D":11,"Timer":36},"awake":23,"cpu_render":5.7,"fades":0,"frame":37.8,"gpu":5.2,"lights_switched":11,"minimap":false,"phases":"pre>post 10.2, phys>proc 22.6","phys":7.6,"pipelines":0,"pos":"14,0.0,7","proc":21.1,"steps":1,"stop":"descent","t_ms":3546}
SPIKE {"added":{"Decal":1,"GPUParticles3D":11,"MeshInstance3D":4,"Node3D":4,"OmniLight3D":4,"Timer":14},"awake":23,"cpu_render":5.0,"fades":0,"frame":27.7,"gpu":4.4,"lights_switched":4,"minimap":false,"phases":"pre>post 8.7, phys>phys 6.2, phys>proc 7.7","phys":7.6,"pipelines":1,"pos":"14,0.0,6","proc":21.1,"steps":2,"stop":"descent","t_ms":3573}
SPIKE {"added":{"GPUParticles3D":6,"MeshInstance3D":2,"Node3D":4,"OmniLight3D":1,"Timer":10},"awake":23,"cpu_render":5.0,"fades":0,"frame":27.4,"gpu":4.6,"lights_switched":1,"minimap":false,"phases":"pre>post 7.4, phys>proc 14.3","phys":7.6,"pipelines":3,"pos":"14,0.0,6","proc":21.1,"steps":1,"stop":"descent","t_ms":3601}
SPIKE {"added":{"GPUParticles3D":14,"MeshInstance3D":6,"Node3D":8,"Node3D(projectile.gd)":1,"OmniLight3D":7,"Timer":19},"awake":23,"cpu_render":4.1,"fades":0,"frame":31.9,"gpu":4.9,"lights_switched":7,"minimap":false,"phases":"pre>post 8.6, phys>phys 9.8, phys>proc 9.1","phys":7.6,"pipelines":0,"pos":"14,0.0,6","proc":21.1,"steps":2,"stop":"descent","t_ms":3632}
SPIKE {"added":{"Decal":2,"GPUParticles3D":39,"MeshInstance3D":14,"Node3D":16,"OmniLight3D":8,"Timer":43},"awake":23,"cpu_render":3.5,"fades":0,"frame":33.6,"gpu":5.9,"lights_switched":8,"minimap":false,"phases":"pre>post 9.9, phys>proc 20.7","phys":22.6,"pipelines":0,"pos":"17,0.0,4","proc":19.9,"steps":1,"stop":"descent","t_ms":4115}
SPIKE {"added":{"GPUParticles3D":36,"MeshInstance3D":8,"Node3D":18,"OmniLight3D":5,"Timer":46},"awake":23,"cpu_render":4.1,"fades":0,"frame":28.5,"gpu":5.1,"lights_switched":5,"minimap":false,"phases":"pre>post 5.7, phys>proc 15.1","phys":22.6,"pipelines":0,"pos":"18,0.0,4","proc":19.9,"steps":1,"stop":"descent","t_ms":4182}
SPIKE {"added":{"GPUParticles3D":3,"MeshInstance3D":1,"Node3D":2,"Timer":5},"awake":23,"cpu_render":2.7,"fades":0,"frame":25.6,"gpu":5.8,"lights_switched":0,"minimap":false,"phases":"pre>post 11.4, phys>proc 8.1","phys":22.6,"pipelines":0,"pos":"18,0.0,4","proc":19.9,"steps":1,"stop":"descent","t_ms":4208}
SPIKE {"added":{},"awake":23,"cpu_render":2.7,"fades":0,"frame":28.4,"gpu":5.1,"lights_switched":0,"minimap":false,"phases":"pre>post 13.1, phys>proc 7.8","phys":22.6,"pipelines":0,"pos":"19,0.0,3","proc":19.9,"steps":1,"stop":"descent","t_ms":4422}
SPIKE {"added":{"Decal":1,"GPUParticles3D":42,"MeshInstance3D":12,"Node3D":22,"OmniLight3D":7,"Timer":56},"awake":19,"cpu_render":2.1,"fades":0,"frame":55.3,"gpu":5.9,"lights_switched":7,"minimap":false,"phases":"pre>post 8.7, phys>proc 40.6","phys":22.6,"pipelines":0,"pos":"20,0.0,2","proc":19.9,"steps":1,"stop":"descent","t_ms":4643}
SPIKE {"added":{"GPUParticles3D":11,"MeshInstance3D":6,"Node3D":8,"Node3D(projectile.gd)":1,"OmniLight3D":7,"Timer":17},"awake":19,"cpu_render":3.9,"fades":0,"frame":27.0,"gpu":5.9,"lights_switched":7,"minimap":false,"phases":"pre>post 9.5, phys>phys 5.2, phys>proc 7.8","phys":22.6,"pipelines":2,"pos":"21,0.0,2","proc":19.9,"steps":2,"stop":"descent","t_ms":4670}
SPIKE {"added":{"Decal":1,"GPUParticles3D":40,"MeshInstance3D":12,"Node3D":19,"OmniLight3D":10,"Timer":51},"awake":18,"cpu_render":2.8,"fades":0,"frame":27.2,"gpu":5.4,"lights_switched":10,"minimap":false,"phases":"pre>post 7.5, phys>proc 14.1","phys":22.6,"pipelines":0,"pos":"23,0.0,1","proc":19.9,"steps":1,"stop":"descent","t_ms":5042}
SPIKE {"added":{"Decal":3,"GPUParticles3D":40,"MeshInstance3D":9,"Node3D":18,"OmniLight3D":7,"Timer":50},"awake":18,"cpu_render":2.1,"fades":0,"frame":25.9,"gpu":5.1,"lights_switched":7,"minimap":false,"phases":"pre>post 7.9, phys>proc 13.1","phys":40.6,"pipelines":0,"pos":"26,0.0,-1","proc":20.5,"steps":1,"stop":"descent","t_ms":5506}
SPIKE {"added":{"Decal":3,"GPUParticles3D":21,"MeshInstance3D":6,"Node3D":9,"OmniLight3D":6,"Timer":30},"awake":18,"cpu_render":3.7,"fades":0,"frame":28.4,"gpu":5.3,"lights_switched":6,"minimap":false,"phases":"pre>post 9.5, phys>proc 10.4","phys":40.6,"pipelines":0,"pos":"26,0.0,-1","proc":20.5,"steps":1,"stop":"descent","t_ms":5553}
SPIKE {"added":{"Decal":1,"GPUParticles3D":36,"MeshInstance3D":7,"Node3D":18,"OmniLight3D":3,"Timer":46},"awake":18,"cpu_render":2.0,"fades":0,"frame":25.9,"gpu":5.0,"lights_switched":3,"minimap":false,"phases":"pre>post 10.2, phys>proc 12.5","phys":40.6,"pipelines":0,"pos":"29,0.0,-3","proc":20.5,"steps":1,"stop":"descent","t_ms":5955}
SPIKE {"added":{"Decal":2,"GPUParticles3D":51,"MeshInstance3D":17,"Node3D":28,"OmniLight3D":9,"Timer":75},"awake":18,"cpu_render":1.9,"fades":0,"frame":33.7,"gpu":5.0,"lights_switched":9,"minimap":false,"phases":"pre>post 6.5, phys>proc 17.6","phys":40.6,"pipelines":0,"pos":"29,0.0,-3","proc":20.5,"steps":1,"stop":"descent","t_ms":5989}
SPIKE {"added":{"Decal":1,"GPUParticles3D":30,"MeshInstance3D":13,"Node3D":18,"OmniLight3D":7,"Timer":48},"awake":18,"cpu_render":1.5,"fades":0,"frame":25.9,"gpu":4.4,"lights_switched":7,"minimap":false,"phases":"pre>post 9.0, phys>proc 13.3","phys":17.6,"pipelines":0,"pos":"31,0.0,-7","proc":17.9,"steps":1,"stop":"descent","t_ms":6556}
SPIKE {"added":{"Decal":1,"GPUParticles3D":19,"MeshInstance3D":16,"Node3D":24,"Node3D(loot_drop.gd)":3,"OmniLight3D":6,"Timer":29},"awake":18,"cpu_render":1.4,"fades":0,"frame":29.7,"gpu":4.2,"lights_switched":6,"minimap":false,"phases":"pre>post 9.9, phys>proc 16.4","phys":13.3,"pipelines":4,"pos":"33,0.1,-12","proc":14.1,"steps":1,"stop":"descent","t_ms":7358}
SPIKE {"added":{"GPUParticles3D":3,"MeshInstance3D":2},"awake":17,"cpu_render":2.0,"fades":0,"frame":58.5,"gpu":4.5,"lights_switched":0,"minimap":false,"phases":"pre>post 4.3, phys>proc 4.4","phys":13.3,"pipelines":3,"pos":"33,1.4,-15","proc":14.1,"steps":1,"stop":"descent","t_ms":7860}
SPIKE {"added":{"Decal":1,"GPUParticles3D":20,"MeshInstance3D":7,"Node3D":10,"OmniLight3D":4,"Timer":28},"awake":17,"cpu_render":1.7,"fades":0,"frame":25.5,"gpu":4.7,"lights_switched":4,"minimap":false,"phases":"pre>post 5.7, phys>proc 12.2","phys":13.3,"pipelines":0,"pos":"33,1.8,-15","proc":14.1,"steps":1,"stop":"descent","t_ms":7988}
SPIKE {"added":{"GPUParticles3D":31,"MeshInstance3D":15,"Node3D":17,"OmniLight3D":14,"Timer":47},"awake":17,"cpu_render":2.5,"fades":0,"frame":27.6,"gpu":4.0,"lights_switched":14,"minimap":false,"phases":"pre>post 9.5, phys>proc 14.0","phys":10.7,"pipelines":0,"pos":"30,0.5,-13","proc":15.6,"steps":1,"stop":"start","t_ms":11856}
SPIKE {"added":{"GPUParticles3D":27,"MeshInstance3D":7,"Node3D":14,"OmniLight3D":4,"Timer":41},"awake":17,"cpu_render":2.3,"fades":0,"frame":32.1,"gpu":4.0,"lights_switched":4,"minimap":false,"phases":"pre>post 8.6, phys>proc 14.2","phys":10.7,"pipelines":0,"pos":"30,0.4,-13","proc":15.6,"steps":1,"stop":"start","t_ms":11888}
SPIKE {"added":{"GPUParticles3D":19,"MeshInstance3D":12,"Node3D":13,"OmniLight3D":5,"Timer":31},"awake":17,"cpu_render":5.7,"fades":0,"frame":30.0,"gpu":3.3,"lights_switched":5,"minimap":false,"phases":"pre>post 7.9, phys>proc 13.1","phys":10.7,"pipelines":0,"pos":"30,0.4,-13","proc":15.6,"steps":1,"stop":"start","t_ms":11918}
SPIKE {"added":{},"awake":17,"cpu_render":4.2,"fades":0,"frame":27.6,"gpu":4.1,"lights_switched":0,"minimap":false,"phases":"pre>post 8.4, phys>phys 7.1, phys>proc 3.3","phys":10.7,"pipelines":0,"pos":"30,0.3,-12","proc":15.6,"steps":2,"stop":"start","t_ms":11945}
SPIKE {"added":{},"awake":17,"cpu_render":2.5,"fades":0,"frame":32.3,"gpu":3.3,"lights_switched":0,"minimap":true,"phases":"pre>post 11.2, phys>phys 6.1, phys>proc 8.1","phys":10.7,"pipelines":0,"pos":"30,0.1,-12","proc":15.6,"steps":2,"stop":"start","t_ms":11999}
SPIKE {"added":{"GPUParticles3D":1,"MeshInstance3D":4,"MeshInstance3D(weapon_trail.gd)":1,"Node3D":1,"Node3D(projectile.gd)":1,"OmniLight3D":1},"awake":17,"cpu_render":3.3,"fades":0,"frame":30.2,"gpu":3.3,"lights_switched":1,"minimap":false,"phases":"pre>post 7.1, phys>phys 7.5, phys>proc 6.7","phys":10.7,"pipelines":0,"pos":"30,0.0,-12","proc":15.6,"steps":2,"stop":"start","t_ms":12049}
SPIKE {"added":{"Decal":1,"GPUParticles3D":24,"MeshInstance3D":10,"Node3D":14,"OmniLight3D":5,"Timer":38},"awake":17,"cpu_render":2.9,"fades":0,"frame":30.9,"gpu":3.6,"lights_switched":5,"minimap":false,"phases":"pre>post 7.7, phys>proc 16.3","phys":10.7,"pipelines":0,"pos":"30,0.0,-12","proc":15.6,"steps":1,"stop":"start","t_ms":12080}
SPIKE {"added":{"GPUParticles3D":7,"MeshInstance3D":3,"Node3D":4,"OmniLight3D":1,"Timer":11},"awake":17,"cpu_render":3.5,"fades":0,"frame":36.7,"gpu":3.4,"lights_switched":1,"minimap":false,"phases":"pre>post 7.6, phys>phys 4.6, phys>phys 5.6, phys>proc 5.2","phys":16.3,"pipelines":0,"pos":"30,0.0,-11","proc":21.2,"steps":3,"stop":"start","t_ms":12117}
SPIKE {"added":{"Decal":1,"GPUParticles3D":13,"MeshInstance3D":7,"Node3D":6,"OmniLight3D":7,"Timer":19},"awake":17,"cpu_render":5.2,"fades":0,"frame":40.7,"gpu":3.8,"lights_switched":7,"minimap":false,"phases":"pre>post 9.8, phys>phys 12.5, phys>phys 6.2, phys>proc 5.1","phys":16.3,"pipelines":0,"pos":"30,0.0,-11","proc":21.2,"steps":3,"stop":"start","t_ms":12157}
SPIKE {"added":{"GPUParticles3D":1,"MeshInstance3D":2,"Node3D":1,"Node3D(projectile.gd)":1},"awake":17,"cpu_render":3.0,"fades":0,"frame":30.0,"gpu":5.2,"lights_switched":0,"minimap":false,"phases":"pre>post 6.4, phys>phys 6.8, phys>proc 3.4","phys":16.3,"pipelines":0,"pos":"29,0.0,-5","proc":21.2,"steps":2,"stop":"start","t_ms":12917}
SPIKE {"added":{"GPUParticles3D":6,"MeshInstance3D":2,"Node3D":3,"OmniLight3D":1,"Timer":9},"awake":17,"cpu_render":2.6,"fades":0,"frame":36.5,"gpu":6.0,"lights_switched":1,"minimap":false,"phases":"pre>post 9.4, phys>proc 22.8","phys":12.5,"pipelines":0,"pos":"27,0.0,-2","proc":19.9,"steps":1,"stop":"start","t_ms":13616}
SPIKE {"added":{"Decal":1,"GPUParticles3D":20,"MeshInstance3D":8,"Node3D":12,"OmniLight3D":4,"Timer":32},"awake":17,"cpu_render":2.8,"fades":0,"frame":26.9,"gpu":6.0,"lights_switched":4,"minimap":false,"phases":"pre>post 7.8, phys>proc 12.7","phys":22.8,"pipelines":0,"pos":"24,0.0,0","proc":16.0,"steps":1,"stop":"start","t_ms":14524}
SPIKE {"added":{"Decal":1,"GPUParticles3D":21,"MeshInstance3D":15,"Node3D":21,"Node3D(loot_drop.gd)":2,"OmniLight3D":6,"Timer":33},"awake":17,"cpu_render":2.8,"fades":0,"frame":25.9,"gpu":6.1,"lights_switched":6,"minimap":false,"phases":"pre>post 8.0, phys>proc 12.3","phys":22.8,"pipelines":0,"pos":"22,0.0,2","proc":16.0,"steps":1,"stop":"start","t_ms":15023}
SPIKE {"added":{"Decal":1,"GPUParticles3D":5,"MeshInstance3D":7,"Node3D":20,"Node3D(loot_drop.gd)":4,"OmniLight3D":2,"Timer":7},"awake":21,"cpu_render":2.5,"fades":0,"frame":29.3,"gpu":4.8,"lights_switched":2,"minimap":false,"phases":"pre>post 10.0, phys>proc 16.6","phys":6.2,"pipelines":0,"pos":"8,0.0,10","proc":16.0,"steps":1,"stop":"start","t_ms":17226}
SPIKE {"added":{"MeshInstance3D":1},"awake":20,"cpu_render":3.1,"fades":0,"frame":26.1,"gpu":6.1,"lights_switched":2,"minimap":false,"phases":"pre>post 10.4, phys>proc 12.6","phys":6.2,"pipelines":0,"pos":"-4,0.0,17","proc":14.5,"steps":1,"stop":"descent","t_ms":20606}
SPIKE {"added":{"GPUParticles3D":1,"MeshInstance3D":2,"Node3D":1,"Node3D(projectile.gd)":1,"OmniLight3D":1},"awake":20,"cpu_render":3.5,"fades":0,"frame":25.1,"gpu":5.8,"lights_switched":1,"minimap":false,"phases":"pre>post 10.8, phys>proc 7.2","phys":12.6,"pipelines":0,"pos":"3,0.0,12","proc":17.5,"steps":1,"stop":"descent","t_ms":21755}
SPIKE {"added":{},"awake":20,"cpu_render":3.5,"fades":0,"frame":25.1,"gpu":5.8,"lights_switched":0,"minimap":false,"phases":"pre>post 10.9, phys>proc 5.9","phys":12.6,"pipelines":0,"pos":"4,0.0,12","proc":17.5,"steps":1,"stop":"descent","t_ms":21855}
SPIKE {"added":{},"awake":20,"cpu_render":3.5,"fades":0,"frame":26.0,"gpu":5.8,"lights_switched":0,"minimap":false,"phases":"pre>post 10.7, phys>proc 5.2","phys":8.4,"pipelines":0,"pos":"7,0.0,11","proc":19.1,"steps":1,"stop":"descent","t_ms":22256}
SPIKE {"added":{"Decal":1,"GPUParticles3D":4,"MeshInstance3D":2,"Node3D":2,"OmniLight3D":1,"Timer":6},"awake":20,"cpu_render":3.1,"fades":0,"frame":26.8,"gpu":5.9,"lights_switched":1,"minimap":false,"phases":"pre>post 9.8, phys>proc 5.5","phys":8.4,"pipelines":0,"pos":"7,0.0,10","proc":19.1,"steps":1,"stop":"descent","t_ms":22363}
SPIKE {"added":{"GPUParticles3D":5,"MeshInstance3D":1,"Node3D":2,"OmniLight3D":1,"Timer":7},"awake":20,"cpu_render":3.1,"fades":0,"frame":25.8,"gpu":5.7,"lights_switched":1,"minimap":false,"phases":"pre>post 9.8, phys>proc 7.5","phys":8.4,"pipelines":0,"pos":"9,0.0,9","proc":19.1,"steps":1,"stop":"descent","t_ms":22662}
SPIKE {"added":{},"awake":20,"cpu_render":3.9,"fades":0,"frame":28.5,"gpu":5.7,"lights_switched":0,"minimap":false,"phases":"pre>post 13.1, phys>proc 6.4","phys":8.4,"pipelines":0,"pos":"10,0.0,9","proc":19.1,"steps":1,"stop":"descent","t_ms":22760}
SPIKE {"added":{},"awake":20,"cpu_render":6.1,"fades":0,"frame":25.7,"gpu":4.9,"lights_switched":0,"minimap":false,"phases":"pre>post 12.0, phys>proc 5.7","phys":8.4,"pipelines":0,"pos":"10,0.0,9","proc":19.1,"steps":1,"stop":"descent","t_ms":22811}
SPIKE {"added":{},"awake":20,"cpu_render":2.7,"fades":0,"frame":25.8,"gpu":5.0,"lights_switched":0,"minimap":false,"phases":"pre>post 7.8, phys>phys 6.5, phys>proc 4.9","phys":11.6,"pipelines":0,"pos":"12,0.0,8","proc":21.9,"steps":2,"stop":"descent","t_ms":23093}
SPIKE {"added":{},"awake":20,"cpu_render":6.1,"fades":0,"frame":29.8,"gpu":5.1,"lights_switched":0,"minimap":false,"phases":"pre>post 10.7, phys>phys 5.2, phys>proc 3.1","phys":11.6,"pipelines":0,"pos":"12,0.0,8","proc":21.9,"steps":2,"stop":"descent","t_ms":23182}
SPIKE {"added":{},"awake":20,"cpu_render":5.1,"fades":0,"frame":28.9,"gpu":5.1,"lights_switched":0,"minimap":false,"phases":"pre>post 10.9, phys>phys 5.7, phys>proc 2.8","phys":11.6,"pipelines":0,"pos":"12,0.0,8","proc":21.9,"steps":2,"stop":"descent","t_ms":23211}
SPIKE {"added":{"GPUParticles3D":1,"Timer":1},"awake":20,"cpu_render":3.0,"fades":0,"frame":26.7,"gpu":5.0,"lights_switched":0,"minimap":false,"phases":"pre>post 9.0, phys>phys 5.6, phys>proc 4.6","phys":11.6,"pipelines":0,"pos":"13,0.0,7","proc":21.9,"steps":2,"stop":"descent","t_ms":23254}
SPIKE {"added":{},"awake":20,"cpu_render":2.5,"fades":0,"frame":26.6,"gpu":4.9,"lights_switched":0,"minimap":false,"phases":"pre>post 10.0, phys>proc 5.4","phys":11.6,"pipelines":0,"pos":"13,0.0,7","proc":21.9,"steps":1,"stop":"descent","t_ms":23328}
SPIKE {"added":{},"awake":20,"cpu_render":3.1,"fades":0,"frame":25.7,"gpu":5.2,"lights_switched":0,"minimap":false,"phases":"pre>post 10.9, phys>phys 5.6, phys>proc 3.1","phys":11.6,"pipelines":0,"pos":"14,0.0,7","proc":21.9,"steps":2,"stop":"descent","t_ms":23409}
SPIKE {"added":{"GPUParticles3D":41,"MeshInstance3D":10,"Node3D":15,"OmniLight3D":6,"Timer":42},"awake":20,"cpu_render":3.1,"fades":0,"frame":25.1,"gpu":6.0,"lights_switched":6,"minimap":false,"phases":"pre>post 9.6, phys>proc 11.5","phys":11.6,"pipelines":0,"pos":"14,0.0,7","proc":21.9,"steps":1,"stop":"descent","t_ms":23672}
SPIKE {"added":{"Decal":1,"GPUParticles3D":5,"MeshInstance3D":2,"Node3D":3,"OmniLight3D":1,"Timer":8},"awake":20,"cpu_render":2.8,"fades":0,"frame":32.9,"gpu":6.0,"lights_switched":1,"minimap":false,"phases":"pre>post 4.9, phys>proc 22.9","phys":11.6,"pipelines":0,"pos":"14,0.0,7","proc":21.9,"steps":1,"stop":"descent","t_ms":23784}
SPIKE {"added":{"Decal":1,"GPUParticles3D":5,"MeshInstance3D":1,"Node3D":2,"OmniLight3D":1,"Timer":7},"awake":20,"cpu_render":3.3,"fades":0,"frame":28.2,"gpu":5.2,"lights_switched":1,"minimap":false,"phases":"pre>post 10.2, phys>phys 4.7, phys>proc 2.8","phys":11.6,"pipelines":0,"pos":"14,0.0,7","proc":21.9,"steps":2,"stop":"descent","t_ms":24045}
SPIKE {"added":{"Decal":1,"GPUParticles3D":20,"MeshInstance3D":4,"Node3D":9,"OmniLight3D":3,"Timer":23},"awake":20,"cpu_render":5.0,"fades":0,"frame":26.5,"gpu":5.0,"lights_switched":3,"minimap":false,"phases":"pre>post 7.1, phys>proc 13.3","phys":10.0,"pipelines":0,"pos":"15,0.0,7","proc":18.0,"steps":1,"stop":"descent","t_ms":25159}
SPIKE {"added":{},"awake":20,"cpu_render":3.3,"fades":0,"frame":28.7,"gpu":5.0,"lights_switched":0,"minimap":false,"phases":"pre>post 12.3, phys>phys 6.6, phys>proc 3.7","phys":10.0,"pipelines":0,"pos":"15,0.0,7","proc":18.0,"steps":2,"stop":"descent","t_ms":25188}
SPIKE {"added":{"Decal":1,"GPUParticles3D":31,"MeshInstance3D":10,"Node3D":14,"OmniLight3D":7,"Timer":43},"awake":20,"cpu_render":3.2,"fades":0,"frame":27.4,"gpu":4.9,"lights_switched":7,"minimap":false,"phases":"pre>post 7.2, phys>proc 14.7","phys":10.0,"pipelines":0,"pos":"15,0.0,7","proc":18.0,"steps":1,"stop":"descent","t_ms":25410}
SPIKE {"added":{"GPUParticles3D":1,"MeshInstance3D":2,"Node3D":1,"Node3D(projectile.gd)":1},"awake":20,"cpu_render":3.9,"fades":0,"frame":25.6,"gpu":5.1,"lights_switched":0,"minimap":false,"phases":"pre>post 8.9, phys>phys 4.7, phys>proc 3.6","phys":10.0,"pipelines":0,"pos":"15,0.0,7","proc":18.0,"steps":2,"stop":"descent","t_ms":25435}
SPIKE {"added":{"Decal":3,"GPUParticles3D":44,"MeshInstance3D":13,"Node3D":20,"Node3D()":1,"OmniLight3D":9,"Timer":56},"awake":20,"cpu_render":3.1,"fades":0,"frame":28.0,"gpu":5.1,"lights_switched":9,"minimap":false,"phases":"pre>post 6.6, phys>proc 15.9","phys":10.0,"pipelines":0,"pos":"15,0.0,7","proc":18.0,"steps":1,"stop":"descent","t_ms":25645}
SPIKE {"added":{},"awake":20,"cpu_render":3.0,"fades":0,"frame":29.6,"gpu":5.1,"lights_switched":0,"minimap":false,"phases":"pre>post 15.3, phys>phys 6.4, phys>proc 2.9","phys":10.0,"pipelines":0,"pos":"15,0.0,7","proc":18.0,"steps":2,"stop":"descent","t_ms":25674}
SPIKE {"added":{"Decal":1,"GPUParticles3D":7,"MeshInstance3D":3,"Node3D":4,"OmniLight3D":2,"Timer":11},"awake":20,"cpu_render":4.0,"fades":0,"frame":25.8,"gpu":5.4,"lights_switched":2,"minimap":false,"phases":"pre>post 6.9, phys>phys 3.7, phys>proc 6.8","phys":10.0,"pipelines":0,"pos":"15,0.0,7","proc":18.0,"steps":2,"stop":"descent","t_ms":25877}
SPIKE {"added":{"GPUParticles3D":20,"MeshInstance3D":7,"Node3D":12,"Node3D(projectile.gd)":1,"OmniLight3D":2,"Timer":28},"awake":20,"cpu_render":3.2,"fades":0,"frame":26.6,"gpu":5.1,"lights_switched":2,"minimap":false,"phases":"pre>post 8.6, phys>phys 5.1, phys>proc 8.8","phys":10.0,"pipelines":0,"pos":"15,0.0,7","proc":18.0,"steps":2,"stop":"descent","t_ms":26049}
SPIKE {"added":{"Decal":1,"GPUParticles3D":20,"MeshInstance3D":4,"Node3D":9,"OmniLight3D":3,"Timer":23},"awake":20,"cpu_render":4.3,"fades":0,"frame":26.0,"gpu":5.6,"lights_switched":3,"minimap":false,"phases":"pre>post 7.8, phys>proc 9.8","phys":10.0,"pipelines":0,"pos":"15,0.0,7","proc":18.0,"steps":1,"stop":"descent","t_ms":26075}
SPIKE {"added":{},"awake":20,"cpu_render":3.3,"fades":0,"frame":25.7,"gpu":6.0,"lights_switched":0,"minimap":false,"phases":"pre>post 10.6, phys>proc 4.5","phys":15.9,"pipelines":0,"pos":"15,0.0,7","proc":20.1,"steps":1,"stop":"descent","t_ms":26267}
SPIKE {"added":{},"awake":20,"cpu_render":4.6,"fades":0,"frame":30.4,"gpu":5.4,"lights_switched":0,"minimap":false,"phases":"pre>post 8.3, phys>phys 5.9, phys>proc 3.0","phys":15.9,"pipelines":0,"pos":"15,0.0,7","proc":20.1,"steps":2,"stop":"descent","t_ms":26442}
SPIKE {"added":{"GPUParticles3D":7,"MeshInstance3D":2,"Node3D":4,"Timer":11},"awake":20,"cpu_render":4.5,"fades":0,"frame":32.0,"gpu":5.2,"lights_switched":0,"minimap":false,"phases":"pre>post 8.0, phys>phys 4.1, phys>proc 10.7","phys":15.9,"pipelines":0,"pos":"15,0.0,7","proc":20.1,"steps":2,"stop":"descent","t_ms":26514}
SPIKE {"added":{"Decal":1,"GPUParticles3D":21,"MeshInstance3D":5,"Node3D":11,"OmniLight3D":1,"Timer":28},"awake":20,"cpu_render":3.6,"fades":0,"frame":37.2,"gpu":5.5,"lights_switched":1,"minimap":false,"phases":"pre>post 10.9, phys>phys 13.6, phys>proc 3.6","phys":15.9,"pipelines":0,"pos":"15,0.0,7","proc":20.1,"steps":2,"stop":"descent","t_ms":26551}
SPIKE {"added":{},"awake":20,"cpu_render":5.6,"fades":0,"frame":39.3,"gpu":6.2,"lights_switched":0,"minimap":false,"phases":"pre>post 18.5, phys>phys 6.5, phys>proc 4.3","phys":15.9,"pipelines":0,"pos":"15,0.0,7","proc":20.1,"steps":2,"stop":"descent","t_ms":26591}
SPIKE {"added":{"GPUParticles3D":14,"MeshInstance3D":4,"Node3D":8,"OmniLight3D":3,"Timer":21},"awake":20,"cpu_render":10.9,"fades":0,"frame":27.5,"gpu":6.1,"lights_switched":3,"minimap":false,"phases":"pre>post 7.4, phys>phys 6.9, phys>proc 4.5","phys":15.9,"pipelines":0,"pos":"15,0.0,7","proc":20.1,"steps":2,"stop":"descent","t_ms":26618}
SPIKE {"added":{"GPUParticles3D":6,"MeshInstance3D":2,"Node3D":4,"Timer":10},"awake":20,"cpu_render":4.9,"fades":0,"frame":33.2,"gpu":5.8,"lights_switched":0,"minimap":false,"phases":"pre>post 11.0, phys>phys 4.5, phys>proc 5.7","phys":15.9,"pipelines":0,"pos":"15,0.0,7","proc":20.1,"steps":2,"stop":"descent","t_ms":26651}
SPIKE {"added":{},"awake":20,"cpu_render":5.8,"fades":0,"frame":33.1,"gpu":6.1,"lights_switched":0,"minimap":false,"phases":"pre>post 10.5, phys>phys 7.1, phys>proc 4.6","phys":15.9,"pipelines":0,"pos":"15,0.0,7","proc":20.1,"steps":2,"stop":"descent","t_ms":26684}
SPIKE {"added":{},"awake":20,"cpu_render":5.9,"fades":0,"frame":31.3,"gpu":6.1,"lights_switched":0,"minimap":false,"phases":"pre>post 14.2, phys>phys 4.2, phys>proc 4.1","phys":15.9,"pipelines":0,"pos":"15,0.0,7","proc":20.1,"steps":2,"stop":"descent","t_ms":26716}
SPIKE {"added":{"GPUParticles3D":13,"MeshInstance3D":5,"Node3D":6,"OmniLight3D":2,"Timer":19},"awake":20,"cpu_render":10.0,"fades":0,"frame":39.6,"gpu":5.8,"lights_switched":2,"minimap":false,"phases":"pre>post 10.4, phys>phys 10.9, phys>proc 4.1","phys":15.9,"pipelines":0,"pos":"15,0.0,7","proc":20.1,"steps":2,"stop":"descent","t_ms":26755}
SPIKE {"added":{},"awake":20,"cpu_render":3.6,"fades":0,"frame":30.8,"gpu":6.0,"lights_switched":0,"minimap":false,"phases":"pre>post 11.9, phys>phys 5.6, phys>proc 4.7","phys":15.9,"pipelines":0,"pos":"15,0.0,7","proc":20.1,"steps":2,"stop":"descent","t_ms":26786}
SPIKE {"added":{"GPUParticles3D":1,"MeshInstance3D":2,"Node3D":1,"Node3D(projectile.gd)":1},"awake":20,"cpu_render":3.5,"fades":0,"frame":25.1,"gpu":6.0,"lights_switched":0,"minimap":false,"phases":"pre>post 8.5, phys>phys 4.5, phys>proc 4.6","phys":15.9,"pipelines":0,"pos":"15,0.0,7","proc":20.1,"steps":2,"stop":"descent","t_ms":26912}
SPIKE {"added":{"Decal":1,"GPUParticles3D":21,"MeshInstance3D":10,"Node3D":11,"OmniLight3D":4,"Timer":31},"awake":20,"cpu_render":4.3,"fades":0,"frame":27.9,"gpu":6.3,"lights_switched":4,"minimap":false,"phases":"pre>post 7.5, phys>proc 14.4","phys":13.6,"pipelines":0,"pos":"15,0.0,7","proc":28.3,"steps":1,"stop":"descent","t_ms":27145}
SPIKE {"added":{},"awake":20,"cpu_render":5.0,"fades":0,"frame":26.4,"gpu":6.5,"lights_switched":0,"minimap":false,"phases":"pre>post 8.1, phys>phys 5.2, phys>proc 3.1","phys":13.6,"pipelines":0,"pos":"17,0.0,7","proc":28.3,"steps":2,"stop":"descent","t_ms":27362}
SPIKE {"added":{"Decal":1,"GPUParticles3D":25,"MeshInstance3D":6,"Node3D":14,"OmniLight3D":1,"Timer":35},"awake":20,"cpu_render":4.0,"fades":0,"frame":28.1,"gpu":6.6,"lights_switched":1,"minimap":false,"phases":"pre>post 7.9, phys>phys 4.9, phys>proc 10.4","phys":13.6,"pipelines":0,"pos":"17,0.0,6","proc":28.3,"steps":2,"stop":"descent","t_ms":27534}
SPIKE {"added":{"GPUParticles3D":10,"MeshInstance3D":3,"Node3D":6,"Timer":16},"awake":18,"cpu_render":3.3,"fades":0,"frame":33.3,"gpu":6.2,"lights_switched":0,"minimap":false,"phases":"pre>post 12.3, phys>phys 6.6, phys>proc 5.9","phys":13.6,"pipelines":0,"pos":"18,0.0,6","proc":28.3,"steps":2,"stop":"descent","t_ms":27684}
SPIKE {"added":{"Decal":1,"GPUParticles3D":9,"MeshInstance3D":3,"Node3D":4,"OmniLight3D":2,"Timer":13},"awake":18,"cpu_render":4.4,"fades":0,"frame":26.0,"gpu":6.7,"lights_switched":2,"minimap":false,"phases":"pre>post 8.4, phys>phys 8.4, phys>proc 4.0","phys":13.6,"pipelines":0,"pos":"18,0.0,5","proc":28.3,"steps":2,"stop":"descent","t_ms":27734}
SPIKE {"added":{},"awake":18,"cpu_render":4.6,"fades":0,"frame":26.0,"gpu":6.3,"lights_switched":0,"minimap":false,"phases":"pre>post 8.4, phys>phys 5.5, phys>proc 5.2","phys":13.6,"pipelines":0,"pos":"18,0.0,5","proc":28.3,"steps":2,"stop":"descent","t_ms":27760}
SPIKE {"added":{"GPUParticles3D":4,"MeshInstance3D":4,"Node3D":4,"Node3D(projectile.gd)":1,"OmniLight3D":1,"Timer":6},"awake":18,"cpu_render":3.2,"fades":0,"frame":30.5,"gpu":6.5,"lights_switched":1,"minimap":false,"phases":"pre>post 8.6, phys>phys 5.9, phys>proc 3.3","phys":13.6,"pipelines":0,"pos":"18,0.0,5","proc":28.3,"steps":2,"stop":"descent","t_ms":27865}
SPIKE {"added":{"Decal":3,"GPUParticles3D":23,"MeshInstance3D":7,"Node3D":11,"OmniLight3D":5,"Timer":32},"awake":18,"cpu_render":3.0,"fades":0,"frame":25.6,"gpu":7.2,"lights_switched":5,"minimap":false,"phases":"pre>post 7.8, phys>proc 12.0","phys":13.6,"pipelines":0,"pos":"19,0.0,4","proc":28.3,"steps":1,"stop":"descent","t_ms":28014}
SPIKE {"added":{"GPUParticles3D":22,"MeshInstance3D":6,"Node3D":14,"Timer":34},"awake":15,"cpu_render":4.0,"fades":0,"frame":31.4,"gpu":5.9,"lights_switched":0,"minimap":false,"phases":"pre>post 6.8, phys>proc 10.5","phys":14.4,"pipelines":0,"pos":"22,0.0,2","proc":21.1,"steps":1,"stop":"descent","t_ms":28530}
SPIKE {"added":{"GPUParticles3D":19,"MeshInstance3D":7,"Node3D":9,"OmniLight3D":4,"Timer":24},"awake":15,"cpu_render":3.5,"fades":0,"frame":44.5,"gpu":4.8,"lights_switched":4,"minimap":false,"phases":"pre>post 7.1, phys>proc 31.6","phys":14.4,"pipelines":0,"pos":"24,0.0,1","proc":21.1,"steps":1,"stop":"descent","t_ms":28841}
SPIKE {"added":{},"awake":15,"cpu_render":3.0,"fades":0,"frame":34.4,"gpu":4.7,"lights_switched":0,"minimap":false,"phases":"pre>post 10.5, phys>phys 6.1, phys>phys 4.6, phys>proc 4.2","phys":14.4,"pipelines":1,"pos":"24,0.0,1","proc":21.1,"steps":3,"stop":"descent","t_ms":28876}
WALKSUM {"avg_awake":18.25,"avg_cpu_render":2.71,"avg_draws":1490.25,"avg_fps":58.2,"avg_gpu":5.17,"avg_objects":2685.58,"avg_phys":13.16,"avg_proc":19.01,"avg_steps":1.03,"drawn_speed_unevenness":0.266,"drawn_still_while_walking":0,"frames":1958,"hero_moving_frames":1810,"hero_still_frames":148,"lite":true,"low1_fps":26.4,"map":"dg_prismheart_6","max_ms":58.5,"median_ms":16.63,"minimap_renders":15,"multi_step_frames":63,"nodes_end":5722,"nodes_start":5344,"over_17ms":530,"over_25ms":84,"over_33ms":11,"over_50ms":2,"p99_ms":31.99,"particles_end":138,"particles_start":50,"seconds":33.6,"spike_causes":{"fades":0,"lights":50,"minimap":1,"multi_step":39,"nodes_added":60,"pipelines":7},"stuck":0,"vsync":true,"walking_frames":1757,"zero_step_frames":7}
ERROR: 1 RID allocations of type 'N10RendererRD14TextureStorage7TextureE' were leaked at exit.
ERROR: Parameter "RenderingServer::get_singleton()" is null.
   at: ~CompressedTexture2D (scene/resources/compressed_texture.cpp:464)
WARNING: 2 RIDs of type "Texture" were leaked.
   at: finalize (servers/rendering/rendering_device.cpp:8900)
WARNING: 157 ObjectDB instances were leaked at exit (run with `--verbose` for details).
   at: cleanup (core/object/object.cpp:2536)
ERROR: 2 resources still in use at exit (run with --verbose for details).
   at: clear (core/io/resource.cpp:822)
ERROR: Pages in use exist at exit in PagedAllocator: N12VariantPools12BucketMediumE
   at: ~PagedAllocator (./core/templates/paged_allocator.h:170)
