Godot Engine v4.7.2.stable.official.ed1daf0bf - https://godotengine.org
Vulkan 1.4.329 - Forward+ - Using Device #0: NVIDIA - NVIDIA GeForce RTX 4060

WALKINFO hero=Hehe level=57 map=dg_prismheart_6 tempos=10
WALK map=dg_prismheart_6 stops=3 refresh=60 Hz window=(1920, 1080) vsync=true cap=144 lite=true shadows=2 effects=2 aa=1 scale=1.00 renderer=forward_plus
SPIKE {"added":{"GPUParticles3D":21,"MeshInstance3D":9,"MeshInstance3D(weapon_trail.gd)":1,"Node3D":8,"OmniLight3D":8,"Timer":28},"awake":22,"cpu_render":3.4,"fades":0,"frame":28.4,"gpu":5.7,"lights_switched":8,"minimap":false,"phases":"pre>post 7.1, phys>proc 17.8","phys":5.6,"pipelines":0,"pos":"17,0.0,5","proc":17.8,"steps":1,"stop":"descent","t_ms":4043}
SPIKE {"added":{"Decal":1,"GPUParticles3D":39,"MeshInstance3D":10,"Node3D":18,"OmniLight3D":9,"Timer":49},"awake":18,"cpu_render":2.5,"fades":0,"frame":25.1,"gpu":5.6,"lights_switched":9,"minimap":false,"phases":"pre>post 6.0, phys>proc 13.9","phys":17.8,"pipelines":0,"pos":"22,0.0,2","proc":14.3,"steps":1,"stop":"descent","t_ms":4860}
SPIKE {"added":{"Decal":2,"GPUParticles3D":23,"MeshInstance3D":15,"Node3D":14,"OmniLight3D":6,"Timer":36},"awake":18,"cpu_render":2.2,"fades":0,"frame":29.4,"gpu":5.1,"lights_switched":6,"minimap":false,"phases":"pre>post 5.8, phys>proc 16.0","phys":17.8,"pipelines":0,"pos":"25,0.0,-1","proc":14.3,"steps":1,"stop":"descent","t_ms":5409}
SPIKE {"added":{"Decal":3,"GPUParticles3D":37,"MeshInstance3D":19,"Node3D":21,"OmniLight3D":10,"Timer":58},"awake":18,"cpu_render":2.4,"fades":0,"frame":27.8,"gpu":4.9,"lights_switched":10,"minimap":false,"phases":"pre>post 9.0, phys>proc 14.1","phys":17.8,"pipelines":0,"pos":"27,0.0,-2","proc":14.3,"steps":1,"stop":"descent","t_ms":5722}
SPIKE {"added":{"Decal":3,"GPUParticles3D":43,"MeshInstance3D":13,"Node3D":19,"OmniLight3D":12,"Timer":54},"awake":18,"cpu_render":2.0,"fades":0,"frame":26.7,"gpu":5.0,"lights_switched":12,"minimap":false,"phases":"pre>post 7.2, phys>proc 15.2","phys":17.8,"pipelines":0,"pos":"28,0.0,-2","proc":14.3,"steps":1,"stop":"descent","t_ms":5749}
SPIKE {"added":{"Decal":2,"GPUParticles3D":22,"MeshInstance3D":10,"Node3D":12,"OmniLight3D":5,"Timer":34},"awake":18,"cpu_render":3.3,"fades":0,"frame":25.4,"gpu":4.3,"lights_switched":5,"minimap":false,"phases":"pre>post 5.8, phys>proc 15.6","phys":16.0,"pipelines":0,"pos":"28,0.0,-2","proc":16.7,"steps":1,"stop":"descent","t_ms":5857}
SPIKE {"added":{"GPUParticles3D":7,"MeshInstance3D":3,"Node3D":3,"OmniLight3D":3,"Timer":10},"awake":18,"cpu_render":2.4,"fades":0,"frame":32.6,"gpu":4.0,"lights_switched":3,"minimap":false,"phases":"pre>post 3.9, phys>proc 25.3","phys":16.0,"pipelines":0,"pos":"29,0.0,-3","proc":16.7,"steps":1,"stop":"descent","t_ms":6075}
SPIKE {"added":{"Decal":2,"GPUParticles3D":32,"MeshInstance3D":11,"Node3D":16,"OmniLight3D":3,"Timer":46},"awake":18,"cpu_render":1.5,"fades":0,"frame":27.0,"gpu":4.3,"lights_switched":3,"minimap":false,"phases":"pre>post 9.4, phys>proc 13.7","phys":25.3,"pipelines":0,"pos":"33,0.2,-12","proc":16.9,"steps":1,"stop":"descent","t_ms":7404}
SPIKE {"added":{"Decal":2,"GPUParticles3D":32,"MeshInstance3D":12,"Node3D":16,"OmniLight3D":4,"Timer":46},"awake":18,"cpu_render":2.3,"fades":0,"frame":25.4,"gpu":5.5,"lights_switched":4,"minimap":false,"phases":"pre>post 9.1, phys>proc 11.9","phys":10.9,"pipelines":0,"pos":"33,4.0,-21","proc":15.0,"steps":1,"stop":"descent","t_ms":8904}
SPIKE {"added":{"MeshInstance3D":1},"awake":18,"cpu_render":2.8,"fades":0,"frame":28.8,"gpu":5.9,"lights_switched":0,"minimap":false,"phases":"pre>post 6.1, phys>proc 15.6","phys":11.9,"pipelines":0,"pos":"30,4.0,-25","proc":14.4,"steps":1,"stop":"start","t_ms":10175}
SPIKE {"added":{"Decal":1,"GPUParticles3D":20,"MeshInstance3D":9,"Node3D":13,"OmniLight3D":6,"Timer":33},"awake":18,"cpu_render":2.3,"fades":0,"frame":36.3,"gpu":6.0,"lights_switched":8,"minimap":false,"phases":"pre>post 9.3, phys>proc 22.0","phys":11.9,"pipelines":0,"pos":"30,4.0,-24","proc":14.4,"steps":1,"stop":"start","t_ms":10336}
SPIKE {"added":{"Decal":1,"GPUParticles3D":27,"MeshInstance3D":12,"Node3D":17,"OmniLight3D":9,"Timer":44},"awake":18,"cpu_render":3.3,"fades":0,"frame":29.9,"gpu":5.1,"lights_switched":9,"minimap":false,"phases":"pre>post 5.3, phys>proc 16.1","phys":11.9,"pipelines":0,"pos":"30,4.0,-24","proc":14.4,"steps":1,"stop":"start","t_ms":10382}
SPIKE {"added":{"Decal":1,"GPUParticles3D":21,"MeshInstance3D":8,"Node3D":12,"OmniLight3D":2,"Timer":33},"awake":18,"cpu_render":4.0,"fades":0,"frame":26.4,"gpu":4.2,"lights_switched":4,"minimap":false,"phases":"pre>post 6.3, phys>proc 12.8","phys":22.0,"pipelines":0,"pos":"30,2.1,-16","proc":16.3,"steps":1,"stop":"start","t_ms":11445}
SPIKE {"added":{"GPUParticles3D":3,"MeshInstance3D":2,"Node3D":3,"OmniLight3D":2,"Timer":6},"awake":18,"cpu_render":3.0,"fades":0,"frame":31.0,"gpu":4.0,"lights_switched":2,"minimap":false,"phases":"pre>post 7.5, phys>phys 10.0, phys>proc 7.0","phys":22.0,"pipelines":2,"pos":"30,1.5,-15","proc":16.3,"steps":2,"stop":"start","t_ms":11595}
SPIKE {"added":{"Decal":1,"GPUParticles3D":26,"MeshInstance3D":10,"Node3D":15,"OmniLight3D":7,"Timer":38},"awake":18,"cpu_render":2.7,"fades":0,"frame":25.5,"gpu":5.5,"lights_switched":7,"minimap":false,"phases":"pre>post 6.1, phys>proc 15.1","phys":11.3,"pipelines":0,"pos":"29,0.0,-5","proc":19.3,"steps":1,"stop":"start","t_ms":12863}
SPIKE {"added":{"Decal":1,"GPUParticles3D":21,"MeshInstance3D":10,"Node3D":11,"OmniLight3D":8,"Timer":31},"awake":18,"cpu_render":3.4,"fades":0,"frame":25.6,"gpu":6.1,"lights_switched":8,"minimap":false,"phases":"pre>post 10.1, phys>proc 11.6","phys":11.3,"pipelines":0,"pos":"29,0.0,-3","proc":19.3,"steps":1,"stop":"start","t_ms":13238}
SPIKE {"added":{"GPUParticles3D":15,"MeshInstance3D":11,"Node3D":13,"OmniLight3D":5,"Timer":27},"awake":18,"cpu_render":1.8,"fades":0,"frame":25.1,"gpu":6.1,"lights_switched":5,"minimap":false,"phases":"pre>post 9.6, phys>proc 12.5","phys":11.3,"pipelines":0,"pos":"27,0.0,-2","proc":19.3,"steps":1,"stop":"start","t_ms":13505}
SPIKE {"added":{"GPUParticles3D":5,"MeshInstance3D":4,"Node3D":3,"OmniLight3D":1,"Timer":6},"awake":17,"cpu_render":2.1,"fades":0,"frame":47.3,"gpu":5.9,"lights_switched":1,"minimap":false,"phases":"pre>post 4.7, phys>proc 7.5","phys":10.6,"pipelines":3,"pos":"17,0.0,4","proc":15.5,"steps":1,"stop":"start","t_ms":15176}
SPIKE {"added":{"Decal":2,"GPUParticles3D":41,"MeshInstance3D":11,"Node3D":15,"OmniLight3D":7,"Timer":44},"awake":22,"cpu_render":1.9,"fades":0,"frame":34.0,"gpu":5.2,"lights_switched":7,"minimap":false,"phases":"pre>post 5.7, phys>proc 18.4","phys":7.5,"pipelines":0,"pos":"11,0.0,8","proc":39.7,"steps":1,"stop":"start","t_ms":16029}
SPIKE {"added":{"Decal":1,"GPUParticles3D":23,"MeshInstance3D":10,"Node3D":12,"OmniLight3D":5,"Timer":35},"awake":22,"cpu_render":3.6,"fades":0,"frame":25.1,"gpu":6.2,"lights_switched":9,"minimap":false,"phases":"pre>post 5.3, phys>proc 14.5","phys":18.4,"pipelines":0,"pos":"2,0.0,13","proc":15.9,"steps":1,"stop":"start","t_ms":17447}
SPIKE {"added":{"GPUParticles3D":5,"MeshInstance3D":3,"Node3D":3,"OmniLight3D":4,"Timer":8},"awake":22,"cpu_render":3.5,"fades":0,"frame":37.9,"gpu":5.8,"lights_switched":4,"minimap":false,"phases":"pre>post 5.8, phys>proc 24.6","phys":12.9,"pipelines":0,"pos":"14,0.0,6","proc":17.3,"steps":1,"stop":"descent","t_ms":23000}
SPIKE {"added":{"Decal":1,"GPUParticles3D":34,"MeshInstance3D":8,"Node3D":15,"OmniLight3D":5,"Timer":40},"awake":22,"cpu_render":2.9,"fades":0,"frame":35.2,"gpu":5.1,"lights_switched":5,"minimap":false,"phases":"pre>post 11.5, phys>proc 18.8","phys":12.9,"pipelines":0,"pos":"14,0.0,6","proc":17.3,"steps":1,"stop":"descent","t_ms":23214}
SPIKE {"added":{"Decal":1,"GPUParticles3D":41,"MeshInstance3D":10,"Node3D":19,"OmniLight3D":6,"Timer":49},"awake":22,"cpu_render":2.9,"fades":0,"frame":25.2,"gpu":5.7,"lights_switched":6,"minimap":false,"phases":"pre>post 7.7, phys>proc 13.0","phys":12.9,"pipelines":0,"pos":"14,0.0,6","proc":17.3,"steps":1,"stop":"descent","t_ms":23671}
SPIKE {"added":{},"awake":22,"cpu_render":3.3,"fades":0,"frame":25.4,"gpu":5.2,"lights_switched":0,"minimap":false,"phases":"pre>post 8.8, phys>phys 5.7, phys>proc 2.5","phys":24.5,"pipelines":0,"pos":"14,0.0,6","proc":18.1,"steps":2,"stop":"descent","t_ms":24063}
SPIKE {"added":{"Decal":1,"GPUParticles3D":41,"MeshInstance3D":9,"Node3D":18,"OmniLight3D":7,"Timer":48},"awake":22,"cpu_render":4.7,"fades":0,"frame":38.7,"gpu":5.1,"lights_switched":7,"minimap":false,"phases":"pre>post 12.5, phys>phys 5.7, phys>proc 11.9","phys":24.5,"pipelines":0,"pos":"14,0.0,6","proc":18.1,"steps":2,"stop":"descent","t_ms":24150}
SPIKE {"added":{},"awake":22,"cpu_render":6.7,"fades":0,"frame":27.6,"gpu":5.4,"lights_switched":0,"minimap":false,"phases":"pre>post 9.3, phys>phys 6.2, phys>proc 3.2","phys":24.5,"pipelines":0,"pos":"14,0.0,6","proc":18.1,"steps":2,"stop":"descent","t_ms":24178}
SPIKE {"added":{},"awake":22,"cpu_render":4.6,"fades":0,"frame":26.4,"gpu":5.0,"lights_switched":0,"minimap":false,"phases":"pre>post 7.3, phys>proc 5.4","phys":24.5,"pipelines":0,"pos":"14,0.0,6","proc":18.1,"steps":1,"stop":"descent","t_ms":24326}
SPIKE {"added":{},"awake":22,"cpu_render":4.3,"fades":0,"frame":26.2,"gpu":4.9,"lights_switched":0,"minimap":false,"phases":"pre>post 10.0, phys>phys 5.5, phys>proc 4.1","phys":24.5,"pipelines":0,"pos":"14,0.0,6","proc":18.1,"steps":2,"stop":"descent","t_ms":24352}
SPIKE {"added":{"MeshInstance3D":1,"Node3D":2,"Node3D(projectile.gd)":1},"awake":22,"cpu_render":3.4,"fades":0,"frame":27.2,"gpu":6.0,"lights_switched":0,"minimap":false,"phases":"pre>post 9.0, phys>phys 4.9, phys>proc 5.5","phys":24.5,"pipelines":0,"pos":"14,0.0,6","proc":18.1,"steps":2,"stop":"descent","t_ms":24415}
SPIKE {"added":{"Decal":1,"GPUParticles3D":5,"MeshInstance3D":7,"Node3D":22,"Node3D(loot_drop.gd)":4,"Node3D(projectile.gd)":1,"OmniLight3D":2,"Timer":7},"awake":22,"cpu_render":3.4,"fades":0,"frame":39.8,"gpu":4.9,"lights_switched":2,"minimap":false,"phases":"pre>post 13.6, phys>phys 7.0, phys>proc 13.2","phys":24.5,"pipelines":0,"pos":"14,0.0,6","proc":18.1,"steps":2,"stop":"descent","t_ms":24477}
SPIKE {"added":{},"awake":21,"cpu_render":3.1,"fades":0,"frame":25.6,"gpu":5.0,"lights_switched":0,"minimap":false,"phases":"pre>post 8.3, phys>phys 4.7, phys>proc 4.5","phys":24.5,"pipelines":0,"pos":"15,0.0,6","proc":18.1,"steps":2,"stop":"descent","t_ms":24608}
SPIKE {"added":{},"awake":21,"cpu_render":2.9,"fades":0,"frame":26.7,"gpu":5.7,"lights_switched":0,"minimap":false,"phases":"pre>post 13.3, phys>proc 6.3","phys":13.2,"pipelines":0,"pos":"16,0.0,5","proc":20.9,"steps":1,"stop":"descent","t_ms":25103}
SPIKE {"added":{},"awake":21,"cpu_render":3.3,"fades":0,"frame":26.0,"gpu":6.3,"lights_switched":0,"minimap":false,"phases":"pre>post 12.1, phys>phys 5.1, phys>proc 2.4","phys":13.2,"pipelines":0,"pos":"15,0.0,4","proc":20.9,"steps":2,"stop":"descent","t_ms":25298}
SPIKE {"added":{},"awake":21,"cpu_render":2.9,"fades":0,"frame":25.8,"gpu":5.3,"lights_switched":0,"minimap":false,"phases":"pre>post 8.0, phys>phys 4.8, phys>proc 2.8","phys":13.2,"pipelines":0,"pos":"16,0.0,4","proc":20.9,"steps":2,"stop":"descent","t_ms":25463}
SPIKE {"added":{"Decal":1,"GPUParticles3D":18,"MeshInstance3D":4,"Node3D":9,"OmniLight3D":2,"Timer":24},"awake":20,"cpu_render":3.5,"fades":0,"frame":26.9,"gpu":5.4,"lights_switched":2,"minimap":false,"phases":"pre>post 6.9, phys>phys 10.0, phys>proc 4.3","phys":13.2,"pipelines":0,"pos":"16,0.0,3","proc":20.9,"steps":2,"stop":"descent","t_ms":25588}
SPIKE {"added":{"Decal":1,"GPUParticles3D":15,"MeshInstance3D":8,"Node3D":10,"Node3D(projectile.gd)":1,"OmniLight3D":3,"Timer":23},"awake":16,"cpu_render":3.6,"fades":0,"frame":27.3,"gpu":6.0,"lights_switched":3,"minimap":false,"phases":"pre>post 7.2, phys>phys 3.1, phys>proc 10.1","phys":12.4,"pipelines":0,"pos":"20,0.0,1","proc":20.2,"steps":2,"stop":"descent","t_ms":26170}
SPIKE {"added":{"Decal":1,"GPUParticles3D":16,"MeshInstance3D":7,"Node3D":8,"OmniLight3D":3,"Timer":24},"awake":16,"cpu_render":4.7,"fades":0,"frame":47.9,"gpu":6.2,"lights_switched":3,"minimap":false,"phases":"pre>post 9.1, phys>phys 23.2, phys>proc 3.8","phys":12.4,"pipelines":0,"pos":"20,0.0,1","proc":20.2,"steps":2,"stop":"descent","t_ms":26347}
SPIKE {"added":{"Control(status_icon.gd)":1},"awake":16,"cpu_render":5.0,"fades":0,"frame":27.6,"gpu":6.2,"lights_switched":0,"minimap":false,"phases":"pre>post 9.8, phys>phys 5.1, phys>proc 2.8","phys":12.4,"pipelines":0,"pos":"20,0.0,1","proc":20.2,"steps":2,"stop":"descent","t_ms":26374}
SPIKE {"added":{"GPUParticles3D":4,"MeshInstance3D":1,"Node3D":2,"Timer":6},"awake":16,"cpu_render":5.8,"fades":0,"frame":26.0,"gpu":6.6,"lights_switched":0,"minimap":false,"phases":"pre>post 7.9, phys>phys 4.5, phys>proc 4.3","phys":12.4,"pipelines":0,"pos":"20,0.0,1","proc":20.2,"steps":2,"stop":"descent","t_ms":26400}
SPIKE {"added":{"Decal":3,"GPUParticles3D":40,"MeshInstance3D":14,"Node3D":19,"Node3D(projectile.gd)":1,"OmniLight3D":11,"Timer":54},"awake":15,"cpu_render":3.1,"fades":0,"frame":47.1,"gpu":6.5,"lights_switched":11,"minimap":false,"phases":"pre>post 8.0, phys>phys 20.3, phys>proc 7.2","phys":12.4,"pipelines":0,"pos":"20,0.0,2","proc":20.2,"steps":2,"stop":"descent","t_ms":26599}
SPIKE {"added":{"Decal":1,"GPUParticles3D":22,"MeshInstance3D":7,"Node3D":11,"OmniLight3D":1,"Timer":32},"awake":15,"cpu_render":4.1,"fades":0,"frame":52.0,"gpu":7.6,"lights_switched":1,"minimap":false,"phases":"pre>post 7.5, phys>phys 11.6, phys>proc 22.9","phys":12.4,"pipelines":0,"pos":"21,0.0,1","proc":20.2,"steps":2,"stop":"descent","t_ms":26707}
SPIKE {"added":{},"awake":15,"cpu_render":3.9,"fades":0,"frame":34.6,"gpu":6.1,"lights_switched":0,"minimap":false,"phases":"pre>post 13.9, phys>phys 5.6, phys>phys 5.3, phys>proc 2.6","phys":12.4,"pipelines":0,"pos":"21,0.0,1","proc":20.2,"steps":3,"stop":"descent","t_ms":26742}
SPIKE {"added":{"GPUParticles3D":17,"MeshInstance3D":6,"Node3D":8,"OmniLight3D":2,"Timer":22},"awake":15,"cpu_render":3.8,"fades":0,"frame":28.1,"gpu":6.3,"lights_switched":2,"minimap":false,"phases":"pre>post 8.8, phys>phys 7.6, phys>proc 3.0","phys":12.4,"pipelines":0,"pos":"21,0.0,1","proc":20.2,"steps":2,"stop":"descent","t_ms":26791}
SPIKE {"added":{"GPUParticles3D":37,"MeshInstance3D":11,"Node3D":15,"OmniLight3D":8,"Timer":42},"awake":15,"cpu_render":4.7,"fades":0,"frame":25.5,"gpu":5.9,"lights_switched":8,"minimap":false,"phases":"pre>post 6.4, phys>proc 11.0","phys":23.2,"pipelines":0,"pos":"23,0.0,0","proc":20.9,"steps":1,"stop":"descent","t_ms":26973}
SPIKE {"added":{"GPUParticles3D":5,"MeshInstance3D":1,"Node3D":2,"OmniLight3D":1,"Timer":7},"awake":15,"cpu_render":3.1,"fades":0,"frame":26.5,"gpu":5.8,"lights_switched":1,"minimap":false,"phases":"pre>post 10.1, phys>phys 4.5, phys>proc 4.4","phys":23.2,"pipelines":0,"pos":"23,0.0,0","proc":20.9,"steps":2,"stop":"descent","t_ms":26999}
SPIKE {"added":{"Decal":1,"GPUParticles3D":15,"MeshInstance3D":7,"Node3D":10,"Node3D(projectile.gd)":1,"OmniLight3D":2,"Timer":23},"awake":15,"cpu_render":3.3,"fades":0,"frame":25.0,"gpu":5.6,"lights_switched":2,"minimap":false,"phases":"pre>post 7.2, phys>phys 8.1, phys>proc 4.2","phys":23.2,"pipelines":0,"pos":"24,0.0,-0","proc":20.9,"steps":2,"stop":"descent","t_ms":27184}
SPIKE {"added":{},"awake":15,"cpu_render":4.4,"fades":0,"frame":25.8,"gpu":5.5,"lights_switched":1,"minimap":false,"phases":"pre>post 10.5, phys>proc 4.9","phys":23.2,"pipelines":0,"pos":"24,0.0,-0","proc":20.9,"steps":1,"stop":"descent","t_ms":27496}
SPIKE {"added":{},"awake":15,"cpu_render":5.4,"fades":0,"frame":33.2,"gpu":5.3,"lights_switched":0,"minimap":false,"phases":"pre>post 10.7, phys>phys 6.7, phys>proc 4.8","phys":23.2,"pipelines":0,"pos":"24,0.0,-0","proc":20.9,"steps":2,"stop":"descent","t_ms":27529}
SPIKE {"added":{"MeshInstance3D":1,"Node3D":2,"Node3D(projectile.gd)":1},"awake":15,"cpu_render":4.5,"fades":0,"frame":29.3,"gpu":5.7,"lights_switched":0,"minimap":false,"phases":"pre>post 8.6, phys>proc 6.0","phys":23.2,"pipelines":0,"pos":"24,0.0,-1","proc":20.9,"steps":1,"stop":"descent","t_ms":27558}
SPIKE {"added":{"Decal":1,"GPUParticles3D":24,"MeshInstance3D":5,"Node3D":12,"OmniLight3D":2,"Timer":32},"awake":15,"cpu_render":3.3,"fades":0,"frame":35.6,"gpu":5.7,"lights_switched":2,"minimap":false,"phases":"pre>post 10.5, phys>phys 4.5, phys>proc 12.0","phys":23.2,"pipelines":0,"pos":"25,0.0,-1","proc":20.9,"steps":2,"stop":"descent","t_ms":27594}
SPIKE {"added":{"GPUParticles3D":4,"MeshInstance3D":2,"Node3D":2,"Timer":6},"awake":15,"cpu_render":4.9,"fades":0,"frame":25.1,"gpu":5.4,"lights_switched":0,"minimap":false,"phases":"pre>post 8.9, phys>phys 5.3, phys>proc 4.1","phys":23.2,"pipelines":0,"pos":"25,0.0,-1","proc":20.9,"steps":2,"stop":"descent","t_ms":27619}
SPIKE {"added":{},"awake":15,"cpu_render":2.8,"fades":0,"frame":25.0,"gpu":5.3,"lights_switched":0,"minimap":false,"phases":"pre>post 9.9, phys>proc 6.1","phys":23.2,"pipelines":0,"pos":"26,0.0,-1","proc":20.9,"steps":1,"stop":"descent","t_ms":27793}
SPIKE {"added":{"GPUParticles3D":1,"MeshInstance3D":3,"Node3D":3,"Node3D(projectile.gd)":2},"awake":15,"cpu_render":4.7,"fades":0,"frame":26.8,"gpu":5.5,"lights_switched":0,"minimap":false,"phases":"pre>post 6.7, phys>phys 5.3, phys>proc 5.4","phys":23.2,"pipelines":0,"pos":"26,0.0,-1","proc":20.9,"steps":2,"stop":"descent","t_ms":27820}
SPIKE {"added":{"Decal":1,"GPUParticles3D":8,"MeshInstance3D":4,"Node3D":5,"Node3D(projectile.gd)":1,"OmniLight3D":3,"Timer":10},"awake":15,"cpu_render":2.5,"fades":0,"frame":26.6,"gpu":5.4,"lights_switched":3,"minimap":false,"phases":"pre>post 8.9, phys>proc 11.8","phys":12.0,"pipelines":0,"pos":"28,0.0,-2","proc":23.2,"steps":1,"stop":"descent","t_ms":28710}
SPIKE {"added":{},"awake":15,"cpu_render":3.2,"fades":0,"frame":29.4,"gpu":4.9,"lights_switched":0,"minimap":false,"phases":"pre>post 11.0, phys>proc 6.6","phys":8.1,"pipelines":0,"pos":"28,0.0,-2","proc":16.5,"steps":1,"stop":"descent","t_ms":31176}
SPIKE {"added":{"Decal":1,"GPUParticles3D":27,"MeshInstance3D":11,"Node3D":14,"OmniLight3D":5,"Timer":39},"awake":15,"cpu_render":5.2,"fades":0,"frame":27.1,"gpu":5.7,"lights_switched":5,"minimap":false,"phases":"pre>post 5.4, phys>phys 3.4, phys>proc 10.7","phys":8.1,"pipelines":0,"pos":"28,0.0,-2","proc":16.5,"steps":2,"stop":"descent","t_ms":31203}
STUCK near (28.44953, 0.001, -2.297096) heading for descent: hop to the next path point
SPIKE {"added":{"GPUParticles3D":10,"MeshInstance3D":4,"Node3D":5,"OmniLight3D":1,"Timer":15},"awake":15,"cpu_render":2.0,"fades":0,"frame":37.9,"gpu":4.8,"lights_switched":1,"minimap":false,"phases":"pre>post 6.6, phys>proc 26.7","phys":8.1,"pipelines":0,"pos":"30,0.7,-4","proc":16.5,"steps":1,"stop":"descent","t_ms":31283}
SPIKE {"added":{"Decal":1,"GPUParticles3D":25,"MeshInstance3D":12,"Node3D":14,"OmniLight3D":6,"Timer":39},"awake":15,"cpu_render":1.6,"fades":0,"frame":25.6,"gpu":4.5,"lights_switched":6,"minimap":false,"phases":"pre>post 6.6, phys>proc 14.9","phys":26.7,"pipelines":0,"pos":"32,0.0,-10","proc":22.6,"steps":1,"stop":"descent","t_ms":32173}
SPIKE {"added":{"Decal":2,"GPUParticles3D":10,"MeshInstance3D":4,"Node3D":5,"OmniLight3D":3,"Timer":15},"awake":15,"cpu_render":2.2,"fades":0,"frame":26.3,"gpu":4.3,"lights_switched":3,"minimap":false,"phases":"pre>post 6.1, phys>proc 13.4","phys":26.7,"pipelines":0,"pos":"33,0.0,-11","proc":22.6,"steps":1,"stop":"descent","t_ms":32323}
SPIKE {"added":{"Decal":3,"GPUParticles3D":30,"MeshInstance3D":16,"Node3D":23,"Node3D(loot_drop.gd)":2,"OmniLight3D":9,"Timer":44},"awake":15,"cpu_render":1.6,"fades":0,"frame":32.1,"gpu":4.4,"lights_switched":9,"minimap":false,"phases":"pre>post 3.9, phys>proc 18.6","phys":26.7,"pipelines":0,"pos":"33,0.9,-14","proc":22.6,"steps":1,"stop":"descent","t_ms":32792}
SPIKE {"added":{"GPUParticles3D":34,"MeshInstance3D":13,"Node3D":18,"OmniLight3D":6,"Timer":50},"awake":14,"cpu_render":1.4,"fades":0,"frame":29.5,"gpu":7.2,"lights_switched":6,"minimap":false,"phases":"pre>post 9.9, phys>proc 15.5","phys":18.6,"pipelines":0,"pos":"33,3.0,-18","proc":16.2,"steps":1,"stop":"descent","t_ms":33543}
SPIKE {"added":{},"awake":14,"cpu_render":2.3,"fades":0,"frame":26.0,"gpu":3.1,"lights_switched":0,"minimap":false,"phases":"pre>post 4.8, phys>proc 15.3","phys":15.5,"pipelines":0,"pos":"31,4.0,-25","proc":16.9,"steps":1,"stop":"descent","t_ms":34656}
SPIKE {"added":{"GPUParticles3D":15,"MeshInstance3D":6,"Node3D":9,"OmniLight3D":4,"Timer":24},"awake":14,"cpu_render":2.6,"fades":0,"frame":26.7,"gpu":3.1,"lights_switched":4,"minimap":false,"phases":"pre>post 3.0, phys>proc 16.0","phys":15.5,"pipelines":0,"pos":"31,4.0,-25","proc":16.9,"steps":1,"stop":"descent","t_ms":34683}
WALKSUM {"avg_awake":18.72,"avg_cpu_render":2.69,"avg_draws":1505.11,"avg_fps":58.6,"avg_gpu":5.27,"avg_objects":2695.28,"avg_phys":12.64,"avg_proc":17.52,"avg_steps":1.02,"drawn_speed_unevenness":0.361,"drawn_still_while_walking":1,"frames":2043,"hero_moving_frames":1770,"hero_still_frames":273,"lite":true,"low1_fps":27.2,"map":"dg_prismheart_6","max_ms":52.0,"median_ms":16.59,"minimap_renders":13,"multi_step_frames":55,"nodes_end":5856,"nodes_start":5344,"over_17ms":561,"over_25ms":63,"over_33ms":13,"over_50ms":1,"p99_ms":29.36,"particles_end":160,"particles_start":50,"seconds":34.8,"spike_causes":{"fades":0,"lights":43,"minimap":0,"multi_step":26,"nodes_added":49,"pipelines":2},"stuck":1,"vsync":true,"walking_frames":1706,"zero_step_frames":6}
ERROR: 1 RID allocations of type 'N10RendererRD14TextureStorage7TextureE' were leaked at exit.
ERROR: Parameter "RenderingServer::get_singleton()" is null.
   at: ~CompressedTexture2D (scene/resources/compressed_texture.cpp:464)
WARNING: 2 RIDs of type "Texture" were leaked.
   at: finalize (servers/rendering/rendering_device.cpp:8900)
WARNING: 155 ObjectDB instances were leaked at exit (run with `--verbose` for details).
   at: cleanup (core/object/object.cpp:2536)
ERROR: 4 resources still in use at exit (run with --verbose for details).
   at: clear (core/io/resource.cpp:822)
ERROR: Pages in use exist at exit in PagedAllocator: N12VariantPools12BucketMediumE
   at: ~PagedAllocator (./core/templates/paged_allocator.h:170)
