Godot Engine v4.7.2.stable.official.ed1daf0bf - https://godotengine.org
OpenGL API 3.3.0 NVIDIA 596.36 - Compatibility - Using Device: NVIDIA - NVIDIA GeForce RTX 4060

WARNING: Screen-space AA is only available when using the Forward+ or Mobile renderer.
   at: viewport_set_screen_space_aa (servers/rendering/renderer_viewport.cpp:1435)
PERF {"cpu_render":{"avg":3.01,"median":2.88,"p95":4.58,"samples":900},"draws":{"avg":407.99,"median":439.0,"p95":453.0,"samples":900},"frame":{"avg":6.51,"max":15.43,"median":6.15,"p95":10.57,"p99":13.21,"samples":900},"gpu":{"avg":3.55,"median":3.62,"p95":4.36,"samples":900},"lights":{"avg":6.0,"median":6.0,"p95":6.0,"samples":900},"objects":{"avg":1030.3,"median":1024.0,"p95":1108.0,"samples":900},"prims":{"avg":114066.08,"median":128951.0,"p95":145922.0,"samples":900},"script":{"avg":17.83,"median":17.38,"p95":27.36,"samples":900}} renderer=gl_compatibility lite=true map=ruined_forest lights_in_map=39 vmem=307.4
ERROR: 1 RID allocations of type 'N5GLES37TextureE' were leaked at exit.
ERROR: Texture with GL ID of 72: leaked 12280 bytes.
   at: ~Utilities (drivers/gles3/storage/utilities.cpp:82)
ERROR: Texture with GL ID of 450: leaked 21844 bytes.
   at: ~Utilities (drivers/gles3/storage/utilities.cpp:82)
ERROR: Texture with GL ID of 451: leaked 21844 bytes.
   at: ~Utilities (drivers/gles3/storage/utilities.cpp:82)
ERROR: Parameter "RenderingServer::get_singleton()" is null.
   at: ~CompressedTexture2D (scene/resources/compressed_texture.cpp:464)
WARNING: 8 ObjectDB instances were leaked at exit (run with `--verbose` for details).
   at: cleanup (core/object/object.cpp:2536)
ERROR: 2 resources still in use at exit (run with --verbose for details).
   at: clear (core/io/resource.cpp:822)
ERROR: Pages in use exist at exit in PagedAllocator: N12VariantPools12BucketMediumE
   at: ~PagedAllocator (./core/templates/paged_allocator.h:170)
