A first run per scenario is a warm-up for the disk cache and is kept in the folder but not summarised separately.
  combat    pc-low  r1:    43 s
  combat    mobile  r1:    42 s
  combat-12 pc-low  r1:    23 s
  combat-12 mobile  r1:    22 s
  forest    pc-low  r1:    21 s
  forest    mobile  r1:    24 s
  town      pc-low  r1:    22 s
  town      mobile  r1:    19 s
  dungeon   pc-low  r1:    23 s
  dungeon   mobile  r1:    22 s
  agdao     pc-low  r1:    26 s
  agdao     mobile  r1:    24 s
  combat    pc-low  r2:    36 s
  combat    mobile  r2:    45 s
  combat-12 pc-low  r2:    21 s
  combat-12 mobile  r2:    22 s
  forest    pc-low  r2:    23 s
  forest    mobile  r2:    23 s
  town      pc-low  r2:    20 s
  town      mobile  r2:    19 s
  dungeon   pc-low  r2:    19 s
  dungeon   mobile  r2:    19 s
  agdao     pc-low  r2:    22 s
  agdao     mobile  r2:    24 s
summary: A:\Python\beyond-heroes\output\bh-035\perf\baseline\summary.json
