Godot Engine v4.7.2.stable.official.ed1daf0bf - https://godotengine.org

BOSS_CRIT {"hp":103347,"max_hit":5335,"rarity":5}
BOSS_CRIT {"hp":100243,"max_hit":7082,"rarity":6}
BOSS_CRIT {"hp":120644,"max_hit":6932,"rarity":8}
STORY_BOSS {"hp":100243,"level":49}
AUDIT {"boss_hp":43815,"class":"knight","dps":1947,"enemy_hp":3140,"level":30,"seconds":1.6}
AUDIT {"boss_hp":31283,"class":"mage","dps":1390,"enemy_hp":3140,"level":30,"seconds":2.3}
AUDIT {"boss_hp":39809,"class":"ranger","dps":1769,"enemy_hp":3140,"level":30,"seconds":1.8}
AUDIT {"boss_hp":40546,"class":"shadowblade","dps":1802,"enemy_hp":3140,"level":30,"seconds":1.7}
AUDIT {"boss_hp":80594,"class":"knight","dps":3582,"enemy_hp":10759,"level":45,"seconds":3.0}
AUDIT {"boss_hp":69788,"class":"mage","dps":3102,"enemy_hp":10759,"level":45,"seconds":3.5}
AUDIT {"boss_hp":94097,"class":"ranger","dps":4182,"enemy_hp":10759,"level":45,"seconds":2.6}
AUDIT {"boss_hp":58400,"class":"shadowblade","dps":2596,"enemy_hp":10759,"level":45,"seconds":4.1}
AUDIT {"boss_hp":180335,"class":"knight","dps":8015,"enemy_hp":27531,"level":60,"seconds":3.4}
AUDIT {"boss_hp":116097,"class":"mage","dps":5160,"enemy_hp":27531,"level":60,"seconds":5.3}
AUDIT {"boss_hp":168822,"class":"ranger","dps":7503,"enemy_hp":27531,"level":60,"seconds":3.7}
AUDIT {"boss_hp":116873,"class":"shadowblade","dps":5194,"enemy_hp":27531,"level":60,"seconds":5.3}
AUDIT {"boss_hp":286018,"class":"knight","dps":12712,"enemy_hp":44713,"level":75,"seconds":3.5}
AUDIT {"boss_hp":180185,"class":"mage","dps":8008,"enemy_hp":44713,"level":75,"seconds":5.6}
AUDIT {"boss_hp":282589,"class":"ranger","dps":12560,"enemy_hp":44713,"level":75,"seconds":3.6}
AUDIT {"boss_hp":181408,"class":"shadowblade","dps":8063,"enemy_hp":44713,"level":75,"seconds":5.5}
AUDIT {"boss_hp":436842,"class":"knight","dps":19415,"enemy_hp":68062,"level":90,"seconds":3.5}
AUDIT {"boss_hp":269606,"class":"mage","dps":11982,"enemy_hp":68062,"level":90,"seconds":5.7}
AUDIT {"boss_hp":440214,"class":"ranger","dps":19565,"enemy_hp":68062,"level":90,"seconds":3.5}
AUDIT {"boss_hp":283853,"class":"shadowblade","dps":12616,"enemy_hp":68062,"level":90,"seconds":5.4}
AUDIT {"boss_hp":620901,"class":"knight","dps":27596,"enemy_hp":98597,"level":105,"seconds":3.6}
AUDIT {"boss_hp":377788,"class":"mage","dps":16791,"enemy_hp":98597,"level":105,"seconds":5.9}
AUDIT {"boss_hp":653520,"class":"ranger","dps":29045,"enemy_hp":98597,"level":105,"seconds":3.4}
AUDIT {"boss_hp":394440,"class":"shadowblade","dps":17531,"enemy_hp":98597,"level":105,"seconds":5.6}
AUDIT {"boss_hp":11205954,"class":"knight","dps":498042,"enemy_hp":1618143,"level":300,"seconds":3.2}
AUDIT {"boss_hp":6324021,"class":"mage","dps":281068,"enemy_hp":1618143,"level":300,"seconds":5.8}
AUDIT {"boss_hp":13433637,"class":"ranger","dps":597051,"enemy_hp":1618143,"level":300,"seconds":2.7}
AUDIT {"boss_hp":6617752,"class":"shadowblade","dps":294122,"enemy_hp":1618143,"level":300,"seconds":5.5}
RANGER burst=7945 boss_hp=160621.964688663
SCREENSHOT corrected bow=(318.4261, 657.6191) crossbow=(706.649, 1068.004) DPS ratio=1.40482885652424
[PASS] test_balance_audit.gd — 8 tests, 4042 checks, 0 failures (1659.0 ms)
BOSS_SET_WEIGHTS seed=303015 samples=10000 sets={"ashfall_pilgrim":455,"crimson_glory":897,"dragonforge":895,"eclipse_dancer":440,"gale_nomad":477,"grievance_of_the_fairy":457,"obsidian_oath":890,"pale_requiem":457,"serpent_veil":452,"starfall_hunter":471,"sunken_crown":886,"thunder_abbot":448,"truth_of_raikuru":1821,"wailing_mistress":484,"winter_court":470} target_missing=1555 target_owned=266
[PASS] test_boss_sets.gd — 7 tests, 5958 checks, 0 failures (5523.6 ms)
[PASS] test_class_rework.gd — 12 tests, 77 checks, 0 failures (4084.9 ms)
GROWTH {"class":"knight","enemy_hp":66,"hit":19,"hits_to_kill":3.5,"level":5,"skill_hit":36,"weapon":"wayfarer_blade","weapon_max":16,"weapon_min":9}
GROWTH {"class":"knight","enemy_hp":205,"hit":55,"hits_to_kill":3.7,"level":10,"skill_hit":104,"weapon":"artisan_copperleaf_sword","weapon_max":40,"weapon_min":22}
GROWTH {"class":"knight","enemy_hp":472,"hit":106,"hits_to_kill":4.5,"level":15,"skill_hit":202,"weapon":"duelist_sabre","weapon_max":51,"weapon_min":29}
GROWTH {"class":"knight","enemy_hp":920,"hit":270,"hits_to_kill":3.4,"level":20,"skill_hit":514,"weapon":"runed_sword","weapon_max":111,"weapon_min":72}
GROWTH {"class":"knight","enemy_hp":1611,"hit":340,"hits_to_kill":4.7,"level":25,"skill_hit":647,"weapon":"depth_copperleaf_backsword","weapon_max":167,"weapon_min":90}
GROWTH {"class":"knight","enemy_hp":3140,"hit":377,"hits_to_kill":8.3,"level":30,"skill_hit":716,"weapon":"artisan_split_crown_sword","weapon_max":179,"weapon_min":96}
GROWTH {"class":"knight","enemy_hp":10759,"hit":950,"hits_to_kill":11.3,"level":45,"skill_hit":1804,"weapon":"depth_hollowfin_estoc","weapon_max":416,"weapon_min":226}
GROWTH {"class":"knight","enemy_hp":27531,"hit":1792,"hits_to_kill":15.4,"level":60,"skill_hit":3405,"weapon":"depth_crownless_longsword","weapon_max":578,"weapon_min":312}
GROWTH {"class":"mage","enemy_hp":66,"hit":18,"hits_to_kill":3.6,"level":5,"skill_hit":42,"weapon":"pilgrims_staff","weapon_max":18,"weapon_min":9}
GROWTH {"class":"mage","enemy_hp":205,"hit":65,"hits_to_kill":3.2,"level":10,"skill_hit":85,"weapon":"storm_staff","weapon_max":37,"weapon_min":22}
GROWTH {"class":"mage","enemy_hp":472,"hit":178,"hits_to_kill":2.7,"level":15,"skill_hit":167,"weapon":"storm_staff","weapon_max":67,"weapon_min":39}
GROWTH {"class":"mage","enemy_hp":920,"hit":268,"hits_to_kill":3.4,"level":20,"skill_hit":275,"weapon":"frost_staff","weapon_max":98,"weapon_min":59}
GROWTH {"class":"mage","enemy_hp":1611,"hit":607,"hits_to_kill":2.7,"level":25,"skill_hit":435,"weapon":"depth_glowcap_crook","weapon_max":176,"weapon_min":96}
GROWTH {"class":"mage","enemy_hp":3140,"hit":784,"hits_to_kill":4.0,"level":30,"skill_hit":558,"weapon":"depth_tidal_forkstaff","weapon_max":218,"weapon_min":116}
GROWTH {"class":"mage","enemy_hp":10759,"hit":1587,"hits_to_kill":6.8,"level":45,"skill_hit":1010,"weapon":"depth_thornseed_branchstaff","weapon_max":368,"weapon_min":199}
GROWTH {"class":"mage","enemy_hp":27531,"hit":5513,"hits_to_kill":5.0,"level":60,"skill_hit":1685,"weapon":"depth_dawnspire_staff","weapon_max":705,"weapon_min":382}
GROWTH {"class":"ranger","enemy_hp":66,"hit":16,"hits_to_kill":4.1,"level":5,"skill_hit":31,"weapon":"fowling_bow","weapon_max":20,"weapon_min":9}
GROWTH {"class":"ranger","enemy_hp":205,"hit":53,"hits_to_kill":3.9,"level":10,"skill_hit":100,"weapon":"composite_bow","weapon_max":49,"weapon_min":25}
GROWTH {"class":"ranger","enemy_hp":472,"hit":105,"hits_to_kill":4.5,"level":15,"skill_hit":199,"weapon":"hornbow","weapon_max":82,"weapon_min":39}
GROWTH {"class":"ranger","enemy_hp":920,"hit":199,"hits_to_kill":4.6,"level":20,"skill_hit":378,"weapon":"warden_longbow","weapon_max":147,"weapon_min":77}
GROWTH {"class":"ranger","enemy_hp":1611,"hit":319,"hits_to_kill":5.1,"level":25,"skill_hit":606,"weapon":"depth_rootbend_shortbow","weapon_max":233,"weapon_min":114}
GROWTH {"class":"ranger","enemy_hp":3140,"hit":443,"hits_to_kill":7.1,"level":30,"skill_hit":842,"weapon":"depth_saltwind_recurve","weapon_max":291,"weapon_min":139}
GROWTH {"class":"ranger","enemy_hp":10759,"hit":845,"hits_to_kill":12.7,"level":45,"skill_hit":1605,"weapon":"depth_thornwing_bow","weapon_max":492,"weapon_min":239}
GROWTH {"class":"ranger","enemy_hp":27531,"hit":2347,"hits_to_kill":11.7,"level":60,"skill_hit":4459,"weapon":"depth_dawnfeather_bow","weapon_max":948,"weapon_min":457}
GROWTH {"class":"shadowblade","enemy_hp":66,"hit":8,"hits_to_kill":8.5,"level":5,"skill_hit":15,"weapon":"cutpurse_knife","weapon_max":10,"weapon_min":6}
GROWTH {"class":"shadowblade","enemy_hp":205,"hit":21,"hits_to_kill":9.8,"level":10,"skill_hit":40,"weapon":"shadow_kris","weapon_max":23,"weapon_min":12}
GROWTH {"class":"shadowblade","enemy_hp":472,"hit":62,"hits_to_kill":7.6,"level":15,"skill_hit":118,"weapon":"kukri","weapon_max":43,"weapon_min":25}
GROWTH {"class":"shadowblade","enemy_hp":920,"hit":97,"hits_to_kill":9.5,"level":20,"skill_hit":185,"weapon":"aether_stiletto","weapon_max":64,"weapon_min":33}
GROWTH {"class":"shadowblade","enemy_hp":1611,"hit":168,"hits_to_kill":9.6,"level":25,"skill_hit":320,"weapon":"depth_rootfang_skinner","weapon_max":108,"weapon_min":66}
GROWTH {"class":"shadowblade","enemy_hp":3140,"hit":259,"hits_to_kill":12.1,"level":30,"skill_hit":491,"weapon":"depth_keelhook_knife","weapon_max":136,"weapon_min":79}
GROWTH {"class":"shadowblade","enemy_hp":10759,"hit":461,"hits_to_kill":23.3,"level":45,"skill_hit":876,"weapon":"depth_briar_talon","weapon_max":230,"weapon_min":137}
GROWTH {"class":"shadowblade","enemy_hp":27531,"hit":1340,"hits_to_kill":20.5,"level":60,"skill_hit":2546,"weapon":"depth_dawnthorn_knife","weapon_max":439,"weapon_min":266}
[PASS] test_combat_growth.gd — 6 tests, 134 checks, 0 failures (1593.0 ms)
[PASS] test_damage.gd — 13 tests, 60 checks, 0 failures (214.1 ms)
[PASS] test_guilds.gd — 8 tests, 100 checks, 0 failures (28.3 ms)
[PASS] test_items.gd — 17 tests, 2477 checks, 0 failures (712.2 ms)
[PASS] test_progression.gd — 7 tests, 51 checks, 0 failures (8.3 ms)
[PASS] test_stats.gd — 8 tests, 159 checks, 0 failures (20.3 ms)
TOTAL: 13058 checks, 0 failures
