Godot Engine v4.7.2.stable.official.ed1daf0bf - https://godotengine.org
Vulkan 1.4.329 - Forward+ - Using Device #0: NVIDIA - NVIDIA GeForce RTX 4060

BH029 SHOT 50_zr_coilwood_overview
BH029 SHOT 51_zr_coilwood_topdown
BH029 SHOT 52_zr_coilwood_shrine
BH029 SHOT 53_zr_coilwood_aqueduct
BH029 SHOT 54_zr_coilwood_step_fields
BH029 SHOT 55_zr_coilwood_relay_west
BH029 SHOT 56_zr_coilwood_relay_south
BH029 SHOT 57_zr_coilwood_relay_east
BH029 SHOT 58_zr_coilwood_kharvenn_camp
BH029 SHOT 59_zr_coilwood_jade_gate
BH029 SHOT 60_zr_coilwood_east_road
WARNING: Navigation region synchronization had 2 edge error(s).
More than 2 edges tried to occupy the same map rasterization space.
This causes a logical error in the navigation mesh geometry and is commonly caused by overlap or too densely placed edges.
Consider baking with a higher 'cell_size', greater geometry margin, and less detailed bake objects to cause fewer edges.
Consider lowering the 'navigation/3d/merge_rasterizer_cell_scale' in the project settings.
This warning can be toggled under 'navigation/3d/warnings/navmesh_edge_merge_errors' in the project settings.
   at: _build_step_find_edge_connection_pairs (modules/navigation_3d/3d/nav_region_builder_3d.cpp:219)
   GDScript backtrace (most recent call first):
       [0] bake_navigation (res://src/world/map_builder.gd:87)
       [1] load_map (res://src/autoload/game.gd:222)
       [2] travel (res://src/autoload/game.gd:285)
BH029 SHOT 61_zr_barrens_overview
BH029 SHOT 62_zr_barrens_topdown
BH029 SHOT 63_zr_barrens_camp
BH029 SHOT 64_zr_barrens_colossus
BH029 SHOT 65_zr_barrens_crossroads
BH029 SHOT 66_zr_barrens_obsidian_gate
BH029 SHOT 67_zr_barrens_vein_gate
BH029 SHOT 68_zr_barrens_north_pass
BH029 SHOT 69_zr_barrens_west_road
BH029 SHOT 70_bridge_of_death_overview
BH029 SHOT 71_bridge_of_death_topdown
BH029 SHOT 72_bridge_of_death_south_gate
BH029 SHOT 73_bridge_of_death_span
BH029 SHOT 74_bridge_of_death_ward_pylons
BH029 SHOT 75_bridge_of_death_platform
BH029 SHOT 76_bridge_of_death_north_gate
BH029 SHOT 77_bridge_of_death_gorge
BH029 SHOT 78_bridge_of_death_game_south
BH029 SHOT 79_bridge_of_death_game_span
BH029 SHOT 80_bridge_of_death_game_pylon
BH029 SHOT 81_bridge_of_death_game_platform
ERROR: Cannot open file 'res://.godot/imported/leash_knight.glb-5c6eea5b5cb58b1ef449f77e065f2b1a.scn'.
   at: load (core/io/resource_format_binary.cpp:1156)
   GDScript backtrace (most recent call first):
       [0] setup (res://src/actors/character_visual.gd:89)
       [1] _ready (res://src/actors/enemy/enemy.gd:174)
       [2] spawn_enemy (res://src/world/spawner.gd:221)
       [3] _spawn_zone (res://src/world/spawner.gd:149)
       [4] _spawn_all (res://src/world/spawner.gd:60)
       [5] populate (res://src/world/spawner.gd:42)
       [6] load_map (res://src/autoload/game.gd:247)
       [7] travel (res://src/autoload/game.gd:285)
ERROR: Failed loading resource: res://.godot/imported/leash_knight.glb-5c6eea5b5cb58b1ef449f77e065f2b1a.scn.
   at: _load (core/io/resource_loader.cpp:317)
   GDScript backtrace (most recent call first):
       [0] setup (res://src/actors/character_visual.gd:89)
       [1] _ready (res://src/actors/enemy/enemy.gd:174)
       [2] spawn_enemy (res://src/world/spawner.gd:221)
       [3] _spawn_zone (res://src/world/spawner.gd:149)
       [4] _spawn_all (res://src/world/spawner.gd:60)
       [5] populate (res://src/world/spawner.gd:42)
       [6] load_map (res://src/autoload/game.gd:247)
       [7] travel (res://src/autoload/game.gd:285)
ERROR: Failed loading resource: res://assets/characters/leash_knight.glb.
   at: _load (core/io/resource_loader.cpp:317)
   GDScript backtrace (most recent call first):
       [0] setup (res://src/actors/character_visual.gd:89)
       [1] _ready (res://src/actors/enemy/enemy.gd:174)
       [2] spawn_enemy (res://src/world/spawner.gd:221)
       [3] _spawn_zone (res://src/world/spawner.gd:149)
       [4] _spawn_all (res://src/world/spawner.gd:60)
       [5] populate (res://src/world/spawner.gd:42)
       [6] load_map (res://src/autoload/game.gd:247)
       [7] travel (res://src/autoload/game.gd:285)
SCRIPT ERROR: Cannot call method 'instantiate' on a null value.
   at: CharacterVisual.setup (res://src/actors/character_visual.gd:90)
   GDScript backtrace (most recent call first):
       [0] setup (res://src/actors/character_visual.gd:90)
       [1] _ready (res://src/actors/enemy/enemy.gd:174)
       [2] spawn_enemy (res://src/world/spawner.gd:221)
       [3] _spawn_zone (res://src/world/spawner.gd:149)
       [4] _spawn_all (res://src/world/spawner.gd:60)
       [5] populate (res://src/world/spawner.gd:42)
       [6] load_map (res://src/autoload/game.gd:247)
       [7] travel (res://src/autoload/game.gd:285)
ERROR: Cannot open file 'res://.godot/imported/leash_knight.glb-5c6eea5b5cb58b1ef449f77e065f2b1a.scn'.
   at: load (core/io/resource_format_binary.cpp:1156)
   GDScript backtrace (most recent call first):
       [0] setup (res://src/actors/character_visual.gd:89)
       [1] _ready (res://src/actors/enemy/enemy.gd:174)
       [2] spawn_enemy (res://src/world/spawner.gd:221)
       [3] _spawn_zone (res://src/world/spawner.gd:149)
       [4] _spawn_all (res://src/world/spawner.gd:60)
       [5] populate (res://src/world/spawner.gd:42)
       [6] load_map (res://src/autoload/game.gd:247)
       [7] travel (res://src/autoload/game.gd:285)
ERROR: Failed loading resource: res://.godot/imported/leash_knight.glb-5c6eea5b5cb58b1ef449f77e065f2b1a.scn.
   at: _load (core/io/resource_loader.cpp:317)
   GDScript backtrace (most recent call first):
       [0] setup (res://src/actors/character_visual.gd:89)
       [1] _ready (res://src/actors/enemy/enemy.gd:174)
       [2] spawn_enemy (res://src/world/spawner.gd:221)
       [3] _spawn_zone (res://src/world/spawner.gd:149)
       [4] _spawn_all (res://src/world/spawner.gd:60)
       [5] populate (res://src/world/spawner.gd:42)
       [6] load_map (res://src/autoload/game.gd:247)
       [7] travel (res://src/autoload/game.gd:285)
ERROR: Failed loading resource: res://assets/characters/leash_knight.glb.
   at: _load (core/io/resource_loader.cpp:317)
   GDScript backtrace (most recent call first):
       [0] setup (res://src/actors/character_visual.gd:89)
       [1] _ready (res://src/actors/enemy/enemy.gd:174)
       [2] spawn_enemy (res://src/world/spawner.gd:221)
       [3] _spawn_zone (res://src/world/spawner.gd:149)
       [4] _spawn_all (res://src/world/spawner.gd:60)
       [5] populate (res://src/world/spawner.gd:42)
       [6] load_map (res://src/autoload/game.gd:247)
       [7] travel (res://src/autoload/game.gd:285)
SCRIPT ERROR: Cannot call method 'instantiate' on a null value.
   at: CharacterVisual.setup (res://src/actors/character_visual.gd:90)
   GDScript backtrace (most recent call first):
       [0] setup (res://src/actors/character_visual.gd:90)
       [1] _ready (res://src/actors/enemy/enemy.gd:174)
       [2] spawn_enemy (res://src/world/spawner.gd:221)
       [3] _spawn_zone (res://src/world/spawner.gd:149)
       [4] _spawn_all (res://src/world/spawner.gd:60)
       [5] populate (res://src/world/spawner.gd:42)
       [6] load_map (res://src/autoload/game.gd:247)
       [7] travel (res://src/autoload/game.gd:285)
ERROR: Cannot open file 'res://.godot/imported/leash_knight.glb-5c6eea5b5cb58b1ef449f77e065f2b1a.scn'.
   at: load (core/io/resource_format_binary.cpp:1156)
   GDScript backtrace (most recent call first):
       [0] setup (res://src/actors/character_visual.gd:89)
       [1] _ready (res://src/actors/enemy/enemy.gd:174)
       [2] spawn_enemy (res://src/world/spawner.gd:221)
       [3] _spawn_zone (res://src/world/spawner.gd:149)
       [4] _spawn_all (res://src/world/spawner.gd:60)
       [5] populate (res://src/world/spawner.gd:42)
       [6] load_map (res://src/autoload/game.gd:247)
       [7] travel (res://src/autoload/game.gd:285)
ERROR: Failed loading resource: res://.godot/imported/leash_knight.glb-5c6eea5b5cb58b1ef449f77e065f2b1a.scn.
   at: _load (core/io/resource_loader.cpp:317)
   GDScript backtrace (most recent call first):
       [0] setup (res://src/actors/character_visual.gd:89)
       [1] _ready (res://src/actors/enemy/enemy.gd:174)
       [2] spawn_enemy (res://src/world/spawner.gd:221)
       [3] _spawn_zone (res://src/world/spawner.gd:149)
       [4] _spawn_all (res://src/world/spawner.gd:60)
       [5] populate (res://src/world/spawner.gd:42)
       [6] load_map (res://src/autoload/game.gd:247)
       [7] travel (res://src/autoload/game.gd:285)
ERROR: Failed loading resource: res://assets/characters/leash_knight.glb.
   at: _load (core/io/resource_loader.cpp:317)
   GDScript backtrace (most recent call first):
       [0] setup (res://src/actors/character_visual.gd:89)
       [1] _ready (res://src/actors/enemy/enemy.gd:174)
       [2] spawn_enemy (res://src/world/spawner.gd:221)
       [3] _spawn_zone (res://src/world/spawner.gd:149)
       [4] _spawn_all (res://src/world/spawner.gd:60)
       [5] populate (res://src/world/spawner.gd:42)
       [6] load_map (res://src/autoload/game.gd:247)
       [7] travel (res://src/autoload/game.gd:285)
SCRIPT ERROR: Cannot call method 'instantiate' on a null value.
   at: CharacterVisual.setup (res://src/actors/character_visual.gd:90)
   GDScript backtrace (most recent call first):
       [0] setup (res://src/actors/character_visual.gd:90)
       [1] _ready (res://src/actors/enemy/enemy.gd:174)
       [2] spawn_enemy (res://src/world/spawner.gd:221)
       [3] _spawn_zone (res://src/world/spawner.gd:149)
       [4] _spawn_all (res://src/world/spawner.gd:60)
       [5] populate (res://src/world/spawner.gd:42)
       [6] load_map (res://src/autoload/game.gd:247)
       [7] travel (res://src/autoload/game.gd:285)
ERROR: Cannot open file 'res://.godot/imported/leash_knight.glb-5c6eea5b5cb58b1ef449f77e065f2b1a.scn'.
   at: load (core/io/resource_format_binary.cpp:1156)
   GDScript backtrace (most recent call first):
       [0] setup (res://src/actors/character_visual.gd:89)
       [1] _ready (res://src/actors/enemy/enemy.gd:174)
       [2] spawn_enemy (res://src/world/spawner.gd:221)
       [3] _spawn_zone (res://src/world/spawner.gd:149)
       [4] _spawn_all (res://src/world/spawner.gd:60)
       [5] populate (res://src/world/spawner.gd:42)
       [6] load_map (res://src/autoload/game.gd:247)
       [7] travel (res://src/autoload/game.gd:285)
ERROR: Failed loading resource: res://.godot/imported/leash_knight.glb-5c6eea5b5cb58b1ef449f77e065f2b1a.scn.
   at: _load (core/io/resource_loader.cpp:317)
   GDScript backtrace (most recent call first):
       [0] setup (res://src/actors/character_visual.gd:89)
       [1] _ready (res://src/actors/enemy/enemy.gd:174)
       [2] spawn_enemy (res://src/world/spawner.gd:221)
       [3] _spawn_zone (res://src/world/spawner.gd:149)
       [4] _spawn_all (res://src/world/spawner.gd:60)
       [5] populate (res://src/world/spawner.gd:42)
       [6] load_map (res://src/autoload/game.gd:247)
       [7] travel (res://src/autoload/game.gd:285)
ERROR: Failed loading resource: res://assets/characters/leash_knight.glb.
   at: _load (core/io/resource_loader.cpp:317)
   GDScript backtrace (most recent call first):
       [0] setup (res://src/actors/character_visual.gd:89)
       [1] _ready (res://src/actors/enemy/enemy.gd:174)
       [2] spawn_enemy (res://src/world/spawner.gd:221)
       [3] _spawn_zone (res://src/world/spawner.gd:149)
       [4] _spawn_all (res://src/world/spawner.gd:60)
       [5] populate (res://src/world/spawner.gd:42)
       [6] load_map (res://src/autoload/game.gd:247)
       [7] travel (res://src/autoload/game.gd:285)
SCRIPT ERROR: Cannot call method 'instantiate' on a null value.
   at: CharacterVisual.setup (res://src/actors/character_visual.gd:90)
   GDScript backtrace (most recent call first):
       [0] setup (res://src/actors/character_visual.gd:90)
       [1] _ready (res://src/actors/enemy/enemy.gd:174)
       [2] spawn_enemy (res://src/world/spawner.gd:221)
       [3] _spawn_zone (res://src/world/spawner.gd:149)
       [4] _spawn_all (res://src/world/spawner.gd:60)
       [5] populate (res://src/world/spawner.gd:42)
       [6] load_map (res://src/autoload/game.gd:247)
       [7] travel (res://src/autoload/game.gd:285)
ERROR: Cannot open file 'res://.godot/imported/leash_knight.glb-5c6eea5b5cb58b1ef449f77e065f2b1a.scn'.
   at: load (core/io/resource_format_binary.cpp:1156)
   GDScript backtrace (most recent call first):
       [0] setup (res://src/actors/character_visual.gd:89)
       [1] _ready (res://src/actors/enemy/enemy.gd:174)
       [2] spawn_enemy (res://src/world/spawner.gd:221)
       [3] _spawn_zone (res://src/world/spawner.gd:149)
       [4] _spawn_all (res://src/world/spawner.gd:60)
       [5] populate (res://src/world/spawner.gd:42)
       [6] load_map (res://src/autoload/game.gd:247)
       [7] travel (res://src/autoload/game.gd:285)
ERROR: Failed loading resource: res://.godot/imported/leash_knight.glb-5c6eea5b5cb58b1ef449f77e065f2b1a.scn.
   at: _load (core/io/resource_loader.cpp:317)
   GDScript backtrace (most recent call first):
       [0] setup (res://src/actors/character_visual.gd:89)
       [1] _ready (res://src/actors/enemy/enemy.gd:174)
       [2] spawn_enemy (res://src/world/spawner.gd:221)
       [3] _spawn_zone (res://src/world/spawner.gd:149)
       [4] _spawn_all (res://src/world/spawner.gd:60)
       [5] populate (res://src/world/spawner.gd:42)
       [6] load_map (res://src/autoload/game.gd:247)
       [7] travel (res://src/autoload/game.gd:285)
ERROR: Failed loading resource: res://assets/characters/leash_knight.glb.
   at: _load (core/io/resource_loader.cpp:317)
   GDScript backtrace (most recent call first):
       [0] setup (res://src/actors/character_visual.gd:89)
       [1] _ready (res://src/actors/enemy/enemy.gd:174)
       [2] spawn_enemy (res://src/world/spawner.gd:221)
       [3] _spawn_zone (res://src/world/spawner.gd:149)
       [4] _spawn_all (res://src/world/spawner.gd:60)
       [5] populate (res://src/world/spawner.gd:42)
       [6] load_map (res://src/autoload/game.gd:247)
       [7] travel (res://src/autoload/game.gd:285)
SCRIPT ERROR: Cannot call method 'instantiate' on a null value.
   at: CharacterVisual.setup (res://src/actors/character_visual.gd:90)
   GDScript backtrace (most recent call first):
       [0] setup (res://src/actors/character_visual.gd:90)
       [1] _ready (res://src/actors/enemy/enemy.gd:174)
       [2] spawn_enemy (res://src/world/spawner.gd:221)
       [3] _spawn_zone (res://src/world/spawner.gd:149)
       [4] _spawn_all (res://src/world/spawner.gd:60)
       [5] populate (res://src/world/spawner.gd:42)
       [6] load_map (res://src/autoload/game.gd:247)
       [7] travel (res://src/autoload/game.gd:285)
ERROR: Cannot open file 'res://.godot/imported/leash_knight.glb-5c6eea5b5cb58b1ef449f77e065f2b1a.scn'.
   at: load (core/io/resource_format_binary.cpp:1156)
   GDScript backtrace (most recent call first):
       [0] setup (res://src/actors/character_visual.gd:89)
       [1] _ready (res://src/actors/enemy/enemy.gd:174)
       [2] spawn_enemy (res://src/world/spawner.gd:221)
       [3] _spawn_zone (res://src/world/spawner.gd:149)
       [4] _spawn_all (res://src/world/spawner.gd:60)
       [5] populate (res://src/world/spawner.gd:42)
       [6] load_map (res://src/autoload/game.gd:247)
       [7] travel (res://src/autoload/game.gd:285)
ERROR: Failed loading resource: res://.godot/imported/leash_knight.glb-5c6eea5b5cb58b1ef449f77e065f2b1a.scn.
   at: _load (core/io/resource_loader.cpp:317)
   GDScript backtrace (most recent call first):
       [0] setup (res://src/actors/character_visual.gd:89)
       [1] _ready (res://src/actors/enemy/enemy.gd:174)
       [2] spawn_enemy (res://src/world/spawner.gd:221)
       [3] _spawn_zone (res://src/world/spawner.gd:149)
       [4] _spawn_all (res://src/world/spawner.gd:60)
       [5] populate (res://src/world/spawner.gd:42)
       [6] load_map (res://src/autoload/game.gd:247)
       [7] travel (res://src/autoload/game.gd:285)
ERROR: Failed loading resource: res://assets/characters/leash_knight.glb.
   at: _load (core/io/resource_loader.cpp:317)
   GDScript backtrace (most recent call first):
       [0] setup (res://src/actors/character_visual.gd:89)
       [1] _ready (res://src/actors/enemy/enemy.gd:174)
       [2] spawn_enemy (res://src/world/spawner.gd:221)
       [3] _spawn_zone (res://src/world/spawner.gd:149)
       [4] _spawn_all (res://src/world/spawner.gd:60)
       [5] populate (res://src/world/spawner.gd:42)
       [6] load_map (res://src/autoload/game.gd:247)
       [7] travel (res://src/autoload/game.gd:285)
SCRIPT ERROR: Cannot call method 'instantiate' on a null value.
   at: CharacterVisual.setup (res://src/actors/character_visual.gd:90)
   GDScript backtrace (most recent call first):
       [0] setup (res://src/actors/character_visual.gd:90)
       [1] _ready (res://src/actors/enemy/enemy.gd:174)
       [2] spawn_enemy (res://src/world/spawner.gd:221)
       [3] _spawn_zone (res://src/world/spawner.gd:149)
       [4] _spawn_all (res://src/world/spawner.gd:60)
       [5] populate (res://src/world/spawner.gd:42)
       [6] load_map (res://src/autoload/game.gd:247)
       [7] travel (res://src/autoload/game.gd:285)
ERROR: Cannot open file 'res://.godot/imported/leash_knight.glb-5c6eea5b5cb58b1ef449f77e065f2b1a.scn'.
   at: load (core/io/resource_format_binary.cpp:1156)
   GDScript backtrace (most recent call first):
       [0] setup (res://src/actors/character_visual.gd:89)
       [1] _ready (res://src/actors/enemy/enemy.gd:174)
       [2] spawn_enemy (res://src/world/spawner.gd:221)
       [3] _spawn_zone (res://src/world/spawner.gd:149)
       [4] _spawn_all (res://src/world/spawner.gd:60)
       [5] populate (res://src/world/spawner.gd:42)
       [6] load_map (res://src/autoload/game.gd:247)
       [7] travel (res://src/autoload/game.gd:285)
ERROR: Failed loading resource: res://.godot/imported/leash_knight.glb-5c6eea5b5cb58b1ef449f77e065f2b1a.scn.
   at: _load (core/io/resource_loader.cpp:317)
   GDScript backtrace (most recent call first):
       [0] setup (res://src/actors/character_visual.gd:89)
       [1] _ready (res://src/actors/enemy/enemy.gd:174)
       [2] spawn_enemy (res://src/world/spawner.gd:221)
       [3] _spawn_zone (res://src/world/spawner.gd:149)
       [4] _spawn_all (res://src/world/spawner.gd:60)
       [5] populate (res://src/world/spawner.gd:42)
       [6] load_map (res://src/autoload/game.gd:247)
       [7] travel (res://src/autoload/game.gd:285)
ERROR: Failed loading resource: res://assets/characters/leash_knight.glb.
   at: _load (core/io/resource_loader.cpp:317)
   GDScript backtrace (most recent call first):
       [0] setup (res://src/actors/character_visual.gd:89)
       [1] _ready (res://src/actors/enemy/enemy.gd:174)
       [2] spawn_enemy (res://src/world/spawner.gd:221)
       [3] _spawn_zone (res://src/world/spawner.gd:149)
       [4] _spawn_all (res://src/world/spawner.gd:60)
       [5] populate (res://src/world/spawner.gd:42)
       [6] load_map (res://src/autoload/game.gd:247)
       [7] travel (res://src/autoload/game.gd:285)
SCRIPT ERROR: Cannot call method 'instantiate' on a null value.
   at: CharacterVisual.setup (res://src/actors/character_visual.gd:90)
   GDScript backtrace (most recent call first):
       [0] setup (res://src/actors/character_visual.gd:90)
       [1] _ready (res://src/actors/enemy/enemy.gd:174)
       [2] spawn_enemy (res://src/world/spawner.gd:221)
       [3] _spawn_zone (res://src/world/spawner.gd:149)
       [4] _spawn_all (res://src/world/spawner.gd:60)
       [5] populate (res://src/world/spawner.gd:42)
       [6] load_map (res://src/autoload/game.gd:247)
       [7] travel (res://src/autoload/game.gd:285)
ERROR: Cannot open file 'res://.godot/imported/leash_knight.glb-5c6eea5b5cb58b1ef449f77e065f2b1a.scn'.
   at: load (core/io/resource_format_binary.cpp:1156)
   GDScript backtrace (most recent call first):
       [0] setup (res://src/actors/character_visual.gd:89)
       [1] _ready (res://src/actors/enemy/enemy.gd:174)
       [2] spawn_enemy (res://src/world/spawner.gd:221)
       [3] _spawn_zone (res://src/world/spawner.gd:149)
       [4] _spawn_all (res://src/world/spawner.gd:60)
       [5] populate (res://src/world/spawner.gd:42)
       [6] load_map (res://src/autoload/game.gd:247)
       [7] travel (res://src/autoload/game.gd:285)
ERROR: Failed loading resource: res://.godot/imported/leash_knight.glb-5c6eea5b5cb58b1ef449f77e065f2b1a.scn.
   at: _load (core/io/resource_loader.cpp:317)
   GDScript backtrace (most recent call first):
       [0] setup (res://src/actors/character_visual.gd:89)
       [1] _ready (res://src/actors/enemy/enemy.gd:174)
       [2] spawn_enemy (res://src/world/spawner.gd:221)
       [3] _spawn_zone (res://src/world/spawner.gd:149)
       [4] _spawn_all (res://src/world/spawner.gd:60)
       [5] populate (res://src/world/spawner.gd:42)
       [6] load_map (res://src/autoload/game.gd:247)
       [7] travel (res://src/autoload/game.gd:285)
ERROR: Failed loading resource: res://assets/characters/leash_knight.glb.
   at: _load (core/io/resource_loader.cpp:317)
   GDScript backtrace (most recent call first):
       [0] setup (res://src/actors/character_visual.gd:89)
       [1] _ready (res://src/actors/enemy/enemy.gd:174)
       [2] spawn_enemy (res://src/world/spawner.gd:221)
       [3] _spawn_zone (res://src/world/spawner.gd:149)
       [4] _spawn_all (res://src/world/spawner.gd:60)
       [5] populate (res://src/world/spawner.gd:42)
       [6] load_map (res://src/autoload/game.gd:247)
       [7] travel (res://src/autoload/game.gd:285)
SCRIPT ERROR: Cannot call method 'instantiate' on a null value.
   at: CharacterVisual.setup (res://src/actors/character_visual.gd:90)
   GDScript backtrace (most recent call first):
       [0] setup (res://src/actors/character_visual.gd:90)
       [1] _ready (res://src/actors/enemy/enemy.gd:174)
       [2] spawn_enemy (res://src/world/spawner.gd:221)
       [3] _spawn_zone (res://src/world/spawner.gd:149)
       [4] _spawn_all (res://src/world/spawner.gd:60)
       [5] populate (res://src/world/spawner.gd:42)
       [6] load_map (res://src/autoload/game.gd:247)
       [7] travel (res://src/autoload/game.gd:285)
ERROR: Cannot open file 'res://.godot/imported/leash_knight.glb-5c6eea5b5cb58b1ef449f77e065f2b1a.scn'.
   at: load (core/io/resource_format_binary.cpp:1156)
   GDScript backtrace (most recent call first):
       [0] setup (res://src/actors/character_visual.gd:89)
       [1] _ready (res://src/actors/enemy/enemy.gd:174)
       [2] spawn_enemy (res://src/world/spawner.gd:221)
       [3] _spawn_zone (res://src/world/spawner.gd:149)
       [4] _spawn_all (res://src/world/spawner.gd:60)
       [5] populate (res://src/world/spawner.gd:42)
       [6] load_map (res://src/autoload/game.gd:247)
       [7] travel (res://src/autoload/game.gd:285)
ERROR: Failed loading resource: res://.godot/imported/leash_knight.glb-5c6eea5b5cb58b1ef449f77e065f2b1a.scn.
   at: _load (core/io/resource_loader.cpp:317)
   GDScript backtrace (most recent call first):
       [0] setup (res://src/actors/character_visual.gd:89)
       [1] _ready (res://src/actors/enemy/enemy.gd:174)
       [2] spawn_enemy (res://src/world/spawner.gd:221)
       [3] _spawn_zone (res://src/world/spawner.gd:149)
       [4] _spawn_all (res://src/world/spawner.gd:60)
       [5] populate (res://src/world/spawner.gd:42)
       [6] load_map (res://src/autoload/game.gd:247)
       [7] travel (res://src/autoload/game.gd:285)
ERROR: Failed loading resource: res://assets/characters/leash_knight.glb.
   at: _load (core/io/resource_loader.cpp:317)
   GDScript backtrace (most recent call first):
       [0] setup (res://src/actors/character_visual.gd:89)
       [1] _ready (res://src/actors/enemy/enemy.gd:174)
       [2] spawn_enemy (res://src/world/spawner.gd:221)
       [3] _spawn_zone (res://src/world/spawner.gd:149)
       [4] _spawn_all (res://src/world/spawner.gd:60)
       [5] populate (res://src/world/spawner.gd:42)
       [6] load_map (res://src/autoload/game.gd:247)
       [7] travel (res://src/autoload/game.gd:285)
SCRIPT ERROR: Cannot call method 'instantiate' on a null value.
   at: CharacterVisual.setup (res://src/actors/character_visual.gd:90)
   GDScript backtrace (most recent call first):
       [0] setup (res://src/actors/character_visual.gd:90)
       [1] _ready (res://src/actors/enemy/enemy.gd:174)
       [2] spawn_enemy (res://src/world/spawner.gd:221)
       [3] _spawn_zone (res://src/world/spawner.gd:149)
       [4] _spawn_all (res://src/world/spawner.gd:60)
       [5] populate (res://src/world/spawner.gd:42)
       [6] load_map (res://src/autoload/game.gd:247)
       [7] travel (res://src/autoload/game.gd:285)
ERROR: Cannot open file 'res://.godot/imported/leash_knight.glb-5c6eea5b5cb58b1ef449f77e065f2b1a.scn'.
   at: load (core/io/resource_format_binary.cpp:1156)
   GDScript backtrace (most recent call first):
       [0] setup (res://src/actors/character_visual.gd:89)
       [1] _ready (res://src/actors/enemy/enemy.gd:174)
       [2] spawn_enemy (res://src/world/spawner.gd:221)
       [3] _spawn_zone (res://src/world/spawner.gd:149)
       [4] _spawn_all (res://src/world/spawner.gd:60)
       [5] populate (res://src/world/spawner.gd:42)
       [6] load_map (res://src/autoload/game.gd:247)
       [7] travel (res://src/autoload/game.gd:285)
ERROR: Failed loading resource: res://.godot/imported/leash_knight.glb-5c6eea5b5cb58b1ef449f77e065f2b1a.scn.
   at: _load (core/io/resource_loader.cpp:317)
   GDScript backtrace (most recent call first):
       [0] setup (res://src/actors/character_visual.gd:89)
       [1] _ready (res://src/actors/enemy/enemy.gd:174)
       [2] spawn_enemy (res://src/world/spawner.gd:221)
       [3] _spawn_zone (res://src/world/spawner.gd:149)
       [4] _spawn_all (res://src/world/spawner.gd:60)
       [5] populate (res://src/world/spawner.gd:42)
       [6] load_map (res://src/autoload/game.gd:247)
       [7] travel (res://src/autoload/game.gd:285)
ERROR: Failed loading resource: res://assets/characters/leash_knight.glb.
   at: _load (core/io/resource_loader.cpp:317)
   GDScript backtrace (most recent call first):
       [0] setup (res://src/actors/character_visual.gd:89)
       [1] _ready (res://src/actors/enemy/enemy.gd:174)
       [2] spawn_enemy (res://src/world/spawner.gd:221)
       [3] _spawn_zone (res://src/world/spawner.gd:149)
       [4] _spawn_all (res://src/world/spawner.gd:60)
       [5] populate (res://src/world/spawner.gd:42)
       [6] load_map (res://src/autoload/game.gd:247)
       [7] travel (res://src/autoload/game.gd:285)
SCRIPT ERROR: Cannot call method 'instantiate' on a null value.
   at: CharacterVisual.setup (res://src/actors/character_visual.gd:90)
   GDScript backtrace (most recent call first):
       [0] setup (res://src/actors/character_visual.gd:90)
       [1] _ready (res://src/actors/enemy/enemy.gd:174)
       [2] spawn_enemy (res://src/world/spawner.gd:221)
       [3] _spawn_zone (res://src/world/spawner.gd:149)
       [4] _spawn_all (res://src/world/spawner.gd:60)
       [5] populate (res://src/world/spawner.gd:42)
       [6] load_map (res://src/autoload/game.gd:247)
       [7] travel (res://src/autoload/game.gd:285)
ERROR: Cannot open file 'res://.godot/imported/leash_knight.glb-5c6eea5b5cb58b1ef449f77e065f2b1a.scn'.
   at: load (core/io/resource_format_binary.cpp:1156)
   GDScript backtrace (most recent call first):
       [0] setup (res://src/actors/character_visual.gd:89)
       [1] _ready (res://src/actors/enemy/enemy.gd:174)
       [2] spawn_enemy (res://src/world/spawner.gd:221)
       [3] _spawn_zone (res://src/world/spawner.gd:149)
       [4] _spawn_all (res://src/world/spawner.gd:60)
       [5] populate (res://src/world/spawner.gd:42)
       [6] load_map (res://src/autoload/game.gd:247)
       [7] travel (res://src/autoload/game.gd:285)
ERROR: Failed loading resource: res://.godot/imported/leash_knight.glb-5c6eea5b5cb58b1ef449f77e065f2b1a.scn.
   at: _load (core/io/resource_loader.cpp:317)
   GDScript backtrace (most recent call first):
       [0] setup (res://src/actors/character_visual.gd:89)
       [1] _ready (res://src/actors/enemy/enemy.gd:174)
       [2] spawn_enemy (res://src/world/spawner.gd:221)
       [3] _spawn_zone (res://src/world/spawner.gd:149)
       [4] _spawn_all (res://src/world/spawner.gd:60)
       [5] populate (res://src/world/spawner.gd:42)
       [6] load_map (res://src/autoload/game.gd:247)
       [7] travel (res://src/autoload/game.gd:285)
ERROR: Failed loading resource: res://assets/characters/leash_knight.glb.
   at: _load (core/io/resource_loader.cpp:317)
   GDScript backtrace (most recent call first):
       [0] setup (res://src/actors/character_visual.gd:89)
       [1] _ready (res://src/actors/enemy/enemy.gd:174)
       [2] spawn_enemy (res://src/world/spawner.gd:221)
       [3] _spawn_zone (res://src/world/spawner.gd:149)
       [4] _spawn_all (res://src/world/spawner.gd:60)
       [5] populate (res://src/world/spawner.gd:42)
       [6] load_map (res://src/autoload/game.gd:247)
       [7] travel (res://src/autoload/game.gd:285)
SCRIPT ERROR: Cannot call method 'instantiate' on a null value.
   at: CharacterVisual.setup (res://src/actors/character_visual.gd:90)
   GDScript backtrace (most recent call first):
       [0] setup (res://src/actors/character_visual.gd:90)
       [1] _ready (res://src/actors/enemy/enemy.gd:174)
       [2] spawn_enemy (res://src/world/spawner.gd:221)
       [3] _spawn_zone (res://src/world/spawner.gd:149)
       [4] _spawn_all (res://src/world/spawner.gd:60)
       [5] populate (res://src/world/spawner.gd:42)
       [6] load_map (res://src/autoload/game.gd:247)
       [7] travel (res://src/autoload/game.gd:285)
ERROR: Cannot open file 'res://.godot/imported/leash_knight.glb-5c6eea5b5cb58b1ef449f77e065f2b1a.scn'.
   at: load (core/io/resource_format_binary.cpp:1156)
   GDScript backtrace (most recent call first):
       [0] setup (res://src/actors/character_visual.gd:89)
       [1] _ready (res://src/actors/enemy/enemy.gd:174)
       [2] spawn_enemy (res://src/world/spawner.gd:221)
       [3] _spawn_zone (res://src/world/spawner.gd:149)
       [4] _spawn_all (res://src/world/spawner.gd:60)
       [5] populate (res://src/world/spawner.gd:42)
       [6] load_map (res://src/autoload/game.gd:247)
       [7] travel (res://src/autoload/game.gd:285)
ERROR: Failed loading resource: res://.godot/imported/leash_knight.glb-5c6eea5b5cb58b1ef449f77e065f2b1a.scn.
   at: _load (core/io/resource_loader.cpp:317)
   GDScript backtrace (most recent call first):
       [0] setup (res://src/actors/character_visual.gd:89)
       [1] _ready (res://src/actors/enemy/enemy.gd:174)
       [2] spawn_enemy (res://src/world/spawner.gd:221)
       [3] _spawn_zone (res://src/world/spawner.gd:149)
       [4] _spawn_all (res://src/world/spawner.gd:60)
       [5] populate (res://src/world/spawner.gd:42)
       [6] load_map (res://src/autoload/game.gd:247)
       [7] travel (res://src/autoload/game.gd:285)
ERROR: Failed loading resource: res://assets/characters/leash_knight.glb.
   at: _load (core/io/resource_loader.cpp:317)
   GDScript backtrace (most recent call first):
       [0] setup (res://src/actors/character_visual.gd:89)
       [1] _ready (res://src/actors/enemy/enemy.gd:174)
       [2] spawn_enemy (res://src/world/spawner.gd:221)
       [3] _spawn_zone (res://src/world/spawner.gd:149)
       [4] _spawn_all (res://src/world/spawner.gd:60)
       [5] populate (res://src/world/spawner.gd:42)
       [6] load_map (res://src/autoload/game.gd:247)
       [7] travel (res://src/autoload/game.gd:285)
SCRIPT ERROR: Cannot call method 'instantiate' on a null value.
   at: CharacterVisual.setup (res://src/actors/character_visual.gd:90)
   GDScript backtrace (most recent call first):
       [0] setup (res://src/actors/character_visual.gd:90)
       [1] _ready (res://src/actors/enemy/enemy.gd:174)
       [2] spawn_enemy (res://src/world/spawner.gd:221)
       [3] _spawn_zone (res://src/world/spawner.gd:149)
       [4] _spawn_all (res://src/world/spawner.gd:60)
       [5] populate (res://src/world/spawner.gd:42)
       [6] load_map (res://src/autoload/game.gd:247)
       [7] travel (res://src/autoload/game.gd:285)
BH029 SHOT 82_zr_citadel_overview
BH029 SHOT 83_zr_citadel_topdown
BH029 SHOT 84_zr_citadel_gate
BH029 SHOT 85_zr_citadel_avenue
BH029 SHOT 86_zr_citadel_engine
BH029 SHOT 87_zr_citadel_arena
BH029 SHOT 88_zr_citadel_siege_camp
BH029 SHOT 89_zr_citadel_abbot_camp
BH029 SHOT 90_zr_citadel_game_gate
BH029 SHOT 91_zr_citadel_game_stairs
BH029 SHOT 92_zr_citadel_game_arena
BH029 CAPTURE DONE -> A:/Python/beyond-heroes/game/../work/lemondev/bh-029/evidence/captures
ERROR: 1 RID allocations of type 'N10RendererRD14TextureStorage7TextureE' were leaked at exit.
ERROR: Parameter "RenderingServer::get_singleton()" is null.
   at: ~CompressedTexture2D (scene/resources/compressed_texture.cpp:464)
WARNING: 2 RIDs of type "Texture" were leaked.
   at: finalize (servers/rendering/rendering_device.cpp:8900)
