Godot Engine v4.7.2.stable.official.ed1daf0bf - https://godotengine.org
Vulkan 1.4.329 - Forward+ - Using Device #0: NVIDIA - NVIDIA GeForce RTX 4060

BH029 SHOT 10_terax_zarael
BH029 SHOT 11_terax_zarael
BH029 SHOT 12_terax_the_pier
BH029 SHOT 13_terax_the_pier
BH029 SHOT 14_terax_two_winters_ago
BH029 SHOT 15_terax_two_winters_ago
BH029 SHOT 16_terax_two_winters_ago
BH029 SHOT 17_terax_the_three_vaults
BH029 SHOT 18_terax_the_crown_of_steps
BH029 SHOT 19_terax_the_crown_of_steps
BH029 terax met: true
BH029 SHOT 20_agdao_after_welcome
WARNING: Navigation region synchronization had 2 edge error(s).
More than 2 edges tried to occupy the same map rasterization space.
This causes a logical error in the navigation mesh geometry and is commonly caused by overlap or too densely placed edges.
Consider baking with a higher 'cell_size', greater geometry margin, and less detailed bake objects to cause fewer edges.
Consider lowering the 'navigation/3d/merge_rasterizer_cell_scale' in the project settings.
This warning can be toggled under 'navigation/3d/warnings/navmesh_edge_merge_errors' in the project settings.
   at: _build_step_find_edge_connection_pairs (modules/navigation_3d/3d/nav_region_builder_3d.cpp:219)
   GDScript backtrace (most recent call first):
       [0] bake_navigation (res://src/world/map_builder.gd:87)
       [1] load_map (res://src/autoload/game.gd:222)
       [2] travel (res://src/autoload/game.gd:285)
BH029 SHOT 90_monsters_lineup
BH029 SHOT 91_monster_00_glyphbound_warrior
BH029 SHOT 91_monster_01_coil_shaman
BH029 SHOT 91_monster_02_mossback_idol
BH029 SHOT 91_monster_03_wireback_stalker
BH029 SHOT 91_monster_04_relay_mote
BH029 SHOT 91_monster_05_wiresick_husk
BH029 SHOT 91_monster_06_arc_sentinel
BH029 SHOT 91_monster_07_chain_priest
BH029 SHOT 91_monster_08_chain_bearer
BH029 SHOT 91_monster_09_glasswire_scorpion
BH029 SHOT 91_monster_10_span_warden
BH029 SHOT 91_monster_11_wire_leaper
BH029 SHOT 91_monster_12_ward_eye
BH029 SHOT 91_monster_13_deathspan_colossus
BH029 SHOT 91_monster_14_leash_knight
BH029 SHOT 91_monster_15_gigas_spawn
BH029 SHOT 91_monster_16_heartwire_wraith
BH029 SHOT 91_monster_17_leash_abbot
BH029 SHOT 91_monster_18_jade_sleeper
BH029 SHOT 91_monster_19_serpent_oracle
BH029 SHOT 91_monster_20_jade_guardian
BH029 SHOT 91_monster_21_sepulchre_beetle
BH029 SHOT 91_monster_22_jade_king
BH029 SHOT 91_monster_23_obsidian_golem
BH029 SHOT 91_monster_24_stoker_thrall
BH029 SHOT 91_monster_25_shardcaster
BH029 SHOT 91_monster_26_engine_heart
BH029 SHOT 91_monster_27_marrow_hound
BH029 SHOT 91_monster_28_vein_knight
BH029 SHOT 91_monster_29_vein_mother
BH029 CAPTURE DONE -> A:/Python/beyond-heroes/work/lemondev/bh-029/scratch/orch/final1
ERROR: 1 RID allocations of type 'N10RendererRD14TextureStorage7TextureE' were leaked at exit.
ERROR: Parameter "RenderingServer::get_singleton()" is null.
   at: ~CompressedTexture2D (scene/resources/compressed_texture.cpp:464)
WARNING: 2 RIDs of type "Texture" were leaked.
   at: finalize (servers/rendering/rendering_device.cpp:8900)
