Godot Engine v4.7.2.stable.official.ed1daf0bf - https://godotengine.org

[   0% ] [90m[1mfirst_scan_filesystem[22m | Started Project initialization (5 steps)[39m[0m
[   0% ] [90m[1mfirst_scan_filesystem[22m | Scanning file structure...[39m[0m
[  16% ] [90m[1mfirst_scan_filesystem[22m | Loading global class names...[39m[0m
[  33% ] [90m[1mfirst_scan_filesystem[22m | Verifying GDExtensions...[39m[0m
[  50% ] [90m[1mfirst_scan_filesystem[22m | Creating autoload scripts...[39m[0m
[  66% ] [90m[1mfirst_scan_filesystem[22m | Initializing plugins...[39m[0m
[  83% ] [90m[1mfirst_scan_filesystem[22m | Starting file scan...[39m[0m
[92m[ DONE ][39m [1mfirst_scan_filesystem[22m
[0m
[   0% ] [90m[1mupdate_scripts_classes[22m | Started Registering global classes... (30 steps)[39m[0m
[   0% ] [90m[1mupdate_scripts_classes[22m | [39m[0m
[   3% ] [90m[1mupdate_scripts_classes[22m | [39m[0m
[   6% ] [90m[1mupdate_scripts_classes[22m | [39m[0m
[   9% ] [90m[1mupdate_scripts_classes[22m | [39m[0m
[  12% ] [90m[1mupdate_scripts_classes[22m | DataCutscenes[39m[0m
[  16% ] [90m[1mupdate_scripts_classes[22m | StoryDirector[39m[0m
[  19% ] [90m[1mupdate_scripts_classes[22m | DungeonGrowth[39m[0m
[  22% ] [90m[1mupdate_scripts_classes[22m | Objectives[39m[0m
[  25% ] [90m[1mupdate_scripts_classes[22m | DataDungeons[39m[0m
[  29% ] [90m[1mupdate_scripts_classes[22m | DataDungeonsZarael[39m[0m
[  32% ] [90m[1mupdate_scripts_classes[22m | DataDungeonPlans[39m[0m
[  35% ] [90m[1mupdate_scripts_classes[22m | DataDungeonPlansSpecial[39m[0m
[  38% ] [90m[1mupdate_scripts_classes[22m | DataDungeonPlansZarael[39m[0m
[  41% ] [90m[1mupdate_scripts_classes[22m | DataEnemies[39m[0m
[  45% ] [90m[1mupdate_scripts_classes[22m | DataEnemiesZarael[39m[0m
[  48% ] [90m[1mupdate_scripts_classes[22m | DataItems[39m[0m
[  51% ] [90m[1mupdate_scripts_classes[22m | DataMaps[39m[0m
[  54% ] [90m[1mupdate_scripts_classes[22m | DataNpcsZarael[39m[0m
[  58% ] [90m[1mupdate_scripts_classes[22m | DataShops[39m[0m
[  61% ] [90m[1mupdate_scripts_classes[22m | DataZarael[39m[0m
[  64% ] [90m[1mupdate_scripts_classes[22m | NpcDirectory[39m[0m
[  67% ] [90m[1mupdate_scripts_classes[22m | DialogueBox[39m[0m
[  70% ] [90m[1mupdate_scripts_classes[22m | [39m[0m
[  74% ] [90m[1mupdate_scripts_classes[22m | DawnEngine[39m[0m
[  77% ] [90m[1mupdate_scripts_classes[22m | RelayPylon[39m[0m
[  80% ] [90m[1mupdate_scripts_classes[22m | WardPylon[39m[0m
[  83% ] [90m[1mupdate_scripts_classes[22m | ZaraelStory[39m[0m
[  87% ] [90m[1mupdate_scripts_classes[22m | ZaraelVoyage[39m[0m
[  90% ] [90m[1mupdate_scripts_classes[22m | MapBuilder[39m[0m
[  93% ] [90m[1mupdate_scripts_classes[22m | MaterialLibrary[39m[0m
[92m[ DONE ][39m [1mupdate_scripts_classes[22m
[0m
[   0% ] [90m[1m_update_scan_actions[22m | Started Scanning actions... (52 steps)[39m[0m
[   0% ] [90m[1m_update_scan_actions[22m | zr_agave.glb[39m[0m
[   1% ] [90m[1m_update_scan_actions[22m | zr_bridge_gatehouse.glb[39m[0m
[   3% ] [90m[1m_update_scan_actions[22m | zr_bridge_pier.glb[39m[0m
[   5% ] [90m[1m_update_scan_actions[22m | zr_bridge_pylon.glb[39m[0m
[   7% ] [90m[1m_update_scan_actions[22m | zr_bridge_span_8m.glb[39m[0m
[   9% ] [90m[1m_update_scan_actions[22m | zr_bush_jungle.glb[39m[0m
[  11% ] [90m[1m_update_scan_actions[22m | zr_chain_spike.glb[39m[0m
[  13% ] [90m[1m_update_scan_actions[22m | zr_fern_giant.glb[39m[0m
[  15% ] [90m[1m_update_scan_actions[22m | zr_palm.glb[39m[0m
[  16% ] [90m[1m_update_scan_actions[22m | zr_relay_chains.glb[39m[0m
[  18% ] [90m[1m_update_scan_actions[22m | zr_relay_pylon.glb[39m[0m
[  20% ] [90m[1m_update_scan_actions[22m | zr_ruin_column.glb[39m[0m
[  22% ] [90m[1m_update_scan_actions[22m | zr_ruin_shrine.glb[39m[0m
[  24% ] [90m[1m_update_scan_actions[22m | zr_ruin_wall.glb[39m[0m
[  26% ] [90m[1m_update_scan_actions[22m | zr_tree_ceiba.glb[39m[0m
[  28% ] [90m[1m_update_scan_actions[22m | zr_vine_curtain.glb[39m[0m
[  30% ] [90m[1m_update_scan_actions[22m | blackwire_soil_albedo.png[39m[0m
[  32% ] [90m[1m_update_scan_actions[22m | blackwire_soil_normal.png[39m[0m
[  33% ] [90m[1m_update_scan_actions[22m | blackwire_soil_rough.png[39m[0m
[  35% ] [90m[1m_update_scan_actions[22m | cliff_ochre_albedo.png[39m[0m
[  37% ] [90m[1m_update_scan_actions[22m | cliff_ochre_normal.png[39m[0m
[  39% ] [90m[1m_update_scan_actions[22m | cliff_ochre_rough.png[39m[0m
[  41% ] [90m[1m_update_scan_actions[22m | glyph_stone_albedo.png[39m[0m
[  43% ] [90m[1m_update_scan_actions[22m | glyph_stone_normal.png[39m[0m
[  45% ] [90m[1m_update_scan_actions[22m | glyph_stone_rough.png[39m[0m
[  47% ] [90m[1m_update_scan_actions[22m | jade_stone_albedo.png[39m[0m
[  49% ] [90m[1m_update_scan_actions[22m | jade_stone_normal.png[39m[0m
[  50% ] [90m[1m_update_scan_actions[22m | jade_stone_rough.png[39m[0m
[  52% ] [90m[1m_update_scan_actions[22m | jungle_floor_albedo.png[39m[0m
[  54% ] [90m[1m_update_scan_actions[22m | jungle_floor_normal.png[39m[0m
[  56% ] [90m[1m_update_scan_actions[22m | jungle_floor_rough.png[39m[0m
[  58% ] [90m[1m_update_scan_actions[22m | lime_plaster_albedo.png[39m[0m
[  60% ] [90m[1m_update_scan_actions[22m | lime_plaster_normal.png[39m[0m
[  62% ] [90m[1m_update_scan_actions[22m | lime_plaster_rough.png[39m[0m
[  64% ] [90m[1m_update_scan_actions[22m | obsidian_albedo.png[39m[0m
[  66% ] [90m[1m_update_scan_actions[22m | obsidian_normal.png[39m[0m
[  67% ] [90m[1m_update_scan_actions[22m | obsidian_rough.png[39m[0m
[  69% ] [90m[1m_update_scan_actions[22m | red_clay_albedo.png[39m[0m
[  71% ] [90m[1m_update_scan_actions[22m | red_clay_normal.png[39m[0m
[  73% ] [90m[1m_update_scan_actions[22m | red_clay_rough.png[39m[0m
[  75% ] [90m[1m_update_scan_actions[22m | terrace_paving_albedo.png[39m[0m
[  77% ] [90m[1m_update_scan_actions[22m | terrace_paving_normal.png[39m[0m
[  79% ] [90m[1m_update_scan_actions[22m | terrace_paving_rough.png[39m[0m
[  81% ] [90m[1m_update_scan_actions[22m | turquoise_mosaic_albedo.png[39m[0m
[  83% ] [90m[1m_update_scan_actions[22m | turquoise_mosaic_normal.png[39m[0m
[  84% ] [90m[1m_update_scan_actions[22m | turquoise_mosaic_rough.png[39m[0m
[  86% ] [90m[1m_update_scan_actions[22m | agdao_elder.svg[39m[0m
[  88% ] [90m[1m_update_scan_actions[22m | agdao_porter.svg[39m[0m
[  90% ] [90m[1m_update_scan_actions[22m | agdao_vendor.svg[39m[0m
[  92% ] [90m[1m_update_scan_actions[22m | ilsa.svg[39m[0m
[  94% ] [90m[1m_update_scan_actions[22m | terax.svg[39m[0m
[  96% ] [90m[1m_update_scan_actions[22m | wirekeeper.svg[39m[0m
[92m[ DONE ][39m [1m_update_scan_actions[22m
[0m
[   0% ] [90m[1mreimport[22m | Started (Re)Importing Assets (52 steps)[39m[0m
[   0% ] [90m[1mreimport[22m | Preparing files to reimport...[39m[0m
[   1% ] [90m[1mreimport[22m | Preparing files to reimport...[39m[0m
[   3% ] [90m[1mreimport[22m | Preparing files to reimport...[39m[0m
[   5% ] [90m[1mreimport[22m | Preparing files to reimport...[39m[0m
[   7% ] [90m[1mreimport[22m | Preparing files to reimport...[39m[0m
[   9% ] [90m[1mreimport[22m | Preparing files to reimport...[39m[0m
[  11% ] [90m[1mreimport[22m | Preparing files to reimport...[39m[0m
[  13% ] [90m[1mreimport[22m | Preparing files to reimport...[39m[0m
[  15% ] [90m[1mreimport[22m | Preparing files to reimport...[39m[0m
[  16% ] [90m[1mreimport[22m | Preparing files to reimport...[39m[0m
[  18% ] [90m[1mreimport[22m | Preparing files to reimport...[39m[0m
[  20% ] [90m[1mreimport[22m | Preparing files to reimport...[39m[0m
[  22% ] [90m[1mreimport[22m | Preparing files to reimport...[39m[0m
[  24% ] [90m[1mreimport[22m | Preparing files to reimport...[39m[0m
[  26% ] [90m[1mreimport[22m | Preparing files to reimport...[39m[0m
[  28% ] [90m[1mreimport[22m | Preparing files to reimport...[39m[0m
[  30% ] [90m[1mreimport[22m | Preparing files to reimport...[39m[0m
[  32% ] [90m[1mreimport[22m | Preparing files to reimport...[39m[0m
[  33% ] [90m[1mreimport[22m | Preparing files to reimport...[39m[0m
[  35% ] [90m[1mreimport[22m | Preparing files to reimport...[39m[0m
[  37% ] [90m[1mreimport[22m | Preparing files to reimport...[39m[0m
[  39% ] [90m[1mreimport[22m | Preparing files to reimport...[39m[0m
[  41% ] [90m[1mreimport[22m | Preparing files to reimport...[39m[0m
[  43% ] [90m[1mreimport[22m | Preparing files to reimport...[39m[0m
[  45% ] [90m[1mreimport[22m | Preparing files to reimport...[39m[0m
[  47% ] [90m[1mreimport[22m | Preparing files to reimport...[39m[0m
[  49% ] [90m[1mreimport[22m | Preparing files to reimport...[39m[0m
[  50% ] [90m[1mreimport[22m | Preparing files to reimport...[39m[0m
[  52% ] [90m[1mreimport[22m | Preparing files to reimport...[39m[0m
[  54% ] [90m[1mreimport[22m | Preparing files to reimport...[39m[0m
[  56% ] [90m[1mreimport[22m | Preparing files to reimport...[39m[0m
[  58% ] [90m[1mreimport[22m | Preparing files to reimport...[39m[0m
[  60% ] [90m[1mreimport[22m | Preparing files to reimport...[39m[0m
[  62% ] [90m[1mreimport[22m | Preparing files to reimport...[39m[0m
[  64% ] [90m[1mreimport[22m | Preparing files to reimport...[39m[0m
[  66% ] [90m[1mreimport[22m | Preparing files to reimport...[39m[0m
[  67% ] [90m[1mreimport[22m | Preparing files to reimport...[39m[0m
[  69% ] [90m[1mreimport[22m | Preparing files to reimport...[39m[0m
[  71% ] [90m[1mreimport[22m | Preparing files to reimport...[39m[0m
[  73% ] [90m[1mreimport[22m | Preparing files to reimport...[39m[0m
[  75% ] [90m[1mreimport[22m | Preparing files to reimport...[39m[0m
[  77% ] [90m[1mreimport[22m | Preparing files to reimport...[39m[0m
[  79% ] [90m[1mreimport[22m | Preparing files to reimport...[39m[0m
[  81% ] [90m[1mreimport[22m | Preparing files to reimport...[39m[0m
[  83% ] [90m[1mreimport[22m | Preparing files to reimport...[39m[0m
[  84% ] [90m[1mreimport[22m | Preparing files to reimport...[39m[0m
[  86% ] [90m[1mreimport[22m | Preparing files to reimport...[39m[0m
[  88% ] [90m[1mreimport[22m | Preparing files to reimport...[39m[0m
[  90% ] [90m[1mreimport[22m | Preparing files to reimport...[39m[0m
[  92% ] [90m[1mreimport[22m | Preparing files to reimport...[39m[0m
[  94% ] [90m[1mreimport[22m | Preparing files to reimport...[39m[0m
[  96% ] [90m[1mreimport[22m | Preparing files to reimport...[39m[0m
[   0% ] [90m[1mreimport[22m | Executing pre-reimport operations...[39m[0m
[   0% ] [90m[1mreimport[22m | jade_stone_normal.png[39m[0m
[   1% ] [90m[1mreimport[22m | jade_stone_rough.png[39m[0m
[   3% ] [90m[1mreimport[22m | jungle_floor_albedo.png[39m[0m
[   5% ] [90m[1mreimport[22m | jungle_floor_normal.png[39m[0m
[   7% ] [90m[1mreimport[22m | jungle_floor_rough.png[39m[0m
[   9% ] [90m[1mreimport[22m | lime_plaster_albedo.png[39m[0m
[  11% ] [90m[1mreimport[22m | lime_plaster_normal.png[39m[0m
[  13% ] [90m[1mreimport[22m | lime_plaster_rough.png[39m[0m
[  15% ] [90m[1mreimport[22m | obsidian_albedo.png[39m[0m
[  16% ] [90m[1mreimport[22m | obsidian_normal.png[39m[0m
[  18% ] [90m[1mreimport[22m | obsidian_rough.png[39m[0m
[  20% ] [90m[1mreimport[22m | red_clay_albedo.png[39m[0m
[  22% ] [90m[1mreimport[22m | red_clay_normal.png[39m[0m
[  24% ] [90m[1mreimport[22m | red_clay_rough.png[39m[0m
[  26% ] [90m[1mreimport[22m | terrace_paving_albedo.png[39m[0m
[  28% ] [90m[1mreimport[22m | terrace_paving_normal.png[39m[0m
[  30% ] [90m[1mreimport[22m | terrace_paving_rough.png[39m[0m
[  32% ] [90m[1mreimport[22m | turquoise_mosaic_albedo.png[39m[0m
[  33% ] [90m[1mreimport[22m | turquoise_mosaic_normal.png[39m[0m
[  35% ] [90m[1mreimport[22m | turquoise_mosaic_rough.png[39m[0m
[  37% ] [90m[1mreimport[22m | agdao_elder.svg[39m[0m
[  39% ] [90m[1mreimport[22m | agdao_porter.svg[39m[0m
[  41% ] [90m[1mreimport[22m | agdao_vendor.svg[39m[0m
[  43% ] [90m[1mreimport[22m | ilsa.svg[39m[0m
[  45% ] [90m[1mreimport[22m | terax.svg[39m[0m
[  47% ] [90m[1mreimport[22m | wirekeeper.svg[39m[0m
[  49% ] [90m[1mreimport[22m | blackwire_soil_albedo.png[39m[0m
[  50% ] [90m[1mreimport[22m | blackwire_soil_normal.png[39m[0m
[  52% ] [90m[1mreimport[22m | blackwire_soil_rough.png[39m[0m
[  54% ] [90m[1mreimport[22m | cliff_ochre_albedo.png[39m[0m
[  56% ] [90m[1mreimport[22m | cliff_ochre_normal.png[39m[0m
[  58% ] [90m[1mreimport[22m | cliff_ochre_rough.png[39m[0m
[  60% ] [90m[1mreimport[22m | glyph_stone_albedo.png[39m[0m
[  62% ] [90m[1mreimport[22m | glyph_stone_normal.png[39m[0m
[  64% ] [90m[1mreimport[22m | glyph_stone_rough.png[39m[0m
[  66% ] [90m[1mreimport[22m | jade_stone_albedo.png[39m[0m
[  67% ] [90m[1mreimport[22m | zr_agave.glb[39m[0m
[   0% ] [90m[1mimport[22m | Started Import Scene (104 steps)[39m[0m
[   0% ] [90m[1mimport[22m | Importing Scene...[39m[0m
[   1% ] [90m[1mimport[22m | Running Custom Script...[39m[0m
[  99% ] [90m[1mimport[22m | Saving...[39m[0m
[92m[ DONE ][39m [1mimport[22m
[0m
[  69% ] [90m[1mreimport[22m | zr_bridge_gatehouse.glb[39m[0m
[   0% ] [90m[1mimport[22m | Started Import Scene (104 steps)[39m[0m
[   0% ] [90m[1mimport[22m | Importing Scene...[39m[0m
[   1% ] [90m[1mimport[22m | Running Custom Script...[39m[0m
[  99% ] [90m[1mimport[22m | Saving...[39m[0m
[92m[ DONE ][39m [1mimport[22m
[0m
[  71% ] [90m[1mreimport[22m | zr_bridge_pier.glb[39m[0m
[   0% ] [90m[1mimport[22m | Started Import Scene (104 steps)[39m[0m
[   0% ] [90m[1mimport[22m | Importing Scene...[39m[0m
[   1% ] [90m[1mimport[22m | Running Custom Script...[39m[0m
[  99% ] [90m[1mimport[22m | Saving...[39m[0m
[92m[ DONE ][39m [1mimport[22m
[0m
[  73% ] [90m[1mreimport[22m | zr_bridge_pylon.glb[39m[0m
[   0% ] [90m[1mimport[22m | Started Import Scene (104 steps)[39m[0m
[   0% ] [90m[1mimport[22m | Importing Scene...[39m[0m
[   1% ] [90m[1mimport[22m | Running Custom Script...[39m[0m
[  99% ] [90m[1mimport[22m | Saving...[39m[0m
[92m[ DONE ][39m [1mimport[22m
[0m
[  75% ] [90m[1mreimport[22m | zr_bridge_span_8m.glb[39m[0m
[   0% ] [90m[1mimport[22m | Started Import Scene (104 steps)[39m[0m
[   0% ] [90m[1mimport[22m | Importing Scene...[39m[0m
[   1% ] [90m[1mimport[22m | Running Custom Script...[39m[0m
[  99% ] [90m[1mimport[22m | Saving...[39m[0m
[92m[ DONE ][39m [1mimport[22m
[0m
[  77% ] [90m[1mreimport[22m | zr_bush_jungle.glb[39m[0m
[   0% ] [90m[1mimport[22m | Started Import Scene (104 steps)[39m[0m
[   0% ] [90m[1mimport[22m | Importing Scene...[39m[0m
[   1% ] [90m[1mimport[22m | Running Custom Script...[39m[0m
[  99% ] [90m[1mimport[22m | Saving...[39m[0m
[92m[ DONE ][39m [1mimport[22m
[0m
[  79% ] [90m[1mreimport[22m | zr_chain_spike.glb[39m[0m
[   0% ] [90m[1mimport[22m | Started Import Scene (104 steps)[39m[0m
[   0% ] [90m[1mimport[22m | Importing Scene...[39m[0m
[   1% ] [90m[1mimport[22m | Running Custom Script...[39m[0m
[  99% ] [90m[1mimport[22m | Saving...[39m[0m
[92m[ DONE ][39m [1mimport[22m
[0m
[  81% ] [90m[1mreimport[22m | zr_fern_giant.glb[39m[0m
[   0% ] [90m[1mimport[22m | Started Import Scene (104 steps)[39m[0m
[   0% ] [90m[1mimport[22m | Importing Scene...[39m[0m
[   1% ] [90m[1mimport[22m | Running Custom Script...[39m[0m
[  99% ] [90m[1mimport[22m | Saving...[39m[0m
[92m[ DONE ][39m [1mimport[22m
[0m
[  83% ] [90m[1mreimport[22m | zr_palm.glb[39m[0m
[   0% ] [90m[1mimport[22m | Started Import Scene (104 steps)[39m[0m
[   0% ] [90m[1mimport[22m | Importing Scene...[39m[0m
[   1% ] [90m[1mimport[22m | Running Custom Script...[39m[0m
[  99% ] [90m[1mimport[22m | Saving...[39m[0m
[92m[ DONE ][39m [1mimport[22m
[0m
[  84% ] [90m[1mreimport[22m | zr_relay_chains.glb[39m[0m
[   0% ] [90m[1mimport[22m | Started Import Scene (104 steps)[39m[0m
[   0% ] [90m[1mimport[22m | Importing Scene...[39m[0m
[   1% ] [90m[1mimport[22m | Running Custom Script...[39m[0m
[  99% ] [90m[1mimport[22m | Saving...[39m[0m
[92m[ DONE ][39m [1mimport[22m
[0m
[  86% ] [90m[1mreimport[22m | zr_relay_pylon.glb[39m[0m
[   0% ] [90m[1mimport[22m | Started Import Scene (104 steps)[39m[0m
[   0% ] [90m[1mimport[22m | Importing Scene...[39m[0m
[   1% ] [90m[1mimport[22m | Running Custom Script...[39m[0m
[  99% ] [90m[1mimport[22m | Saving...[39m[0m
[92m[ DONE ][39m [1mimport[22m
[0m
[  88% ] [90m[1mreimport[22m | zr_ruin_column.glb[39m[0m
[   0% ] [90m[1mimport[22m | Started Import Scene (104 steps)[39m[0m
[   0% ] [90m[1mimport[22m | Importing Scene...[39m[0m
[   1% ] [90m[1mimport[22m | Running Custom Script...[39m[0m
[  99% ] [90m[1mimport[22m | Saving...[39m[0m
[92m[ DONE ][39m [1mimport[22m
[0m
[  90% ] [90m[1mreimport[22m | zr_ruin_shrine.glb[39m[0m
[   0% ] [90m[1mimport[22m | Started Import Scene (104 steps)[39m[0m
[   0% ] [90m[1mimport[22m | Importing Scene...[39m[0m
[   1% ] [90m[1mimport[22m | Running Custom Script...[39m[0m
[  99% ] [90m[1mimport[22m | Saving...[39m[0m
[92m[ DONE ][39m [1mimport[22m
[0m
[  92% ] [90m[1mreimport[22m | zr_ruin_wall.glb[39m[0m
[   0% ] [90m[1mimport[22m | Started Import Scene (104 steps)[39m[0m
[   0% ] [90m[1mimport[22m | Importing Scene...[39m[0m
[   1% ] [90m[1mimport[22m | Running Custom Script...[39m[0m
[  99% ] [90m[1mimport[22m | Saving...[39m[0m
[92m[ DONE ][39m [1mimport[22m
[0m
[  94% ] [90m[1mreimport[22m | zr_tree_ceiba.glb[39m[0m
[   0% ] [90m[1mimport[22m | Started Import Scene (104 steps)[39m[0m
[   0% ] [90m[1mimport[22m | Importing Scene...[39m[0m
[   1% ] [90m[1mimport[22m | Running Custom Script...[39m[0m
[  99% ] [90m[1mimport[22m | Saving...[39m[0m
[92m[ DONE ][39m [1mimport[22m
[0m
[  96% ] [90m[1mreimport[22m | zr_vine_curtain.glb[39m[0m
[   0% ] [90m[1mimport[22m | Started Import Scene (104 steps)[39m[0m
[   0% ] [90m[1mimport[22m | Importing Scene...[39m[0m
[   1% ] [90m[1mimport[22m | Running Custom Script...[39m[0m
[  99% ] [90m[1mimport[22m | Saving...[39m[0m
[92m[ DONE ][39m [1mimport[22m
[0m
[  98% ] [90m[1mreimport[22m | Finalizing Asset Import...[39m[0m
[92m[ DONE ][39m [1mreimport[22m
[0m
[   0% ] [90m[1mreimport[22m | Started (Re)Importing Assets (52 steps)[39m[0m
[   0% ] [90m[1mreimport[22m | Executing post-reimport operations...[39m[0m
[92m[ DONE ][39m [1mreimport[22m
[0m
[   0% ] [90m[1mloading_editor_layout[22m | Started Loading editor (5 steps)[39m[0m
[   0% ] [90m[1mloading_editor_layout[22m | Loading editor layout...[39m[0m
[  16% ] [90m[1mloading_editor_layout[22m | Loading docks...[39m[0m
[  33% ] [90m[1mloading_editor_layout[22m | Reopening scenes...[39m[0m
[  50% ] [90m[1mloading_editor_layout[22m | Loading central editor layout...[39m[0m
[  66% ] [90m[1mloading_editor_layout[22m | Loading plugin window layout...[39m[0m
[  83% ] [90m[1mloading_editor_layout[22m | Editor layout ready.[39m[0m
[92m[ DONE ][39m [1mloading_editor_layout[22m
[0m
