Godot Engine v4.7.2.stable.official.ed1daf0bf - https://godotengine.org

[TRACE] test_npcs.test_data
[TRACE] test_npcs.test_door_cycles
[TRACE] test_npcs.test_npcs_stand_on_ground_after_travel
[PASS] test_npcs.gd — 3 tests, 474 checks, 0 failures (15617.6 ms)
[TRACE] test_perf.test_anim_sleep_respects_frozen
[TRACE] test_perf.test_light_budget
[TRACE] test_perf.test_lite_build_is_lighter_with_the_same_gameplay
[TRACE] test_perf.test_lite_navigation_matches
WARNING: Navigation region synchronization had 20 edge error(s).
More than 2 edges tried to occupy the same map rasterization space.
This causes a logical error in the navigation mesh geometry and is commonly caused by overlap or too densely placed edges.
Consider baking with a higher 'cell_size', greater geometry margin, and less detailed bake objects to cause fewer edges.
Consider lowering the 'navigation/3d/merge_rasterizer_cell_scale' in the project settings.
This warning can be toggled under 'navigation/3d/warnings/navmesh_edge_merge_errors' in the project settings.
   at: _build_step_find_edge_connection_pairs (modules/navigation_3d/3d/nav_region_builder_3d.cpp:219)
   GDScript backtrace (most recent call first):
       [0] bake_navigation (res://src/world/map_builder.gd:87)
       [1] test_lite_navigation_matches (res://tests/unit/test_perf.gd:130)
       [2] _run (res://tests/run_tests.gd:45)
       [3] test_npcs_stand_on_ground_after_travel (res://tests/unit/test_npcs.gd:143)
       [4] _frames (res://tests/unit/test_npcs.gd:18)
WARNING: Navigation region synchronization had 20 edge error(s).
More than 2 edges tried to occupy the same map rasterization space.
This causes a logical error in the navigation mesh geometry and is commonly caused by overlap or too densely placed edges.
Consider baking with a higher 'cell_size', greater geometry margin, and less detailed bake objects to cause fewer edges.
Consider lowering the 'navigation/3d/merge_rasterizer_cell_scale' in the project settings.
This warning can be toggled under 'navigation/3d/warnings/navmesh_edge_merge_errors' in the project settings.
   at: _build_step_find_edge_connection_pairs (modules/navigation_3d/3d/nav_region_builder_3d.cpp:219)
   GDScript backtrace (most recent call first):
       [0] bake_navigation (res://src/world/map_builder.gd:87)
       [1] test_lite_navigation_matches (res://tests/unit/test_perf.gd:130)
       [2] _run (res://tests/run_tests.gd:45)
       [3] test_npcs_stand_on_ground_after_travel (res://tests/unit/test_npcs.gd:143)
       [4] _frames (res://tests/unit/test_npcs.gd:18)
[TRACE] test_perf.test_mobile_preset
[TRACE] test_perf.test_particles_scaled
[TRACE] test_perf.test_save_does_not_override_device_settings
[PASS] test_perf.gd — 7 tests, 245 checks, 0 failures (6911.6 ms)
TOTAL: 719 checks, 0 failures
ERROR: 2 RID allocations of type '8NavMap3D' were leaked at exit.
