Godot Engine v4.7.2.stable.official.ed1daf0bf - https://godotengine.org

[PASS] test_progression.gd — 7 tests, 51 checks, 0 failures (9.2 ms)
[PASS] test_shops_dialogue.gd — 10 tests, 1401 checks, 0 failures (1095.7 ms)
[PASS] test_skills.gd — 11 tests, 3519 checks, 0 failures (47721.9 ms)
[PASS] test_stats.gd — 8 tests, 162 checks, 0 failures (21.1 ms)
[PASS] test_status.gd — 8 tests, 24 checks, 0 failures (70.6 ms)
SURVIVAL L40 strongest elite critical 1181 / mage HP 3608
SURVIVAL L50 strongest elite critical 1435 / mage HP 4507
SURVIVAL L60 strongest elite critical 1689 / mage HP 5408
SURVIVAL L100 strongest elite critical 2704 / mage HP 9008
SURVIVAL L200 strongest elite critical 5244 / mage HP 18008
SURVIVAL L300 strongest elite critical 7783 / mage HP 27008
[PASS] test_survival_balance.gd — 6 tests, 866 checks, 0 failures (390.5 ms)
[PASS] test_team_loot.gd — 3 tests, 21677 checks, 0 failures (25358.0 ms)
[PASS] test_tempo_layout.gd — 1 tests, 13 checks, 0 failures (1024.2 ms)
SCRIPT ERROR: Left operand of 'is' is a previously freed instance.
   at: Hazard._physics_process (res://src/combat/area_effects.gd:124)
   GDScript backtrace (most recent call first):
       [0] _physics_process (res://src/combat/area_effects.gd:124)
SCRIPT ERROR: Left operand of 'is' is a previously freed instance.
   at: Hazard._physics_process (res://src/combat/area_effects.gd:124)
   GDScript backtrace (most recent call first):
       [0] _physics_process (res://src/combat/area_effects.gd:124)
SCRIPT ERROR: Left operand of 'is' is a previously freed instance.
   at: Hazard._physics_process (res://src/combat/area_effects.gd:124)
   GDScript backtrace (most recent call first):
       [0] _physics_process (res://src/combat/area_effects.gd:124)
SCRIPT ERROR: Left operand of 'is' is a previously freed instance.
   at: Hazard._physics_process (res://src/combat/area_effects.gd:124)
   GDScript backtrace (most recent call first):
       [0] _physics_process (res://src/combat/area_effects.gd:124)
SCRIPT ERROR: Left operand of 'is' is a previously freed instance.
   at: Hazard._physics_process (res://src/combat/area_effects.gd:124)
   GDScript backtrace (most recent call first):
       [0] _physics_process (res://src/combat/area_effects.gd:124)
SCRIPT ERROR: Left operand of 'is' is a previously freed instance.
   at: Hazard._physics_process (res://src/combat/area_effects.gd:124)
   GDScript backtrace (most recent call first):
       [0] _physics_process (res://src/combat/area_effects.gd:124)
SCRIPT ERROR: Left operand of 'is' is a previously freed instance.
   at: Hazard._physics_process (res://src/combat/area_effects.gd:124)
   GDScript backtrace (most recent call first):
       [0] _physics_process (res://src/combat/area_effects.gd:124)
SCRIPT ERROR: Left operand of 'is' is a previously freed instance.
   at: Hazard._physics_process (res://src/combat/area_effects.gd:124)
   GDScript backtrace (most recent call first):
       [0] _physics_process (res://src/combat/area_effects.gd:124)
SCRIPT ERROR: Left operand of 'is' is a previously freed instance.
   at: Hazard._physics_process (res://src/combat/area_effects.gd:124)
   GDScript backtrace (most recent call first):
       [0] _physics_process (res://src/combat/area_effects.gd:124)
[PASS] test_tempos.gd — 16 tests, 3748 checks, 0 failures (33807.1 ms)
WARNING: Navigation region synchronization had 97 edge error(s).
More than 2 edges tried to occupy the same map rasterization space.
This causes a logical error in the navigation mesh geometry and is commonly caused by overlap or too densely placed edges.
Consider baking with a higher 'cell_size', greater geometry margin, and less detailed bake objects to cause fewer edges.
Consider lowering the 'navigation/3d/merge_rasterizer_cell_scale' in the project settings.
This warning can be toggled under 'navigation/3d/warnings/navmesh_edge_merge_errors' in the project settings.
   at: _build_step_find_edge_connection_pairs (modules/navigation_3d/3d/nav_region_builder_3d.cpp:219)
   GDScript backtrace (most recent call first):
       [0] bake_navigation (res://src/world/map_builder.gd:87)
       [1] test_both_bridges_walkable_in_both_directions (res://tests/unit/test_westreach_bridges.gd:16)
       [2] _run (res://tests/run_tests.gd:43)
       [3] test_every_skill_works_live (res://tests/unit/test_tempos.gd:646)
       [4] _until (res://tests/unit/test_tempos.gd:96)
[PASS] test_westreach_bridges.gd — 1 tests, 14 checks, 0 failures (57941.7 ms)
TOTAL: 31475 checks, 0 failures
WARNING: 36 ObjectDB instances were leaked at exit (run with `--verbose` for details).
   at: cleanup (core/object/object.cpp:2536)
ERROR: 4 resources still in use at exit (run with --verbose for details).
   at: clear (core/io/resource.cpp:822)
ERROR: Pages in use exist at exit in PagedAllocator: N12VariantPools12BucketMediumE
   at: ~PagedAllocator (./core/templates/paged_allocator.h:170)
