Godot Engine v4.7.2.stable.official.ed1daf0bf - https://godotengine.org

[TRACE] test_npcs.test_data
[TRACE] test_npcs.test_door_cycles
[TRACE] test_npcs.test_npcs_stand_on_ground_after_travel
[PASS] test_npcs.gd — 3 tests, 474 checks, 0 failures (15581.9 ms)
[TRACE] test_perf.test_anim_sleep_respects_frozen
[TRACE] test_perf.test_light_budget
[T] lights=108
[T] budget1 done
[T] restore
[T] off=194
[T] L valid=false
[T] L valid=false
[T] L valid=false
[T] L valid=false
[T] L valid=false
[T] L valid=false
[T] L valid=false
[T] L valid=false
[T] L valid=false
[T] L valid=false
[T] L valid=false
[T] L valid=false
[T] L valid=false
[T] L valid=false
[T] L valid=false
[T] L valid=false
[T] L valid=false
[T] L valid=false
[T] L valid=false
[T] L valid=false
[T] L valid=false
[T] L valid=false
[T] L valid=false
[T] L valid=false
[T] L valid=false
[T] L valid=false
[T] L valid=false
[T] L valid=false
[T] L valid=false
[T] L valid=false
[T] L valid=false
[T] L valid=false
[T] L valid=false
[T] L valid=false
[T] L valid=false
[T] L valid=false
[T] L valid=false
[T] L valid=false
[T] L valid=false
[T] L valid=false
[T] L valid=false
[T] L valid=false
[T] L valid=false
[T] L valid=false
[T] L valid=false
[T] L valid=false
[T] L valid=false
[T] L valid=false
[T] L valid=false
[T] L valid=false
[T] L valid=false
[T] L valid=false
[T] L valid=false
[T] L valid=false
[T] L valid=false
[T] L valid=false
[T] L valid=false
[T] L valid=false
[T] L valid=false
[T] L valid=false
[T] L valid=false
[T] L valid=false
[T] L valid=false
[T] L valid=false
[T] L valid=false
[T] L valid=false
[T] L valid=false
[T] L valid=false
[T] L valid=false
[T] L valid=false
[T] L valid=false
[T] L valid=false
[T] L valid=false
[T] L valid=false
[T] L valid=false
[T] L valid=false
[T] L valid=false
[T] L valid=false
[T] L valid=false
[T] L valid=false
[T] L valid=false
[T] L valid=false
[T] L valid=false
[T] L valid=false
[T] L valid=false
[T] L valid=false
[T] L valid=false
[T] L valid=false
[T] L valid=false
[T] L valid=false
[T] L valid=false
[T] L valid=false
[T] L valid=false
[T] L valid=false
[T] L valid=false
[T] L valid=false
[T] L valid=false
[T] L valid=false
[T] L valid=false
[T] L valid=false
[T] L valid=false
[T] L valid=false
[T] L valid=false
[T] L valid=false
[T] L valid=false
[T] L valid=false
[T] L valid=false
[T] L valid=false
[T] L valid=false
[T] L valid=false
[T] L valid=false
[T] L valid=false
[T] L valid=false
[T] L valid=false
[T] L valid=false
[T] L valid=false
[T] L valid=false
[T] L valid=false
[T] L valid=false
[T] L valid=false
[T] L valid=false
[T] L valid=false
[T] L valid=false
[T] L valid=false
[T] L valid=false
[T] L valid=false
[T] L valid=false
[T] L valid=false
[T] L valid=false
[T] L valid=false
[T] L valid=false
[T] L valid=false
[T] L valid=false
[T] L valid=false
[T] L valid=false
[T] L valid=false
[T] L valid=false
[T] L valid=false
[T] L valid=false
[T] L valid=false
[T] L valid=false
[T] L valid=false
[T] L valid=false
[T] L valid=false
[T] L valid=false
[T] L valid=false
[T] L valid=false
[T] L valid=false
[T] L valid=false
[T] L valid=false
[T] L valid=false
[T] L valid=false
[T] L valid=false
[T] L valid=false
[T] L valid=false
[T] L valid=false
[T] L valid=false
[T] L valid=false
[T] L valid=false
[T] L valid=false
[T] L valid=false
[T] L valid=false
[T] L valid=false
[T] L valid=false
[T] L valid=false
[T] L valid=false
[T] L valid=false
[T] L valid=false
[T] L valid=false
[T] L valid=false
[T] L valid=false
[T] L valid=false
[T] L valid=false
[T] L valid=false
[T] L valid=false
[T] L valid=false
[T] L valid=false
[T] L valid=false
[T] L valid=false
[T] L valid=false
[T] L valid=false
[T] L valid=false
[T] L valid=false
[T] L valid=false
[T] L valid=false
[T] L valid=false
[T] L valid=false
[T] L valid=true
[T]   /root/TestRunner/@Node3D@10215/@OmniLight3D@10228 vis=false
[T]   set
[T] L valid=true
[T]   /root/TestRunner/@Node3D@10215/@OmniLight3D@10221 vis=true
[T]   set
[T] L valid=true
[T]   /root/TestRunner/@Node3D@10215/@OmniLight3D@10220 vis=true
[T]   set
[T] L valid=true
[T]   /root/TestRunner/@Node3D@10215/@OmniLight3D@10219 vis=true
[T]   set
[T] L valid=true
[T]   /root/TestRunner/@Node3D@10215/@OmniLight3D@10218 vis=true
[T]   set
[T] L valid=true
[T]   /root/TestRunner/@Node3D@10215/@OmniLight3D@10217 vis=true
[T]   set
[T] L valid=true
[T]   /root/TestRunner/@Node3D@10215/@OmniLight3D@10216 vis=true
[T]   set
