Godot Engine v4.7.2.stable.official.ed1daf0bf - https://godotengine.org

glyphbound_warrior glyphbound_warrior BH_Skin__glyphbound_warrior src=(0.5838, 0.4731, 0.3959, 1.0) vc=false ov=(0.5838, 0.4731, 0.3959, 1.0) ovvc=false tex=<Object#null>
glyphbound_warrior glyphbound_warrior BH_Cloth_Primary__glyphbound_warrior src=(0.7354, 0.68, 0.5838, 1.0) vc=true ov=(0.7354, 0.68, 0.5838, 1.0) ovvc=false tex=<Object#null>
glyphbound_warrior glyphbound_warrior BH_Cloth_Secondary__glyphbound_warrior src=(0.618, 0.2601, 0.2209, 1.0) vc=true ov=(0.618, 0.2601, 0.2209, 1.0) ovvc=false tex=<Object#null>
glyphbound_warrior glyphbound_warrior BH_Stone__glyphbound_warrior src=(0.3492, 0.6652, 0.6012, 1.0) vc=true ov=(0.3492, 0.6652, 0.6012, 1.0) ovvc=false tex=<Object#null>
glyphbound_warrior glyphbound_warrior BH_Gold__glyphbound_warrior src=(0.865, 0.65, 0.4614, 1.0) vc=true ov=(0.865, 0.65, 0.4614, 1.0) ovvc=false tex=<Object#null>
glyphbound_warrior glyphbound_warrior BH_Shadow__glyphbound_warrior src=(0.1428, 0.1232, 0.1232, 1.0) vc=true ov=(0.1428, 0.1232, 0.1232, 1.0) ovvc=false tex=<Object#null>
glyphbound_warrior glyphbound_warrior BH_Emissive__glyphbound_warrior src=(1.0, 1.0, 1.0, 1.0) vc=true ov=(1.0, 1.0, 1.0, 1.0) ovvc=false tex=<Object#null>
glyphbound_warrior glyphbound_warrior BH_Leather__glyphbound_warrior src=(0.3656, 0.2828, 0.206, 1.0) vc=true ov=(0.3656, 0.2828, 0.206, 1.0) ovvc=false tex=<Object#null>
glyphbound_warrior glyphbound_warrior BH_Wood__glyphbound_warrior src=(0.4236, 0.3227, 0.2348, 1.0) vc=true ov=(0.4236, 0.3227, 0.2348, 1.0) ovvc=false tex=<Object#null>
glyphbound_warrior glyphbound_warrior BH_Hair__glyphbound_warrior src=(0.1897, 0.5838, 0.5564, 1.0) vc=true ov=(0.1897, 0.5838, 0.5564, 1.0) ovvc=false tex=<Object#null>
glyphbound_warrior glyphbound_warrior BH_Flesh__glyphbound_warrior src=(0.7354, 0.2717, 0.2209, 1.0) vc=true ov=(0.7354, 0.2717, 0.2209, 1.0) ovvc=false tex=<Object#null>
glyphbound_warrior glyphbound_warrior BH_Bone__glyphbound_warrior src=(0.7736, 0.7084, 0.5926, 1.0) vc=true ov=(0.7736, 0.7084, 0.5926, 1.0) ovvc=false tex=<Object#null>
glyphbound_warrior glyphbound_warrior BH_Horn__glyphbound_warrior src=(0.1428, 0.1334, 0.168, 1.0) vc=true ov=(0.1428, 0.1334, 0.168, 1.0) ovvc=false tex=<Object#null>
mossback_idol mossback_idol BH_DarkSteel__mossback_idol src=(0.3959, 0.3886, 0.3656, 1.0) vc=false ov=(0.3959, 0.3886, 0.3656, 1.0) ovvc=false tex=<Object#null>
mossback_idol mossback_idol BH_Stone__mossback_idol src=(0.68, 0.6576, 0.5926, 1.0) vc=true ov=(0.68, 0.6576, 0.5926, 1.0) ovvc=false tex=<Object#null>
mossback_idol mossback_idol BH_Gold__mossback_idol src=(0.68, 0.5564, 0.41, 1.0) vc=true ov=(0.68, 0.5564, 0.41, 1.0) ovvc=false tex=<Object#null>
mossback_idol mossback_idol BH_Shadow__mossback_idol src=(0.1284, 0.1177, 0.1121, 1.0) vc=true ov=(0.1284, 0.1177, 0.1121, 1.0) ovvc=false tex=<Object#null>
mossback_idol mossback_idol BH_Emissive__mossback_idol src=(1.0, 1.0, 1.0, 1.0) vc=true ov=(1.0, 1.0, 1.0, 1.0) ovvc=false tex=<Object#null>
mossback_idol mossback_idol BH_Cloth_Secondary__mossback_idol src=(0.3492, 0.4731, 0.2348, 1.0) vc=true ov=(0.3492, 0.4731, 0.2348, 1.0) ovvc=false tex=<Object#null>
mossback_idol mossback_idol BH_Fur__mossback_idol src=(0.4366, 0.5271, 0.2934, 1.0) vc=true ov=(0.4366, 0.5271, 0.2934, 1.0) ovvc=false tex=<Object#null>
mossback_idol mossback_idol BH_Wood__mossback_idol src=(0.3656, 0.3035, 0.2348, 1.0) vc=true ov=(0.3656, 0.3035, 0.2348, 1.0) ovvc=false tex=<Object#null>
mossback_idol mossback_idol BH_Horn__mossback_idol src=(0.3133, 0.6097, 0.5469, 1.0) vc=true ov=(0.3133, 0.6097, 0.5469, 1.0) ovvc=false tex=<Object#null>
mossback_idol mossback_idol BH_Bronze__mossback_idol src=(0.68, 0.5564, 0.41, 1.0) vc=true ov=(0.68, 0.5564, 0.41, 1.0) ovvc=false tex=<Object#null>
chain_priest chain_priest BH_Cloth_Primary__chain_priest src=(0.5371, 0.5371, 0.542, 1.0) vc=false ov=(0.5371, 0.5371, 0.542, 1.0) ovvc=false tex=<Object#null>
chain_priest chain_priest BH_DarkSteel__chain_priest src=(0.3492, 0.3492, 0.3624, 1.0) vc=true ov=(0.3492, 0.3492, 0.3624, 1.0) ovvc=false tex=<Object#null>
chain_priest chain_priest BH_Steel__chain_priest src=(0.5564, 0.5564, 0.5657, 1.0) vc=true ov=(0.5564, 0.5564, 0.5657, 1.0) ovvc=false tex=<Object#null>
chain_priest chain_priest BH_Cloth_Secondary__chain_priest src=(0.168, 0.1641, 0.1792, 1.0) vc=true ov=(0.168, 0.1641, 0.1792, 1.0) ovvc=false tex=<Object#null>
chain_priest chain_priest BH_Emissive__chain_priest src=(1.0, 1.0, 1.0, 1.0) vc=true ov=(1.0, 1.0, 1.0, 1.0) ovvc=false tex=<Object#null>
chain_priest chain_priest BH_Skin__chain_priest src=(0.6343, 0.6097, 0.5926, 1.0) vc=true ov=(0.6343, 0.6097, 0.5926, 1.0) ovvc=false tex=<Object#null>
chain_priest chain_priest BH_Shadow__chain_priest src=(0.0999, 0.0999, 0.1121, 1.0) vc=true ov=(0.0999, 0.0999, 0.1121, 1.0) ovvc=false tex=<Object#null>
chain_priest chain_priest BH_Leather__chain_priest src=(0.2601, 0.2478, 0.2348, 1.0) vc=true ov=(0.2601, 0.2478, 0.2348, 1.0) ovvc=false tex=<Object#null>
chain_priest chain_priest BH_Bone__chain_priest src=(0.6097, 0.6097, 0.618, 1.0) vc=true ov=(0.6097, 0.6097, 0.618, 1.0) ovvc=false tex=<Object#null>
arc_sentinel arc_sentinel BH_DarkSteel__arc_sentinel src=(0.3035, 0.2975, 0.3035, 1.0) vc=false ov=(0.3035, 0.2975, 0.3035, 1.0) ovvc=false tex=<Object#null>
arc_sentinel arc_sentinel BH_Stone__arc_sentinel src=(0.6872, 0.6576, 0.6012, 1.0) vc=true ov=(0.6872, 0.6576, 0.6012, 1.0) ovvc=false tex=<Object#null>
arc_sentinel arc_sentinel BH_Bronze__arc_sentinel src=(0.68, 0.5564, 0.3811, 1.0) vc=true ov=(0.68, 0.5564, 0.3811, 1.0) ovvc=false tex=<Object#null>
arc_sentinel arc_sentinel BH_Shadow__arc_sentinel src=(0.1517, 0.1428, 0.1428, 1.0) vc=true ov=(0.1517, 0.1428, 0.1428, 1.0) ovvc=false tex=<Object#null>
arc_sentinel arc_sentinel BH_Emissive__arc_sentinel src=(1.0, 1.0, 1.0, 1.0) vc=true ov=(1.0, 1.0, 1.0, 1.0) ovvc=false tex=<Object#null>
arc_sentinel arc_sentinel BH_Horn__arc_sentinel src=(0.4492, 0.5838, 0.5371, 1.0) vc=true ov=(0.4492, 0.5838, 0.5371, 1.0) ovvc=false tex=<Object#null>
arc_sentinel arc_sentinel BH_Wood__arc_sentinel src=(0.2934, 0.2478, 0.2209, 1.0) vc=true ov=(0.2934, 0.2478, 0.2209, 1.0) ovvc=false tex=<Object#null>
arc_sentinel arc_sentinel BH_Gold__arc_sentinel src=(0.8095, 0.6343, 0.4614, 1.0) vc=true ov=(0.8095, 0.6343, 0.4614, 1.0) ovvc=false tex=<Object#null>
