Godot Engine v4.7.2.stable.official.ed1daf0bf - https://godotengine.org

[   0% ] first_scan_filesystem | Started Project initialization (5 steps)
[   0% ] first_scan_filesystem | Scanning file structure...
[  16% ] first_scan_filesystem | Loading global class names...
[  33% ] first_scan_filesystem | Verifying GDExtensions...
[  50% ] first_scan_filesystem | Creating autoload scripts...
[  66% ] first_scan_filesystem | Initializing plugins...
[  83% ] first_scan_filesystem | Starting file scan...
[ DONE ] first_scan_filesystem

[   0% ] update_scripts_classes | Started Registering global classes... (13 steps)
[   0% ] update_scripts_classes | Player
[   7% ] update_scripts_classes | SkillDef
[  14% ] update_scripts_classes | TreeState
[  21% ] update_scripts_classes | DataClasses
[  28% ] update_scripts_classes | DataClassRework
[  35% ] update_scripts_classes | DataSkillsExt
[  42% ] update_scripts_classes | FrostOrb
[  50% ] update_scripts_classes | SkillRunner
[  57% ] update_scripts_classes | SkillSentry
[  64% ] update_scripts_classes | Tips
[  71% ] update_scripts_classes |
[  78% ] update_scripts_classes |
[  85% ] update_scripts_classes |
[ DONE ] update_scripts_classes

[   0% ] loading_editor_layout | Started Loading editor (5 steps)
[   0% ] loading_editor_layout | Loading editor layout...
[  16% ] loading_editor_layout | Loading docks...
[  33% ] loading_editor_layout | Reopening scenes...
[  50% ] loading_editor_layout | Loading central editor layout...
[  66% ] loading_editor_layout | Loading plugin window layout...
[  83% ] loading_editor_layout | Editor layout ready.
[ DONE ] loading_editor_layout
