Godot Engine v4.7.2.stable.official.ed1daf0bf - https://godotengine.org

[   0% ] [90m[1mfirst_scan_filesystem[22m | Started Project initialization (5 steps)[39m[0m
[   0% ] [90m[1mfirst_scan_filesystem[22m | Scanning file structure...[39m[0m
[  16% ] [90m[1mfirst_scan_filesystem[22m | Loading global class names...[39m[0m
[  33% ] [90m[1mfirst_scan_filesystem[22m | Verifying GDExtensions...[39m[0m
[  50% ] [90m[1mfirst_scan_filesystem[22m | Creating autoload scripts...[39m[0m
[  66% ] [90m[1mfirst_scan_filesystem[22m | Initializing plugins...[39m[0m
[  83% ] [90m[1mfirst_scan_filesystem[22m | Starting file scan...[39m[0m
[92m[ DONE ][39m [1mfirst_scan_filesystem[22m
[0m
[   0% ] [90m[1mupdate_scripts_classes[22m | Started Registering global classes... (10 steps)[39m[0m
[   0% ] [90m[1mupdate_scripts_classes[22m | [39m[0m
[   9% ] [90m[1mupdate_scripts_classes[22m | [39m[0m
[  18% ] [90m[1mupdate_scripts_classes[22m | ItemGenerator[39m[0m
[  27% ] [90m[1mupdate_scripts_classes[22m | DungeonGrowth[39m[0m
[  36% ] [90m[1mupdate_scripts_classes[22m | DataDepthEquipment[39m[0m
[  45% ] [90m[1mupdate_scripts_classes[22m | [39m[0m
[  54% ] [90m[1mupdate_scripts_classes[22m | NetWorld[39m[0m
[  63% ] [90m[1mupdate_scripts_classes[22m | [39m[0m
[  72% ] [90m[1mupdate_scripts_classes[22m | Spawner[39m[0m
[  81% ] [90m[1mupdate_scripts_classes[22m | [39m[0m
[92m[ DONE ][39m [1mupdate_scripts_classes[22m
[0m
[   0% ] [90m[1m_update_scan_actions[22m | Started Scanning actions... (160 steps)[39m[0m
[   0% ] [90m[1m_update_scan_actions[22m | depth_astral_greatblade.glb[39m[0m
[   0% ] [90m[1m_update_scan_actions[22m | depth_basalt_zweihander.glb[39m[0m
[   1% ] [90m[1m_update_scan_actions[22m | depth_briarfin_javelin.glb[39m[0m
[   1% ] [90m[1m_update_scan_actions[22m | depth_briarhook_claws.glb[39m[0m
[   2% ] [90m[1m_update_scan_actions[22m | depth_briar_executioner.glb[39m[0m
[   3% ] [90m[1m_update_scan_actions[22m | depth_briar_talon.glb[39m[0m
[   3% ] [90m[1m_update_scan_actions[22m | depth_cinderhook_saber.glb[39m[0m
[   4% ] [90m[1m_update_scan_actions[22m | depth_cinderhorn_bow.glb[39m[0m
[   4% ] [90m[1m_update_scan_actions[22m | depth_cinder_lanternstaff.glb[39m[0m
[   5% ] [90m[1m_update_scan_actions[22m | depth_copperleaf_backsword.glb[39m[0m
[   6% ] [90m[1m_update_scan_actions[22m | depth_crownless_longsword.glb[39m[0m
[   6% ] [90m[1m_update_scan_actions[22m | depth_dawnfeather_bow.glb[39m[0m
[   7% ] [90m[1m_update_scan_actions[22m | depth_dawnrake_claws.glb[39m[0m
[   8% ] [90m[1m_update_scan_actions[22m | depth_dawnspire_staff.glb[39m[0m
[   8% ] [90m[1m_update_scan_actions[22m | depth_dawnthorn_knife.glb[39m[0m
[   9% ] [90m[1m_update_scan_actions[22m | depth_deepwarden_coat.glb[39m[0m
[   9% ] [90m[1m_update_scan_actions[22m | depth_deepwarden_crown.glb[39m[0m
[  10% ] [90m[1m_update_scan_actions[22m | depth_deepwarden_grips.glb[39m[0m
[  11% ] [90m[1m_update_scan_actions[22m | depth_deepwarden_treads.glb[39m[0m
[  11% ] [90m[1m_update_scan_actions[22m | depth_deepwatch_messer.glb[39m[0m
[  12% ] [90m[1m_update_scan_actions[22m | depth_embercrown_wand.glb[39m[0m
[  13% ] [90m[1m_update_scan_actions[22m | depth_emberwave_kris.glb[39m[0m
[  13% ] [90m[1m_update_scan_actions[22m | depth_frostbell_broadsword.glb[39m[0m
[  14% ] [90m[1m_update_scan_actions[22m | depth_furnace_barb.glb[39m[0m
[  14% ] [90m[1m_update_scan_actions[22m | depth_furnace_knives.glb[39m[0m
[  15% ] [90m[1m_update_scan_actions[22m | depth_gloomspear.glb[39m[0m
[  16% ] [90m[1m_update_scan_actions[22m | depth_gloomthread_coat.glb[39m[0m
[  16% ] [90m[1m_update_scan_actions[22m | depth_gloomthread_crown.glb[39m[0m
[  17% ] [90m[1m_update_scan_actions[22m | depth_gloomthread_grips.glb[39m[0m
[  18% ] [90m[1m_update_scan_actions[22m | depth_gloomthread_treads.glb[39m[0m
[  18% ] [90m[1m_update_scan_actions[22m | depth_glowcap_crook.glb[39m[0m
[  19% ] [90m[1m_update_scan_actions[22m | depth_gravebell_wand.glb[39m[0m
[  19% ] [90m[1m_update_scan_actions[22m | depth_hollowfin_estoc.glb[39m[0m
[  20% ] [90m[1m_update_scan_actions[22m | depth_icebranch_longbow.glb[39m[0m
[  21% ] [90m[1m_update_scan_actions[22m | depth_iceglass_stiletto.glb[39m[0m
[  21% ] [90m[1m_update_scan_actions[22m | depth_icepetal_wand.glb[39m[0m
[  22% ] [90m[1m_update_scan_actions[22m | depth_keelgrip_talons.glb[39m[0m
[  22% ] [90m[1m_update_scan_actions[22m | depth_keelhook_knife.glb[39m[0m
[  23% ] [90m[1m_update_scan_actions[22m | depth_keelspike_javelin.glb[39m[0m
[  24% ] [90m[1m_update_scan_actions[22m | depth_lantern_rapier.glb[39m[0m
[  24% ] [90m[1m_update_scan_actions[22m | depth_moonfang_kukri.glb[39m[0m
[  25% ] [90m[1m_update_scan_actions[22m | depth_moonhook_wand.glb[39m[0m
[  26% ] [90m[1m_update_scan_actions[22m | depth_moonwell_flamberge.glb[39m[0m
[  26% ] [90m[1m_update_scan_actions[22m | depth_nightglass_warbow.glb[39m[0m
[  27% ] [90m[1m_update_scan_actions[22m | depth_orrery_starstaff.glb[39m[0m
[  27% ] [90m[1m_update_scan_actions[22m | depth_prismcoil_wand.glb[39m[0m
[  28% ] [90m[1m_update_scan_actions[22m | depth_prismkeeper_coat.glb[39m[0m
[  29% ] [90m[1m_update_scan_actions[22m | depth_prismkeeper_crown.glb[39m[0m
[  29% ] [90m[1m_update_scan_actions[22m | depth_prismkeeper_grips.glb[39m[0m
[  30% ] [90m[1m_update_scan_actions[22m | depth_prismkeeper_treads.glb[39m[0m
[  31% ] [90m[1m_update_scan_actions[22m | depth_rimefang_claws.glb[39m[0m
[  31% ] [90m[1m_update_scan_actions[22m | depth_rimefork_javelin.glb[39m[0m
[  32% ] [90m[1m_update_scan_actions[22m | depth_rime_shardstaff.glb[39m[0m
[  32% ] [90m[1m_update_scan_actions[22m | depth_rootbend_shortbow.glb[39m[0m
[  33% ] [90m[1m_update_scan_actions[22m | depth_rootfang_skinner.glb[39m[0m
[  34% ] [90m[1m_update_scan_actions[22m | depth_rootguard_falchion.glb[39m[0m
[  34% ] [90m[1m_update_scan_actions[22m | depth_rootrake_claws.glb[39m[0m
[  35% ] [90m[1m_update_scan_actions[22m | depth_saltglass_cutlass.glb[39m[0m
[  36% ] [90m[1m_update_scan_actions[22m | depth_saltwind_recurve.glb[39m[0m
[  36% ] [90m[1m_update_scan_actions[22m | depth_shellsong_wand.glb[39m[0m
[  37% ] [90m[1m_update_scan_actions[22m | depth_sporebud_wand.glb[39m[0m
[  37% ] [90m[1m_update_scan_actions[22m | depth_sporeleaf_javelin.glb[39m[0m
[  38% ] [90m[1m_update_scan_actions[22m | depth_starbridge_bow.glb[39m[0m
[  39% ] [90m[1m_update_scan_actions[22m | depth_starfall_spatha.glb[39m[0m
[  39% ] [90m[1m_update_scan_actions[22m | depth_starshard_javelin.glb[39m[0m
[  40% ] [90m[1m_update_scan_actions[22m | depth_starweb_talons.glb[39m[0m
[  40% ] [90m[1m_update_scan_actions[22m | depth_suncrest_javelin.glb[39m[0m
[  41% ] [90m[1m_update_scan_actions[22m | depth_sunken_oathblade.glb[39m[0m
[  42% ] [90m[1m_update_scan_actions[22m | depth_sunwheel_wand.glb[39m[0m
[  42% ] [90m[1m_update_scan_actions[22m | depth_thornseed_branchstaff.glb[39m[0m
[  43% ] [90m[1m_update_scan_actions[22m | depth_thornwing_bow.glb[39m[0m
[  44% ] [90m[1m_update_scan_actions[22m | depth_tidal_forkstaff.glb[39m[0m
[  44% ] [90m[1m_update_scan_actions[22m | depth_vaultbreaker_claymore.glb[39m[0m
[  45% ] [90m[1m_update_scan_actions[22m | depth_vaultpath_coat.glb[39m[0m
[  45% ] [90m[1m_update_scan_actions[22m | depth_vaultpath_crown.glb[39m[0m
[  46% ] [90m[1m_update_scan_actions[22m | depth_vaultpath_grips.glb[39m[0m
[  47% ] [90m[1m_update_scan_actions[22m | depth_vaultpath_treads.glb[39m[0m
[  47% ] [90m[1m_update_scan_actions[22m | depth_voidcage_scepter.glb[39m[0m
[  48% ] [90m[1m_update_scan_actions[22m | depth_voidpetal_dagger.glb[39m[0m
[  49% ] [90m[1m_update_scan_actions[22m | depth_voidreaver_claws.glb[39m[0m
[  49% ] [90m[1m_update_scan_actions[22m | depth_astral_greatblade.png[39m[0m
[  50% ] [90m[1m_update_scan_actions[22m | depth_basalt_zweihander.png[39m[0m
[  50% ] [90m[1m_update_scan_actions[22m | depth_briarfin_javelin.png[39m[0m
[  51% ] [90m[1m_update_scan_actions[22m | depth_briarhook_claws.png[39m[0m
[  52% ] [90m[1m_update_scan_actions[22m | depth_briar_executioner.png[39m[0m
[  52% ] [90m[1m_update_scan_actions[22m | depth_briar_talon.png[39m[0m
[  53% ] [90m[1m_update_scan_actions[22m | depth_cinderhook_saber.png[39m[0m
[  54% ] [90m[1m_update_scan_actions[22m | depth_cinderhorn_bow.png[39m[0m
[  54% ] [90m[1m_update_scan_actions[22m | depth_cinder_lanternstaff.png[39m[0m
[  55% ] [90m[1m_update_scan_actions[22m | depth_copperleaf_backsword.png[39m[0m
[  55% ] [90m[1m_update_scan_actions[22m | depth_crownless_longsword.png[39m[0m
[  56% ] [90m[1m_update_scan_actions[22m | depth_dawnfeather_bow.png[39m[0m
[  57% ] [90m[1m_update_scan_actions[22m | depth_dawnrake_claws.png[39m[0m
[  57% ] [90m[1m_update_scan_actions[22m | depth_dawnspire_staff.png[39m[0m
[  58% ] [90m[1m_update_scan_actions[22m | depth_dawnthorn_knife.png[39m[0m
[  59% ] [90m[1m_update_scan_actions[22m | depth_deepwarden_coat.png[39m[0m
[  59% ] [90m[1m_update_scan_actions[22m | depth_deepwarden_crown.png[39m[0m
[  60% ] [90m[1m_update_scan_actions[22m | depth_deepwarden_grips.png[39m[0m
[  60% ] [90m[1m_update_scan_actions[22m | depth_deepwarden_treads.png[39m[0m
[  61% ] [90m[1m_update_scan_actions[22m | depth_deepwatch_messer.png[39m[0m
[  62% ] [90m[1m_update_scan_actions[22m | depth_embercrown_wand.png[39m[0m
[  62% ] [90m[1m_update_scan_actions[22m | depth_emberwave_kris.png[39m[0m
[  63% ] [90m[1m_update_scan_actions[22m | depth_frostbell_broadsword.png[39m[0m
[  63% ] [90m[1m_update_scan_actions[22m | depth_furnace_barb.png[39m[0m
[  64% ] [90m[1m_update_scan_actions[22m | depth_furnace_knives.png[39m[0m
[  65% ] [90m[1m_update_scan_actions[22m | depth_gloomspear.png[39m[0m
[  65% ] [90m[1m_update_scan_actions[22m | depth_gloomthread_coat.png[39m[0m
[  66% ] [90m[1m_update_scan_actions[22m | depth_gloomthread_crown.png[39m[0m
[  67% ] [90m[1m_update_scan_actions[22m | depth_gloomthread_grips.png[39m[0m
[  67% ] [90m[1m_update_scan_actions[22m | depth_gloomthread_treads.png[39m[0m
[  68% ] [90m[1m_update_scan_actions[22m | depth_glowcap_crook.png[39m[0m
[  68% ] [90m[1m_update_scan_actions[22m | depth_gravebell_wand.png[39m[0m
[  69% ] [90m[1m_update_scan_actions[22m | depth_hollowfin_estoc.png[39m[0m
[  70% ] [90m[1m_update_scan_actions[22m | depth_icebranch_longbow.png[39m[0m
[  70% ] [90m[1m_update_scan_actions[22m | depth_iceglass_stiletto.png[39m[0m
[  71% ] [90m[1m_update_scan_actions[22m | depth_icepetal_wand.png[39m[0m
[  72% ] [90m[1m_update_scan_actions[22m | depth_keelgrip_talons.png[39m[0m
[  72% ] [90m[1m_update_scan_actions[22m | depth_keelhook_knife.png[39m[0m
[  73% ] [90m[1m_update_scan_actions[22m | depth_keelspike_javelin.png[39m[0m
[  73% ] [90m[1m_update_scan_actions[22m | depth_lantern_rapier.png[39m[0m
[  74% ] [90m[1m_update_scan_actions[22m | depth_moonfang_kukri.png[39m[0m
[  75% ] [90m[1m_update_scan_actions[22m | depth_moonhook_wand.png[39m[0m
[  75% ] [90m[1m_update_scan_actions[22m | depth_moonwell_flamberge.png[39m[0m
[  76% ] [90m[1m_update_scan_actions[22m | depth_nightglass_warbow.png[39m[0m
[  77% ] [90m[1m_update_scan_actions[22m | depth_orrery_starstaff.png[39m[0m
[  77% ] [90m[1m_update_scan_actions[22m | depth_prismcoil_wand.png[39m[0m
[  78% ] [90m[1m_update_scan_actions[22m | depth_prismkeeper_coat.png[39m[0m
[  78% ] [90m[1m_update_scan_actions[22m | depth_prismkeeper_crown.png[39m[0m
[  79% ] [90m[1m_update_scan_actions[22m | depth_prismkeeper_grips.png[39m[0m
[  80% ] [90m[1m_update_scan_actions[22m | depth_prismkeeper_treads.png[39m[0m
[  80% ] [90m[1m_update_scan_actions[22m | depth_rimefang_claws.png[39m[0m
[  81% ] [90m[1m_update_scan_actions[22m | depth_rimefork_javelin.png[39m[0m
[  81% ] [90m[1m_update_scan_actions[22m | depth_rime_shardstaff.png[39m[0m
[  82% ] [90m[1m_update_scan_actions[22m | depth_rootbend_shortbow.png[39m[0m
[  83% ] [90m[1m_update_scan_actions[22m | depth_rootfang_skinner.png[39m[0m
[  83% ] [90m[1m_update_scan_actions[22m | depth_rootguard_falchion.png[39m[0m
[  84% ] [90m[1m_update_scan_actions[22m | depth_rootrake_claws.png[39m[0m
[  85% ] [90m[1m_update_scan_actions[22m | depth_saltglass_cutlass.png[39m[0m
[  85% ] [90m[1m_update_scan_actions[22m | depth_saltwind_recurve.png[39m[0m
[  86% ] [90m[1m_update_scan_actions[22m | depth_shellsong_wand.png[39m[0m
[  86% ] [90m[1m_update_scan_actions[22m | depth_sporebud_wand.png[39m[0m
[  87% ] [90m[1m_update_scan_actions[22m | depth_sporeleaf_javelin.png[39m[0m
[  88% ] [90m[1m_update_scan_actions[22m | depth_starbridge_bow.png[39m[0m
[  88% ] [90m[1m_update_scan_actions[22m | depth_starfall_spatha.png[39m[0m
[  89% ] [90m[1m_update_scan_actions[22m | depth_starshard_javelin.png[39m[0m
[  90% ] [90m[1m_update_scan_actions[22m | depth_starweb_talons.png[39m[0m
[  90% ] [90m[1m_update_scan_actions[22m | depth_suncrest_javelin.png[39m[0m
[  91% ] [90m[1m_update_scan_actions[22m | depth_sunken_oathblade.png[39m[0m
[  91% ] [90m[1m_update_scan_actions[22m | depth_sunwheel_wand.png[39m[0m
[  92% ] [90m[1m_update_scan_actions[22m | depth_thornseed_branchstaff.png[39m[0m
[  93% ] [90m[1m_update_scan_actions[22m | depth_thornwing_bow.png[39m[0m
[  93% ] [90m[1m_update_scan_actions[22m | depth_tidal_forkstaff.png[39m[0m
[  94% ] [90m[1m_update_scan_actions[22m | depth_vaultbreaker_claymore.png[39m[0m
[  95% ] [90m[1m_update_scan_actions[22m | depth_vaultpath_coat.png[39m[0m
[  95% ] [90m[1m_update_scan_actions[22m | depth_vaultpath_crown.png[39m[0m
[  96% ] [90m[1m_update_scan_actions[22m | depth_vaultpath_grips.png[39m[0m
[  96% ] [90m[1m_update_scan_actions[22m | depth_vaultpath_treads.png[39m[0m
[  97% ] [90m[1m_update_scan_actions[22m | depth_voidcage_scepter.png[39m[0m
[  98% ] [90m[1m_update_scan_actions[22m | depth_voidpetal_dagger.png[39m[0m
[  98% ] [90m[1m_update_scan_actions[22m | depth_voidreaver_claws.png[39m[0m
[92m[ DONE ][39m [1m_update_scan_actions[22m
[0m
[   0% ] [90m[1mreimport[22m | Started (Re)Importing Assets (8 steps)[39m[0m
[   0% ] [90m[1mreimport[22m | Preparing files to reimport...[39m[0m
[  11% ] [90m[1mreimport[22m | Preparing files to reimport...[39m[0m
[  22% ] [90m[1mreimport[22m | Preparing files to reimport...[39m[0m
[  33% ] [90m[1mreimport[22m | Preparing files to reimport...[39m[0m
[  44% ] [90m[1mreimport[22m | Preparing files to reimport...[39m[0m
[  55% ] [90m[1mreimport[22m | Preparing files to reimport...[39m[0m
[  66% ] [90m[1mreimport[22m | Preparing files to reimport...[39m[0m
[  77% ] [90m[1mreimport[22m | Preparing files to reimport...[39m[0m
[   0% ] [90m[1mreimport[22m | Executing pre-reimport operations...[39m[0m
[   0% ] [90m[1mpreload_reimporting_scene[22m | Started Preparing scenes for reload (1 steps)[39m[0m
[   0% ] [90m[1mpreload_reimporting_scene[22m | Analyzing scene [empty][39m[0m
[  50% ] [90m[1mpreload_reimporting_scene[22m | Preparation done.[39m[0m
[92m[ DONE ][39m [1mpreload_reimporting_scene[22m
[0m
[   0% ] [90m[1mreimport[22m | depth_astral_greatblade.png[39m[0m
[  11% ] [90m[1mreimport[22m | depth_hollowfin_estoc.png[39m[0m
[  22% ] [90m[1mreimport[22m | depth_rootguard_falchion.png[39m[0m
[  33% ] [90m[1mreimport[22m | depth_sunken_oathblade.png[39m[0m
[  44% ] [90m[1mreimport[22m | depth_astral_greatblade.glb[39m[0m
[   0% ] [90m[1mimport[22m | Started Import Scene (104 steps)[39m[0m
[   0% ] [90m[1mimport[22m | Importing Scene...[39m[0m
[   1% ] [90m[1mimport[22m | Running Custom Script...[39m[0m
[  99% ] [90m[1mimport[22m | Saving...[39m[0m
[92m[ DONE ][39m [1mimport[22m
[0m
[  55% ] [90m[1mreimport[22m | depth_hollowfin_estoc.glb[39m[0m
[   0% ] [90m[1mimport[22m | Started Import Scene (104 steps)[39m[0m
[   0% ] [90m[1mimport[22m | Importing Scene...[39m[0m
[   1% ] [90m[1mimport[22m | Running Custom Script...[39m[0m
[  99% ] [90m[1mimport[22m | Saving...[39m[0m
[92m[ DONE ][39m [1mimport[22m
[0m
[  66% ] [90m[1mreimport[22m | depth_rootguard_falchion.glb[39m[0m
[   0% ] [90m[1mimport[22m | Started Import Scene (104 steps)[39m[0m
[   0% ] [90m[1mimport[22m | Importing Scene...[39m[0m
[   1% ] [90m[1mimport[22m | Running Custom Script...[39m[0m
[  99% ] [90m[1mimport[22m | Saving...[39m[0m
[92m[ DONE ][39m [1mimport[22m
[0m
[  77% ] [90m[1mreimport[22m | depth_sunken_oathblade.glb[39m[0m
[   0% ] [90m[1mimport[22m | Started Import Scene (104 steps)[39m[0m
[   0% ] [90m[1mimport[22m | Importing Scene...[39m[0m
[   1% ] [90m[1mimport[22m | Running Custom Script...[39m[0m
[  99% ] [90m[1mimport[22m | Saving...[39m[0m
[92m[ DONE ][39m [1mimport[22m
[0m
[  88% ] [90m[1mreimport[22m | Finalizing Asset Import...[39m[0m
[92m[ DONE ][39m [1mreimport[22m
[0m
[   0% ] [90m[1mreimport[22m | Started (Re)Importing Assets (8 steps)[39m[0m
[   0% ] [90m[1mreimport[22m | Executing post-reimport operations...[39m[0m
[92m[ DONE ][39m [1mreimport[22m
[0m
[   0% ] [90m[1mloading_editor_layout[22m | Started Loading editor (5 steps)[39m[0m
[   0% ] [90m[1mloading_editor_layout[22m | Loading editor layout...[39m[0m
[  16% ] [90m[1mloading_editor_layout[22m | Loading docks...[39m[0m
[  33% ] [90m[1mloading_editor_layout[22m | Reopening scenes...[39m[0m
[  50% ] [90m[1mloading_editor_layout[22m | Loading central editor layout...[39m[0m
[  66% ] [90m[1mloading_editor_layout[22m | Loading plugin window layout...[39m[0m
[  83% ] [90m[1mloading_editor_layout[22m | Editor layout ready.[39m[0m
[92m[ DONE ][39m [1mloading_editor_layout[22m
[0m
