Godot Engine v4.7.2.stable.official.ed1daf0bf - https://godotengine.org
Vulkan 1.4.329 - Forward+ - Using Device #0: NVIDIA - NVIDIA GeForce RTX 4060

WARNING: Can't change the size of a `SubViewport` with a `SubViewportContainer` parent that has `stretch` enabled. Set `SubViewportContainer.stretch` to `false` to allow changing the size manually.
   at: _internal_set_size (scene/main/viewport.cpp:5627)
   GDScript backtrace (most recent call first):
       [0] _on_resized (res://src/ui/widgets/character_preview.gd:113)
       [1] _ready (res://src/ui/widgets/character_preview.gd:109)
       [2] _build (res://src/ui/windows/inventory_window.gd:71)
       [3] _ready (res://src/ui/widgets/ui_window.gd:30)
       [4] _ready (res://tests/tools/capture_inventory_overhaul.gd:20)
SHOT all
SHOT gear
SHOT utility
SHOT belt
SHOT scrolls
SHOT empty
FRAME (1680.0, 960.0) TARGET (1680.0, 960.0)
SHOT auto-loot
SHOT auto-loot-advanced
FILTER FRAME (1320.0, 900.0) TARGET (1320.0, 900.0)
