Godot Engine v4.7.2.stable.official.ed1daf0bf - https://godotengine.org

[PASS] test_auto_loot_filters.gd — 4 tests, 30 checks, 0 failures (7.0 ms)
ERROR: Not supported by this display server.
   at: keyboard_get_label_from_physical (servers/display/display_server.cpp:1228)
   GDScript backtrace (most recent call first):
       [0] binding_text (res://src/autoload/settings.gd:445)
       [1] fill_keys (res://src/core/dialogue/dialogue.gd:232)
       [2] fill (res://src/core/dialogue/dialogue.gd:192)
       [3] _show_line (res://src/core/dialogue/dialogue_session.gd:63)
       [4] advance (res://src/core/dialogue/dialogue_session.gd:76)
       [5] test_opening_errand_flow (res://tests/unit/test_bh021.gd:114)
       [6] _ready (res://tests/run_tests.gd:40)
ERROR: Parent node is busy setting up children, `add_child()` failed. Consider using `add_child.call_deferred(child)` instead.
   at: add_child (scene/main/node.cpp:1721)
   GDScript backtrace (most recent call first):
       [0] use_map (res://src/cinema/cutscene_player.gd:460)
       [1] _jre (res://src/cinema/scenes/cs_prologue.gd:39)
       [2] _next_scene (res://src/cinema/cutscene_player.gd:335)
       [3] _ready (res://src/cinema/cutscene_player.gd:113)
       [4] play_cutscene (res://src/cinema/cutscene_player.gd:95)
       [5] play (res://src/cinema/cutscene_player.gd:84)
       [6] test_skippable_cutscenes_skip_whole (res://tests/unit/test_bh021.gd:207)
       [7] _ready (res://tests/run_tests.gd:40)
ERROR: Condition "!is_inside_tree()" is true. Returning: Transform3D()
   at: get_global_transform (scene/3d/node_3d.cpp:649)
   GDScript backtrace (most recent call first):
       [0] _apply_camera (res://src/cinema/cutscene_player.gd:735)
       [1] _next_scene (res://src/cinema/cutscene_player.gd:336)
       [2] _ready (res://src/cinema/cutscene_player.gd:113)
       [3] play_cutscene (res://src/cinema/cutscene_player.gd:95)
       [4] play (res://src/cinema/cutscene_player.gd:84)
       [5] test_skippable_cutscenes_skip_whole (res://tests/unit/test_bh021.gd:207)
       [6] _ready (res://tests/run_tests.gd:40)
ERROR: Node not inside tree. Use look_at_from_position() instead.
   at: look_at (scene/3d/node_3d.cpp:1253)
   GDScript backtrace (most recent call first):
       [0] _apply_camera (res://src/cinema/cutscene_player.gd:737)
       [1] _next_scene (res://src/cinema/cutscene_player.gd:336)
       [2] _ready (res://src/cinema/cutscene_player.gd:113)
       [3] play_cutscene (res://src/cinema/cutscene_player.gd:95)
       [4] play (res://src/cinema/cutscene_player.gd:84)
       [5] test_skippable_cutscenes_skip_whole (res://tests/unit/test_bh021.gd:207)
       [6] _ready (res://tests/run_tests.gd:40)
SCRIPT ERROR: Invalid access to property or key 'dest_map' on a base object of type 'Area3D (MapExit)'.
   at: <anonymous lambda> (res://tests/unit/test_bh021.gd:316)
   GDScript backtrace (most recent call first):
       [0] <anonymous lambda> (res://tests/unit/test_bh021.gd:316)
       [1] test_weeping_causeway_map (res://tests/unit/test_bh021.gd:316)
       [2] _ready (res://tests/run_tests.gd:40)
       [3] test_the_three_skips_scene_by_scene_only (res://tests/unit/test_bh021.gd:202)
SCRIPT ERROR: Invalid access to property or key 'dest_map' on a base object of type 'Area3D (MapExit)'.
   at: test_weeping_causeway_map (res://tests/unit/test_bh021.gd:321)
   GDScript backtrace (most recent call first):
       [0] test_weeping_causeway_map (res://tests/unit/test_bh021.gd:321)
       [1] _ready (res://tests/run_tests.gd:40)
       [2] test_the_three_skips_scene_by_scene_only (res://tests/unit/test_bh021.gd:202)
[FAIL] test_bh021.gd — 13 tests, 376 checks, 3 failures (2800.1 ms)
[PASS] test_damage.gd — 13 tests, 60 checks, 0 failures (280.9 ms)
[FAIL] test_enemies.gd — 6 tests, 464 checks, 1 failures (2372.6 ms)
ERROR: Condition "slot >= slot_max" is true. Returning: nullptr
   at: get_instance (./core/object/object.h:912)
   GDScript backtrace (most recent call first):
       [0] _physics_process (res://src/combat/area_effects.gd:189)
ERROR: Condition "slot >= slot_max" is true. Returning: nullptr
   at: get_instance (./core/object/object.h:912)
   GDScript backtrace (most recent call first):
       [0] _physics_process (res://src/combat/area_effects.gd:189)
ERROR: Condition "slot >= slot_max" is true. Returning: nullptr
   at: get_instance (./core/object/object.h:912)
   GDScript backtrace (most recent call first):
       [0] _physics_process (res://src/combat/area_effects.gd:189)
ERROR: Condition "slot >= slot_max" is true. Returning: nullptr
   at: get_instance (./core/object/object.h:912)
   GDScript backtrace (most recent call first):
       [0] _physics_process (res://src/combat/area_effects.gd:189)
ERROR: Condition "slot >= slot_max" is true. Returning: nullptr
   at: get_instance (./core/object/object.h:912)
   GDScript backtrace (most recent call first):
       [0] _physics_process (res://src/combat/area_effects.gd:189)
ERROR: Condition "slot >= slot_max" is true. Returning: nullptr
   at: get_instance (./core/object/object.h:912)
   GDScript backtrace (most recent call first):
       [0] _physics_process (res://src/combat/area_effects.gd:189)
ERROR: Condition "slot >= slot_max" is true. Returning: nullptr
   at: get_instance (./core/object/object.h:912)
   GDScript backtrace (most recent call first):
       [0] _physics_process (res://src/combat/area_effects.gd:189)
ERROR: Condition "slot >= slot_max" is true. Returning: nullptr
   at: get_instance (./core/object/object.h:912)
   GDScript backtrace (most recent call first):
       [0] _physics_process (res://src/combat/area_effects.gd:189)
ERROR: Condition "slot >= slot_max" is true. Returning: nullptr
   at: get_instance (./core/object/object.h:912)
   GDScript backtrace (most recent call first):
       [0] _physics_process (res://src/combat/area_effects.gd:189)
ERROR: Condition "slot >= slot_max" is true. Returning: nullptr
   at: get_instance (./core/object/object.h:912)
   GDScript backtrace (most recent call first):
       [0] _physics_process (res://src/combat/area_effects.gd:189)
ERROR: Condition "slot >= slot_max" is true. Returning: nullptr
   at: get_instance (./core/object/object.h:912)
   GDScript backtrace (most recent call first):
       [0] _physics_process (res://src/combat/area_effects.gd:189)
ERROR: Condition "slot >= slot_max" is true. Returning: nullptr
   at: get_instance (./core/object/object.h:912)
   GDScript backtrace (most recent call first):
       [0] _physics_process (res://src/combat/area_effects.gd:189)
ERROR: Condition "slot >= slot_max" is true. Returning: nullptr
   at: get_instance (./core/object/object.h:912)
   GDScript backtrace (most recent call first):
       [0] _physics_process (res://src/combat/area_effects.gd:189)
ERROR: Condition "slot >= slot_max" is true. Returning: nullptr
   at: get_instance (./core/object/object.h:912)
   GDScript backtrace (most recent call first):
       [0] _physics_process (res://src/combat/area_effects.gd:189)
ERROR: Condition "slot >= slot_max" is true. Returning: nullptr
   at: get_instance (./core/object/object.h:912)
   GDScript backtrace (most recent call first):
       [0] _physics_process (res://src/combat/area_effects.gd:189)
ERROR: Condition "slot >= slot_max" is true. Returning: nullptr
   at: get_instance (./core/object/object.h:912)
   GDScript backtrace (most recent call first):
       [0] _physics_process (res://src/combat/area_effects.gd:189)
ERROR: Condition "slot >= slot_max" is true. Returning: nullptr
   at: get_instance (./core/object/object.h:912)
   GDScript backtrace (most recent call first):
       [0] _physics_process (res://src/combat/area_effects.gd:189)
ERROR: Condition "slot >= slot_max" is true. Returning: nullptr
   at: get_instance (./core/object/object.h:912)
   GDScript backtrace (most recent call first):
       [0] _physics_process (res://src/combat/area_effects.gd:189)
ERROR: Condition "slot >= slot_max" is true. Returning: nullptr
   at: get_instance (./core/object/object.h:912)
   GDScript backtrace (most recent call first):
       [0] _physics_process (res://src/combat/area_effects.gd:189)
ERROR: Condition "slot >= slot_max" is true. Returning: nullptr
   at: get_instance (./core/object/object.h:912)
   GDScript backtrace (most recent call first):
       [0] _physics_process (res://src/combat/area_effects.gd:189)
ERROR: Condition "slot >= slot_max" is true. Returning: nullptr
   at: get_instance (./core/object/object.h:912)
   GDScript backtrace (most recent call first):
       [0] _physics_process (res://src/combat/area_effects.gd:189)
ERROR: Condition "slot >= slot_max" is true. Returning: nullptr
   at: get_instance (./core/object/object.h:912)
   GDScript backtrace (most recent call first):
       [0] _physics_process (res://src/combat/area_effects.gd:189)
ERROR: Condition "slot >= slot_max" is true. Returning: nullptr
   at: get_instance (./core/object/object.h:912)
   GDScript backtrace (most recent call first):
       [0] _physics_process (res://src/combat/area_effects.gd:189)
ERROR: Condition "slot >= slot_max" is true. Returning: nullptr
   at: get_instance (./core/object/object.h:912)
   GDScript backtrace (most recent call first):
       [0] _physics_process (res://src/combat/area_effects.gd:189)
ERROR: Condition "slot >= slot_max" is true. Returning: nullptr
   at: get_instance (./core/object/object.h:912)
   GDScript backtrace (most recent call first):
       [0] _physics_process (res://src/combat/area_effects.gd:189)
ERROR: Condition "slot >= slot_max" is true. Returning: nullptr
   at: get_instance (./core/object/object.h:912)
   GDScript backtrace (most recent call first):
       [0] _physics_process (res://src/combat/area_effects.gd:189)
[FAIL] test_enemies2.gd — 19 tests, 598 checks, 8 failures (30807.2 ms)
[FAIL] test_guilds.gd — 8 tests, 100 checks, 7 failures (20.4 ms)
[PASS] test_inventory_overhaul.gd — 6 tests, 1917 checks, 0 failures (57.2 ms)
[PASS] test_items.gd — 17 tests, 2477 checks, 0 failures (518.7 ms)
[PASS] test_stats.gd — 8 tests, 159 checks, 0 failures (17.1 ms)
  FAIL test_bh021.test_paul_after_kethrax: a skill point for it — expected 1, got 2
  FAIL test_bh021.test_weeping_causeway_map: the way back to Wyman
  FAIL test_bh021.test_weeping_causeway_map: aborted before done() (script error?)
  FAIL test_enemies.test_roster_definitions: sixteen enemies — expected 16, got 96
  FAIL test_enemies2.test_balance_against_the_roster: war_totem HP 40 within 125% of goblin_skulker (24)
  FAIL test_enemies2.test_balance_against_the_roster: war_totem defense 25 near goblin_skulker (4)
  FAIL test_enemies2.test_bloater_burst_hurts_heroes_and_monsters: the burst hurts the hero (167 -> 169)
  FAIL test_enemies2.test_bombardier_lights_its_keg: the blast hurts the hero (167 -> 184)
  FAIL test_enemies2.test_chain_lightning_strikes: chain lightning reaches the hero
  FAIL test_enemies2.test_chain_lightning_strikes: and hurts (167 -> 167)
  FAIL test_enemies2.test_mimic_sleeps_then_ambushes: the tongue pulls the hero toward the Mimic
  FAIL test_enemies2.test_web_spit_roots_the_hero: a web spit that connects applies Webbed
  FAIL test_guilds.test_dialogue_conditions_and_placeholders: can promote to D at level 5
  FAIL test_guilds.test_promotion_requirements: promoted to D at level 4 — expected , got Class D needs level 6 (4 / 6)
  FAIL test_guilds.test_promotion_requirements: Class D — expected 2, got 1
  FAIL test_guilds.test_promotion_requirements: D fee charged exactly — expected 99800, got 99950
  FAIL test_guilds.test_promotion_requirements: not promoted without the deed — expected 2, got 1
  FAIL test_guilds.test_promotion_requirements: promoted to C with the deed — expected , got Class D needs a proven deed: Receive Maelis's orders
  FAIL test_guilds.test_promotion_requirements: tier unchanged after a failed promotion — expected 3, got 1
TOTAL: 6181 checks, 19 failures
ERROR: Pages in use exist at exit in PagedAllocator: N20RasterizerSceneDummy21GeometryInstanceDummyE
   at: ~PagedAllocator (./core/templates/paged_allocator.h:170)
WARNING: Leaked instance dependency: Bug - did not call instance_notify_deleted when freeing.
   at: ~Dependency (servers/rendering/storage/utilities.cpp:56)
WARNING: Leaked instance dependency: Bug - did not call instance_notify_deleted when freeing.
   at: ~Dependency (servers/rendering/storage/utilities.cpp:56)
WARNING: Leaked instance dependency: Bug - did not call instance_notify_deleted when freeing.
   at: ~Dependency (servers/rendering/storage/utilities.cpp:56)
WARNING: Leaked instance dependency: Bug - did not call instance_notify_deleted when freeing.
   at: ~Dependency (servers/rendering/storage/utilities.cpp:56)
WARNING: Leaked instance dependency: Bug - did not call instance_notify_deleted when freeing.
   at: ~Dependency (servers/rendering/storage/utilities.cpp:56)
WARNING: Leaked instance dependency: Bug - did not call instance_notify_deleted when freeing.
   at: ~Dependency (servers/rendering/storage/utilities.cpp:56)
WARNING: Leaked instance dependency: Bug - did not call instance_notify_deleted when freeing.
   at: ~Dependency (servers/rendering/storage/utilities.cpp:56)
WARNING: Leaked instance dependency: Bug - did not call instance_notify_deleted when freeing.
   at: ~Dependency (servers/rendering/storage/utilities.cpp:56)
WARNING: Leaked instance dependency: Bug - did not call instance_notify_deleted when freeing.
   at: ~Dependency (servers/rendering/storage/utilities.cpp:56)
WARNING: Leaked instance dependency: Bug - did not call instance_notify_deleted when freeing.
   at: ~Dependency (servers/rendering/storage/utilities.cpp:56)
WARNING: Leaked instance dependency: Bug - did not call instance_notify_deleted when freeing.
   at: ~Dependency (servers/rendering/storage/utilities.cpp:56)
WARNING: Leaked instance dependency: Bug - did not call instance_notify_deleted when freeing.
   at: ~Dependency (servers/rendering/storage/utilities.cpp:56)
WARNING: Leaked instance dependency: Bug - did not call instance_notify_deleted when freeing.
   at: ~Dependency (servers/rendering/storage/utilities.cpp:56)
WARNING: Leaked instance dependency: Bug - did not call instance_notify_deleted when freeing.
   at: ~Dependency (servers/rendering/storage/utilities.cpp:56)
WARNING: Leaked instance dependency: Bug - did not call instance_notify_deleted when freeing.
   at: ~Dependency (servers/rendering/storage/utilities.cpp:56)
WARNING: Leaked instance dependency: Bug - did not call instance_notify_deleted when freeing.
   at: ~Dependency (servers/rendering/storage/utilities.cpp:56)
WARNING: Leaked instance dependency: Bug - did not call instance_notify_deleted when freeing.
   at: ~Dependency (servers/rendering/storage/utilities.cpp:56)
WARNING: Leaked instance dependency: Bug - did not call instance_notify_deleted when freeing.
   at: ~Dependency (servers/rendering/storage/utilities.cpp:56)
WARNING: Leaked instance dependency: Bug - did not call instance_notify_deleted when freeing.
   at: ~Dependency (servers/rendering/storage/utilities.cpp:56)
WARNING: Leaked instance dependency: Bug - did not call instance_notify_deleted when freeing.
   at: ~Dependency (servers/rendering/storage/utilities.cpp:56)
WARNING: Leaked instance dependency: Bug - did not call instance_notify_deleted when freeing.
   at: ~Dependency (servers/rendering/storage/utilities.cpp:56)
WARNING: Leaked instance dependency: Bug - did not call instance_notify_deleted when freeing.
   at: ~Dependency (servers/rendering/storage/utilities.cpp:56)
WARNING: Leaked instance dependency: Bug - did not call instance_notify_deleted when freeing.
   at: ~Dependency (servers/rendering/storage/utilities.cpp:56)
WARNING: Leaked instance dependency: Bug - did not call instance_notify_deleted when freeing.
   at: ~Dependency (servers/rendering/storage/utilities.cpp:56)
WARNING: Leaked instance dependency: Bug - did not call instance_notify_deleted when freeing.
   at: ~Dependency (servers/rendering/storage/utilities.cpp:56)
WARNING: Leaked instance dependency: Bug - did not call instance_notify_deleted when freeing.
   at: ~Dependency (servers/rendering/storage/utilities.cpp:56)
WARNING: Leaked instance dependency: Bug - did not call instance_notify_deleted when freeing.
   at: ~Dependency (servers/rendering/storage/utilities.cpp:56)
WARNING: Leaked instance dependency: Bug - did not call instance_notify_deleted when freeing.
   at: ~Dependency (servers/rendering/storage/utilities.cpp:56)
WARNING: Leaked instance dependency: Bug - did not call instance_notify_deleted when freeing.
   at: ~Dependency (servers/rendering/storage/utilities.cpp:56)
WARNING: Leaked instance dependency: Bug - did not call instance_notify_deleted when freeing.
   at: ~Dependency (servers/rendering/storage/utilities.cpp:56)
WARNING: Leaked instance dependency: Bug - did not call instance_notify_deleted when freeing.
   at: ~Dependency (servers/rendering/storage/utilities.cpp:56)
WARNING: Leaked instance dependency: Bug - did not call instance_notify_deleted when freeing.
   at: ~Dependency (servers/rendering/storage/utilities.cpp:56)
WARNING: Leaked instance dependency: Bug - did not call instance_notify_deleted when freeing.
   at: ~Dependency (servers/rendering/storage/utilities.cpp:56)
WARNING: Leaked instance dependency: Bug - did not call instance_notify_deleted when freeing.
   at: ~Dependency (servers/rendering/storage/utilities.cpp:56)
WARNING: Leaked instance dependency: Bug - did not call instance_notify_deleted when freeing.
   at: ~Dependency (servers/rendering/storage/utilities.cpp:56)
WARNING: Leaked instance dependency: Bug - did not call instance_notify_deleted when freeing.
   at: ~Dependency (servers/rendering/storage/utilities.cpp:56)
WARNING: Leaked instance dependency: Bug - did not call instance_notify_deleted when freeing.
   at: ~Dependency (servers/rendering/storage/utilities.cpp:56)
WARNING: Leaked instance dependency: Bug - did not call instance_notify_deleted when freeing.
   at: ~Dependency (servers/rendering/storage/utilities.cpp:56)
WARNING: Leaked instance dependency: Bug - did not call instance_notify_deleted when freeing.
   at: ~Dependency (servers/rendering/storage/utilities.cpp:56)
WARNING: Leaked instance dependency: Bug - did not call instance_notify_deleted when freeing.
   at: ~Dependency (servers/rendering/storage/utilities.cpp:56)
WARNING: Leaked instance dependency: Bug - did not call instance_notify_deleted when freeing.
   at: ~Dependency (servers/rendering/storage/utilities.cpp:56)
WARNING: Leaked instance dependency: Bug - did not call instance_notify_deleted when freeing.
   at: ~Dependency (servers/rendering/storage/utilities.cpp:56)
WARNING: Leaked instance dependency: Bug - did not call instance_notify_deleted when freeing.
   at: ~Dependency (servers/rendering/storage/utilities.cpp:56)
WARNING: Leaked instance dependency: Bug - did not call instance_notify_deleted when freeing.
   at: ~Dependency (servers/rendering/storage/utilities.cpp:56)
WARNING: Leaked instance dependency: Bug - did not call instance_notify_deleted when freeing.
   at: ~Dependency (servers/rendering/storage/utilities.cpp:56)
WARNING: Leaked instance dependency: Bug - did not call instance_notify_deleted when freeing.
   at: ~Dependency (servers/rendering/storage/utilities.cpp:56)
WARNING: Leaked instance dependency: Bug - did not call instance_notify_deleted when freeing.
   at: ~Dependency (servers/rendering/storage/utilities.cpp:56)
WARNING: Leaked instance dependency: Bug - did not call instance_notify_deleted when freeing.
   at: ~Dependency (servers/rendering/storage/utilities.cpp:56)
WARNING: Leaked instance dependency: Bug - did not call instance_notify_deleted when freeing.
   at: ~Dependency (servers/rendering/storage/utilities.cpp:56)
WARNING: Leaked instance dependency: Bug - did not call instance_notify_deleted when freeing.
   at: ~Dependency (servers/rendering/storage/utilities.cpp:56)
WARNING: Leaked instance dependency: Bug - did not call instance_notify_deleted when freeing.
   at: ~Dependency (servers/rendering/storage/utilities.cpp:56)
WARNING: Leaked instance dependency: Bug - did not call instance_notify_deleted when freeing.
   at: ~Dependency (servers/rendering/storage/utilities.cpp:56)
WARNING: Leaked instance dependency: Bug - did not call instance_notify_deleted when freeing.
   at: ~Dependency (servers/rendering/storage/utilities.cpp:56)
WARNING: Leaked instance dependency: Bug - did not call instance_notify_deleted when freeing.
   at: ~Dependency (servers/rendering/storage/utilities.cpp:56)
WARNING: Leaked instance dependency: Bug - did not call instance_notify_deleted when freeing.
   at: ~Dependency (servers/rendering/storage/utilities.cpp:56)
WARNING: Leaked instance dependency: Bug - did not call instance_notify_deleted when freeing.
   at: ~Dependency (servers/rendering/storage/utilities.cpp:56)
WARNING: Leaked instance dependency: Bug - did not call instance_notify_deleted when freeing.
   at: ~Dependency (servers/rendering/storage/utilities.cpp:56)
WARNING: Leaked instance dependency: Bug - did not call instance_notify_deleted when freeing.
   at: ~Dependency (servers/rendering/storage/utilities.cpp:56)
WARNING: Leaked instance dependency: Bug - did not call instance_notify_deleted when freeing.
   at: ~Dependency (servers/rendering/storage/utilities.cpp:56)
WARNING: Leaked instance dependency: Bug - did not call instance_notify_deleted when freeing.
   at: ~Dependency (servers/rendering/storage/utilities.cpp:56)
WARNING: Leaked instance dependency: Bug - did not call instance_notify_deleted when freeing.
   at: ~Dependency (servers/rendering/storage/utilities.cpp:56)
WARNING: Leaked instance dependency: Bug - did not call instance_notify_deleted when freeing.
   at: ~Dependency (servers/rendering/storage/utilities.cpp:56)
WARNING: Leaked instance dependency: Bug - did not call instance_notify_deleted when freeing.
   at: ~Dependency (servers/rendering/storage/utilities.cpp:56)
WARNING: Leaked instance dependency: Bug - did not call instance_notify_deleted when freeing.
   at: ~Dependency (servers/rendering/storage/utilities.cpp:56)
WARNING: Leaked instance dependency: Bug - did not call instance_notify_deleted when freeing.
   at: ~Dependency (servers/rendering/storage/utilities.cpp:56)
WARNING: Leaked instance dependency: Bug - did not call instance_notify_deleted when freeing.
   at: ~Dependency (servers/rendering/storage/utilities.cpp:56)
WARNING: Leaked instance dependency: Bug - did not call instance_notify_deleted when freeing.
   at: ~Dependency (servers/rendering/storage/utilities.cpp:56)
WARNING: Leaked instance dependency: Bug - did not call instance_notify_deleted when freeing.
   at: ~Dependency (servers/rendering/storage/utilities.cpp:56)
WARNING: Leaked instance dependency: Bug - did not call instance_notify_deleted when freeing.
   at: ~Dependency (servers/rendering/storage/utilities.cpp:56)
WARNING: Leaked instance dependency: Bug - did not call instance_notify_deleted when freeing.
   at: ~Dependency (servers/rendering/storage/utilities.cpp:56)
WARNING: Leaked instance dependency: Bug - did not call instance_notify_deleted when freeing.
   at: ~Dependency (servers/rendering/storage/utilities.cpp:56)
WARNING: Leaked instance dependency: Bug - did not call instance_notify_deleted when freeing.
   at: ~Dependency (servers/rendering/storage/utilities.cpp:56)
WARNING: Leaked instance dependency: Bug - did not call instance_notify_deleted when freeing.
   at: ~Dependency (servers/rendering/storage/utilities.cpp:56)
WARNING: Leaked instance dependency: Bug - did not call instance_notify_deleted when freeing.
   at: ~Dependency (servers/rendering/storage/utilities.cpp:56)
WARNING: Leaked instance dependency: Bug - did not call instance_notify_deleted when freeing.
   at: ~Dependency (servers/rendering/storage/utilities.cpp:56)
WARNING: Leaked instance dependency: Bug - did not call instance_notify_deleted when freeing.
   at: ~Dependency (servers/rendering/storage/utilities.cpp:56)
WARNING: Leaked instance dependency: Bug - did not call instance_notify_deleted when freeing.
   at: ~Dependency (sERROR: 1 RID allocations of type '11NavRegion3D' were leaked at exit.
ERROR: 198 RID allocations of type 'P11JoltShape3D' were leaked at exit.
ERROR: 281 RID allocations of type 'P10JoltBody3D' were leaked at exit.
ERROR: 3 RID allocations of type 'P10JoltArea3D' were leaked at exit.
ERROR: 1 RID allocations of type 'N26RendererEnvironmentStorage11EnvironmentE' were leaked at exit.
ERROR: 317 RID allocations of type 'N13RendererDummy15MaterialStorage13DummyMaterialE' were leaked at exit.
ERROR: 18 RID allocations of type 'N13RendererDummy15MaterialStorage11DummyShaderE' were leaked at exit.
ERROR: 260 RID allocations of type 'N13RendererDummy11MeshStorage14DummyMultiMeshE' were leaked at exit.
ERROR: 164 RID allocations of type 'N13RendererDummy9DummyMeshE' were leaked at exit.
ERROR: 87 RID allocations of type 'PN13RendererDummy14TextureStorage12DummyTextureE' were leaked at exit.
ERROR: 503 RID allocations of type 'N17RendererSceneCull8InstanceE' were leaked at exit.
ervers/rendering/storage/utilities.cpp:56)
WARNING: Leaked instance dependency: Bug - did not call instance_notify_deleted when freeing.
   at: ~Dependency (servers/rendering/storage/utilities.cpp:56)
WARNING: Leaked instance dependency: Bug - did not call instance_notify_deleted when freeing.
   at: ~Dependency (servers/rendering/storage/utilities.cpp:56)
WARNING: Leaked instance dependency: Bug - did not call instance_notify_deleted when freeing.
   at: ~Dependency (servers/rendering/storage/utilities.cpp:56)
WARNING: Leaked instance dependency: Bug - did not call instance_notify_deleted when freeing.
   at: ~Dependency (servers/rendering/storage/utilities.cpp:56)
WARNING: Leaked instance dependency: Bug - did not call instance_notify_deleted when freeing.
   at: ~Dependency (servers/rendering/storage/utilities.cpp:56)
WARNING: Leaked instance dependency: Bug - did not call instance_notify_deleted when freeing.
   at: ~Dependency (servers/rendering/storage/utilities.cpp:56)
WARNING: Leaked instance dependency: Bug - did not call instance_notify_deleted when freeing.
   at: ~Dependency (servers/rendering/storage/utilities.cpp:56)
WARNING: Leaked instance dependency: Bug - did not call instance_notify_deleted when freeing.
   at: ~Dependency (servers/rendering/storage/utilities.cpp:56)
WARNING: 2555 ObjectDB instances were leaked at exit (run with `--verbose` for details).
   at: cleanup (core/object/object.cpp:2536)
ERROR: 385 resources still in use at exit (run with --verbose for details).
   at: clear (core/io/resource.cpp:822)
ERROR: Pages in use exist at exit in PagedAllocator: N12VariantPools11BucketSmallE
   at: ~PagedAllocator (./core/templates/paged_allocator.h:170)
