Godot Engine v4.7.2.stable.official.ed1daf0bf - https://godotengine.org

[   0% ] [90m[1mfirst_scan_filesystem[22m | Started Project initialization (5 steps)[39m[0m
[   0% ] [90m[1mfirst_scan_filesystem[22m | Scanning file structure...[39m[0m
[  16% ] [90m[1mfirst_scan_filesystem[22m | Loading global class names...[39m[0m
[  33% ] [90m[1mfirst_scan_filesystem[22m | Verifying GDExtensions...[39m[0m
[  50% ] [90m[1mfirst_scan_filesystem[22m | Creating autoload scripts...[39m[0m
[  66% ] [90m[1mfirst_scan_filesystem[22m | Initializing plugins...[39m[0m
[  83% ] [90m[1mfirst_scan_filesystem[22m | Starting file scan...[39m[0m
[92m[ DONE ][39m [1mfirst_scan_filesystem[22m
[0m
[   0% ] [90m[1mupdate_scripts_classes[22m | Started Registering global classes... (15 steps)[39m[0m
[   0% ] [90m[1mupdate_scripts_classes[22m | DamagePipeline[39m[0m
[   6% ] [90m[1mupdate_scripts_classes[22m | GuildRules[39m[0m
[  12% ] [90m[1mupdate_scripts_classes[22m | Equipment[39m[0m
[  18% ] [90m[1mupdate_scripts_classes[22m | ItemInstance[39m[0m
[  25% ] [90m[1mupdate_scripts_classes[22m | LapeTrade[39m[0m
[  31% ] [90m[1mupdate_scripts_classes[22m | CombatGrowth[39m[0m
[  37% ] [90m[1mupdate_scripts_classes[22m | EnemyStats[39m[0m
[  43% ] [90m[1mupdate_scripts_classes[22m | StatCalculator[39m[0m
[  50% ] [90m[1mupdate_scripts_classes[22m | StatDefs[39m[0m
[  56% ] [90m[1mupdate_scripts_classes[22m | TempoRules[39m[0m
[  62% ] [90m[1mupdate_scripts_classes[22m | HeroData[39m[0m
[  68% ] [90m[1mupdate_scripts_classes[22m | DataGuilds[39m[0m
[  75% ] [90m[1mupdate_scripts_classes[22m | AutoLootRules[39m[0m
[  81% ] [90m[1mupdate_scripts_classes[22m | Tips[39m[0m
[  87% ] [90m[1mupdate_scripts_classes[22m | CharacterWindow[39m[0m
[92m[ DONE ][39m [1mupdate_scripts_classes[22m
[0m
[   0% ] [90m[1mloading_editor_layout[22m | Started Loading editor (5 steps)[39m[0m
[   0% ] [90m[1mloading_editor_layout[22m | Loading editor layout...[39m[0m
[  16% ] [90m[1mloading_editor_layout[22m | Loading docks...[39m[0m
[  33% ] [90m[1mloading_editor_layout[22m | Reopening scenes...[39m[0m
[  50% ] [90m[1mloading_editor_layout[22m | Loading central editor layout...[39m[0m
[  66% ] [90m[1mloading_editor_layout[22m | Loading plugin window layout...[39m[0m
[  83% ] [90m[1mloading_editor_layout[22m | Editor layout ready.[39m[0m
[92m[ DONE ][39m [1mloading_editor_layout[22m
[0m
