Godot Engine v4.7.2.stable.official.ed1daf0bf - https://godotengine.org

[FAIL] test_auto_loot_filters.gd — 4 tests, 30 checks, 1 failures (7.1 ms)
BALANCE L1 knight      single     9.2  aoe    19.9  ehp    1046  power    437.6
BALANCE L1 mage        single    42.5  aoe   123.9  ehp     266  power   1182.6
BALANCE L1 ranger      single    28.6  aoe    59.0  ehp     394  power    815.6
BALANCE L1 shadowblade single     8.8  aoe     0.0  ehp     345  power      0.0
BALANCE L10 knight      single    31.8  aoe   236.8  ehp    1133  power   2920.6
BALANCE L10 mage        single   156.7  aoe   460.3  ehp     389  power   5296.6
BALANCE L10 ranger      single    45.8  aoe    94.2  ehp     516  power   1492.5
BALANCE L10 shadowblade single    15.7  aoe     0.0  ehp     493  power      0.0
BALANCE L20 knight      single   108.2  aoe   467.7  ehp    1666  power   9183.0
BALANCE L20 mage        single   197.1  aoe   543.2  ehp     535  power   7565.1
BALANCE L20 ranger      single    47.5  aoe   108.7  ehp     688  power   1885.0
BALANCE L20 shadowblade single    40.4  aoe    16.5  ehp     684  power    675.1
BALANCE L30 knight      single   213.5  aoe   803.7  ehp    2022  power  18625.4
BALANCE L30 mage        single   185.1  aoe   468.4  ehp     690  power   7735.9
BALANCE L30 ranger      single    66.4  aoe   171.3  ehp     875  power   3155.2
BALANCE L30 shadowblade single    92.4  aoe   280.1  ehp     873  power   4753.7
[FAIL] test_balance.gd — 1 tests, 16 checks, 15 failures (93955.3 ms)
[PASS] test_bh011.gd — 6 tests, 45 checks, 0 failures (5377.7 ms)
WARNING: Navigation region synchronization had 2 edge error(s).
More than 2 edges tried to occupy the same map rasterization space.
This causes a logical error in the navigation mesh geometry and is commonly caused by overlap or too densely placed edges.
Consider baking with a higher 'cell_size', greater geometry margin, and less detailed bake objects to cause fewer edges.
Consider lowering the 'navigation/3d/merge_rasterizer_cell_scale' in the project settings.
This warning can be toggled under 'navigation/3d/warnings/navmesh_edge_merge_errors' in the project settings.
   at: _build_step_find_edge_connection_pairs (modules/navigation_3d/3d/nav_region_builder_3d.cpp:219)
   GDScript backtrace (most recent call first):
       [0] bake_navigation (res://src/world/map_builder.gd:87)
       [1] _floor (res://tests/unit/test_bh012.gd:29)
       [2] test_a_every_floor_builds_with_portals_and_storeys (res://tests/unit/test_bh012.gd:51)
       [3] _run (res://tests/run_tests.gd:43)
       [4] test_waypoint_is_an_interactable_the_hero_can_use (res://tests/unit/test_bh011.gd:63)
WARNING: Adding 'ring_a' as child to '@Node3D@33263' will make owner 'armillary_sphere_115' inconsistent. Consider unsetting the owner beforehand.
   at: add_child (scene/main/node.cpp:1728)
   GDScript backtrace (most recent call first):
       [0] _light_and_dress (res://src/world/maps/dungeon.gd:599)
       [1] compose (res://src/world/maps/dungeon.gd:91)
       [2] build (res://src/world/map_builder.gd:62)
       [3] build_map (res://src/autoload/game.gd:167)
       [4] _floor (res://tests/unit/test_bh012.gd:26)
       [5] test_a_every_floor_builds_with_portals_and_storeys (res://tests/unit/test_bh012.gd:51)
       [6] _run (res://tests/run_tests.gd:43)
       [7] test_waypoint_is_an_interactable_the_hero_can_use (res://tests/unit/test_bh011.gd:63)
WARNING: Adding 'ring_b' as child to '@Node3D@33264' will make owner 'armillary_sphere_115' inconsistent. Consider unsetting the owner beforehand.
   at: add_child (scene/main/node.cpp:1728)
   GDScript backtrace (most recent call first):
       [0] _light_and_dress (res://src/world/maps/dungeon.gd:599)
       [1] compose (res://src/world/maps/dungeon.gd:91)
       [2] build (res://src/world/map_builder.gd:62)
       [3] build_map (res://src/autoload/game.gd:167)
       [4] _floor (res://tests/unit/test_bh012.gd:26)
       [5] test_a_every_floor_builds_with_portals_and_storeys (res://tests/unit/test_bh012.gd:51)
       [6] _run (res://tests/run_tests.gd:43)
       [7] test_waypoint_is_an_interactable_the_hero_can_use (res://tests/unit/test_bh011.gd:63)
WARNING: Adding 'ring_c' as child to '@Node3D@33265' will make owner 'armillary_sphere_115' inconsistent. Consider unsetting the owner beforehand.
   at: add_child (scene/main/node.cpp:1728)
   GDScript backtrace (most recent call first):
       [0] _light_and_dress (res://src/world/maps/dungeon.gd:599)
       [1] compose (res://src/world/maps/dungeon.gd:91)
       [2] build (res://src/world/map_builder.gd:62)
       [3] build_map (res://src/autoload/game.gd:167)
       [4] _floor (res://tests/unit/test_bh012.gd:26)
       [5] test_a_every_floor_builds_with_portals_and_storeys (res://tests/unit/test_bh012.gd:51)
       [6] _run (res://tests/run_tests.gd:43)
       [7] test_waypoint_is_an_interactable_the_hero_can_use (res://tests/unit/test_bh011.gd:63)
WARNING: Adding 'ring_a' as child to '@Node3D@33403' will make owner 'armillary_sphere_116' inconsistent. Consider unsetting the owner beforehand.
   at: add_child (scene/main/node.cpp:1728)
   GDScript backtrace (most recent call first):
       [0] _light_and_dress (res://src/world/maps/dungeon.gd:599)
       [1] compose (res://src/world/maps/dungeon.gd:91)
       [2] build (res://src/world/map_builder.gd:62)
       [3] build_map (res://src/autoload/game.gd:167)
       [4] _floor (res://tests/unit/test_bh012.gd:26)
       [5] test_a_every_floor_builds_with_portals_and_storeys (res://tests/unit/test_bh012.gd:51)
       [6] _run (res://tests/run_tests.gd:43)
       [7] test_waypoint_is_an_interactable_the_hero_can_use (res://tests/unit/test_bh011.gd:63)
WARNING: Adding 'ring_b' as child to '@Node3D@33404' will make owner 'armillary_sphere_116' inconsistent. Consider unsetting the owner beforehand.
   at: add_child (scene/main/node.cpp:1728)
   GDScript backtrace (most recent call first):
       [0] _light_and_dress (res://src/world/maps/dungeon.gd:599)
       [1] compose (res://src/world/maps/dungeon.gd:91)
       [2] build (res://src/world/map_builder.gd:62)
       [3] build_map (res://src/autoload/game.gd:167)
       [4] _floor (res://tests/unit/test_bh012.gd:26)
       [5] test_a_every_floor_builds_with_portals_and_storeys (res://tests/unit/test_bh012.gd:51)
       [6] _run (res://tests/run_tests.gd:43)
       [7] test_waypoint_is_an_interactable_the_hero_can_use (res://tests/unit/test_bh011.gd:63)
WARNING: Adding 'ring_c' as child to '@Node3D@33405' will make owner 'armillary_sphere_116' inconsistent. Consider unsetting the owner beforehand.
   at: add_child (scene/main/node.cpp:1728)
   GDScript backtrace (most recent call first):
       [0] _light_and_dress (res://src/world/maps/dungeon.gd:599)
       [1] compose (res://src/world/maps/dungeon.gd:91)
       [2] build (res://src/world/map_builder.gd:62)
       [3] build_map (res://src/autoload/game.gd:167)
       [4] _floor (res://tests/unit/test_bh012.gd:26)
       [5] test_a_every_floor_builds_with_portals_and_storeys (res://tests/unit/test_bh012.gd:51)
       [6] _run (res://tests/run_tests.gd:43)
       [7] test_waypoint_is_an_interactable_the_hero_can_use (res://tests/unit/test_bh011.gd:63)
WARNING: Adding 'ring_a' as child to '@Node3D@33521' will make owner 'armillary_sphere_96' inconsistent. Consider unsetting the owner beforehand.
   at: add_child (scene/main/node.cpp:1728)
   GDScript backtrace (most recent call first):
       [0] _light_and_dress (res://src/world/maps/dungeon.gd:599)
       [1] compose (res://src/world/maps/dungeon.gd:91)
       [2] build (res://src/world/map_builder.gd:62)
       [3] build_map (res://src/autoload/game.gd:167)
       [4] _floor (res://tests/unit/test_bh012.gd:26)
       [5] test_a_every_floor_builds_with_portals_and_storeys (res://tests/unit/test_bh012.gd:51)
       [6] _run (res://tests/run_tests.gd:43)
       [7] test_waypoint_is_an_interactable_the_hero_can_use (res://tests/unit/test_bh011.gd:63)
WARNING: Adding 'ring_b' as child to '@Node3D@33522' will make owner 'armillary_sphere_96' inconsistent. Consider unsetting the owner beforehand.
   at: add_child (scene/main/node.cpp:1728)
   GDScript backtrace (most recent call first):
       [0] _light_and_dress (res://src/world/maps/dungeon.gd:599)
       [1] compose (res://src/world/maps/dungeon.gd:91)
       [2] build (res://src/world/map_builder.gd:62)
       [3] build_map (res://src/autoload/game.gd:167)
       [4] _floor (res://tests/unit/test_bh012.gd:26)
       [5] test_a_every_floor_builds_with_portals_and_storeys (res://tests/unit/test_bh012.gd:51)
       [6] _run (res://tests/run_tests.gd:43)
       [7] test_waypoint_is_an_interactable_the_hero_can_use (res://tests/unit/test_bh011.gd:63)
WARNING: Adding 'ring_c' as child to '@Node3D@33523' will make owner 'armillary_sphere_96' inconsistent. Consider unsetting the owner beforehand.
   at: add_child (scene/main/node.cpp:1728)
   GDScript backtrace (most recent call first):
       [0] _light_and_dress (res://src/world/maps/dungeon.gd:599)
       [1] compose (res://src/world/maps/dungeon.gd:91)
       [2] build (res://src/world/map_builder.gd:62)
       [3] build_map (res://src/autoload/game.gd:167)
       [4] _floor (res://tests/unit/test_bh012.gd:26)
       [5] test_a_every_floor_builds_with_portals_and_storeys (res://tests/unit/test_bh012.gd:51)
       [6] _run (res://tests/run_tests.gd:43)
       [7] test_waypoint_is_an_interactable_the_hero_can_use (res://tests/unit/test_bh011.gd:63)
WARNING: Adding 'ring_a' as child to '@Node3D@33648' will make owner 'armillary_sphere_106' inconsistent. Consider unsetting the owner beforehand.
   at: add_child (scene/main/node.cpp:1728)
   GDScript backtrace (most recent call first):
       [0] _light_and_dress (res://src/world/maps/dungeon.gd:599)
       [1] compose (res://src/world/maps/dungeon.gd:91)
       [2] build (res://src/world/map_builder.gd:62)
       [3] build_map (res://src/autoload/game.gd:167)
       [4] _floor (res://tests/unit/test_bh012.gd:26)
       [5] test_a_every_floor_builds_with_portals_and_storeys (res://tests/unit/test_bh012.gd:51)
       [6] _run (res://tests/run_tests.gd:43)
       [7] test_waypoint_is_an_interactable_the_hero_can_use (res://tests/unit/test_bh011.gd:63)
WARNING: Adding 'ring_b' as child to '@Node3D@33649' will make owner 'armillary_sphere_106' inconsistent. Consider unsetting the owner beforehand.
   at: add_child (scene/main/node.cpp:1728)
   GDScript backtrace (most recent call first):
       [0] _light_and_dress (res://src/world/maps/dungeon.gd:599)
       [1] compose (res://src/world/maps/dungeon.gd:91)
       [2] build (res://src/world/map_builder.gd:62)
       [3] build_map (res://src/autoload/game.gd:167)
       [4] _floor (res://tests/unit/test_bh012.gd:26)
       [5] test_a_every_floor_builds_with_portals_and_storeys (res://tests/unit/test_bh012.gd:51)
       [6] _run (res://tests/run_tests.gd:43)
       [7] test_waypoint_is_an_interactable_the_hero_can_use (res://tests/unit/test_bh011.gd:63)
WARNING: Adding 'ring_c' as child to '@Node3D@33650' will make owner 'armillary_sphere_106' inconsistent. Consider unsetting the owner beforehand.
   at: add_child (scene/main/node.cpp:1728)
   GDScript backtrace (most recent call first):
       [0] _light_and_dress (res://src/world/maps/dungeon.gd:599)
       [1] compose (res://src/world/maps/dungeon.gd:91)
       [2] build (res://src/world/map_builder.gd:62)
       [3] build_map (res://src/autoload/game.gd:167)
       [4] _floor (res://tests/unit/test_bh012.gd:26)
       [5] test_a_every_floor_builds_with_portals_and_storeys (res://tests/unit/test_bh012.gd:51)
       [6] _run (res://tests/run_tests.gd:43)
       [7] test_waypoint_is_an_interactable_the_hero_can_use (res://tests/unit/test_bh011.gd:63)
[PASS] test_bh012.gd — 11 tests, 1142 checks, 0 failures (2650.7 ms)
[PASS] test_bh013.gd — 11 tests, 1017 checks, 0 failures (9756.2 ms)
[PASS] test_bh014.gd — 10 tests, 30 checks, 0 failures (166.1 ms)
ERROR: Parse JSON failed. Error at line 0: Unterminated string
   at: parse_string (core/io/json.cpp:629)
   GDScript backtrace (most recent call first):
       [0] read_slot (res://src/autoload/save_system.gd:68)
       [1] test_saves_survive_a_bad_write (res://tests/unit/test_bh015.gd:249)
       [2] _run (res://tests/run_tests.gd:43)
       [3] test_quest_locator (res://tests/unit/test_bh015.gd:219)
       [4] _begin (res://tests/unit/test_bh015.gd:30)
WARNING: Corrupt save file user://saves/slot_98.json
   at: push_warning (core/variant/variant_utility.cpp:1033)
   GDScript backtrace (most recent call first):
       [0] read_slot (res://src/autoload/save_system.gd:70)
       [1] test_saves_survive_a_bad_write (res://tests/unit/test_bh015.gd:249)
       [2] _run (res://tests/run_tests.gd:43)
       [3] test_quest_locator (res://tests/unit/test_bh015.gd:219)
       [4] _begin (res://tests/unit/test_bh015.gd:30)
WARNING: Slot 98 restored from slot_98.json.bak
   at: push_warning (core/variant/variant_utility.cpp:1033)
   GDScript backtrace (most recent call first):
       [0] read_slot (res://src/autoload/save_system.gd:73)
       [1] test_saves_survive_a_bad_write (res://tests/unit/test_bh015.gd:249)
       [2] _run (res://tests/run_tests.gd:43)
       [3] test_quest_locator (res://tests/unit/test_bh015.gd:219)
       [4] _begin (res://tests/unit/test_bh015.gd:30)
ERROR: Parse JSON failed. Error at line 0: Unterminated string
   at: parse_string (core/io/json.cpp:629)
   GDScript backtrace (most recent call first):
       [0] read_slot (res://src/autoload/save_system.gd:68)
       [1] load_hero (res://src/autoload/save_system.gd:89)
       [2] test_saves_survive_a_bad_write (res://tests/unit/test_bh015.gd:251)
       [3] _run (res://tests/run_tests.gd:43)
       [4] test_quest_locator (res://tests/unit/test_bh015.gd:219)
       [5] _begin (res://tests/unit/test_bh015.gd:30)
WARNING: Corrupt save file user://saves/slot_98.json
   at: push_warning (core/variant/variant_utility.cpp:1033)
   GDScript backtrace (most recent call first):
       [0] read_slot (res://src/autoload/save_system.gd:70)
       [1] load_hero (res://src/autoload/save_system.gd:89)
       [2] test_saves_survive_a_bad_write (res://tests/unit/test_bh015.gd:251)
       [3] _run (res://tests/run_tests.gd:43)
       [4] test_quest_locator (res://tests/unit/test_bh015.gd:219)
       [5] _begin (res://tests/unit/test_bh015.gd:30)
WARNING: Slot 98 restored from slot_98.json.bak
   at: push_warning (core/variant/variant_utility.cpp:1033)
   GDScript backtrace (most recent call first):
       [0] read_slot (res://src/autoload/save_system.gd:73)
       [1] load_hero (res://src/autoload/save_system.gd:89)
       [2] test_saves_survive_a_bad_write (res://tests/unit/test_bh015.gd:251)
       [3] _run (res://tests/run_tests.gd:43)
       [4] test_quest_locator (res://tests/unit/test_bh015.gd:219)
       [5] _begin (res://tests/unit/test_bh015.gd:30)
[PASS] test_bh015.gd — 11 tests, 10107 checks, 0 failures (1006.7 ms)
WARNING: Unknown item base in save: no_such_item
   at: push_warning (core/variant/variant_utility.cpp:1033)
   GDScript backtrace (most recent call first):
       [0] from_dict (res://src/core/items/item_instance.gd:269)
       [1] read_incoming (res://src/core/trade/trade_rules.gd:58)
       [2] test_trade_refuses_bad_offers_and_changes_nothing (res://tests/unit/test_bh016.gd:401)
       [3] _run (res://tests/run_tests.gd:43)
       [4] test_guild_house_builds (res://tests/unit/test_bh016.gd:307)
[PASS] test_bh016.gd — 15 tests, 1394 checks, 0 failures (888.1 ms)
ERROR: Signal 'stats_dirty' is already connected to given callable 'CharacterBody3D(Player)::_on_hero_changed' in that object.
   at: connect (core/object/object.cpp:1562)
   GDScript backtrace (most recent call first):
       [0] bind (res://src/actors/player/player.gd:130)
       [1] test_allies_come_back_after_a_map_change (res://tests/unit/test_bh017.gd:609)
ERROR: Signal 'inventory_changed' is already connected to given callable 'CharacterBody3D(Player)::_on_inventory_changed' in that object.
   at: connect (core/object/object.cpp:1562)
   GDScript backtrace (most recent call first):
       [0] bind (res://src/actors/player/player.gd:131)
       [1] test_allies_come_back_after_a_map_change (res://tests/unit/test_bh017.gd:609)
ERROR: Signal 'leveled_up' is already connected to given callable 'CharacterBody3D(Player)::_on_level_up' in that object.
   at: connect (core/object/object.cpp:1562)
   GDScript backtrace (most recent call first):
       [0] bind (res://src/actors/player/player.gd:132)
       [1] test_allies_come_back_after_a_map_change (res://tests/unit/test_bh017.gd:609)
ERROR: Condition "CryptoCore::b64_decode(&w[0], buf.size(), &arr_len, (unsigned char *)cstr.get_data(), strlen) != OK" is true. Returning: Vector<uint8_t>()
   at: base64_to_raw (core/core_bind.cpp:1366)
   GDScript backtrace (most recent call first):
       [0] load_banner_bytes (res://src/core/guilds/guild_rules.gd:260)
       [1] test_guild_banner_upload (res://tests/unit/test_bh017.gd:393)
       [2] _run (res://tests/run_tests.gd:43)
       [3] test_allies_walk_the_row_and_shop (res://tests/unit/test_bh017.gd:730)
ERROR: Condition "err" is true. Returning: Ref<Image>()
   at: _jpeg_turbo_mem_loader_func (modules/jpg/image_loader_libjpeg_turbo.cpp:113)
   GDScript backtrace (most recent call first):
       [0] picture_from_bytes (res://src/ui/windows/guild_custom_window.gd:183)
       [1] test_guild_banner_upload (res://tests/unit/test_bh017.gd:394)
       [2] _run (res://tests/run_tests.gd:43)
       [3] test_allies_walk_the_row_and_shop (res://tests/unit/test_bh017.gd:730)
ERROR: Condition "image.is_null()" is true. Returning: ERR_PARSE_ERROR
   at: _load_from_buffer (core/io/image.cpp:4559)
   GDScript backtrace (most recent call first):
       [0] picture_from_bytes (res://src/ui/windows/guild_custom_window.gd:183)
       [1] test_guild_banner_upload (res://tests/unit/test_bh017.gd:394)
       [2] _run (res://tests/run_tests.gd:43)
       [3] test_allies_walk_the_row_and_shop (res://tests/unit/test_bh017.gd:730)
[PASS] test_bh017.gd — 27 tests, 803 checks, 0 failures (14031.6 ms)
[PASS] test_bh018.gd — 18 tests, 474 checks, 0 failures (1704.9 ms)
ERROR: Parse JSON failed. Error at line 0: Expected key
   at: parse_string (core/io/json.cpp:629)
   GDScript backtrace (most recent call first):
       [0] load_from (res://src/core/items/hero_vault.gd:188)
       [1] test_vault_round_trip_keeps_positions_and_size (res://tests/unit/test_bh019.gd:291)
       [2] _run (res://tests/run_tests.gd:43)
       [3] test_every_safe_town_has_a_dummy_and_a_vault (res://tests/unit/test_bh019.gd:380)
       [4] _begin (res://tests/unit/test_bh019.gd:317)
WARNING: Unreadable vault file user://saves/vault_unit_test.json
   at: push_warning (core/variant/variant_utility.cpp:1033)
   GDScript backtrace (most recent call first):
       [0] load_from (res://src/core/items/hero_vault.gd:193)
       [1] test_vault_round_trip_keeps_positions_and_size (res://tests/unit/test_bh019.gd:291)
       [2] _run (res://tests/run_tests.gd:43)
       [3] test_every_safe_town_has_a_dummy_and_a_vault (res://tests/unit/test_bh019.gd:380)
       [4] _begin (res://tests/unit/test_bh019.gd:317)
WARNING: Vault restored from vault_unit_test.json.bak
   at: push_warning (core/variant/variant_utility.cpp:1033)
   GDScript backtrace (most recent call first):
       [0] load_from (res://src/core/items/hero_vault.gd:191)
       [1] test_vault_round_trip_keeps_positions_and_size (res://tests/unit/test_bh019.gd:291)
       [2] _run (res://tests/run_tests.gd:43)
       [3] test_every_safe_town_has_a_dummy_and_a_vault (res://tests/unit/test_bh019.gd:380)
       [4] _begin (res://tests/unit/test_bh019.gd:317)
[PASS] test_bh019.gd — 11 tests, 397 checks, 0 failures (3630.1 ms)
WARNING: Can't change the size of a `SubViewport` with a `SubViewportContainer` parent that has `stretch` enabled. Set `SubViewportContainer.stretch` to `false` to allow changing the size manually.
   at: _internal_set_size (scene/main/viewport.cpp:5627)
   GDScript backtrace (most recent call first):
       [0] _on_resized (res://src/ui/widgets/character_preview.gd:113)
       [1] _ready (res://src/ui/widgets/character_preview.gd:109)
       [2] _build (res://src/ui/windows/inventory_window.gd:71)
       [3] _ready (res://src/ui/widgets/ui_window.gd:30)
       [4] _add_window (res://src/ui/ui_root.gd:82)
       [5] _ready (res://src/ui/ui_root.gd:41)
       [6] test_dialogue_socket_shop_purchase (res://tests/unit/test_bh020.gd:14)
       [7] _run (res://tests/run_tests.gd:43)
       [8] test_every_safe_town_has_a_dummy_and_a_vault (res://tests/unit/test_bh019.gd:380)
       [9] _begin (res://tests/unit/test_bh019.gd:317)
WARNING: Can't change the size of a `SubViewport` with a `SubViewportContainer` parent that has `stretch` enabled. Set `SubViewportContainer.stretch` to `false` to allow changing the size manually.
   at: _internal_set_size (scene/main/viewport.cpp:5627)
   GDScript backtrace (most recent call first):
       [0] _on_resized (res://src/ui/widgets/character_preview.gd:113)
       [1] _ready (res://src/ui/widgets/character_preview.gd:109)
       [2] _build (res://src/ui/windows/character_window.gd:53)
       [3] _ready (res://src/ui/widgets/ui_window.gd:30)
       [4] _add_window (res://src/ui/ui_root.gd:82)
       [5] _ready (res://src/ui/ui_root.gd:43)
       [6] test_dialogue_socket_shop_purchase (res://tests/unit/test_bh020.gd:14)
       [7] _run (res://tests/run_tests.gd:43)
       [8] test_every_safe_town_has_a_dummy_and_a_vault (res://tests/unit/test_bh019.gd:380)
       [9] _begin (res://tests/unit/test_bh019.gd:317)
WARNING: Can't change the size of a `SubViewport` with a `SubViewportContainer` parent that has `stretch` enabled. Set `SubViewportContainer.stretch` to `false` to allow changing the size manually.
   at: _internal_set_size (scene/main/viewport.cpp:5627)
   GDScript backtrace (most recent call first):
       [0] _on_resized (res://src/ui/widgets/character_preview.gd:113)
       [1] _ready (res://src/ui/widgets/character_preview.gd:109)
       [2] _build (res://src/ui/windows/tempo_window.gd:58)
       [3] _ready (res://src/ui/widgets/ui_window.gd:30)
       [4] _add_window (res://src/ui/ui_root.gd:82)
       [5] _ready (res://src/ui/ui_root.gd:49)
       [6] test_dialogue_socket_shop_purchase (res://tests/unit/test_bh020.gd:14)
       [7] _run (res://tests/run_tests.gd:43)
       [8] test_every_safe_town_has_a_dummy_and_a_vault (res://tests/unit/test_bh019.gd:380)
       [9] _begin (res://tests/unit/test_bh019.gd:317)
[PASS] test_bh020.gd — 2 tests, 41 checks, 0 failures (684.8 ms)
[PASS] test_bh021.gd — 13 tests, 378 checks, 0 failures (1409.8 ms)
ERROR: Resumed function '_settle()' after await, but class instance is gone. At script: res://src/npc/npc.gd:100
   at: resume (modules/gdscript/gdscript_function.cpp:323)
ERROR: Resumed function '_settle()' after await, but class instance is gone. At script: res://src/npc/npc.gd:100
   at: resume (modules/gdscript/gdscript_function.cpp:323)
ERROR: Resumed function '_settle()' after await, but class instance is gone. At script: res://src/npc/npc.gd:100
   at: resume (modules/gdscript/gdscript_function.cpp:323)
ERROR: Resumed function '_settle()' after await, but class instance is gone. At script: res://src/npc/npc.gd:100
   at: resume (modules/gdscript/gdscript_function.cpp:323)
ERROR: Resumed function '_settle()' after await, but class instance is gone. At script: res://src/npc/npc.gd:100
   at: resume (modules/gdscript/gdscript_function.cpp:323)
ERROR: Resumed function '_settle()' after await, but class instance is gone. At script: res://src/npc/npc.gd:100
   at: resume (modules/gdscript/gdscript_function.cpp:323)
ERROR: Resumed function '_settle()' after await, but class instance is gone. At script: res://src/npc/npc.gd:100
   at: resume (modules/gdscript/gdscript_function.cpp:323)
ERROR: Resumed function '_settle()' after await, but class instance is gone. At script: res://src/npc/npc.gd:100
   at: resume (modules/gdscript/gdscript_function.cpp:323)
[PASS] test_chat.gd — 8 tests, 44 checks, 0 failures (1119.1 ms)
GROWTH {"class":"knight","enemy_hp":66,"hit":15,"hits_to_kill":4.3,"level":5,"skill_hit":29,"weapon":"wayfarer_blade","weapon_max":16,"weapon_min":9}
GROWTH {"class":"knight","enemy_hp":205,"hit":51,"hits_to_kill":4.1,"level":10,"skill_hit":96,"weapon":"knights_arming_sword","weapon_max":32,"weapon_min":20}
GROWTH {"class":"knight","enemy_hp":472,"hit":118,"hits_to_kill":4.0,"level":15,"skill_hit":225,"weapon":"duelist_sabre","weapon_max":52,"weapon_min":29}
GROWTH {"class":"knight","enemy_hp":920,"hit":299,"hits_to_kill":3.1,"level":20,"skill_hit":568,"weapon":"runed_sword","weapon_max":96,"weapon_min":62}
GROWTH {"class":"knight","enemy_hp":1611,"hit":405,"hits_to_kill":4.0,"level":25,"skill_hit":770,"weapon":"bastard_sword","weapon_max":176,"weapon_min":96}
GROWTH {"class":"knight","enemy_hp":2617,"hit":502,"hits_to_kill":5.2,"level":30,"skill_hit":953,"weapon":"gravewatch_longsword","weapon_max":226,"weapon_min":121}
GROWTH {"class":"knight","enemy_hp":8360,"hit":1855,"hits_to_kill":4.5,"level":45,"skill_hit":3525,"weapon":"starfall_sabre","weapon_max":467,"weapon_min":254}
GROWTH {"class":"knight","enemy_hp":20336,"hit":3360,"hits_to_kill":6.1,"level":60,"skill_hit":6384,"weapon":"kingsbane","weapon_max":1028,"weapon_min":557}
GROWTH {"class":"mage","enemy_hp":66,"hit":18,"hits_to_kill":3.6,"level":5,"skill_hit":44,"weapon":"pilgrims_staff","weapon_max":18,"weapon_min":9}
GROWTH {"class":"mage","enemy_hp":205,"hit":67,"hits_to_kill":3.1,"level":10,"skill_hit":87,"weapon":"storm_staff","weapon_max":36,"weapon_min":21}
GROWTH {"class":"mage","enemy_hp":472,"hit":197,"hits_to_kill":2.4,"level":15,"skill_hit":175,"weapon":"storm_staff","weapon_max":65,"weapon_min":37}
GROWTH {"class":"mage","enemy_hp":920,"hit":305,"hits_to_kill":3.0,"level":20,"skill_hit":297,"weapon":"frost_staff","weapon_max":91,"weapon_min":54}
GROWTH {"class":"mage","enemy_hp":1611,"hit":494,"hits_to_kill":3.3,"level":25,"skill_hit":465,"weapon":"frost_staff","weapon_max":137,"weapon_min":82}
GROWTH {"class":"mage","enemy_hp":2617,"hit":893,"hits_to_kill":2.9,"level":30,"skill_hit":622,"weapon":"deepwater_staff","weapon_max":226,"weapon_min":121}
GROWTH {"class":"mage","enemy_hp":8360,"hit":1101,"hits_to_kill":7.6,"level":45,"skill_hit":1394,"weapon":"gloamspire_staff","weapon_max":577,"weapon_min":309}
GROWTH {"class":"mage","enemy_hp":20336,"hit":12679,"hits_to_kill":1.6,"level":60,"skill_hit":2748,"weapon":"sunspire_staff","weapon_max":1050,"weapon_min":568}
GROWTH {"class":"ranger","enemy_hp":66,"hit":16,"hits_to_kill":4.1,"level":5,"skill_hit":30,"weapon":"fowling_bow","weapon_max":20,"weapon_min":9}
GROWTH {"class":"ranger","enemy_hp":205,"hit":41,"hits_to_kill":5.0,"level":10,"skill_hit":78,"weapon":"composite_bow","weapon_max":38,"weapon_min":20}
GROWTH {"class":"ranger","enemy_hp":472,"hit":105,"hits_to_kill":4.5,"level":15,"skill_hit":200,"weapon":"hornbow","weapon_max":82,"weapon_min":39}
GROWTH {"class":"ranger","enemy_hp":920,"hit":168,"hits_to_kill":5.5,"level":20,"skill_hit":319,"weapon":"warden_longbow","weapon_max":109,"weapon_min":57}
GROWTH {"class":"ranger","enemy_hp":1611,"hit":382,"hits_to_kill":4.2,"level":25,"skill_hit":725,"weapon":"siege_greatbow","weapon_max":272,"weapon_min":131}
GROWTH {"class":"ranger","enemy_hp":2617,"hit":441,"hits_to_kill":5.9,"level":30,"skill_hit":838,"weapon":"thornback_bow","weapon_max":272,"weapon_min":132}
GROWTH {"class":"ranger","enemy_hp":8360,"hit":1161,"hits_to_kill":7.2,"level":45,"skill_hit":2206,"weapon":"frostwing_bow","weapon_max":645,"weapon_min":309}
GROWTH {"class":"ranger","enemy_hp":20336,"hit":3421,"hits_to_kill":5.9,"level":60,"skill_hit":6500,"weapon":"stormstring_greatbow","weapon_max":1736,"weapon_min":831}
GROWTH {"class":"shadowblade","enemy_hp":66,"hit":8,"hits_to_kill":8.2,"level":5,"skill_hit":15,"weapon":"cutpurse_knife","weapon_max":10,"weapon_min":6}
GROWTH {"class":"shadowblade","enemy_hp":205,"hit":25,"hits_to_kill":8.3,"level":10,"skill_hit":47,"weapon":"shadow_kris","weapon_max":25,"weapon_min":13}
GROWTH {"class":"shadowblade","enemy_hp":472,"hit":71,"hits_to_kill":6.7,"level":15,"skill_hit":134,"weapon":"kukri","weapon_max":43,"weapon_min":25}
GROWTH {"class":"shadowblade","enemy_hp":920,"hit":127,"hits_to_kill":7.2,"level":20,"skill_hit":242,"weapon":"aether_stiletto","weapon_max":72,"weapon_min":37}
GROWTH {"class":"shadowblade","enemy_hp":1611,"hit":165,"hits_to_kill":9.8,"level":25,"skill_hit":313,"weapon":"viper_fang","weapon_max":93,"weapon_min":58}
GROWTH {"class":"shadowblade","enemy_hp":2617,"hit":285,"hits_to_kill":9.2,"level":30,"skill_hit":542,"weapon":"emberfang_dirk","weapon_max":140,"weapon_min":83}
GROWTH {"class":"shadowblade","enemy_hp":8360,"hit":727,"hits_to_kill":11.5,"level":45,"skill_hit":1382,"weapon":"stormneedle","weapon_max":316,"weapon_min":188}
GROWTH {"class":"shadowblade","enemy_hp":20336,"hit":1314,"hits_to_kill":15.5,"level":60,"skill_hit":2496,"weapon":"nightwhisper","weapon_max":642,"weapon_min":389}
[PASS] test_combat_growth.gd — 6 tests, 134 checks, 0 failures (1600.5 ms)
ERROR: Resumed function '_settle()' after await, but class instance is gone. At script: res://src/npc/npc.gd:100
   at: resume (modules/gdscript/gdscript_function.cpp:323)
ERROR: Resumed function '_settle()' after await, but class instance is gone. At script: res://src/npc/npc.gd:100
   at: resume (modules/gdscript/gdscript_function.cpp:323)
ERROR: Resumed function '_settle()' after await, but class instance is gone. At script: res://src/npc/npc.gd:100
   at: resume (modules/gdscript/gdscript_function.cpp:323)
ERROR: Resumed function '_settle()' after await, but class instance is gone. At script: res://src/npc/npc.gd:100
   at: resume (modules/gdscript/gdscript_function.cpp:323)
ERROR: Resumed function '_settle()' after await, but class instance is gone. At script: res://src/npc/npc.gd:100
   at: resume (modules/gdscript/gdscript_function.cpp:323)
ERROR: Resumed function '_settle()' after await, but class instance is gone. At script: res://src/npc/npc.gd:100
   at: resume (modules/gdscript/gdscript_function.cpp:323)
ERROR: Resumed function '_settle()' after await, but class instance is gone. At script: res://src/npc/npc.gd:100
   at: resume (modules/gdscript/gdscript_function.cpp:323)
ERROR: Resumed function '_settle()' after await, but class instance is gone. At script: res://src/npc/npc.gd:100
   at: resume (modules/gdscript/gdscript_function.cpp:323)
[PASS] test_crafting.gd — 11 tests, 680 checks, 0 failures (18699.5 ms)
[PASS] test_damage.gd — 13 tests, 60 checks, 0 failures (223.6 ms)
[PASS] test_enemies.gd — 6 tests, 464 checks, 0 failures (507.4 ms)
ERROR: Condition "slot >= slot_max" is true. Returning: nullptr
   at: get_instance (./core/object/object.h:912)
   GDScript backtrace (most recent call first):
       [0] _physics_process (res://src/combat/area_effects.gd:189)
ERROR: Condition "slot >= slot_max" is true. Returning: nullptr
   at: get_instance (./core/object/object.h:912)
   GDScript backtrace (most recent call first):
       [0] _physics_process (res://src/combat/area_effects.gd:189)
ERROR: Condition "slot >= slot_max" is true. Returning: nullptr
   at: get_instance (./core/object/object.h:912)
   GDScript backtrace (most recent call first):
       [0] _physics_process (res://src/combat/area_effects.gd:189)
ERROR: Condition "slot >= slot_max" is true. Returning: nullptr
   at: get_instance (./core/object/object.h:912)
   GDScript backtrace (most recent call first):
       [0] _physics_process (res://src/combat/area_effects.gd:189)
ERROR: Condition "slot >= slot_max" is true. Returning: nullptr
   at: get_instance (./core/object/object.h:912)
   GDScript backtrace (most recent call first):
       [0] _physics_process (res://src/combat/area_effects.gd:189)
ERROR: Condition "slot >= slot_max" is true. Returning: nullptr
   at: get_instance (./core/object/object.h:912)
   GDScript backtrace (most recent call first):
       [0] _physics_process (res://src/combat/area_effects.gd:189)
ERROR: Condition "slot >= slot_max" is true. Returning: nullptr
   at: get_instance (./core/object/object.h:912)
   GDScript backtrace (most recent call first):
       [0] _physics_process (res://src/combat/area_effects.gd:189)
ERROR: Condition "slot >= slot_max" is true. Returning: nullptr
   at: get_instance (./core/object/object.h:912)
   GDScript backtrace (most recent call first):
       [0] _physics_process (res://src/combat/area_effects.gd:189)
ERROR: Condition "slot >= slot_max" is true. Returning: nullptr
   at: get_instance (./core/object/object.h:912)
   GDScript backtrace (most recent call first):
       [0] _physics_process (res://src/combat/area_effects.gd:189)
[FAIL] test_enemies2.gd — 19 tests, 598 checks, 7 failures (36438.7 ms)
WARNING: Can't change the size of a `SubViewport` with a `SubViewportContainer` parent that has `stretch` enabled. Set `SubViewportContainer.stretch` to `false` to allow changing the size manually.
   at: _internal_set_size (scene/main/viewport.cpp:5627)
   GDScript backtrace (most recent call first):
       [0] _on_resized (res://src/ui/widgets/character_preview.gd:113)
       [1] _ready (res://src/ui/widgets/character_preview.gd:109)
       [2] _build (res://src/ui/windows/inventory_window.gd:71)
       [3] _ready (res://src/ui/widgets/ui_window.gd:30)
       [4] _add_window (res://src/ui/ui_root.gd:82)
       [5] _ready (res://src/ui/ui_root.gd:41)
       [6] test_opens_once_per_hero (res://tests/unit/test_guide.gd:114)
       [7] _run (res://tests/run_tests.gd:43)
       [8] test_web_spit_roots_the_hero (res://tests/unit/test_enemies2.gd:466)
       [9] _frames (res://tests/unit/test_enemies2.gd:35)
WARNING: Can't change the size of a `SubViewport` with a `SubViewportContainer` parent that has `stretch` enabled. Set `SubViewportContainer.stretch` to `false` to allow changing the size manually.
   at: _internal_set_size (scene/main/viewport.cpp:5627)
   GDScript backtrace (most recent call first):
       [0] _on_resized (res://src/ui/widgets/character_preview.gd:113)
       [1] _ready (res://src/ui/widgets/character_preview.gd:109)
       [2] _build (res://src/ui/windows/character_window.gd:53)
       [3] _ready (res://src/ui/widgets/ui_window.gd:30)
       [4] _add_window (res://src/ui/ui_root.gd:82)
       [5] _ready (res://src/ui/ui_root.gd:43)
       [6] test_opens_once_per_hero (res://tests/unit/test_guide.gd:114)
       [7] _run (res://tests/run_tests.gd:43)
       [8] test_web_spit_roots_the_hero (res://tests/unit/test_enemies2.gd:466)
       [9] _frames (res://tests/unit/test_enemies2.gd:35)
WARNING: Can't change the size of a `SubViewport` with a `SubViewportContainer` parent that has `stretch` enabled. Set `SubViewportContainer.stretch` to `false` to allow changing the size manually.
   at: _internal_set_size (scene/main/viewport.cpp:5627)
   GDScript backtrace (most recent call first):
       [0] _on_resized (res://src/ui/widgets/character_preview.gd:113)
       [1] _ready (res://src/ui/widgets/character_preview.gd:109)
       [2] _build (res://src/ui/windows/tempo_window.gd:58)
       [3] _ready (res://src/ui/widgets/ui_window.gd:30)
       [4] _add_window (res://src/ui/ui_root.gd:82)
       [5] _ready (res://src/ui/ui_root.gd:49)
       [6] test_opens_once_per_hero (res://tests/unit/test_guide.gd:114)
       [7] _run (res://tests/run_tests.gd:43)
       [8] test_web_spit_roots_the_hero (res://tests/unit/test_enemies2.gd:466)
       [9] _frames (res://tests/unit/test_enemies2.gd:35)
[PASS] test_guide.gd — 5 tests, 140 checks, 0 failures (371.1 ms)
[PASS] test_guilds.gd — 8 tests, 100 checks, 0 failures (22.3 ms)
[PASS] test_inventory_overhaul.gd — 6 tests, 1917 checks, 0 failures (56.6 ms)
WARNING: Navigation region synchronization had 32 edge error(s).
More than 2 edges tried to occupy the same map rasterization space.
This causes a logical error in the navigation mesh geometry and is commonly caused by overlap or too densely placed edges.
Consider baking with a higher 'cell_size', greater geometry margin, and less detailed bake objects to cause fewer edges.
Consider lowering the 'navigation/3d/merge_rasterizer_cell_scale' in the project settings.
This warning can be toggled under 'navigation/3d/warnings/navmesh_edge_merge_errors' in the project settings.
   at: _build_step_find_edge_connection_pairs (modules/navigation_3d/3d/nav_region_builder_3d.cpp:219)
   GDScript backtrace (most recent call first):
       [0] bake_navigation (res://src/world/map_builder.gd:87)
       [1] _map (res://tests/unit/test_island.gd:36)
       [2] test_aa_build_surface_maps (res://tests/unit/test_island.gd:48)
       [3] _run (res://tests/run_tests.gd:43)
       [4] test_opens_once_per_hero (res://tests/unit/test_guide.gd:149)
WARNING: Navigation region synchronization had 80 edge error(s).
More than 2 edges tried to occupy the same map rasterization space.
This causes a logical error in the navigation mesh geometry and is commonly caused by overlap or too densely placed edges.
Consider baking with a higher 'cell_size', greater geometry margin, and less detailed bake objects to cause fewer edges.
Consider lowering the 'navigation/3d/merge_rasterizer_cell_scale' in the project settings.
This warning can be toggled under 'navigation/3d/warnings/navmesh_edge_merge_errors' in the project settings.
   at: _build_step_find_edge_connection_pairs (modules/navigation_3d/3d/nav_region_builder_3d.cpp:219)
   GDScript backtrace (most recent call first):
       [0] bake_navigation (res://src/world/map_builder.gd:87)
       [1] _map (res://tests/unit/test_island.gd:36)
       [2] test_aa_build_surface_maps (res://tests/unit/test_island.gd:48)
       [3] _run (res://tests/run_tests.gd:43)
       [4] test_opens_once_per_hero (res://tests/unit/test_guide.gd:149)
WARNING: Navigation region synchronization had 20 edge error(s).
More than 2 edges tried to occupy the same map rasterization space.
This causes a logical error in the navigation mesh geometry and is commonly caused by overlap or too densely placed edges.
Consider baking with a higher 'cell_size', greater geometry margin, and less detailed bake objects to cause fewer edges.
Consider lowering the 'navigation/3d/merge_rasterizer_cell_scale' in the project settings.
This warning can be toggled under 'navigation/3d/warnings/navmesh_edge_merge_errors' in the project settings.
   at: _build_step_find_edge_connection_pairs (modules/navigation_3d/3d/nav_region_builder_3d.cpp:219)
   GDScript backtrace (most recent call first):
       [0] bake_navigation (res://src/world/map_builder.gd:87)
       [1] _map (res://tests/unit/test_island.gd:36)
       [2] test_aa_build_surface_maps (res://tests/unit/test_island.gd:48)
       [3] _run (res://tests/run_tests.gd:43)
       [4] test_opens_once_per_hero (res://tests/unit/test_guide.gd:149)
WARNING: Navigation region synchronization had 6 edge error(s).
More than 2 edges tried to occupy the same map rasterization space.
This causes a logical error in the navigation mesh geometry and is commonly caused by overlap or too densely placed edges.
Consider baking with a higher 'cell_size', greater geometry margin, and less detailed bake objects to cause fewer edges.
Consider lowering the 'navigation/3d/merge_rasterizer_cell_scale' in the project settings.
This warning can be toggled under 'navigation/3d/warnings/navmesh_edge_merge_errors' in the project settings.
   at: _build_step_find_edge_connection_pairs (modules/navigation_3d/3d/nav_region_builder_3d.cpp:219)
   GDScript backtrace (most recent call first):
       [0] bake_navigation (res://src/world/map_builder.gd:87)
       [1] _map (res://tests/unit/test_island.gd:36)
       [2] test_aa_build_surface_maps (res://tests/unit/test_island.gd:48)
       [3] _run (res://tests/run_tests.gd:43)
       [4] test_opens_once_per_hero (res://tests/unit/test_guide.gd:149)
WARNING: Navigation region synchronization had 32 edge error(s).
More than 2 edges tried to occupy the same map rasterization space.
This causes a logical error in the navigation mesh geometry and is commonly caused by overlap or too densely placed edges.
Consider baking with a higher 'cell_size', greater geometry margin, and less detailed bake objects to cause fewer edges.
Consider lowering the 'navigation/3d/merge_rasterizer_cell_scale' in the project settings.
This warning can be toggled under 'navigation/3d/warnings/navmesh_edge_merge_errors' in the project settings.
   at: _build_step_find_edge_connection_pairs (modules/navigation_3d/3d/nav_region_builder_3d.cpp:219)
   GDScript backtrace (most recent call first):
       [0] bake_navigation (res://src/world/map_builder.gd:87)
       [1] test_aa_build_surface_maps (res://tests/unit/test_island.gd:56)
       [2] _run (res://tests/run_tests.gd:43)
       [3] test_opens_once_per_hero (res://tests/unit/test_guide.gd:149)
[PASS] test_island.gd — 13 tests, 1204 checks, 0 failures (5433.2 ms)
[PASS] test_items.gd — 17 tests, 2477 checks, 0 failures (500.3 ms)
[PASS] test_loot.gd — 17 tests, 1843 checks, 0 failures (13781.0 ms)
WARNING: Navigation region synchronization had 32 edge error(s).
More than 2 edges tried to occupy the same map rasterization space.
This causes a logical error in the navigation mesh geometry and is commonly caused by overlap or too densely placed edges.
Consider baking with a higher 'cell_size', greater geometry margin, and less detailed bake objects to cause fewer edges.
Consider lowering the 'navigation/3d/merge_rasterizer_cell_scale' in the project settings.
This warning can be toggled under 'navigation/3d/warnings/navmesh_edge_merge_errors' in the project settings.
   at: _build_step_find_edge_connection_pairs (modules/navigation_3d/3d/nav_region_builder_3d.cpp:219)
   GDScript backtrace (most recent call first):
       [0] bake_navigation (res://src/world/map_builder.gd:87)
       [1] _map (res://tests/unit/test_maps.gd:32)
       [2] test_aa_build_and_sync_all_maps (res://tests/unit/test_maps.gd:53)
       [3] _run (res://tests/run_tests.gd:43)
       [4] test_using_consumables (res://tests/unit/test_loot.gd:263)
WARNING: Navigation region synchronization had 80 edge error(s).
More than 2 edges tried to occupy the same map rasterization space.
This causes a logical error in the navigation mesh geometry and is commonly caused by overlap or too densely placed edges.
Consider baking with a higher 'cell_size', greater geometry margin, and less detailed bake objects to cause fewer edges.
Consider lowering the 'navigation/3d/merge_rasterizer_cell_scale' in the project settings.
This warning can be toggled under 'navigation/3d/warnings/navmesh_edge_merge_errors' in the project settings.
   at: _build_step_find_edge_connection_pairs (modules/navigation_3d/3d/nav_region_builder_3d.cpp:219)
   GDScript backtrace (most recent call first):
       [0] bake_navigation (res://src/world/map_builder.gd:87)
       [1] _map (res://tests/unit/test_maps.gd:32)
       [2] test_aa_build_and_sync_all_maps (res://tests/unit/test_maps.gd:53)
       [3] _run (res://tests/run_tests.gd:43)
       [4] test_using_consumables (res://tests/unit/test_loot.gd:263)
WARNING: Navigation region synchronization had 20 edge error(s).
More than 2 edges tried to occupy the same map rasterization space.
This causes a logical error in the navigation mesh geometry and is commonly caused by overlap or too densely placed edges.
Consider baking with a higher 'cell_size', greater geometry margin, and less detailed bake objects to cause fewer edges.
Consider lowering the 'navigation/3d/merge_rasterizer_cell_scale' in the project settings.
This warning can be toggled under 'navigation/3d/warnings/navmesh_edge_merge_errors' in the project settings.
   at: _build_step_find_edge_connection_pairs (modules/navigation_3d/3d/nav_region_builder_3d.cpp:219)
   GDScript backtrace (most recent call first):
       [0] bake_navigation (res://src/world/map_builder.gd:87)
       [1] _map (res://tests/unit/test_maps.gd:32)
       [2] test_aa_build_and_sync_all_maps (res://tests/unit/test_maps.gd:53)
       [3] _run (res://tests/run_tests.gd:43)
       [4] test_using_consumables (res://tests/unit/test_loot.gd:263)
WARNING: Navigation region synchronization had 3 edge error(s).
More than 2 edges tried to occupy the same map rasterization space.
This causes a logical error in the navigation mesh geometry and is commonly caused by overlap or too densely placed edges.
Consider baking with a higher 'cell_size', greater geometry margin, and less detailed bake objects to cause fewer edges.
Consider lowering the 'navigation/3d/merge_rasterizer_cell_scale' in the project settings.
This warning can be toggled under 'navigation/3d/warnings/navmesh_edge_merge_errors' in the project settings.
   at: _build_step_find_edge_connection_pairs (modules/navigation_3d/3d/nav_region_builder_3d.cpp:219)
   GDScript backtrace (most recent call first):
       [0] bake_navigation (res://src/world/map_builder.gd:87)
       [1] _map (res://tests/unit/test_maps.gd:32)
       [2] test_aa_build_and_sync_all_maps (res://tests/unit/test_maps.gd:53)
       [3] _run (res://tests/run_tests.gd:43)
       [4] test_using_consumables (res://tests/unit/test_loot.gd:263)
[PASS] test_maps.gd — 14 tests, 558 checks, 0 failures (9814.2 ms)
[PASS] test_net.gd — 4 tests, 845 checks, 0 failures (3.4 ms)
[PASS] test_npcs.gd — 3 tests, 440 checks, 0 failures (15884.9 ms)
WARNING: Navigation region synchronization had 20 edge error(s).
More than 2 edges tried to occupy the same map rasterization space.
This causes a logical error in the navigation mesh geometry and is commonly caused by overlap or too densely placed edges.
Consider baking with a higher 'cell_size', greater geometry margin, and less detailed bake objects to cause fewer edges.
Consider lowering the 'navigation/3d/merge_rasterizer_cell_scale' in the project settings.
This warning can be toggled under 'navigation/3d/warnings/navmesh_edge_merge_errors' in the project settings.
   at: _build_step_find_edge_connection_pairs (modules/navigation_3d/3d/nav_region_builder_3d.cpp:219)
   GDScript backtrace (most recent call first):
       [0] bake_navigation (res://src/world/map_builder.gd:87)
       [1] test_lite_navigation_matches (res://tests/unit/test_perf.gd:130)
       [2] _run (res://tests/run_tests.gd:43)
       [3] test_npcs_stand_on_ground_after_travel (res://tests/unit/test_npcs.gd:140)
       [4] _frames (res://tests/unit/test_npcs.gd:18)
WARNING: Navigation region synchronization had 20 edge error(s).
More than 2 edges tried to occupy the same map rasterization space.
This causes a logical error in the navigation mesh geometry and is commonly caused by overlap or too densely placed edges.
Consider baking with a higher 'cell_size', greater geometry margin, and less detailed bake objects to cause fewer edges.
Consider lowering the 'navigation/3d/merge_rasterizer_cell_scale' in the project settings.
This warning can be toggled under 'navigation/3d/warnings/navmesh_edge_merge_errors' in the project settings.
   at: _build_step_find_edge_connection_pairs (modules/navigation_3d/3d/nav_region_builder_3d.cpp:219)
   GDScript backtrace (most recent call first):
       [0] bake_navigation (res://src/world/map_builder.gd:87)
       [1] test_lite_navigation_matches (res://tests/unit/test_perf.gd:130)
       [2] _run (res://tests/run_tests.gd:43)
       [3] test_npcs_stand_on_ground_after_travel (res://tests/unit/test_npcs.gd:140)
       [4] _frames (res://tests/unit/test_npcs.gd:18)
[PASS] test_perf.gd — 7 tests, 243 checks, 0 failures (6751.3 ms)
[PASS] test_progression.gd — 7 tests, 51 checks, 0 failures (7.9 ms)
[PASS] test_shops_dialogue.gd — 10 tests, 1174 checks, 0 failures (517.0 ms)
[PASS] test_skills.gd — 11 tests, 3285 checks, 0 failures (10643.4 ms)
[PASS] test_stats.gd — 8 tests, 159 checks, 0 failures (22.4 ms)
[PASS] test_status.gd — 8 tests, 24 checks, 0 failures (88.8 ms)
[PASS] test_team_loot.gd — 3 tests, 21729 checks, 0 failures (14690.8 ms)
WARNING: Can't change the size of a `SubViewport` with a `SubViewportContainer` parent that has `stretch` enabled. Set `SubViewportContainer.stretch` to `false` to allow changing the size manually.
   at: _internal_set_size (scene/main/viewport.cpp:5627)
   GDScript backtrace (most recent call first):
       [0] _on_resized (res://src/ui/widgets/character_preview.gd:113)
       [1] _ready (res://src/ui/widgets/character_preview.gd:109)
       [2] _build (res://src/ui/windows/tempo_window.gd:58)
       [3] _ready (res://src/ui/widgets/ui_window.gd:30)
       [4] test_windows_open_with_tempos (res://tests/unit/test_tempos.gd:659)
       [5] _run (res://tests/run_tests.gd:43)
       [6] test_every_skill_works_live (res://tests/unit/test_tempos.gd:646)
       [7] _until (res://tests/unit/test_tempos.gd:96)
[FAIL] test_tempos.gd — 16 tests, 3537 checks, 1 failures (5544.8 ms)
WARNING: Navigation region synchronization had 80 edge error(s).
More than 2 edges tried to occupy the same map rasterization space.
This causes a logical error in the navigation mesh geometry and is commonly caused by overlap or too densely placed edges.
Consider baking with a higher 'cell_size', greater geometry margin, and less detailed bake objects to cause fewer edges.
Consider lowering the 'navigation/3d/merge_rasterizer_cell_scale' in the project settings.
This warning can be toggled under 'navigation/3d/warnings/navmesh_edge_merge_errors' in the project settings.
   at: _build_step_find_edge_connection_pairs (modules/navigation_3d/3d/nav_region_builder_3d.cpp:219)
   GDScript backtrace (most recent call first):
       [0] bake_navigation (res://src/world/map_builder.gd:87)
       [1] test_both_bridges_walkable_in_both_directions (res://tests/unit/test_westreach_bridges.gd:16)
       [2] _run (res://tests/run_tests.gd:43)
       [3] test_every_skill_works_live (res://tests/unit/test_tempos.gd:646)
       [4] _until (res://tests/unit/test_tempos.gd:96)
[PASS] test_westreach_bridges.gd — 1 tests, 14 checks, 0 failures (3625.6 ms)
  FAIL test_auto_loot_filters.test_magnet_rechecks_load_before_pickup: matching item can auto-loot
  FAIL test_balance.test_power_is_within_band_at_every_level: L1 knight power 437.6 is within 20% of the mean 608.9 (-28%)
  FAIL test_balance.test_power_is_within_band_at_every_level: L1 mage power 1182.6 is within 20% of the mean 608.9 (+94%)
  FAIL test_balance.test_power_is_within_band_at_every_level: L1 ranger power 815.6 is within 20% of the mean 608.9 (+34%)
  FAIL test_balance.test_power_is_within_band_at_every_level: L1 shadowblade power 0.0 is within 20% of the mean 608.9 (-100%)
  FAIL test_balance.test_power_is_within_band_at_every_level: L10 knight power 2920.6 is within 20% of the mean 2427.4 (+20%)
  FAIL test_balance.test_power_is_within_band_at_every_level: L10 mage power 5296.6 is within 20% of the mean 2427.4 (+118%)
  FAIL test_balance.test_power_is_within_band_at_every_level: L10 ranger power 1492.5 is within 20% of the mean 2427.4 (-39%)
  FAIL test_balance.test_power_is_within_band_at_every_level: L10 shadowblade power 0.0 is within 20% of the mean 2427.4 (-100%)
  FAIL test_balance.test_power_is_within_band_at_every_level: L20 knight power 9183.0 is within 20% of the mean 4827.1 (+90%)
  FAIL test_balance.test_power_is_within_band_at_every_level: L20 mage power 7565.1 is within 20% of the mean 4827.1 (+57%)
  FAIL test_balance.test_power_is_within_band_at_every_level: L20 ranger power 1885.0 is within 20% of the mean 4827.1 (-61%)
  FAIL test_balance.test_power_is_within_band_at_every_level: L20 shadowblade power 675.1 is within 20% of the mean 4827.1 (-86%)
  FAIL test_balance.test_power_is_within_band_at_every_level: L30 knight power 18625.4 is within 20% of the mean 8567.6 (+117%)
  FAIL test_balance.test_power_is_within_band_at_every_level: L30 ranger power 3155.2 is within 20% of the mean 8567.6 (-63%)
  FAIL test_balance.test_power_is_within_band_at_every_level: L30 shadowblade power 4753.7 is within 20% of the mean 8567.6 (-45%)
  FAIL test_enemies2.test_balance_against_the_roster: war_totem HP 40 within 125% of goblin_skulker (24)
  FAIL test_enemies2.test_balance_against_the_roster: war_totem defense 25 near goblin_skulker (4)
  FAIL test_enemies2.test_bombardier_lights_its_keg: the blast hurts the hero (167 -> 184)
  FAIL test_enemies2.test_chain_lightning_strikes: chain lightning reaches the hero
  FAIL test_enemies2.test_chain_lightning_strikes: and hurts (167 -> 167)
  FAIL test_enemies2.test_mimic_sleeps_then_ambushes: the tongue pulls the hero toward the Mimic
  FAIL test_enemies2.test_web_spit_roots_the_hero: a web spit that connects applies Webbed
  FAIL test_tempos.test_enemies_turn_on_a_tempo_that_hurts_them_more: the monster turns on the spirit that out-damages the hero
TOTAL: 57594 checks, 24 failures
