Godot Engine v4.7.2.stable.official.ed1daf0bf - https://godotengine.org

WARNING: Can't change the size of a `SubViewport` with a `SubViewportContainer` parent that has `stretch` enabled. Set `SubViewportContainer.stretch` to `false` to allow changing the size manually.
   at: _internal_set_size (scene/main/viewport.cpp:5627)
   GDScript backtrace (most recent call first):
       [0] _on_resized (res://src/ui/widgets/character_preview.gd:113)
       [1] _ready (res://src/ui/widgets/character_preview.gd:109)
       [2] _build (res://src/ui/windows/inventory_window.gd:71)
       [3] _ready (res://src/ui/widgets/ui_window.gd:30)
       [4] _add_window (res://src/ui/ui_root.gd:82)
       [5] _ready (res://src/ui/ui_root.gd:41)
       [6] _make_ui (res://src/main.gd:162)
       [7] _quick_start (res://src/main.gd:190)
WARNING: Can't change the size of a `SubViewport` with a `SubViewportContainer` parent that has `stretch` enabled. Set `SubViewportContainer.stretch` to `false` to allow changing the size manually.
   at: _internal_set_size (scene/main/viewport.cpp:5627)
   GDScript backtrace (most recent call first):
       [0] _on_resized (res://src/ui/widgets/character_preview.gd:113)
       [1] _ready (res://src/ui/widgets/character_preview.gd:109)
       [2] _build (res://src/ui/windows/character_window.gd:53)
       [3] _ready (res://src/ui/widgets/ui_window.gd:30)
       [4] _add_window (res://src/ui/ui_root.gd:82)
       [5] _ready (res://src/ui/ui_root.gd:43)
       [6] _make_ui (res://src/main.gd:162)
       [7] _quick_start (res://src/main.gd:190)
WARNING: Can't change the size of a `SubViewport` with a `SubViewportContainer` parent that has `stretch` enabled. Set `SubViewportContainer.stretch` to `false` to allow changing the size manually.
   at: _internal_set_size (scene/main/viewport.cpp:5627)
   GDScript backtrace (most recent call first):
       [0] _on_resized (res://src/ui/widgets/character_preview.gd:113)
       [1] _ready (res://src/ui/widgets/character_preview.gd:109)
       [2] _build (res://src/ui/windows/tempo_window.gd:58)
       [3] _ready (res://src/ui/widgets/ui_window.gd:30)
       [4] _add_window (res://src/ui/ui_root.gd:82)
       [5] _ready (res://src/ui/ui_root.gd:49)
       [6] _make_ui (res://src/main.gd:162)
       [7] _quick_start (res://src/main.gd:190)
TEAM[host] PASS host opened
TEAM[host] PASS three players connected
TEAM[host] PASS travel on scout
TEAM[host] PASS travel on ally
TEAM[host] PASS leader remained in town
TEAM[host] PASS first explorer owns remote map
TEAM[host] PASS authority on scout
TEAM[host] PASS authority on ally
TEAM[host] PASS replicas on ally
TEAM[host] PASS prepare_kill on scout
TEAM[host] PASS kill on ally
TEAM[host] PASS dead on scout
TEAM[host] PASS kill_reward on ally
TEAM[host] PASS leader portal begins
TEAM[host] PASS leader portal changes map
TEAM[host] PASS leader arrival preserves explorer authority
TEAM[host] PASS selected member is visible after map transition
TEAM landing player=(-110.2, -1.223616, 44.0) ally=(-112.0, -1.234758, 44.0) avatar=true
TEAM[host] PASS leader lands beside selected member
TEAM[host] PASS portal cooldown blocks repeat
TEAM[host] PASS checkpoint on scout
TEAM[host] PASS travel on scout
TEAM[host] PASS leader takes over remaining map
TEAM[host] PASS handoff keeps killed enemy dead
TEAM[host] PASS replicas on ally
TEAM[host] PASS portal_interrupted on scout
TEAM[host] PASS portal on scout
TEAM[host] PASS member portal reaches leader
TEAM[host] PASS stale_packet on ally
TEAM[host] PASS portal_guards on ally
TEAM[host] PASS remember_stage on ally
TEAM[host] PASS stage_award on ally
TEAM[host] PASS travel on ally
TEAM[host] PASS bad_revive on ally
TEAM[host] PASS optional summon sent
TEAM[host] PASS stay on ally
TEAM[host] PASS travel on ally
TEAM[host] PASS rejoin on 1240564244
TEAM[host] PASS travel on scout
TEAM[host] PASS leave on scout
TEAM[host] PASS client disconnect leaves other players connected
TEAM[host] PASS remote map gets a remaining owner
TEAM[host] PASS authority on ally
TEAM[host] PASS handoff_state on ally
TEAM[host] PASS expect_shutdown on ally
TEAM[host] SUMMARY 28 steps, 0 failures
