Godot Engine v4.7.2.stable.official.ed1daf0bf - https://godotengine.org

ERROR: Not supported by this display server.
   at: keyboard_get_label_from_physical (servers/display/display_server.cpp:1228)
ERROR: Not supported by this display server.
   at: keyboard_get_label_from_physical (servers/display/display_server.cpp:1228)
ERROR: Not supported by this display server.
   at: keyboard_get_label_from_physical (servers/display/display_server.cpp:1228)
ERROR: Not supported by this display server.
   at: keyboard_get_label_from_physical (servers/display/display_server.cpp:1228)
ERROR: Not supported by this display server.
   at: keyboard_get_label_from_physical (servers/display/display_server.cpp:1228)
ERROR: Not supported by this display server.
   at: keyboard_get_label_from_physical (servers/display/display_server.cpp:1228)
ERROR: Not supported by this display server.
   at: keyboard_get_label_from_physical (servers/display/display_server.cpp:1228)
ERROR: Not supported by this display server.
   at: keyboard_get_label_from_physical (servers/display/display_server.cpp:1228)
ERROR: Not supported by this display server.
   at: keyboard_get_label_from_physical (servers/display/display_server.cpp:1228)
ERROR: Not supported by this display server.
   at: keyboard_get_label_from_physical (servers/display/display_server.cpp:1228)
ERROR: Not supported by this display server.
   at: keyboard_get_label_from_physical (servers/display/display_server.cpp:1228)
ERROR: Not supported by this display server.
   at: keyboard_get_label_from_physical (servers/display/display_server.cpp:1228)
ERROR: Not supported by this display server.
   at: keyboard_get_label_from_physical (servers/display/display_server.cpp:1228)
ERROR: Not supported by this display server.
   at: keyboard_get_label_from_physical (servers/display/display_server.cpp:1228)
ERROR: Not supported by this display server.
   at: keyboard_get_label_from_physical (servers/display/display_server.cpp:1228)
ERROR: Not supported by this display server.
   at: keyboard_get_label_from_physical (servers/display/display_server.cpp:1228)
ERROR: Not supported by this display server.
   at: keyboard_get_label_from_physical (servers/display/display_server.cpp:1228)
ERROR: Not supported by this display server.
   at: keyboard_get_label_from_physical (servers/display/display_server.cpp:1228)
ERROR: Not supported by this display server.
   at: keyboard_get_label_from_physical (servers/display/display_server.cpp:1228)
ERROR: Not supported by this display server.
   at: keyboard_get_label_from_physical (servers/display/display_server.cpp:1228)
ERROR: Not supported by this display server.
   at: keyboard_get_label_from_physical (servers/display/display_server.cpp:1228)
ERROR: Not supported by this display server.
   at: keyboard_get_label_from_physical (servers/display/display_server.cpp:1228)
ERROR: Not supported by this display server.
   at: keyboard_get_label_from_physical (servers/display/display_server.cpp:1228)
ERROR: Not supported by this display server.
   at: keyboard_get_label_from_physical (servers/display/display_server.cpp:1228)
ERROR: Not supported by this display server.
   at: keyboard_get_label_from_physical (servers/display/display_server.cpp:1228)
ERROR: Not supported by this display server.
   at: keyboard_get_label_from_physical (servers/display/display_server.cpp:1228)
ERROR: Not supported by this display server.
   at: keyboard_get_label_from_physical (servers/display/display_server.cpp:1228)
ERROR: Not supported by this display server.
   at: keyboard_get_label_from_physical (servers/display/display_server.cpp:1228)
ERROR: Not supported by this display server.
   at: keyboard_get_label_from_physical (servers/display/display_server.cpp:1228)
ERROR: Not supported by this display server.
   at: keyboard_get_label_from_physical (servers/display/display_server.cpp:1228)
ERROR: Not supported by this display server.
   at: keyboard_get_label_from_physical (servers/display/display_server.cpp:1228)
ERROR: Not supported by this display server.
   at: keyboard_get_label_from_physical (servers/display/display_server.cpp:1228)
ERROR: Not supported by this display server.
   at: keyboard_get_label_from_physical (servers/display/display_server.cpp:1228)
ERROR: Not supported by this display server.
   at: keyboard_get_label_from_physical (servers/display/display_server.cpp:1228)
ERROR: Not supported by this display server.
   at: keyboard_get_label_from_physical (servers/display/display_server.cpp:1228)
ERROR: Not supported by this display server.
   at: keyboard_get_label_from_physical (servers/display/display_server.cpp:1228)
ERROR: Not supported by this display server.
   at: keyboard_get_label_from_physical (servers/display/display_server.cpp:1228)
ERROR: Not supported by this display server.
   at: keyboard_get_label_from_physical (servers/display/display_server.cpp:1228)
ERROR: Not supported by this display server.
   at: keyboard_get_label_from_physical (servers/display/display_server.cpp:1228)
ERROR: Not supported by this display server.
   at: keyboard_get_label_from_physical (servers/display/display_server.cpp:1228)
ERROR: Not supported by this display server.
   at: keyboard_get_label_from_physical (servers/display/display_server.cpp:1228)
ERROR: Not supported by this display server.
   at: keyboard_get_label_from_physical (servers/display/display_server.cpp:1228)
ERROR: Not supported by this display server.
   at: keyboard_get_label_from_physical (servers/display/display_server.cpp:1228)
ERROR: Not supported by this display server.
   at: keyboard_get_label_from_physical (servers/display/display_server.cpp:1228)
ERROR: Not supported by this display server.
   at: keyboard_get_label_from_physical (servers/display/display_server.cpp:1228)
ERROR: Not supported by this display server.
   at: keyboard_get_label_from_physical (servers/display/display_server.cpp:1228)
ERROR: Not supported by this display server.
   at: keyboard_get_label_from_physical (servers/display/display_server.cpp:1228)
ERROR: Not supported by this display server.
   at: keyboard_get_label_from_physical (servers/display/display_server.cpp:1228)
ERROR: Not supported by this display server.
   at: keyboard_get_label_from_physical (servers/display/display_server.cpp:1228)
ERROR: Not supported by this display server.
   at: keyboard_get_label_from_physical (servers/display/display_server.cpp:1228)
ERROR: Not supported by this display server.
   at: keyboard_get_label_from_physical (servers/display/display_server.cpp:1228)
ERROR: Not supported by this display server.
   at: keyboard_get_label_from_physical (servers/display/display_server.cpp:1228)
ERROR: Not supported by this display server.
   at: keyboard_get_label_from_physical (servers/display/display_server.cpp:1228)
ERROR: Not supported by this display server.
   at: keyboard_get_label_from_physical (servers/display/display_server.cpp:1228)
ERROR: Not supported by this display server.
   at: keyboard_get_label_from_physical (servers/display/display_server.cpp:1228)
ERROR: Not supported by this display server.
   at: keyboard_get_label_from_physical (servers/display/display_server.cpp:1228)
ERROR: Not supported by this display server.
   at: keyboard_get_label_from_physical (servers/display/display_server.cpp:1228)
ERROR: Not supported by this display server.
   at: keyboard_get_label_from_physical (servers/display/display_server.cpp:1228)
ERROR: Not supported by this display server.
   at: keyboard_get_label_from_physical (servers/display/display_server.cpp:1228)
ERROR: Not supported by this display server.
   at: keyboard_get_label_from_physical (servers/display/display_server.cpp:1228)
WARNING: 6 ObjectDB instances were leaked at exit (run with `--verbose` for details).
   at: cleanup (core/object/object.cpp:2536)
ERROR: 2 resources still in use at exit (run with --verbose for details).
   at: clear (core/io/resource.cpp:822)
