Godot Engine v4.7.2.stable.official.ed1daf0bf - https://godotengine.org
Vulkan 1.4.329 - Forward+ - Using Device #0: NVIDIA - NVIDIA GeForce RTX 4060

CENSUS    96 Skeleton3D [p]
CENSUS    95 NavigationAgent3D [f]
CENSUS    94 Node3D(enemy_bar.gd) [P]
CENSUS    94 CharacterBody3D(enemy.gd) [F]
CENSUS    64 Node3D(character_visual.gd) [P]
CENSUS    38 AnimationTree [p]
CENSUS    32 GPUParticles3D [pf]
CENSUS    25 Control(touch_button.gd) [P]
CENSUS    25 OmniLight3D(flicker_light.gd) [P]
CENSUS    18 Control(skill_button.gd) [P]
CENSUS    14 AudioStreamPlayer3D [f]
CENSUS     9 Control(art_bar.gd) [P]
CENSUS     5 Node3D(sign_labels.gd) [P]
CENSUS     5 Node3D(gather_node.gd) [P]
CENSUS     3 GPUParticles3D [f]
CENSUS     3 SubViewportContainer(character_preview.gd) [P]
CENSUS     2 Control(orb.gd) [P]
CENSUS     2 Control(tree_view.gd) [P]
CENSUS     2 AudioStreamPlayer [p]
CENSUS     1 VBoxContainer(tempo_frames.gd) [P]
CENSUS     1 VBoxContainer(party_frames.gd) [P]
CENSUS     1 Control(chat_box.gd) [P]
CENSUS     1 Control(touch_controls.gd) [P]
CENSUS     1 Control(character_window.gd) [P]
CENSUS     1 CanvasLayer(tooltip_layer.gd) [P]
CENSUS     1 Control(dialogue_box.gd) [P]
CENSUS     1 Control(debug_window.gd) [P]
CENSUS     1 Control(guild_window.gd) [P]
CENSUS     1 Control(multiplayer_window.gd) [P]
CENSUS     1 Control(gacha_reveal_window.gd) [P]
CENSUS     1 Control(shop_window.gd) [P]
CENSUS     1 Control(atlas_view.gd) [P]
CENSUS     1 Control(tempo_caller_window.gd) [P]
CENSUS     1 Control(tempo_window.gd) [P]
CENSUS     1 Node(music_director.gd) [P]
CENSUS     1 Node(game.gd) [P]
CENSUS     1 Node(fx.gd) [P]
CENSUS     1 Node(dev_tools.gd) [P]
CENSUS     1 Node(routes.gd) [PF]
CENSUS     1 Node(net.gd) [P]
CENSUS     1 Node(official_service.gd) [P]
CENSUS     1 Node(perf.gd) [P]
CENSUS     1 CharacterBody3D(player.gd) [F]
CENSUS     1 Camera3D(player_camera.gd) [P]
CENSUS     1 Node(combat_director.gd) [F]
CENSUS     1 CharacterBody3D(tempo.gd) [F]
CENSUS     1 Node3D(tempo_bar.gd) [P]
CENSUS     1 CanvasLayer(ui_root.gd) [P]
CENSUS     1 Control(hud.gd) [P]
CENSUS     1 Control(loot_labels.gd) [P]
CENSUS     1 Control(minimap.gd) [P]
CENSUS     1 PanelContainer(directions_panel.gd) [P]
CENSUS     1 PanelContainer(stage_tracker.gd) [P]
ERROR: 1 RID allocations of type 'N10RendererRD14TextureStorage7TextureE' were leaked at exit.
ERROR: Parameter "RenderingServer::get_singleton()" is null.
   at: ~CompressedTexture2D (scene/resources/compressed_texture.cpp:464)
WARNING: 2 RIDs of type "Texture" were leaked.
   at: finalize (servers/rendering/rendering_device.cpp:8900)
