Godot Engine v4.7.2.stable.official.ed1daf0bf - https://godotengine.org
Vulkan 1.4.329 - Forward+ - Using Device #0: NVIDIA - NVIDIA GeForce RTX 4060

CENSUS   410 MeshInstance3D []
CENSUS   274 Node3D []
CENSUS   134 BoneAttachment3D []
CENSUS    96 CollisionShape3D []
CENSUS    96 NavigationAgent3D [f]
CENSUS    96 Skeleton3D [p]
CENSUS    96 PhysicalBoneSimulator3D []
CENSUS    96 AnimationPlayer []
CENSUS    96 Node3D(enemy_bar.gd) [P]
CENSUS    64 Node3D(character_visual.gd) [P]
CENSUS    59 AnimationTree []
CENSUS    37 AnimationTree [p]
CENSUS    32 Node3D(character_visual.gd) []
CENSUS    26 GPUParticles3D [pf]
CENSUS     3 Label3D []
CENSUS     2 OmniLight3D []
ERROR: 1 RID allocations of type 'N10RendererRD14TextureStorage7TextureE' were leaked at exit.
ERROR: Parameter "RenderingServer::get_singleton()" is null.
   at: ~CompressedTexture2D (scene/resources/compressed_texture.cpp:464)
WARNING: 2 RIDs of type "Texture" were leaked.
   at: finalize (servers/rendering/rendering_device.cpp:8900)
WARNING: 9 ObjectDB instances were leaked at exit (run with `--verbose` for details).
   at: cleanup (core/object/object.cpp:2536)
ERROR: 3 resources still in use at exit (run with --verbose for details).
   at: clear (core/io/resource.cpp:822)
