Godot Engine v4.7.2.stable.official.ed1daf0bf - https://godotengine.org
Vulkan 1.4.329 - Forward+ - Using Device #0: NVIDIA - NVIDIA GeForce RTX 4060

PIECES orc_reaver first tree.advance 0.5 ms, second 0.0 ms, anims 136
PIECES orc_reaver visual alone: next frame 4.9 ms, the one after 3.3 ms
PIECES orc_reaver load 11.2 inst 0.1 visual.setup 4.9 enemy.setup 12.4 enemy.add_child 5.3
PIECES orc_reaver first tree.advance 0.4 ms, second 0.0 ms, anims 136
PIECES orc_reaver visual alone: next frame 3.5 ms, the one after 5.3 ms
PIECES orc_reaver load 0.0 inst 0.1 visual.setup 4.8 enemy.setup 11.9 enemy.add_child 5.3
PHASES orc_reaver: pre_draw+7.8 post_draw+3.9 phys+0.1 proc+3.2 pre_draw+1.5 post_draw+1.9 proc+0.1
PHASES orc_reaver: pre_draw+7.4 post_draw+2.2 proc+0.1 pre_draw+1.3 post_draw+1.4 phys+0.0 proc+2.6
PHASES orc_reaver: pre_draw+7.0 post_draw+1.9 phys+0.1 proc+3.0 pre_draw+1.4 post_draw+1.9 proc+0.1
PHASES orc_reaver: pre_draw+7.1 post_draw+2.0 proc+0.1 pre_draw+1.3 post_draw+1.4 phys+0.1 proc+2.8
PHASES orc_reaver: pre_draw+7.2 post_draw+2.0 phys+0.1 proc+2.9 pre_draw+1.4 post_draw+1.8 proc+0.1
PHASES orc_reaver: pre_draw+7.4 post_draw+2.1 proc+0.1 pre_draw+1.3 post_draw+1.5 phys+0.1 proc+2.8
SPAWN orc_reaver ms (spawn+next frame): 5.9+9.1(proc 4369.7 phys 26.2 rcpu 0.5 gpu 1.5), 5.6+4.0(proc 4369.7 phys 26.2 rcpu 0.6 gpu 1.5), 5.2+6.8(proc 23.8 phys 7.2 rcpu 0.5 gpu 1.5), 5.3+3.8(proc 23.8 phys 7.2 rcpu 0.7 gpu 1.5), 5.5+6.8(proc 23.8 phys 7.2 rcpu 0.5 gpu 1.5), 5.5+4.1(proc 23.8 phys 7.2 rcpu 0.6 gpu 1.5)
PIECES hollow_soldier first tree.advance 0.4 ms, second 0.0 ms, anims 136
PIECES hollow_soldier visual alone: next frame 6.4 ms, the one after 3.4 ms
PIECES hollow_soldier load 8.7 inst 0.1 visual.setup 4.6 enemy.setup 11.6 enemy.add_child 5.3
PIECES hollow_soldier first tree.advance 0.4 ms, second 0.0 ms, anims 136
PIECES hollow_soldier visual alone: next frame 6.0 ms, the one after 3.2 ms
PIECES hollow_soldier load 0.0 inst 0.1 visual.setup 4.9 enemy.setup 11.1 enemy.add_child 5.5
PHASES hollow_soldier: pre_draw+7.2 post_draw+3.8 phys+0.1 proc+3.4 pre_draw+2.4 post_draw+2.1 proc+0.1
PHASES hollow_soldier: pre_draw+7.4 post_draw+2.1 proc+0.1 pre_draw+1.3 post_draw+1.4 phys+0.1 proc+3.1
PHASES hollow_soldier: pre_draw+7.2 post_draw+2.1 proc+0.1 pre_draw+1.2 post_draw+1.4 phys+0.1 proc+3.0
PHASES hollow_soldier: pre_draw+10.9 post_draw+3.1 phys+0.1 proc+4.3 pre_draw+2.7 post_draw+2.0 proc+0.1
PHASES hollow_soldier: pre_draw+7.2 post_draw+1.9 phys+0.1 proc+3.0 pre_draw+1.6 post_draw+1.8 proc+0.1
PHASES hollow_soldier: pre_draw+8.1 post_draw+2.0 proc+0.1 pre_draw+1.3 post_draw+1.5 proc+0.1
SPAWN hollow_soldier ms (spawn+next frame): 5.4+9.2(proc 23.8 phys 7.2 rcpu 0.6 gpu 1.4), 5.6+4.0(proc 23.8 phys 7.2 rcpu 0.6 gpu 1.5), 5.4+4.0(proc 23.8 phys 7.2 rcpu 0.5 gpu 1.5), 7.9+10.5(proc 23.8 phys 7.2 rcpu 1.1 gpu 1.5), 5.4+6.7(proc 23.8 phys 7.2 rcpu 0.6 gpu 1.5), 5.4+4.8(proc 23.8 phys 7.2 rcpu 0.5 gpu 1.5)
PIECES dire_wolf first tree.advance 0.2 ms, second 0.0 ms, anims 16
PIECES dire_wolf visual alone: next frame 6.4 ms, the one after 3.3 ms
PIECES dire_wolf load 1.2 inst 0.1 visual.setup 1.1 enemy.setup 11.3 enemy.add_child 1.6
PIECES dire_wolf first tree.advance 0.1 ms, second 0.0 ms, anims 16
PIECES dire_wolf visual alone: next frame 5.7 ms, the one after 4.1 ms
PIECES dire_wolf load 0.0 inst 0.1 visual.setup 1.0 enemy.setup 11.3 enemy.add_child 1.5
PHASES dire_wolf: pre_draw+4.0 post_draw+5.4 proc+0.1 pre_draw+1.5 post_draw+1.6 proc+0.1
PHASES dire_wolf: pre_draw+4.0 post_draw+1.6 proc+0.1 pre_draw+1.3 post_draw+1.3 phys+0.1 proc+2.9
PHASES dire_wolf: pre_draw+4.1 post_draw+1.9 proc+0.1 pre_draw+1.2 post_draw+1.3 proc+0.1
PHASES dire_wolf: pre_draw+3.9 post_draw+1.6 proc+0.1 pre_draw+1.2 post_draw+1.3 phys+0.1 proc+2.7
PHASES dire_wolf: pre_draw+4.1 post_draw+1.6 phys+0.1 proc+3.0 pre_draw+1.3 post_draw+1.6 proc+0.1
PHASES dire_wolf: pre_draw+5.9 post_draw+3.0 proc+0.1 pre_draw+1.8 post_draw+2.2 proc+0.1
SPAWN dire_wolf ms (spawn+next frame): 2.6+6.9(proc 23.8 phys 7.2 rcpu 0.6 gpu 1.5), 2.6+3.1(proc 23.8 phys 7.2 rcpu 0.5 gpu 1.5), 2.6+3.4(proc 23.8 phys 7.2 rcpu 0.6 gpu 1.5), 2.6+3.0(proc 23.8 phys 7.2 rcpu 0.5 gpu 1.5), 2.7+6.1(proc 23.8 phys 7.2 rcpu 0.5 gpu 1.5), 3.7+5.3(proc 23.8 phys 7.2 rcpu 0.5 gpu 1.5)
PIECES ogre_crusher first tree.advance 0.4 ms, second 0.0 ms, anims 136
PIECES ogre_crusher visual alone: next frame 3.5 ms, the one after 6.4 ms
PIECES ogre_crusher load 9.0 inst 0.1 visual.setup 4.6 enemy.setup 11.7 enemy.add_child 5.2
PIECES ogre_crusher first tree.advance 0.4 ms, second 0.0 ms, anims 136
PIECES ogre_crusher visual alone: next frame 3.4 ms, the one after 5.3 ms
PIECES ogre_crusher load 0.0 inst 0.1 visual.setup 4.7 enemy.setup 11.2 enemy.add_child 4.9
PHASES ogre_crusher: pre_draw+7.5 post_draw+1.9 phys+0.1 proc+2.8 pre_draw+2.1 post_draw+3.2 phys+0.1 proc+4.0
PHASES ogre_crusher: pre_draw+6.9 post_draw+1.9 phys+0.1 proc+3.0 pre_draw+2.3 post_draw+1.8 proc+0.1
PHASES ogre_crusher: pre_draw+7.0 post_draw+1.9 phys+0.1 proc+3.2 pre_draw+2.8 post_draw+1.9 proc+0.1
PHASES ogre_crusher: pre_draw+7.0 post_draw+1.9 phys+0.1 proc+3.1 pre_draw+1.3 post_draw+1.8 proc+0.1
PHASES ogre_crusher: pre_draw+7.0 post_draw+2.0 proc+0.1 pre_draw+1.4 post_draw+1.5 proc+0.1
PHASES ogre_crusher: pre_draw+7.9 post_draw+2.1 phys+0.1 proc+2.9 pre_draw+1.9 post_draw+3.0 proc+0.1
SPAWN ogre_crusher ms (spawn+next frame): 4.9+7.4(proc 23.8 phys 7.2 rcpu 0.5 gpu 1.5), 5.0+6.9(proc 23.8 phys 7.2 rcpu 0.6 gpu 1.5), 5.2+6.9(proc 23.8 phys 7.2 rcpu 0.5 gpu 1.5), 5.2+6.9(proc 23.8 phys 7.2 rcpu 0.5 gpu 1.5), 5.2+3.9(proc 23.8 phys 7.2 rcpu 0.5 gpu 1.5), 5.2+7.8(proc 23.8 phys 7.2 rcpu 0.6 gpu 1.5)
ERROR: 1 RID allocations of type 'N10RendererRD14TextureStorage7TextureE' were leaked at exit.
ERROR: Parameter "RenderingServer::get_singleton()" is null.
   at: ~CompressedTexture2D (scene/resources/compressed_texture.cpp:464)
WARNING: 2 RIDs of type "Texture" were leaked.
   at: finalize (servers/rendering/rendering_device.cpp:8900)
