Godot Engine v4.7.2.stable.official.ed1daf0bf - https://godotengine.org

[   0% ] first_scan_filesystem | Started Project initialization (5 steps)
[   0% ] first_scan_filesystem | Scanning file structure...
[  16% ] first_scan_filesystem | Loading global class names...
[  33% ] first_scan_filesystem | Verifying GDExtensions...
[  50% ] first_scan_filesystem | Creating autoload scripts...
[  66% ] first_scan_filesystem | Initializing plugins...
[  83% ] first_scan_filesystem | Starting file scan...
[ DONE ] first_scan_filesystem

[   0% ] update_scripts_classes | Started Registering global classes... (13 steps)
[   0% ] update_scripts_classes | Player
[   7% ] update_scripts_classes | Tempo
[  14% ] update_scripts_classes | TempoGacha
[  21% ] update_scripts_classes | TempoRules
[  28% ] update_scripts_classes | DataClassRework
[  35% ] update_scripts_classes | TempoWindow
[  42% ] update_scripts_classes | 
[  50% ] update_scripts_classes | 
[  57% ] update_scripts_classes | 
[  64% ] update_scripts_classes | 
[  71% ] update_scripts_classes | 
[  78% ] update_scripts_classes | 
[  85% ] update_scripts_classes | 
[ DONE ] update_scripts_classes

[   0% ] _update_scan_actions | Started Scanning actions... (142 steps)
[   0% ] _update_scan_actions | artisan_anchor_beard_axe.glb
[   0% ] _update_scan_actions | artisan_antler_crown_bow.glb
[   1% ] _update_scan_actions | artisan_astral_ring_sword.glb
[   2% ] _update_scan_actions | artisan_boar_cleaver_axe.glb
[   2% ] _update_scan_actions | artisan_clockwork_cam_bow.glb
[   3% ] _update_scan_actions | artisan_copperleaf_sword.glb
[   4% ] _update_scan_actions | artisan_crescent_fang_dagger.glb
[   4% ] _update_scan_actions | artisan_crescent_moon_axe.glb
[   5% ] _update_scan_actions | artisan_crystal_spire_bow.glb
[   6% ] _update_scan_actions | artisan_dragon_rib_bow.glb
[   6% ] _update_scan_actions | artisan_dragon_talon_axe.glb
[   7% ] _update_scan_actions | artisan_dragon_tooth_sword.glb
[   8% ] _update_scan_actions | artisan_flame_ribbon_sword.glb
[   9% ] _update_scan_actions | artisan_frost_pick_axe.glb
[   9% ] _update_scan_actions | artisan_glass_leaf_dagger.glb
[  10% ] _update_scan_actions | artisan_gothic_window_axe.glb
[  11% ] _update_scan_actions | artisan_gull_hook_dagger.glb
[  11% ] _update_scan_actions | artisan_harbor_basket_sword.glb
[  12% ] _update_scan_actions | artisan_heron_estoc.glb
[  13% ] _update_scan_actions | artisan_heron_wing_bow.glb
[  13% ] _update_scan_actions | artisan_ironleaf_bow.glb
[  14% ] _update_scan_actions | artisan_moon_hook_sword.glb
[  15% ] _update_scan_actions | artisan_orchid_fan_dagger.glb
[  16% ] _update_scan_actions | artisan_prism_greatblade.glb
[  16% ] _update_scan_actions | artisan_raven_beak_axe.glb
[  17% ] _update_scan_actions | artisan_sawback_dagger.glb
[  18% ] _update_scan_actions | artisan_scorpion_tail_dagger.glb
[  18% ] _update_scan_actions | artisan_serpent_coil_bow.glb
[  19% ] _update_scan_actions | artisan_serpent_kris_dagger.glb
[  20% ] _update_scan_actions | artisan_split_crown_sword.glb
[  20% ] _update_scan_actions | artisan_star_compass_dagger.glb
[  21% ] _update_scan_actions | artisan_sunwheel_bow.glb
[  22% ] _update_scan_actions | artisan_sun_disc_axe.glb
[  23% ] _update_scan_actions | artisan_thunder_fork_axe.glb
[  23% ] _update_scan_actions | artisan_tide_harp_bow.glb
[  24% ] _update_scan_actions | artisan_tide_scimitar.glb
[  25% ] _update_scan_actions | artisan_trident_dirk.glb
[  25% ] _update_scan_actions | artisan_twin_crescent_bow.glb
[  26% ] _update_scan_actions | artisan_twin_fang_dagger.glb
[  27% ] _update_scan_actions | artisan_twin_petal_axe.glb
[  27% ] _update_scan_actions | ashwood_crossbow.glb
[  28% ] _update_scan_actions | composite_bow.glb
[  29% ] _update_scan_actions | crane_lever_crossbow.glb
[  30% ] _update_scan_actions | depth_cinderhorn_bow.glb
[  30% ] _update_scan_actions | depth_dawnfeather_bow.glb
[  31% ] _update_scan_actions | depth_icebranch_longbow.glb
[  32% ] _update_scan_actions | depth_nightglass_warbow.glb
[  32% ] _update_scan_actions | depth_rootbend_shortbow.glb
[  33% ] _update_scan_actions | depth_saltwind_recurve.glb
[  34% ] _update_scan_actions | depth_starbridge_bow.glb
[  34% ] _update_scan_actions | depth_thornwing_bow.glb
[  35% ] _update_scan_actions | dragon_jaw_crossbow.glb
[  36% ] _update_scan_actions | fowling_bow.glb
[  37% ] _update_scan_actions | frostwing_bow.glb
[  37% ] _update_scan_actions | frost_fork_crossbow.glb
[  38% ] _update_scan_actions | galewing_bow.glb
[  39% ] _update_scan_actions | hornbow.glb
[  39% ] _update_scan_actions | hunters_bow.glb
[  40% ] _update_scan_actions | iron_boar_crossbow.glb
[  41% ] _update_scan_actions | orrery_crossbow.glb
[  41% ] _update_scan_actions | raven_wing_crossbow.glb
[  42% ] _update_scan_actions | recurve_bow.glb
[  43% ] _update_scan_actions | repeater_crossbow.glb
[  44% ] _update_scan_actions | shortbow.glb
[  44% ] _update_scan_actions | siege_greatbow.glb
[  45% ] _update_scan_actions | stormstring_greatbow.glb
[  46% ] _update_scan_actions | sun_dial_crossbow.glb
[  46% ] _update_scan_actions | thornback_bow.glb
[  47% ] _update_scan_actions | twin_rail_crossbow.glb
[  48% ] _update_scan_actions | warden_longbow.glb
[  48% ] _update_scan_actions | yew_longbow.glb
[  49% ] _update_scan_actions | artisan_anchor_beard_axe.png
[  50% ] _update_scan_actions | artisan_antler_crown_bow.png
[  51% ] _update_scan_actions | artisan_astral_ring_sword.png
[  51% ] _update_scan_actions | artisan_boar_cleaver_axe.png
[  52% ] _update_scan_actions | artisan_clockwork_cam_bow.png
[  53% ] _update_scan_actions | artisan_copperleaf_sword.png
[  53% ] _update_scan_actions | artisan_crescent_fang_dagger.png
[  54% ] _update_scan_actions | artisan_crescent_moon_axe.png
[  55% ] _update_scan_actions | artisan_crystal_spire_bow.png
[  55% ] _update_scan_actions | artisan_dragon_rib_bow.png
[  56% ] _update_scan_actions | artisan_dragon_talon_axe.png
[  57% ] _update_scan_actions | artisan_dragon_tooth_sword.png
[  58% ] _update_scan_actions | artisan_flame_ribbon_sword.png
[  58% ] _update_scan_actions | artisan_frost_pick_axe.png
[  59% ] _update_scan_actions | artisan_glass_leaf_dagger.png
[  60% ] _update_scan_actions | artisan_gothic_window_axe.png
[  60% ] _update_scan_actions | artisan_gull_hook_dagger.png
[  61% ] _update_scan_actions | artisan_harbor_basket_sword.png
[  62% ] _update_scan_actions | artisan_heron_estoc.png
[  62% ] _update_scan_actions | artisan_heron_wing_bow.png
[  63% ] _update_scan_actions | artisan_ironleaf_bow.png
[  64% ] _update_scan_actions | artisan_moon_hook_sword.png
[  65% ] _update_scan_actions | artisan_orchid_fan_dagger.png
[  65% ] _update_scan_actions | artisan_prism_greatblade.png
[  66% ] _update_scan_actions | artisan_raven_beak_axe.png
[  67% ] _update_scan_actions | artisan_sawback_dagger.png
[  67% ] _update_scan_actions | artisan_scorpion_tail_dagger.png
[  68% ] _update_scan_actions | artisan_serpent_coil_bow.png
[  69% ] _update_scan_actions | artisan_serpent_kris_dagger.png
[  69% ] _update_scan_actions | artisan_split_crown_sword.png
[  70% ] _update_scan_actions | artisan_star_compass_dagger.png
[  71% ] _update_scan_actions | artisan_sunwheel_bow.png
[  72% ] _update_scan_actions | artisan_sun_disc_axe.png
[  72% ] _update_scan_actions | artisan_thunder_fork_axe.png
[  73% ] _update_scan_actions | artisan_tide_harp_bow.png
[  74% ] _update_scan_actions | artisan_tide_scimitar.png
[  74% ] _update_scan_actions | artisan_trident_dirk.png
[  75% ] _update_scan_actions | artisan_twin_crescent_bow.png
[  76% ] _update_scan_actions | artisan_twin_fang_dagger.png
[  76% ] _update_scan_actions | artisan_twin_petal_axe.png
[  77% ] _update_scan_actions | ashwood_crossbow.png
[  78% ] _update_scan_actions | composite_bow.png
[  79% ] _update_scan_actions | crane_lever_crossbow.png
[  79% ] _update_scan_actions | depth_cinderhorn_bow.png
[  80% ] _update_scan_actions | depth_dawnfeather_bow.png
[  81% ] _update_scan_actions | depth_icebranch_longbow.png
[  81% ] _update_scan_actions | depth_nightglass_warbow.png
[  82% ] _update_scan_actions | depth_rootbend_shortbow.png
[  83% ] _update_scan_actions | depth_saltwind_recurve.png
[  83% ] _update_scan_actions | depth_starbridge_bow.png
[  84% ] _update_scan_actions | depth_thornwing_bow.png
[  85% ] _update_scan_actions | dragon_jaw_crossbow.png
[  86% ] _update_scan_actions | fowling_bow.png
[  86% ] _update_scan_actions | frostwing_bow.png
[  87% ] _update_scan_actions | frost_fork_crossbow.png
[  88% ] _update_scan_actions | galewing_bow.png
[  88% ] _update_scan_actions | hornbow.png
[  89% ] _update_scan_actions | hunters_bow.png
[  90% ] _update_scan_actions | iron_boar_crossbow.png
[  90% ] _update_scan_actions | orrery_crossbow.png
[  91% ] _update_scan_actions | raven_wing_crossbow.png
[  92% ] _update_scan_actions | recurve_bow.png
[  93% ] _update_scan_actions | repeater_crossbow.png
[  93% ] _update_scan_actions | shortbow.png
[  94% ] _update_scan_actions | siege_greatbow.png
[  95% ] _update_scan_actions | stormstring_greatbow.png
[  95% ] _update_scan_actions | sun_dial_crossbow.png
[  96% ] _update_scan_actions | thornback_bow.png
[  97% ] _update_scan_actions | twin_rail_crossbow.png
[  97% ] _update_scan_actions | warden_longbow.png
[  98% ] _update_scan_actions | yew_longbow.png
[ DONE ] _update_scan_actions

[   0% ] reimport | Started (Re)Importing Assets (112 steps)
[   0% ] reimport | Preparing files to reimport...
[   0% ] reimport | Preparing files to reimport...
[   1% ] reimport | Preparing files to reimport...
[   2% ] reimport | Preparing files to reimport...
[   3% ] reimport | Preparing files to reimport...
[   4% ] reimport | Preparing files to reimport...
[   5% ] reimport | Preparing files to reimport...
[   6% ] reimport | Preparing files to reimport...
[   7% ] reimport | Preparing files to reimport...
[   7% ] reimport | Preparing files to reimport...
[   8% ] reimport | Preparing files to reimport...
[   9% ] reimport | Preparing files to reimport...
[  10% ] reimport | Preparing files to reimport...
[  11% ] reimport | Preparing files to reimport...
[  12% ] reimport | Preparing files to reimport...
[  13% ] reimport | Preparing files to reimport...
[  14% ] reimport | Preparing files to reimport...
[  15% ] reimport | Preparing files to reimport...
[  15% ] reimport | Preparing files to reimport...
[  16% ] reimport | Preparing files to reimport...
[  17% ] reimport | Preparing files to reimport...
[  18% ] reimport | Preparing files to reimport...
[  19% ] reimport | Preparing files to reimport...
[  20% ] reimport | Preparing files to reimport...
[  21% ] reimport | Preparing files to reimport...
[  22% ] reimport | Preparing files to reimport...
[  23% ] reimport | Preparing files to reimport...
[  23% ] reimport | Preparing files to reimport...
[  24% ] reimport | Preparing files to reimport...
[  25% ] reimport | Preparing files to reimport...
[  26% ] reimport | Preparing files to reimport...
[  27% ] reimport | Preparing files to reimport...
[  28% ] reimport | Preparing files to reimport...
[  29% ] reimport | Preparing files to reimport...
[  30% ] reimport | Preparing files to reimport...
[  30% ] reimport | Preparing files to reimport...
[  31% ] reimport | Preparing files to reimport...
[  32% ] reimport | Preparing files to reimport...
[  33% ] reimport | Preparing files to reimport...
[  34% ] reimport | Preparing files to reimport...
[  35% ] reimport | Preparing files to reimport...
[  36% ] reimport | Preparing files to reimport...
[  37% ] reimport | Preparing files to reimport...
[  38% ] reimport | Preparing files to reimport...
[  38% ] reimport | Preparing files to reimport...
[  39% ] reimport | Preparing files to reimport...
[  40% ] reimport | Preparing files to reimport...
[  41% ] reimport | Preparing files to reimport...
[  42% ] reimport | Preparing files to reimport...
[  43% ] reimport | Preparing files to reimport...
[  44% ] reimport | Preparing files to reimport...
[  45% ] reimport | Preparing files to reimport...
[  46% ] reimport | Preparing files to reimport...
[  46% ] reimport | Preparing files to reimport...
[  47% ] reimport | Preparing files to reimport...
[  48% ] reimport | Preparing files to reimport...
[  49% ] reimport | Preparing files to reimport...
[  50% ] reimport | Preparing files to reimport...
[  51% ] reimport | Preparing files to reimport...
[  52% ] reimport | Preparing files to reimport...
[  53% ] reimport | Preparing files to reimport...
[  53% ] reimport | Preparing files to reimport...
[  54% ] reimport | Preparing files to reimport...
[  55% ] reimport | Preparing files to reimport...
[  56% ] reimport | Preparing files to reimport...
[  57% ] reimport | Preparing files to reimport...
[  58% ] reimport | Preparing files to reimport...
[  59% ] reimport | Preparing files to reimport...
[  60% ] reimport | Preparing files to reimport...
[  61% ] reimport | Preparing files to reimport...
[  61% ] reimport | Preparing files to reimport...
[  62% ] reimport | Preparing files to reimport...
[  63% ] reimport | Preparing files to reimport...
[  64% ] reimport | Preparing files to reimport...
[  65% ] reimport | Preparing files to reimport...
[  66% ] reimport | Preparing files to reimport...
[  67% ] reimport | Preparing files to reimport...
[  68% ] reimport | Preparing files to reimport...
[  69% ] reimport | Preparing files to reimport...
[  69% ] reimport | Preparing files to reimport...
[  70% ] reimport | Preparing files to reimport...
[  71% ] reimport | Preparing files to reimport...
[  72% ] reimport | Preparing files to reimport...
[  73% ] reimport | Preparing files to reimport...
[  74% ] reimport | Preparing files to reimport...
[  75% ] reimport | Preparing files to reimport...
[  76% ] reimport | Preparing files to reimport...
[  76% ] reimport | Preparing files to reimport...
[  77% ] reimport | Preparing files to reimport...
[  78% ] reimport | Preparing files to reimport...
[  79% ] reimport | Preparing files to reimport...
[  80% ] reimport | Preparing files to reimport...
[  81% ] reimport | Preparing files to reimport...
[  82% ] reimport | Preparing files to reimport...
[  83% ] reimport | Preparing files to reimport...
[  84% ] reimport | Preparing files to reimport...
[  84% ] reimport | Preparing files to reimport...
[  85% ] reimport | Preparing files to reimport...
[  86% ] reimport | Preparing files to reimport...
[  87% ] reimport | Preparing files to reimport...
[  88% ] reimport | Preparing files to reimport...
[  89% ] reimport | Preparing files to reimport...
[  90% ] reimport | Preparing files to reimport...
[  91% ] reimport | Preparing files to reimport...
[  92% ] reimport | Preparing files to reimport...
[  92% ] reimport | Preparing files to reimport...
[  93% ] reimport | Preparing files to reimport...
[  94% ] reimport | Preparing files to reimport...
[  95% ] reimport | Preparing files to reimport...
[  96% ] reimport | Preparing files to reimport...
[  97% ] reimport | Preparing files to reimport...
[  98% ] reimport | Preparing files to reimport...
[   0% ] reimport | Executing pre-reimport operations...
[   0% ] preload_reimporting_scene | Started Preparing scenes for reload (1 steps)
[   0% ] preload_reimporting_scene | Analyzing scene [empty]
[  50% ] preload_reimporting_scene | Preparation done.
[ DONE ] preload_reimporting_scene

[   0% ] reimport | crane_lever_crossbow.png
[   0% ] reimport | composite_bow.png
[   1% ] reimport | ashwood_crossbow.png
[   2% ] reimport | artisan_twin_petal_axe.png
[   3% ] reimport | artisan_twin_fang_dagger.png
[   4% ] reimport | artisan_twin_crescent_bow.png
[   5% ] reimport | artisan_trident_dirk.png
[   6% ] reimport | artisan_tide_scimitar.png
[   7% ] reimport | artisan_tide_harp_bow.png
[   7% ] reimport | artisan_thunder_fork_axe.png
[   8% ] reimport | artisan_sun_disc_axe.png
[   9% ] reimport | artisan_sunwheel_bow.png
[  10% ] reimport | artisan_star_compass_dagger.png
[  11% ] reimport | artisan_split_crown_sword.png
[  12% ] reimport | artisan_serpent_kris_dagger.png
[  13% ] reimport | artisan_serpent_coil_bow.png
[  14% ] reimport | artisan_scorpion_tail_dagger.png
[  15% ] reimport | artisan_sawback_dagger.png
[  15% ] reimport | artisan_raven_beak_axe.png
[  16% ] reimport | artisan_prism_greatblade.png
[  17% ] reimport | artisan_orchid_fan_dagger.png
[  18% ] reimport | artisan_moon_hook_sword.png
[  19% ] reimport | artisan_ironleaf_bow.png
[  20% ] reimport | artisan_heron_wing_bow.png
[  21% ] reimport | artisan_heron_estoc.png
[  22% ] reimport | artisan_harbor_basket_sword.png
[  23% ] reimport | artisan_gull_hook_dagger.png
[  23% ] reimport | artisan_gothic_window_axe.png
[  24% ] reimport | yew_longbow.png
[  25% ] reimport | warden_longbow.png
[  26% ] reimport | twin_rail_crossbow.png
[  27% ] reimport | thornback_bow.png
[  28% ] reimport | sun_dial_crossbow.png
[  29% ] reimport | stormstring_greatbow.png
[  30% ] reimport | siege_greatbow.png
[  30% ] reimport | shortbow.png
[  31% ] reimport | repeater_crossbow.png
[  32% ] reimport | recurve_bow.png
[  33% ] reimport | raven_wing_crossbow.png
[  34% ] reimport | orrery_crossbow.png
[  35% ] reimport | iron_boar_crossbow.png
[  36% ] reimport | hunters_bow.png
[  37% ] reimport | hornbow.png
[  38% ] reimport | galewing_bow.png
[  38% ] reimport | frost_fork_crossbow.png
[  39% ] reimport | frostwing_bow.png
[  40% ] reimport | fowling_bow.png
[  41% ] reimport | dragon_jaw_crossbow.png
[  42% ] reimport | depth_thornwing_bow.png
[  43% ] reimport | depth_starbridge_bow.png
[  44% ] reimport | depth_saltwind_recurve.png
[  45% ] reimport | depth_rootbend_shortbow.png
[  46% ] reimport | depth_nightglass_warbow.png
[  46% ] reimport | depth_icebranch_longbow.png
[  47% ] reimport | depth_dawnfeather_bow.png
[  48% ] reimport | depth_cinderhorn_bow.png
[  49% ] reimport | artisan_anchor_beard_axe.png
[  50% ] reimport | artisan_antler_crown_bow.png
[  51% ] reimport | artisan_astral_ring_sword.png
[  52% ] reimport | artisan_boar_cleaver_axe.png
[  53% ] reimport | artisan_clockwork_cam_bow.png
[  53% ] reimport | artisan_copperleaf_sword.png
[  54% ] reimport | artisan_crescent_fang_dagger.png
[  55% ] reimport | artisan_crescent_moon_axe.png
[  56% ] reimport | artisan_crystal_spire_bow.png
[  57% ] reimport | artisan_dragon_rib_bow.png
[  58% ] reimport | artisan_dragon_talon_axe.png
[  59% ] reimport | artisan_dragon_tooth_sword.png
[  60% ] reimport | artisan_flame_ribbon_sword.png
[  61% ] reimport | artisan_frost_pick_axe.png
[  61% ] reimport | artisan_glass_leaf_dagger.png
[  62% ] reimport | ashwood_crossbow.glb
[   0% ] import | Started Import Scene (104 steps)
[   0% ] import | Importing Scene...
[   1% ] import | Running Custom Script...
[  99% ] import | Saving...
[ DONE ] import

[  63% ] reimport | composite_bow.glb
[   0% ] import | Started Import Scene (104 steps)
[   0% ] import | Importing Scene...
[   1% ] import | Running Custom Script...
[  99% ] import | Saving...
[ DONE ] import

[  64% ] reimport | crane_lever_crossbow.glb
[   0% ] import | Started Import Scene (104 steps)
[   0% ] import | Importing Scene...
[   1% ] import | Running Custom Script...
[  99% ] import | Saving...
[ DONE ] import

[  65% ] reimport | depth_cinderhorn_bow.glb
[   0% ] import | Started Import Scene (104 steps)
[   0% ] import | Importing Scene...
[   1% ] import | Running Custom Script...
[  99% ] import | Saving...
[ DONE ] import

[  66% ] reimport | depth_dawnfeather_bow.glb
[   0% ] import | Started Import Scene (104 steps)
[   0% ] import | Importing Scene...
[   1% ] import | Running Custom Script...
[  99% ] import | Saving...
[ DONE ] import

[  67% ] reimport | depth_icebranch_longbow.glb
[   0% ] import | Started Import Scene (104 steps)
[   0% ] import | Importing Scene...
[   1% ] import | Running Custom Script...
[  99% ] import | Saving...
[ DONE ] import

[  68% ] reimport | depth_nightglass_warbow.glb
[   0% ] import | Started Import Scene (104 steps)
[   0% ] import | Importing Scene...
[   1% ] import | Running Custom Script...
[  99% ] import | Saving...
[ DONE ] import

[  69% ] reimport | depth_rootbend_shortbow.glb
[   0% ] import | Started Import Scene (104 steps)
[   0% ] import | Importing Scene...
[   1% ] import | Running Custom Script...
[  99% ] import | Saving...
[ DONE ] import

[  69% ] reimport | depth_saltwind_recurve.glb
[   0% ] import | Started Import Scene (104 steps)
[   0% ] import | Importing Scene...
[   1% ] import | Running Custom Script...
[  99% ] import | Saving...
[ DONE ] import

[  70% ] reimport | depth_starbridge_bow.glb
[   0% ] import | Started Import Scene (104 steps)
[   0% ] import | Importing Scene...
[   1% ] import | Running Custom Script...
[  99% ] import | Saving...
[ DONE ] import

[  71% ] reimport | artisan_twin_crescent_bow.glb
[   0% ] import | Started Import Scene (104 steps)
[   0% ] import | Importing Scene...
[   1% ] import | Running Custom Script...
[  99% ] import | Saving...
[ DONE ] import

[  72% ] reimport | artisan_tide_harp_bow.glb
[   0% ] import | Started Import Scene (104 steps)
[   0% ] import | Importing Scene...
[   1% ] import | Running Custom Script...
[  99% ] import | Saving...
[ DONE ] import

[  73% ] reimport | artisan_sunwheel_bow.glb
[   0% ] import | Started Import Scene (104 steps)
[   0% ] import | Importing Scene...
[   1% ] import | Running Custom Script...
[  99% ] import | Saving...
[ DONE ] import

[  74% ] reimport | artisan_serpent_coil_bow.glb
[   0% ] import | Started Import Scene (104 steps)
[   0% ] import | Importing Scene...
[   1% ] import | Running Custom Script...
[  99% ] import | Saving...
[ DONE ] import

[  75% ] reimport | artisan_ironleaf_bow.glb
[   0% ] import | Started Import Scene (104 steps)
[   0% ] import | Importing Scene...
[   1% ] import | Running Custom Script...
[  99% ] import | Saving...
[ DONE ] import

[  76% ] reimport | artisan_heron_wing_bow.glb
[   0% ] import | Started Import Scene (104 steps)
[   0% ] import | Importing Scene...
[   1% ] import | Running Custom Script...
[  99% ] import | Saving...
[ DONE ] import

[  76% ] reimport | artisan_dragon_rib_bow.glb
[   0% ] import | Started Import Scene (104 steps)
[   0% ] import | Importing Scene...
[   1% ] import | Running Custom Script...
[  99% ] import | Saving...
[ DONE ] import

[  77% ] reimport | artisan_crystal_spire_bow.glb
[   0% ] import | Started Import Scene (104 steps)
[   0% ] import | Importing Scene...
[   1% ] import | Running Custom Script...
[  99% ] import | Saving...
[ DONE ] import

[  78% ] reimport | artisan_clockwork_cam_bow.glb
[   0% ] import | Started Import Scene (104 steps)
[   0% ] import | Importing Scene...
[   1% ] import | Running Custom Script...
[  99% ] import | Saving...
[ DONE ] import

[  79% ] reimport | artisan_antler_crown_bow.glb
[   0% ] import | Started Import Scene (104 steps)
[   0% ] import | Importing Scene...
[   1% ] import | Running Custom Script...
[  99% ] import | Saving...
[ DONE ] import

[  80% ] reimport | yew_longbow.glb
[   0% ] import | Started Import Scene (104 steps)
[   0% ] import | Importing Scene...
[   1% ] import | Running Custom Script...
[  99% ] import | Saving...
[ DONE ] import

[  81% ] reimport | warden_longbow.glb
[   0% ] import | Started Import Scene (104 steps)
[   0% ] import | Importing Scene...
[   1% ] import | Running Custom Script...
[  99% ] import | Saving...
[ DONE ] import

[  82% ] reimport | twin_rail_crossbow.glb
[   0% ] import | Started Import Scene (104 steps)
[   0% ] import | Importing Scene...
[   1% ] import | Running Custom Script...
[  99% ] import | Saving...
[ DONE ] import

[  83% ] reimport | thornback_bow.glb
[   0% ] import | Started Import Scene (104 steps)
[   0% ] import | Importing Scene...
[   1% ] import | Running Custom Script...
[  99% ] import | Saving...
[ DONE ] import

[  84% ] reimport | sun_dial_crossbow.glb
[   0% ] import | Started Import Scene (104 steps)
[   0% ] import | Importing Scene...
[   1% ] import | Running Custom Script...
[  99% ] import | Saving...
[ DONE ] import

[  84% ] reimport | stormstring_greatbow.glb
[   0% ] import | Started Import Scene (104 steps)
[   0% ] import | Importing Scene...
[   1% ] import | Running Custom Script...
[  99% ] import | Saving...
[ DONE ] import

[  85% ] reimport | siege_greatbow.glb
[   0% ] import | Started Import Scene (104 steps)
[   0% ] import | Importing Scene...
[   1% ] import | Running Custom Script...
[  99% ] import | Saving...
[ DONE ] import

[  86% ] reimport | shortbow.glb
[   0% ] import | Started Import Scene (104 steps)
[   0% ] import | Importing Scene...
[   1% ] import | Running Custom Script...
[  99% ] import | Saving...
[ DONE ] import

[  87% ] reimport | repeater_crossbow.glb
[   0% ] import | Started Import Scene (104 steps)
[   0% ] import | Importing Scene...
[   1% ] import | Running Custom Script...
[  99% ] import | Saving...
[ DONE ] import

[  88% ] reimport | recurve_bow.glb
[   0% ] import | Started Import Scene (104 steps)
[   0% ] import | Importing Scene...
[   1% ] import | Running Custom Script...
[  99% ] import | Saving...
[ DONE ] import

[  89% ] reimport | raven_wing_crossbow.glb
[   0% ] import | Started Import Scene (104 steps)
[   0% ] import | Importing Scene...
[   1% ] import | Running Custom Script...
[  99% ] import | Saving...
[ DONE ] import

[  90% ] reimport | orrery_crossbow.glb
[   0% ] import | Started Import Scene (104 steps)
[   0% ] import | Importing Scene...
[   1% ] import | Running Custom Script...
[  99% ] import | Saving...
[ DONE ] import

[  91% ] reimport | iron_boar_crossbow.glb
[   0% ] import | Started Import Scene (104 steps)
[   0% ] import | Importing Scene...
[   1% ] import | Running Custom Script...
[  99% ] import | Saving...
[ DONE ] import

[  92% ] reimport | hunters_bow.glb
[   0% ] import | Started Import Scene (104 steps)
[   0% ] import | Importing Scene...
[   1% ] import | Running Custom Script...
[  99% ] import | Saving...
[ DONE ] import

[  92% ] reimport | hornbow.glb
[   0% ] import | Started Import Scene (104 steps)
[   0% ] import | Importing Scene...
[   1% ] import | Running Custom Script...
[  99% ] import | Saving...
[ DONE ] import

[  93% ] reimport | galewing_bow.glb
[   0% ] import | Started Import Scene (104 steps)
[   0% ] import | Importing Scene...
[   1% ] import | Running Custom Script...
[  99% ] import | Saving...
[ DONE ] import

[  94% ] reimport | frost_fork_crossbow.glb
[   0% ] import | Started Import Scene (104 steps)
[   0% ] import | Importing Scene...
[   1% ] import | Running Custom Script...
[  99% ] import | Saving...
[ DONE ] import

[  95% ] reimport | frostwing_bow.glb
[   0% ] import | Started Import Scene (104 steps)
[   0% ] import | Importing Scene...
[   1% ] import | Running Custom Script...
[  99% ] import | Saving...
[ DONE ] import

[  96% ] reimport | fowling_bow.glb
[   0% ] import | Started Import Scene (104 steps)
[   0% ] import | Importing Scene...
[   1% ] import | Running Custom Script...
[  99% ] import | Saving...
[ DONE ] import

[  97% ] reimport | dragon_jaw_crossbow.glb
[   0% ] import | Started Import Scene (104 steps)
[   0% ] import | Importing Scene...
[   1% ] import | Running Custom Script...
[  99% ] import | Saving...
[ DONE ] import

[  98% ] reimport | depth_thornwing_bow.glb
[   0% ] import | Started Import Scene (104 steps)
[   0% ] import | Importing Scene...
[   1% ] import | Running Custom Script...
[  99% ] import | Saving...
[ DONE ] import

[  99% ] reimport | Finalizing Asset Import...
[ DONE ] reimport

[   0% ] reimport | Started (Re)Importing Assets (112 steps)
[   0% ] reimport | Executing post-reimport operations...
[ DONE ] reimport

[   0% ] loading_editor_layout | Started Loading editor (5 steps)
[   0% ] loading_editor_layout | Loading editor layout...
[  16% ] loading_editor_layout | Loading docks...
[  33% ] loading_editor_layout | Reopening scenes...
[  50% ] loading_editor_layout | Loading central editor layout...
[  66% ] loading_editor_layout | Loading plugin window layout...
[  83% ] loading_editor_layout | Editor layout ready.
[ DONE ] loading_editor_layout

