Godot Engine v4.7.2.stable.official.ed1daf0bf - https://godotengine.org

[   0% ] first_scan_filesystem | Started Project initialization (5 steps)
[   0% ] first_scan_filesystem | Scanning file structure...
[  16% ] first_scan_filesystem | Loading global class names...
[  33% ] first_scan_filesystem | Verifying GDExtensions...
[  50% ] first_scan_filesystem | Creating autoload scripts...
SCRIPT ERROR: Parse Error: Cannot infer the type of "u" variable because the value doesn't have a set type.
   at: GDScript::reload (res://src/actors/boss_set_visuals.gd:123)
SCRIPT ERROR: Parse Error: Cannot infer the type of "v" variable because the value doesn't have a set type.
   at: GDScript::reload (res://src/actors/boss_set_visuals.gd:124)
SCRIPT ERROR: Compile Error: Failed to compile depended scripts.
   at: GDScript::reload (res://src/actors/character_visual.gd:0)
SCRIPT ERROR: Compile Error: Failed to compile depended scripts.
   at: GDScript::reload (res://src/actors/actor.gd:0)
SCRIPT ERROR: Compile Error: Failed to compile depended scripts.
   at: GDScript::reload (res://src/actors/player/player.gd:0)
SCRIPT ERROR: Compile Error: Failed to compile depended scripts.
   at: GDScript::reload (res://src/combat/class_passives.gd:0)
SCRIPT ERROR: Compile Error: Failed to compile depended scripts.
   at: GDScript::reload (res://src/data/data_skills_ext.gd:0)
SCRIPT ERROR: Compile Error: Failed to compile depended scripts.
   at: GDScript::reload (res://src/data/data_class_rework.gd:0)
SCRIPT ERROR: Compile Error: Failed to compile depended scripts.
   at: GDScript::reload (res://src/core/progression/tree_state.gd:0)
SCRIPT ERROR: Compile Error: Failed to compile depended scripts.
   at: GDScript::reload (res://src/core/hero_data.gd:0)
SCRIPT ERROR: Compile Error: Failed to compile depended scripts.
   at: GDScript::reload (res://src/data/data_boss_sets.gd:0)
SCRIPT ERROR: Compile Error: Failed to compile depended scripts.
   at: GDScript::reload (res://src/data/data_items.gd:0)
SCRIPT ERROR: Compile Error: Failed to compile depended scripts.
   at: GDScript::reload (res://src/autoload/database.gd:0)
SCRIPT ERROR: Compile Error: Failed to compile depended scripts.
   at: GDScript::reload (res://src/core/items/item_base_def.gd:0)
SCRIPT ERROR: Compile Error: Failed to compile depended scripts.
   at: GDScript::reload (res://src/core/items/item_instance.gd:0)
SCRIPT ERROR: Compile Error: Failed to compile depended scripts.
   at: GDScript::reload (res://src/autoload/events.gd:0)
ERROR: Failed to load script "res://src/autoload/events.gd" with error "Parse error".
   at: load (modules/gdscript/gdscript_resource_format.cpp:46)
[  66% ] first_scan_filesystem | Initializing plugins...
[  83% ] first_scan_filesystem | Starting file scan...
[ DONE ] first_scan_filesystem

[   0% ] update_scripts_classes | Started Registering global classes... (22 steps)
[   0% ] update_scripts_classes | Player
[   4% ] update_scripts_classes | Tempo
[   8% ] update_scripts_classes | BossSetVisuals
[  13% ] update_scripts_classes | CharacterVisual
[  17% ] update_scripts_classes | 
[  21% ] update_scripts_classes | 
[  26% ] update_scripts_classes | 
[  30% ] update_scripts_classes | Equipment
[  34% ] update_scripts_classes | ItemBaseDef
[  39% ] update_scripts_classes | ItemGenerator
[  43% ] update_scripts_classes | TempoRules
[  47% ] update_scripts_classes | DataBossSets
[  52% ] update_scripts_classes | DataItems
[  56% ] update_scripts_classes | NetAvatar
[  60% ] update_scripts_classes | CharacterPreview
[  65% ] update_scripts_classes | Tips
[  69% ] update_scripts_classes | GuideWindow
[  73% ] update_scripts_classes | 
[  78% ] update_scripts_classes | 
[  82% ] update_scripts_classes | 
[  86% ] update_scripts_classes | 
[  91% ] update_scripts_classes | 
[ DONE ] update_scripts_classes

[   0% ] _update_scan_actions | Started Scanning actions... (71 steps)
[   0% ] _update_scan_actions | artisan_anchor_beard_axe.png
[   1% ] _update_scan_actions | artisan_antler_crown_bow.png
[   2% ] _update_scan_actions | artisan_astral_ring_sword.png
[   4% ] _update_scan_actions | artisan_boar_cleaver_axe.png
[   5% ] _update_scan_actions | artisan_clockwork_cam_bow.png
[   6% ] _update_scan_actions | artisan_copperleaf_sword.png
[   8% ] _update_scan_actions | artisan_crescent_fang_dagger.png
[   9% ] _update_scan_actions | artisan_crescent_moon_axe.png
[  11% ] _update_scan_actions | artisan_crystal_spire_bow.png
[  12% ] _update_scan_actions | artisan_dragon_rib_bow.png
[  13% ] _update_scan_actions | artisan_dragon_talon_axe.png
[  15% ] _update_scan_actions | artisan_dragon_tooth_sword.png
[  16% ] _update_scan_actions | artisan_flame_ribbon_sword.png
[  18% ] _update_scan_actions | artisan_frost_pick_axe.png
[  19% ] _update_scan_actions | artisan_glass_leaf_dagger.png
[  20% ] _update_scan_actions | artisan_gothic_window_axe.png
[  22% ] _update_scan_actions | artisan_gull_hook_dagger.png
[  23% ] _update_scan_actions | artisan_harbor_basket_sword.png
[  25% ] _update_scan_actions | artisan_heron_estoc.png
[  26% ] _update_scan_actions | artisan_heron_wing_bow.png
[  27% ] _update_scan_actions | artisan_ironleaf_bow.png
[  29% ] _update_scan_actions | artisan_moon_hook_sword.png
[  30% ] _update_scan_actions | artisan_orchid_fan_dagger.png
[  31% ] _update_scan_actions | artisan_prism_greatblade.png
[  33% ] _update_scan_actions | artisan_raven_beak_axe.png
[  34% ] _update_scan_actions | artisan_sawback_dagger.png
[  36% ] _update_scan_actions | artisan_scorpion_tail_dagger.png
[  37% ] _update_scan_actions | artisan_serpent_coil_bow.png
[  38% ] _update_scan_actions | artisan_serpent_kris_dagger.png
[  40% ] _update_scan_actions | artisan_split_crown_sword.png
[  41% ] _update_scan_actions | artisan_star_compass_dagger.png
[  43% ] _update_scan_actions | artisan_sunwheel_bow.png
[  44% ] _update_scan_actions | artisan_sun_disc_axe.png
[  45% ] _update_scan_actions | artisan_thunder_fork_axe.png
[  47% ] _update_scan_actions | artisan_tide_harp_bow.png
[  48% ] _update_scan_actions | artisan_tide_scimitar.png
[  50% ] _update_scan_actions | artisan_trident_dirk.png
[  51% ] _update_scan_actions | artisan_twin_crescent_bow.png
[  52% ] _update_scan_actions | artisan_twin_fang_dagger.png
[  54% ] _update_scan_actions | artisan_twin_petal_axe.png
[  55% ] _update_scan_actions | ashwood_crossbow.png
[  56% ] _update_scan_actions | composite_bow.png
[  58% ] _update_scan_actions | crane_lever_crossbow.png
[  59% ] _update_scan_actions | depth_cinderhorn_bow.png
[  61% ] _update_scan_actions | depth_dawnfeather_bow.png
[  62% ] _update_scan_actions | depth_icebranch_longbow.png
[  63% ] _update_scan_actions | depth_nightglass_warbow.png
[  65% ] _update_scan_actions | depth_rootbend_shortbow.png
[  66% ] _update_scan_actions | depth_saltwind_recurve.png
[  68% ] _update_scan_actions | depth_starbridge_bow.png
[  69% ] _update_scan_actions | depth_thornwing_bow.png
[  70% ] _update_scan_actions | dragon_jaw_crossbow.png
[  72% ] _update_scan_actions | fowling_bow.png
[  73% ] _update_scan_actions | frostwing_bow.png
[  75% ] _update_scan_actions | frost_fork_crossbow.png
[  76% ] _update_scan_actions | galewing_bow.png
[  77% ] _update_scan_actions | hornbow.png
[  79% ] _update_scan_actions | hunters_bow.png
[  80% ] _update_scan_actions | iron_boar_crossbow.png
[  81% ] _update_scan_actions | orrery_crossbow.png
[  83% ] _update_scan_actions | raven_wing_crossbow.png
[  84% ] _update_scan_actions | recurve_bow.png
[  86% ] _update_scan_actions | repeater_crossbow.png
[  87% ] _update_scan_actions | shortbow.png
[  88% ] _update_scan_actions | siege_greatbow.png
[  90% ] _update_scan_actions | stormstring_greatbow.png
[  91% ] _update_scan_actions | sun_dial_crossbow.png
[  93% ] _update_scan_actions | thornback_bow.png
[  94% ] _update_scan_actions | twin_rail_crossbow.png
[  95% ] _update_scan_actions | warden_longbow.png
[  97% ] _update_scan_actions | yew_longbow.png
[ DONE ] _update_scan_actions

[   0% ] loading_editor_layout | Started Loading editor (5 steps)
[   0% ] loading_editor_layout | Loading editor layout...
[  16% ] loading_editor_layout | Loading docks...
[  33% ] loading_editor_layout | Reopening scenes...
[  50% ] loading_editor_layout | Loading central editor layout...
[  66% ] loading_editor_layout | Loading plugin window layout...
[  83% ] loading_editor_layout | Editor layout ready.
[ DONE ] loading_editor_layout

