Godot Engine v4.7.2.stable.official.ed1daf0bf - https://godotengine.org

[   0% ] first_scan_filesystem | Started Project initialization (5 steps)
[   0% ] first_scan_filesystem | Scanning file structure...
[  16% ] first_scan_filesystem | Loading global class names...
[  33% ] first_scan_filesystem | Verifying GDExtensions...
[  50% ] first_scan_filesystem | Creating autoload scripts...
[  66% ] first_scan_filesystem | Initializing plugins...
[  83% ] first_scan_filesystem | Starting file scan...
[ DONE ] first_scan_filesystem

[   0% ] _update_scan_actions | Started Scanning actions... (393 steps)
[   0% ] _update_scan_actions | artisan_anchor_beard_axe.glb
[   0% ] _update_scan_actions | artisan_antler_crown_bow.glb
[   0% ] _update_scan_actions | artisan_astral_ring_sword.glb
[   0% ] _update_scan_actions | artisan_boar_cleaver_axe.glb
[   1% ] _update_scan_actions | artisan_clockwork_cam_bow.glb
[   1% ] _update_scan_actions | artisan_copperleaf_sword.glb
[   1% ] _update_scan_actions | artisan_crescent_fang_dagger.glb
[   1% ] _update_scan_actions | artisan_crescent_moon_axe.glb
[   2% ] _update_scan_actions | artisan_crystal_spire_bow.glb
[   2% ] _update_scan_actions | artisan_dragon_rib_bow.glb
[   2% ] _update_scan_actions | artisan_dragon_talon_axe.glb
[   2% ] _update_scan_actions | artisan_dragon_tooth_sword.glb
[   3% ] _update_scan_actions | artisan_flame_ribbon_sword.glb
[   3% ] _update_scan_actions | artisan_frost_pick_axe.glb
[   3% ] _update_scan_actions | artisan_glass_leaf_dagger.glb
[   3% ] _update_scan_actions | artisan_gothic_window_axe.glb
[   4% ] _update_scan_actions | artisan_gull_hook_dagger.glb
[   4% ] _update_scan_actions | artisan_harbor_basket_sword.glb
[   4% ] _update_scan_actions | artisan_heron_estoc.glb
[   4% ] _update_scan_actions | artisan_heron_wing_bow.glb
[   5% ] _update_scan_actions | artisan_ironleaf_bow.glb
[   5% ] _update_scan_actions | artisan_moon_hook_sword.glb
[   5% ] _update_scan_actions | artisan_orchid_fan_dagger.glb
[   5% ] _update_scan_actions | artisan_prism_greatblade.glb
[   6% ] _update_scan_actions | artisan_raven_beak_axe.glb
[   6% ] _update_scan_actions | artisan_sawback_dagger.glb
[   6% ] _update_scan_actions | artisan_scorpion_tail_dagger.glb
[   6% ] _update_scan_actions | artisan_serpent_coil_bow.glb
[   7% ] _update_scan_actions | artisan_serpent_kris_dagger.glb
[   7% ] _update_scan_actions | artisan_split_crown_sword.glb
[   7% ] _update_scan_actions | artisan_star_compass_dagger.glb
[   7% ] _update_scan_actions | artisan_sunwheel_bow.glb
[   8% ] _update_scan_actions | artisan_sun_disc_axe.glb
[   8% ] _update_scan_actions | artisan_thunder_fork_axe.glb
[   8% ] _update_scan_actions | artisan_tide_harp_bow.glb
[   8% ] _update_scan_actions | artisan_tide_scimitar.glb
[   9% ] _update_scan_actions | artisan_trident_dirk.glb
[   9% ] _update_scan_actions | artisan_twin_crescent_bow.glb
[   9% ] _update_scan_actions | artisan_twin_fang_dagger.glb
[   9% ] _update_scan_actions | artisan_twin_petal_axe.glb
[  10% ] _update_scan_actions | ashwood_crossbow.glb
[  10% ] _update_scan_actions | boss_ashfall_pilgrim_accessory_1.glb
[  10% ] _update_scan_actions | boss_ashfall_pilgrim_accessory_2.glb
[  10% ] _update_scan_actions | boss_ashfall_pilgrim_accessory_3.glb
[  11% ] _update_scan_actions | boss_ashfall_pilgrim_accessory_4.glb
[  11% ] _update_scan_actions | boss_ashfall_pilgrim_armor.glb
[  11% ] _update_scan_actions | boss_ashfall_pilgrim_boots_1.glb
[  11% ] _update_scan_actions | boss_ashfall_pilgrim_boots_2.glb
[  12% ] _update_scan_actions | boss_ashfall_pilgrim_gloves_1.glb
[  12% ] _update_scan_actions | boss_ashfall_pilgrim_gloves_2.glb
[  12% ] _update_scan_actions | boss_ashfall_pilgrim_helm.glb
[  12% ] _update_scan_actions | boss_ashfall_pilgrim_inner_garment.glb
[  13% ] _update_scan_actions | boss_crimson_glory_accessory_1.glb
[  13% ] _update_scan_actions | boss_crimson_glory_accessory_2.glb
[  13% ] _update_scan_actions | boss_crimson_glory_accessory_3.glb
[  13% ] _update_scan_actions | boss_crimson_glory_accessory_4.glb
[  14% ] _update_scan_actions | boss_crimson_glory_armor.glb
[  14% ] _update_scan_actions | boss_crimson_glory_boots_1.glb
[  14% ] _update_scan_actions | boss_crimson_glory_boots_2.glb
[  14% ] _update_scan_actions | boss_crimson_glory_gloves_1.glb
[  15% ] _update_scan_actions | boss_crimson_glory_gloves_2.glb
[  15% ] _update_scan_actions | boss_crimson_glory_helm.glb
[  15% ] _update_scan_actions | boss_crimson_glory_inner_garment.glb
[  15% ] _update_scan_actions | boss_dragonforge_accessory_1.glb
[  16% ] _update_scan_actions | boss_dragonforge_accessory_2.glb
[  16% ] _update_scan_actions | boss_dragonforge_accessory_3.glb
[  16% ] _update_scan_actions | boss_dragonforge_accessory_4.glb
[  17% ] _update_scan_actions | boss_dragonforge_armor.glb
[  17% ] _update_scan_actions | boss_dragonforge_boots_1.glb
[  17% ] _update_scan_actions | boss_dragonforge_boots_2.glb
[  17% ] _update_scan_actions | boss_dragonforge_gloves_1.glb
[  18% ] _update_scan_actions | boss_dragonforge_gloves_2.glb
[  18% ] _update_scan_actions | boss_dragonforge_helm.glb
[  18% ] _update_scan_actions | boss_dragonforge_inner_garment.glb
[  18% ] _update_scan_actions | boss_eclipse_dancer_accessory_1.glb
[  19% ] _update_scan_actions | boss_eclipse_dancer_accessory_2.glb
[  19% ] _update_scan_actions | boss_eclipse_dancer_accessory_3.glb
[  19% ] _update_scan_actions | boss_eclipse_dancer_accessory_4.glb
[  19% ] _update_scan_actions | boss_eclipse_dancer_armor.glb
[  20% ] _update_scan_actions | boss_eclipse_dancer_boots_1.glb
[  20% ] _update_scan_actions | boss_eclipse_dancer_boots_2.glb
[  20% ] _update_scan_actions | boss_eclipse_dancer_gloves_1.glb
[  20% ] _update_scan_actions | boss_eclipse_dancer_gloves_2.glb
[  21% ] _update_scan_actions | boss_eclipse_dancer_helm.glb
[  21% ] _update_scan_actions | boss_eclipse_dancer_inner_garment.glb
[  21% ] _update_scan_actions | boss_gale_nomad_accessory_1.glb
[  21% ] _update_scan_actions | boss_gale_nomad_accessory_2.glb
[  22% ] _update_scan_actions | boss_gale_nomad_accessory_3.glb
[  22% ] _update_scan_actions | boss_gale_nomad_accessory_4.glb
[  22% ] _update_scan_actions | boss_gale_nomad_armor.glb
[  22% ] _update_scan_actions | boss_gale_nomad_boots_1.glb
[  23% ] _update_scan_actions | boss_gale_nomad_boots_2.glb
[  23% ] _update_scan_actions | boss_gale_nomad_gloves_1.glb
[  23% ] _update_scan_actions | boss_gale_nomad_gloves_2.glb
[  23% ] _update_scan_actions | boss_gale_nomad_helm.glb
[  24% ] _update_scan_actions | boss_gale_nomad_inner_garment.glb
[  24% ] _update_scan_actions | boss_grievance_of_the_fairy_accessory_1.glb
[  24% ] _update_scan_actions | boss_grievance_of_the_fairy_accessory_2.glb
[  24% ] _update_scan_actions | boss_grievance_of_the_fairy_accessory_3.glb
[  25% ] _update_scan_actions | boss_grievance_of_the_fairy_accessory_4.glb
[  25% ] _update_scan_actions | boss_grievance_of_the_fairy_armor.glb
[  25% ] _update_scan_actions | boss_grievance_of_the_fairy_boots_1.glb
[  25% ] _update_scan_actions | boss_grievance_of_the_fairy_boots_2.glb
[  26% ] _update_scan_actions | boss_grievance_of_the_fairy_gloves_1.glb
[  26% ] _update_scan_actions | boss_grievance_of_the_fairy_gloves_2.glb
[  26% ] _update_scan_actions | boss_grievance_of_the_fairy_helm.glb
[  26% ] _update_scan_actions | boss_grievance_of_the_fairy_inner_garment.glb
[  27% ] _update_scan_actions | boss_obsidian_oath_accessory_1.glb
[  27% ] _update_scan_actions | boss_obsidian_oath_accessory_2.glb
[  27% ] _update_scan_actions | boss_obsidian_oath_accessory_3.glb
[  27% ] _update_scan_actions | boss_obsidian_oath_accessory_4.glb
[  28% ] _update_scan_actions | boss_obsidian_oath_armor.glb
[  28% ] _update_scan_actions | boss_obsidian_oath_boots_1.glb
[  28% ] _update_scan_actions | boss_obsidian_oath_boots_2.glb
[  28% ] _update_scan_actions | boss_obsidian_oath_gloves_1.glb
[  29% ] _update_scan_actions | boss_obsidian_oath_gloves_2.glb
[  29% ] _update_scan_actions | boss_obsidian_oath_helm.glb
[  29% ] _update_scan_actions | boss_obsidian_oath_inner_garment.glb
[  29% ] _update_scan_actions | boss_pale_requiem_accessory_1.glb
[  30% ] _update_scan_actions | boss_pale_requiem_accessory_2.glb
[  30% ] _update_scan_actions | boss_pale_requiem_accessory_3.glb
[  30% ] _update_scan_actions | boss_pale_requiem_accessory_4.glb
[  30% ] _update_scan_actions | boss_pale_requiem_armor.glb
[  31% ] _update_scan_actions | boss_pale_requiem_boots_1.glb
[  31% ] _update_scan_actions | boss_pale_requiem_boots_2.glb
[  31% ] _update_scan_actions | boss_pale_requiem_gloves_1.glb
[  31% ] _update_scan_actions | boss_pale_requiem_gloves_2.glb
[  32% ] _update_scan_actions | boss_pale_requiem_helm.glb
[  32% ] _update_scan_actions | boss_pale_requiem_inner_garment.glb
[  32% ] _update_scan_actions | boss_serpent_veil_accessory_1.glb
[  32% ] _update_scan_actions | boss_serpent_veil_accessory_2.glb
[  33% ] _update_scan_actions | boss_serpent_veil_accessory_3.glb
[  33% ] _update_scan_actions | boss_serpent_veil_accessory_4.glb
[  33% ] _update_scan_actions | boss_serpent_veil_armor.glb
[  34% ] _update_scan_actions | boss_serpent_veil_boots_1.glb
[  34% ] _update_scan_actions | boss_serpent_veil_boots_2.glb
[  34% ] _update_scan_actions | boss_serpent_veil_gloves_1.glb
[  34% ] _update_scan_actions | boss_serpent_veil_gloves_2.glb
[  35% ] _update_scan_actions | boss_serpent_veil_helm.glb
[  35% ] _update_scan_actions | boss_serpent_veil_inner_garment.glb
[  35% ] _update_scan_actions | boss_starfall_hunter_accessory_1.glb
[  35% ] _update_scan_actions | boss_starfall_hunter_accessory_2.glb
[  36% ] _update_scan_actions | boss_starfall_hunter_accessory_3.glb
[  36% ] _update_scan_actions | boss_starfall_hunter_accessory_4.glb
[  36% ] _update_scan_actions | boss_starfall_hunter_armor.glb
[  36% ] _update_scan_actions | boss_starfall_hunter_boots_1.glb
[  37% ] _update_scan_actions | boss_starfall_hunter_boots_2.glb
[  37% ] _update_scan_actions | boss_starfall_hunter_gloves_1.glb
[  37% ] _update_scan_actions | boss_starfall_hunter_gloves_2.glb
[  37% ] _update_scan_actions | boss_starfall_hunter_helm.glb
[  38% ] _update_scan_actions | boss_starfall_hunter_inner_garment.glb
[  38% ] _update_scan_actions | boss_sunken_crown_accessory_1.glb
[  38% ] _update_scan_actions | boss_sunken_crown_accessory_2.glb
[  38% ] _update_scan_actions | boss_sunken_crown_accessory_3.glb
[  39% ] _update_scan_actions | boss_sunken_crown_accessory_4.glb
[  39% ] _update_scan_actions | boss_sunken_crown_armor.glb
[  39% ] _update_scan_actions | boss_sunken_crown_boots_1.glb
[  39% ] _update_scan_actions | boss_sunken_crown_boots_2.glb
[  40% ] _update_scan_actions | boss_sunken_crown_gloves_1.glb
[  40% ] _update_scan_actions | boss_sunken_crown_gloves_2.glb
[  40% ] _update_scan_actions | boss_sunken_crown_helm.glb
[  40% ] _update_scan_actions | boss_sunken_crown_inner_garment.glb
[  41% ] _update_scan_actions | boss_thunder_abbot_accessory_1.glb
[  41% ] _update_scan_actions | boss_thunder_abbot_accessory_2.glb
[  41% ] _update_scan_actions | boss_thunder_abbot_accessory_3.glb
[  41% ] _update_scan_actions | boss_thunder_abbot_accessory_4.glb
[  42% ] _update_scan_actions | boss_thunder_abbot_armor.glb
[  42% ] _update_scan_actions | boss_thunder_abbot_boots_1.glb
[  42% ] _update_scan_actions | boss_thunder_abbot_boots_2.glb
[  42% ] _update_scan_actions | boss_thunder_abbot_gloves_1.glb
[  43% ] _update_scan_actions | boss_thunder_abbot_gloves_2.glb
[  43% ] _update_scan_actions | boss_thunder_abbot_helm.glb
[  43% ] _update_scan_actions | boss_thunder_abbot_inner_garment.glb
[  43% ] _update_scan_actions | boss_truth_of_raikuru_accessory_1.glb
[  44% ] _update_scan_actions | boss_truth_of_raikuru_accessory_2.glb
[  44% ] _update_scan_actions | boss_truth_of_raikuru_accessory_3.glb
[  44% ] _update_scan_actions | boss_truth_of_raikuru_accessory_4.glb
[  44% ] _update_scan_actions | boss_truth_of_raikuru_armor.glb
[  45% ] _update_scan_actions | boss_truth_of_raikuru_boots_1.glb
[  45% ] _update_scan_actions | boss_truth_of_raikuru_boots_2.glb
[  45% ] _update_scan_actions | boss_truth_of_raikuru_gloves_1.glb
[  45% ] _update_scan_actions | boss_truth_of_raikuru_gloves_2.glb
[  46% ] _update_scan_actions | boss_truth_of_raikuru_helm.glb
[  46% ] _update_scan_actions | boss_truth_of_raikuru_inner_garment.glb
[  46% ] _update_scan_actions | boss_wailing_mistress_accessory_1.glb
[  46% ] _update_scan_actions | boss_wailing_mistress_accessory_2.glb
[  47% ] _update_scan_actions | boss_wailing_mistress_accessory_3.glb
[  47% ] _update_scan_actions | boss_wailing_mistress_accessory_4.glb
[  47% ] _update_scan_actions | boss_wailing_mistress_armor.glb
[  47% ] _update_scan_actions | boss_wailing_mistress_boots_1.glb
[  48% ] _update_scan_actions | boss_wailing_mistress_boots_2.glb
[  48% ] _update_scan_actions | boss_wailing_mistress_gloves_1.glb
[  48% ] _update_scan_actions | boss_wailing_mistress_gloves_2.glb
[  48% ] _update_scan_actions | boss_wailing_mistress_helm.glb
[  49% ] _update_scan_actions | boss_wailing_mistress_inner_garment.glb
[  49% ] _update_scan_actions | boss_winter_court_accessory_1.glb
[  49% ] _update_scan_actions | boss_winter_court_accessory_2.glb
[  50% ] _update_scan_actions | boss_winter_court_accessory_3.glb
[  50% ] _update_scan_actions | boss_winter_court_accessory_4.glb
[  50% ] _update_scan_actions | boss_winter_court_armor.glb
[  50% ] _update_scan_actions | boss_winter_court_boots_1.glb
[  51% ] _update_scan_actions | boss_winter_court_boots_2.glb
[  51% ] _update_scan_actions | boss_winter_court_gloves_1.glb
[  51% ] _update_scan_actions | boss_winter_court_gloves_2.glb
[  51% ] _update_scan_actions | boss_winter_court_helm.glb
[  52% ] _update_scan_actions | boss_winter_court_inner_garment.glb
[  52% ] _update_scan_actions | boss_ashfall_pilgrim_accessory_1.png
[  52% ] _update_scan_actions | boss_ashfall_pilgrim_accessory_2.png
[  52% ] _update_scan_actions | boss_ashfall_pilgrim_accessory_3.png
[  53% ] _update_scan_actions | boss_ashfall_pilgrim_accessory_4.png
[  53% ] _update_scan_actions | boss_ashfall_pilgrim_armor.png
[  53% ] _update_scan_actions | boss_ashfall_pilgrim_boots_1.png
[  53% ] _update_scan_actions | boss_ashfall_pilgrim_boots_2.png
[  54% ] _update_scan_actions | boss_ashfall_pilgrim_gloves_1.png
[  54% ] _update_scan_actions | boss_ashfall_pilgrim_gloves_2.png
[  54% ] _update_scan_actions | boss_ashfall_pilgrim_helm.png
[  54% ] _update_scan_actions | boss_ashfall_pilgrim_inner_garment.png
[  55% ] _update_scan_actions | boss_ashfall_pilgrim_main_weapon.png
[  55% ] _update_scan_actions | boss_ashfall_pilgrim_sub_weapon.png
[  55% ] _update_scan_actions | boss_crimson_glory_accessory_1.png
[  55% ] _update_scan_actions | boss_crimson_glory_accessory_2.png
[  56% ] _update_scan_actions | boss_crimson_glory_accessory_3.png
[  56% ] _update_scan_actions | boss_crimson_glory_accessory_4.png
[  56% ] _update_scan_actions | boss_crimson_glory_armor.png
[  56% ] _update_scan_actions | boss_crimson_glory_boots_1.png
[  57% ] _update_scan_actions | boss_crimson_glory_boots_2.png
[  57% ] _update_scan_actions | boss_crimson_glory_gloves_1.png
[  57% ] _update_scan_actions | boss_crimson_glory_gloves_2.png
[  57% ] _update_scan_actions | boss_crimson_glory_helm.png
[  58% ] _update_scan_actions | boss_crimson_glory_inner_garment.png
[  58% ] _update_scan_actions | boss_crimson_glory_main_weapon.png
[  58% ] _update_scan_actions | boss_crimson_glory_sub_weapon.png
[  58% ] _update_scan_actions | boss_dragonforge_accessory_1.png
[  59% ] _update_scan_actions | boss_dragonforge_accessory_2.png
[  59% ] _update_scan_actions | boss_dragonforge_accessory_3.png
[  59% ] _update_scan_actions | boss_dragonforge_accessory_4.png
[  59% ] _update_scan_actions | boss_dragonforge_armor.png
[  60% ] _update_scan_actions | boss_dragonforge_boots_1.png
[  60% ] _update_scan_actions | boss_dragonforge_boots_2.png
[  60% ] _update_scan_actions | boss_dragonforge_gloves_1.png
[  60% ] _update_scan_actions | boss_dragonforge_gloves_2.png
[  61% ] _update_scan_actions | boss_dragonforge_helm.png
[  61% ] _update_scan_actions | boss_dragonforge_inner_garment.png
[  61% ] _update_scan_actions | boss_dragonforge_main_weapon.png
[  61% ] _update_scan_actions | boss_dragonforge_sub_weapon.png
[  62% ] _update_scan_actions | boss_eclipse_dancer_accessory_1.png
[  62% ] _update_scan_actions | boss_eclipse_dancer_accessory_2.png
[  62% ] _update_scan_actions | boss_eclipse_dancer_accessory_3.png
[  62% ] _update_scan_actions | boss_eclipse_dancer_accessory_4.png
[  63% ] _update_scan_actions | boss_eclipse_dancer_armor.png
[  63% ] _update_scan_actions | boss_eclipse_dancer_boots_1.png
[  63% ] _update_scan_actions | boss_eclipse_dancer_boots_2.png
[  63% ] _update_scan_actions | boss_eclipse_dancer_gloves_1.png
[  64% ] _update_scan_actions | boss_eclipse_dancer_gloves_2.png
[  64% ] _update_scan_actions | boss_eclipse_dancer_helm.png
[  64% ] _update_scan_actions | boss_eclipse_dancer_inner_garment.png
[  64% ] _update_scan_actions | boss_eclipse_dancer_main_weapon.png
[  65% ] _update_scan_actions | boss_eclipse_dancer_sub_weapon.png
[  65% ] _update_scan_actions | boss_gale_nomad_accessory_1.png
[  65% ] _update_scan_actions | boss_gale_nomad_accessory_2.png
[  65% ] _update_scan_actions | boss_gale_nomad_accessory_3.png
[  66% ] _update_scan_actions | boss_gale_nomad_accessory_4.png
[  66% ] _update_scan_actions | boss_gale_nomad_armor.png
[  66% ] _update_scan_actions | boss_gale_nomad_boots_1.png
[  67% ] _update_scan_actions | boss_gale_nomad_boots_2.png
[  67% ] _update_scan_actions | boss_gale_nomad_gloves_1.png
[  67% ] _update_scan_actions | boss_gale_nomad_gloves_2.png
[  67% ] _update_scan_actions | boss_gale_nomad_helm.png
[  68% ] _update_scan_actions | boss_gale_nomad_inner_garment.png
[  68% ] _update_scan_actions | boss_gale_nomad_main_weapon.png
[  68% ] _update_scan_actions | boss_grievance_of_the_fairy_accessory_1.png
[  68% ] _update_scan_actions | boss_grievance_of_the_fairy_accessory_2.png
[  69% ] _update_scan_actions | boss_grievance_of_the_fairy_accessory_3.png
[  69% ] _update_scan_actions | boss_grievance_of_the_fairy_accessory_4.png
[  69% ] _update_scan_actions | boss_grievance_of_the_fairy_armor.png
[  69% ] _update_scan_actions | boss_grievance_of_the_fairy_boots_1.png
[  70% ] _update_scan_actions | boss_grievance_of_the_fairy_boots_2.png
[  70% ] _update_scan_actions | boss_grievance_of_the_fairy_gloves_1.png
[  70% ] _update_scan_actions | boss_grievance_of_the_fairy_gloves_2.png
[  70% ] _update_scan_actions | boss_grievance_of_the_fairy_helm.png
[  71% ] _update_scan_actions | boss_grievance_of_the_fairy_inner_garment.png
[  71% ] _update_scan_actions | boss_grievance_of_the_fairy_main_weapon.png
[  71% ] _update_scan_actions | boss_obsidian_oath_accessory_1.png
[  71% ] _update_scan_actions | boss_obsidian_oath_accessory_2.png
[  72% ] _update_scan_actions | boss_obsidian_oath_accessory_3.png
[  72% ] _update_scan_actions | boss_obsidian_oath_accessory_4.png
[  72% ] _update_scan_actions | boss_obsidian_oath_armor.png
[  72% ] _update_scan_actions | boss_obsidian_oath_boots_1.png
[  73% ] _update_scan_actions | boss_obsidian_oath_boots_2.png
[  73% ] _update_scan_actions | boss_obsidian_oath_gloves_1.png
[  73% ] _update_scan_actions | boss_obsidian_oath_gloves_2.png
[  73% ] _update_scan_actions | boss_obsidian_oath_helm.png
[  74% ] _update_scan_actions | boss_obsidian_oath_inner_garment.png
[  74% ] _update_scan_actions | boss_obsidian_oath_main_weapon.png
[  74% ] _update_scan_actions | boss_pale_requiem_accessory_1.png
[  74% ] _update_scan_actions | boss_pale_requiem_accessory_2.png
[  75% ] _update_scan_actions | boss_pale_requiem_accessory_3.png
[  75% ] _update_scan_actions | boss_pale_requiem_accessory_4.png
[  75% ] _update_scan_actions | boss_pale_requiem_armor.png
[  75% ] _update_scan_actions | boss_pale_requiem_boots_1.png
[  76% ] _update_scan_actions | boss_pale_requiem_boots_2.png
[  76% ] _update_scan_actions | boss_pale_requiem_gloves_1.png
[  76% ] _update_scan_actions | boss_pale_requiem_gloves_2.png
[  76% ] _update_scan_actions | boss_pale_requiem_helm.png
[  77% ] _update_scan_actions | boss_pale_requiem_inner_garment.png
[  77% ] _update_scan_actions | boss_pale_requiem_main_weapon.png
[  77% ] _update_scan_actions | boss_pale_requiem_sub_weapon.png
[  77% ] _update_scan_actions | boss_serpent_veil_accessory_1.png
[  78% ] _update_scan_actions | boss_serpent_veil_accessory_2.png
[  78% ] _update_scan_actions | boss_serpent_veil_accessory_3.png
[  78% ] _update_scan_actions | boss_serpent_veil_accessory_4.png
[  78% ] _update_scan_actions | boss_serpent_veil_armor.png
[  79% ] _update_scan_actions | boss_serpent_veil_boots_1.png
[  79% ] _update_scan_actions | boss_serpent_veil_boots_2.png
[  79% ] _update_scan_actions | boss_serpent_veil_gloves_1.png
[  79% ] _update_scan_actions | boss_serpent_veil_gloves_2.png
[  80% ] _update_scan_actions | boss_serpent_veil_helm.png
[  80% ] _update_scan_actions | boss_serpent_veil_inner_garment.png
[  80% ] _update_scan_actions | boss_serpent_veil_main_weapon.png
[  80% ] _update_scan_actions | boss_serpent_veil_sub_weapon.png
[  81% ] _update_scan_actions | boss_starfall_hunter_accessory_1.png
[  81% ] _update_scan_actions | boss_starfall_hunter_accessory_2.png
[  81% ] _update_scan_actions | boss_starfall_hunter_accessory_3.png
[  81% ] _update_scan_actions | boss_starfall_hunter_accessory_4.png
[  82% ] _update_scan_actions | boss_starfall_hunter_armor.png
[  82% ] _update_scan_actions | boss_starfall_hunter_boots_1.png
[  82% ] _update_scan_actions | boss_starfall_hunter_boots_2.png
[  82% ] _update_scan_actions | boss_starfall_hunter_gloves_1.png
[  83% ] _update_scan_actions | boss_starfall_hunter_gloves_2.png
[  83% ] _update_scan_actions | boss_starfall_hunter_helm.png
[  83% ] _update_scan_actions | boss_starfall_hunter_inner_garment.png
[  84% ] _update_scan_actions | boss_starfall_hunter_main_weapon.png
[  84% ] _update_scan_actions | boss_sunken_crown_accessory_1.png
[  84% ] _update_scan_actions | boss_sunken_crown_accessory_2.png
[  84% ] _update_scan_actions | boss_sunken_crown_accessory_3.png
[  85% ] _update_scan_actions | boss_sunken_crown_accessory_4.png
[  85% ] _update_scan_actions | boss_sunken_crown_armor.png
[  85% ] _update_scan_actions | boss_sunken_crown_boots_1.png
[  85% ] _update_scan_actions | boss_sunken_crown_boots_2.png
[  86% ] _update_scan_actions | boss_sunken_crown_gloves_1.png
[  86% ] _update_scan_actions | boss_sunken_crown_gloves_2.png
[  86% ] _update_scan_actions | boss_sunken_crown_helm.png
[  86% ] _update_scan_actions | boss_sunken_crown_inner_garment.png
[  87% ] _update_scan_actions | boss_sunken_crown_main_weapon.png
[  87% ] _update_scan_actions | boss_thunder_abbot_accessory_1.png
[  87% ] _update_scan_actions | boss_thunder_abbot_accessory_2.png
[  87% ] _update_scan_actions | boss_thunder_abbot_accessory_3.png
[  88% ] _update_scan_actions | boss_thunder_abbot_accessory_4.png
[  88% ] _update_scan_actions | boss_thunder_abbot_armor.png
[  88% ] _update_scan_actions | boss_thunder_abbot_boots_1.png
[  88% ] _update_scan_actions | boss_thunder_abbot_boots_2.png
[  89% ] _update_scan_actions | boss_thunder_abbot_gloves_1.png
[  89% ] _update_scan_actions | boss_thunder_abbot_gloves_2.png
[  89% ] _update_scan_actions | boss_thunder_abbot_helm.png
[  89% ] _update_scan_actions | boss_thunder_abbot_inner_garment.png
[  90% ] _update_scan_actions | boss_thunder_abbot_main_weapon.png
[  90% ] _update_scan_actions | boss_truth_of_raikuru_accessory_1.png
[  90% ] _update_scan_actions | boss_truth_of_raikuru_accessory_2.png
[  90% ] _update_scan_actions | boss_truth_of_raikuru_accessory_3.png
[  91% ] _update_scan_actions | boss_truth_of_raikuru_accessory_4.png
[  91% ] _update_scan_actions | boss_truth_of_raikuru_armor.png
[  91% ] _update_scan_actions | boss_truth_of_raikuru_boots_1.png
[  91% ] _update_scan_actions | boss_truth_of_raikuru_boots_2.png
[  92% ] _update_scan_actions | boss_truth_of_raikuru_gloves_1.png
[  92% ] _update_scan_actions | boss_truth_of_raikuru_gloves_2.png
[  92% ] _update_scan_actions | boss_truth_of_raikuru_helm.png
[  92% ] _update_scan_actions | boss_truth_of_raikuru_inner_garment.png
[  93% ] _update_scan_actions | boss_truth_of_raikuru_main_weapon.png
[  93% ] _update_scan_actions | boss_wailing_mistress_accessory_1.png
[  93% ] _update_scan_actions | boss_wailing_mistress_accessory_2.png
[  93% ] _update_scan_actions | boss_wailing_mistress_accessory_3.png
[  94% ] _update_scan_actions | boss_wailing_mistress_accessory_4.png
[  94% ] _update_scan_actions | boss_wailing_mistress_armor.png
[  94% ] _update_scan_actions | boss_wailing_mistress_boots_1.png
[  94% ] _update_scan_actions | boss_wailing_mistress_boots_2.png
[  95% ] _update_scan_actions | boss_wailing_mistress_gloves_1.png
[  95% ] _update_scan_actions | boss_wailing_mistress_gloves_2.png
[  95% ] _update_scan_actions | boss_wailing_mistress_helm.png
[  95% ] _update_scan_actions | boss_wailing_mistress_inner_garment.png
[  96% ] _update_scan_actions | boss_wailing_mistress_main_weapon.png
[  96% ] _update_scan_actions | boss_winter_court_accessory_1.png
[  96% ] _update_scan_actions | boss_winter_court_accessory_2.png
[  96% ] _update_scan_actions | boss_winter_court_accessory_3.png
[  97% ] _update_scan_actions | boss_winter_court_accessory_4.png
[  97% ] _update_scan_actions | boss_winter_court_armor.png
[  97% ] _update_scan_actions | boss_winter_court_boots_1.png
[  97% ] _update_scan_actions | boss_winter_court_boots_2.png
[  98% ] _update_scan_actions | boss_winter_court_gloves_1.png
[  98% ] _update_scan_actions | boss_winter_court_gloves_2.png
[  98% ] _update_scan_actions | boss_winter_court_helm.png
[  98% ] _update_scan_actions | boss_winter_court_inner_garment.png
[  99% ] _update_scan_actions | boss_winter_court_main_weapon.png
[  99% ] _update_scan_actions | boss_winter_court_sub_weapon.png
[ DONE ] _update_scan_actions

[   0% ] reimport | Started (Re)Importing Assets (257 steps)
[   0% ] reimport | Preparing files to reimport...
[   0% ] reimport | Preparing files to reimport...
[   0% ] reimport | Preparing files to reimport...
[   1% ] reimport | Preparing files to reimport...
[   1% ] reimport | Preparing files to reimport...
[   1% ] reimport | Preparing files to reimport...
[   2% ] reimport | Preparing files to reimport...
[   2% ] reimport | Preparing files to reimport...
[   3% ] reimport | Preparing files to reimport...
[   3% ] reimport | Preparing files to reimport...
[   3% ] reimport | Preparing files to reimport...
[   4% ] reimport | Preparing files to reimport...
[   4% ] reimport | Preparing files to reimport...
[   5% ] reimport | Preparing files to reimport...
[   5% ] reimport | Preparing files to reimport...
[   5% ] reimport | Preparing files to reimport...
[   6% ] reimport | Preparing files to reimport...
[   6% ] reimport | Preparing files to reimport...
[   6% ] reimport | Preparing files to reimport...
[   7% ] reimport | Preparing files to reimport...
[   7% ] reimport | Preparing files to reimport...
[   8% ] reimport | Preparing files to reimport...
[   8% ] reimport | Preparing files to reimport...
[   8% ] reimport | Preparing files to reimport...
[   9% ] reimport | Preparing files to reimport...
[   9% ] reimport | Preparing files to reimport...
[  10% ] reimport | Preparing files to reimport...
[  10% ] reimport | Preparing files to reimport...
[  10% ] reimport | Preparing files to reimport...
[  11% ] reimport | Preparing files to reimport...
[  11% ] reimport | Preparing files to reimport...
[  12% ] reimport | Preparing files to reimport...
[  12% ] reimport | Preparing files to reimport...
[  12% ] reimport | Preparing files to reimport...
[  13% ] reimport | Preparing files to reimport...
[  13% ] reimport | Preparing files to reimport...
[  13% ] reimport | Preparing files to reimport...
[  14% ] reimport | Preparing files to reimport...
[  14% ] reimport | Preparing files to reimport...
[  15% ] reimport | Preparing files to reimport...
[  15% ] reimport | Preparing files to reimport...
[  15% ] reimport | Preparing files to reimport...
[  16% ] reimport | Preparing files to reimport...
[  16% ] reimport | Preparing files to reimport...
[  17% ] reimport | Preparing files to reimport...
[  17% ] reimport | Preparing files to reimport...
[  17% ] reimport | Preparing files to reimport...
[  18% ] reimport | Preparing files to reimport...
[  18% ] reimport | Preparing files to reimport...
[  18% ] reimport | Preparing files to reimport...
[  19% ] reimport | Preparing files to reimport...
[  19% ] reimport | Preparing files to reimport...
[  20% ] reimport | Preparing files to reimport...
[  20% ] reimport | Preparing files to reimport...
[  20% ] reimport | Preparing files to reimport...
[  21% ] reimport | Preparing files to reimport...
[  21% ] reimport | Preparing files to reimport...
[  22% ] reimport | Preparing files to reimport...
[  22% ] reimport | Preparing files to reimport...
[  22% ] reimport | Preparing files to reimport...
[  23% ] reimport | Preparing files to reimport...
[  23% ] reimport | Preparing files to reimport...
[  24% ] reimport | Preparing files to reimport...
[  24% ] reimport | Preparing files to reimport...
[  24% ] reimport | Preparing files to reimport...
[  25% ] reimport | Preparing files to reimport...
[  25% ] reimport | Preparing files to reimport...
[  25% ] reimport | Preparing files to reimport...
[  26% ] reimport | Preparing files to reimport...
[  26% ] reimport | Preparing files to reimport...
[  27% ] reimport | Preparing files to reimport...
[  27% ] reimport | Preparing files to reimport...
[  27% ] reimport | Preparing files to reimport...
[  28% ] reimport | Preparing files to reimport...
[  28% ] reimport | Preparing files to reimport...
[  29% ] reimport | Preparing files to reimport...
[  29% ] reimport | Preparing files to reimport...
[  29% ] reimport | Preparing files to reimport...
[  30% ] reimport | Preparing files to reimport...
[  30% ] reimport | Preparing files to reimport...
[  31% ] reimport | Preparing files to reimport...
[  31% ] reimport | Preparing files to reimport...
[  31% ] reimport | Preparing files to reimport...
[  32% ] reimport | Preparing files to reimport...
[  32% ] reimport | Preparing files to reimport...
[  32% ] reimport | Preparing files to reimport...
[  33% ] reimport | Preparing files to reimport...
[  33% ] reimport | Preparing files to reimport...
[  34% ] reimport | Preparing files to reimport...
[  34% ] reimport | Preparing files to reimport...
[  34% ] reimport | Preparing files to reimport...
[  35% ] reimport | Preparing files to reimport...
[  35% ] reimport | Preparing files to reimport...
[  36% ] reimport | Preparing files to reimport...
[  36% ] reimport | Preparing files to reimport...
[  36% ] reimport | Preparing files to reimport...
[  37% ] reimport | Preparing files to reimport...
[  37% ] reimport | Preparing files to reimport...
[  37% ] reimport | Preparing files to reimport...
[  38% ] reimport | Preparing files to reimport...
[  38% ] reimport | Preparing files to reimport...
[  39% ] reimport | Preparing files to reimport...
[  39% ] reimport | Preparing files to reimport...
[  39% ] reimport | Preparing files to reimport...
[  40% ] reimport | Preparing files to reimport...
[  40% ] reimport | Preparing files to reimport...
[  41% ] reimport | Preparing files to reimport...
[  41% ] reimport | Preparing files to reimport...
[  41% ] reimport | Preparing files to reimport...
[  42% ] reimport | Preparing files to reimport...
[  42% ] reimport | Preparing files to reimport...
[  43% ] reimport | Preparing files to reimport...
[  43% ] reimport | Preparing files to reimport...
[  43% ] reimport | Preparing files to reimport...
[  44% ] reimport | Preparing files to reimport...
[  44% ] reimport | Preparing files to reimport...
[  44% ] reimport | Preparing files to reimport...
[  45% ] reimport | Preparing files to reimport...
[  45% ] reimport | Preparing files to reimport...
[  46% ] reimport | Preparing files to reimport...
[  46% ] reimport | Preparing files to reimport...
[  46% ] reimport | Preparing files to reimport...
[  47% ] reimport | Preparing files to reimport...
[  47% ] reimport | Preparing files to reimport...
[  48% ] reimport | Preparing files to reimport...
[  48% ] reimport | Preparing files to reimport...
[  48% ] reimport | Preparing files to reimport...
[  49% ] reimport | Preparing files to reimport...
[  49% ] reimport | Preparing files to reimport...
[  50% ] reimport | Preparing files to reimport...
[  50% ] reimport | Preparing files to reimport...
[  50% ] reimport | Preparing files to reimport...
[  51% ] reimport | Preparing files to reimport...
[  51% ] reimport | Preparing files to reimport...
[  51% ] reimport | Preparing files to reimport...
[  52% ] reimport | Preparing files to reimport...
[  52% ] reimport | Preparing files to reimport...
[  53% ] reimport | Preparing files to reimport...
[  53% ] reimport | Preparing files to reimport...
[  53% ] reimport | Preparing files to reimport...
[  54% ] reimport | Preparing files to reimport...
[  54% ] reimport | Preparing files to reimport...
[  55% ] reimport | Preparing files to reimport...
[  55% ] reimport | Preparing files to reimport...
[  55% ] reimport | Preparing files to reimport...
[  56% ] reimport | Preparing files to reimport...
[  56% ] reimport | Preparing files to reimport...
[  56% ] reimport | Preparing files to reimport...
[  57% ] reimport | Preparing files to reimport...
[  57% ] reimport | Preparing files to reimport...
[  58% ] reimport | Preparing files to reimport...
[  58% ] reimport | Preparing files to reimport...
[  58% ] reimport | Preparing files to reimport...
[  59% ] reimport | Preparing files to reimport...
[  59% ] reimport | Preparing files to reimport...
[  60% ] reimport | Preparing files to reimport...
[  60% ] reimport | Preparing files to reimport...
[  60% ] reimport | Preparing files to reimport...
[  61% ] reimport | Preparing files to reimport...
[  61% ] reimport | Preparing files to reimport...
[  62% ] reimport | Preparing files to reimport...
[  62% ] reimport | Preparing files to reimport...
[  62% ] reimport | Preparing files to reimport...
[  63% ] reimport | Preparing files to reimport...
[  63% ] reimport | Preparing files to reimport...
[  63% ] reimport | Preparing files to reimport...
[  64% ] reimport | Preparing files to reimport...
[  64% ] reimport | Preparing files to reimport...
[  65% ] reimport | Preparing files to reimport...
[  65% ] reimport | Preparing files to reimport...
[  65% ] reimport | Preparing files to reimport...
[  66% ] reimport | Preparing files to reimport...
[  66% ] reimport | Preparing files to reimport...
[  67% ] reimport | Preparing files to reimport...
[  67% ] reimport | Preparing files to reimport...
[  67% ] reimport | Preparing files to reimport...
[  68% ] reimport | Preparing files to reimport...
[  68% ] reimport | Preparing files to reimport...
[  68% ] reimport | Preparing files to reimport...
[  69% ] reimport | Preparing files to reimport...
[  69% ] reimport | Preparing files to reimport...
[  70% ] reimport | Preparing files to reimport...
[  70% ] reimport | Preparing files to reimport...
[  70% ] reimport | Preparing files to reimport...
[  71% ] reimport | Preparing files to reimport...
[  71% ] reimport | Preparing files to reimport...
[  72% ] reimport | Preparing files to reimport...
[  72% ] reimport | Preparing files to reimport...
[  72% ] reimport | Preparing files to reimport...
[  73% ] reimport | Preparing files to reimport...
[  73% ] reimport | Preparing files to reimport...
[  74% ] reimport | Preparing files to reimport...
[  74% ] reimport | Preparing files to reimport...
[  74% ] reimport | Preparing files to reimport...
[  75% ] reimport | Preparing files to reimport...
[  75% ] reimport | Preparing files to reimport...
[  75% ] reimport | Preparing files to reimport...
[  76% ] reimport | Preparing files to reimport...
[  76% ] reimport | Preparing files to reimport...
[  77% ] reimport | Preparing files to reimport...
[  77% ] reimport | Preparing files to reimport...
[  77% ] reimport | Preparing files to reimport...
[  78% ] reimport | Preparing files to reimport...
[  78% ] reimport | Preparing files to reimport...
[  79% ] reimport | Preparing files to reimport...
[  79% ] reimport | Preparing files to reimport...
[  79% ] reimport | Preparing files to reimport...
[  80% ] reimport | Preparing files to reimport...
[  80% ] reimport | Preparing files to reimport...
[  81% ] reimport | Preparing files to reimport...
[  81% ] reimport | Preparing files to reimport...
[  81% ] reimport | Preparing files to reimport...
[  82% ] reimport | Preparing files to reimport...
[  82% ] reimport | Preparing files to reimport...
[  82% ] reimport | Preparing files to reimport...
[  83% ] reimport | Preparing files to reimport...
[  83% ] reimport | Preparing files to reimport...
[  84% ] reimport | Preparing files to reimport...
[  84% ] reimport | Preparing files to reimport...
[  84% ] reimport | Preparing files to reimport...
[  85% ] reimport | Preparing files to reimport...
[  85% ] reimport | Preparing files to reimport...
[  86% ] reimport | Preparing files to reimport...
[  86% ] reimport | Preparing files to reimport...
[  86% ] reimport | Preparing files to reimport...
[  87% ] reimport | Preparing files to reimport...
[  87% ] reimport | Preparing files to reimport...
[  87% ] reimport | Preparing files to reimport...
[  88% ] reimport | Preparing files to reimport...
[  88% ] reimport | Preparing files to reimport...
[  89% ] reimport | Preparing files to reimport...
[  89% ] reimport | Preparing files to reimport...
[  89% ] reimport | Preparing files to reimport...
[  90% ] reimport | Preparing files to reimport...
[  90% ] reimport | Preparing files to reimport...
[  91% ] reimport | Preparing files to reimport...
[  91% ] reimport | Preparing files to reimport...
[  91% ] reimport | Preparing files to reimport...
[  92% ] reimport | Preparing files to reimport...
[  92% ] reimport | Preparing files to reimport...
[  93% ] reimport | Preparing files to reimport...
[  93% ] reimport | Preparing files to reimport...
[  93% ] reimport | Preparing files to reimport...
[  94% ] reimport | Preparing files to reimport...
[  94% ] reimport | Preparing files to reimport...
[  94% ] reimport | Preparing files to reimport...
[  95% ] reimport | Preparing files to reimport...
[  95% ] reimport | Preparing files to reimport...
[  96% ] reimport | Preparing files to reimport...
[  96% ] reimport | Preparing files to reimport...
[  96% ] reimport | Preparing files to reimport...
[  97% ] reimport | Preparing files to reimport...
[  97% ] reimport | Preparing files to reimport...
[  98% ] reimport | Preparing files to reimport...
[  98% ] reimport | Preparing files to reimport...
[  98% ] reimport | Preparing files to reimport...
[  99% ] reimport | Preparing files to reimport...
[   0% ] reimport | Executing pre-reimport operations...
[   0% ] preload_reimporting_scene | Started Preparing scenes for reload (1 steps)
[   0% ] preload_reimporting_scene | Analyzing scene [empty]
[  50% ] preload_reimporting_scene | Preparation done.
[ DONE ] preload_reimporting_scene

[   0% ] reimport | boss_pale_requiem_accessory_4.png
[   0% ] reimport | boss_pale_requiem_armor.png
[   0% ] reimport | boss_pale_requiem_boots_1.png
[   1% ] reimport | boss_pale_requiem_boots_2.png
[   1% ] reimport | boss_pale_requiem_gloves_1.png
[   1% ] reimport | boss_pale_requiem_gloves_2.png
[   2% ] reimport | boss_pale_requiem_helm.png
[   2% ] reimport | boss_pale_requiem_inner_garment.png
[   3% ] reimport | boss_pale_requiem_main_weapon.png
[   3% ] reimport | boss_pale_requiem_sub_weapon.png
[   3% ] reimport | boss_serpent_veil_accessory_1.png
[   4% ] reimport | boss_serpent_veil_accessory_2.png
[   4% ] reimport | boss_serpent_veil_accessory_3.png
[   5% ] reimport | boss_serpent_veil_accessory_4.png
[   5% ] reimport | boss_serpent_veil_armor.png
[   5% ] reimport | boss_serpent_veil_boots_1.png
[   6% ] reimport | boss_serpent_veil_boots_2.png
[   6% ] reimport | boss_serpent_veil_gloves_1.png
[   6% ] reimport | boss_serpent_veil_gloves_2.png
[   7% ] reimport | boss_serpent_veil_helm.png
[   7% ] reimport | boss_serpent_veil_inner_garment.png
[   8% ] reimport | boss_serpent_veil_main_weapon.png
[   8% ] reimport | boss_serpent_veil_sub_weapon.png
[   8% ] reimport | boss_starfall_hunter_accessory_1.png
[   9% ] reimport | boss_starfall_hunter_accessory_2.png
[   9% ] reimport | boss_starfall_hunter_accessory_3.png
[  10% ] reimport | boss_starfall_hunter_accessory_4.png
[  10% ] reimport | boss_starfall_hunter_armor.png
[  10% ] reimport | boss_starfall_hunter_boots_1.png
[  11% ] reimport | boss_starfall_hunter_boots_2.png
[  11% ] reimport | boss_starfall_hunter_gloves_1.png
[  12% ] reimport | boss_starfall_hunter_gloves_2.png
[  12% ] reimport | boss_gale_nomad_gloves_1.png
[  12% ] reimport | boss_gale_nomad_gloves_2.png
[  13% ] reimport | boss_gale_nomad_helm.png
[  13% ] reimport | boss_gale_nomad_inner_garment.png
[  13% ] reimport | boss_gale_nomad_main_weapon.png
[  14% ] reimport | boss_grievance_of_the_fairy_accessory_1.png
[  14% ] reimport | boss_grievance_of_the_fairy_accessory_2.png
[  15% ] reimport | boss_grievance_of_the_fairy_accessory_3.png
[  15% ] reimport | boss_grievance_of_the_fairy_accessory_4.png
[  15% ] reimport | boss_grievance_of_the_fairy_armor.png
[  16% ] reimport | boss_grievance_of_the_fairy_boots_1.png
[  16% ] reimport | boss_grievance_of_the_fairy_boots_2.png
[  17% ] reimport | boss_grievance_of_the_fairy_gloves_1.png
[  17% ] reimport | boss_grievance_of_the_fairy_gloves_2.png
[  17% ] reimport | boss_grievance_of_the_fairy_helm.png
[  18% ] reimport | boss_grievance_of_the_fairy_inner_garment.png
[  18% ] reimport | boss_grievance_of_the_fairy_main_weapon.png
[  18% ] reimport | boss_obsidian_oath_accessory_1.png
[  19% ] reimport | boss_obsidian_oath_accessory_2.png
[  19% ] reimport | boss_obsidian_oath_accessory_3.png
[  20% ] reimport | boss_obsidian_oath_accessory_4.png
[  20% ] reimport | boss_obsidian_oath_armor.png
[  20% ] reimport | boss_obsidian_oath_boots_1.png
[  21% ] reimport | boss_obsidian_oath_boots_2.png
[  21% ] reimport | boss_obsidian_oath_gloves_1.png
[  22% ] reimport | boss_obsidian_oath_gloves_2.png
[  22% ] reimport | boss_obsidian_oath_helm.png
[  22% ] reimport | boss_obsidian_oath_inner_garment.png
[  23% ] reimport | boss_obsidian_oath_main_weapon.png
[  23% ] reimport | boss_pale_requiem_accessory_1.png
[  24% ] reimport | boss_pale_requiem_accessory_2.png
[  24% ] reimport | boss_pale_requiem_accessory_3.png
[  24% ] reimport | boss_truth_of_raikuru_boots_1.png
[  25% ] reimport | boss_truth_of_raikuru_boots_2.png
[  25% ] reimport | boss_truth_of_raikuru_gloves_1.png
[  25% ] reimport | boss_truth_of_raikuru_gloves_2.png
[  26% ] reimport | boss_truth_of_raikuru_helm.png
[  26% ] reimport | boss_truth_of_raikuru_inner_garment.png
[  27% ] reimport | boss_truth_of_raikuru_main_weapon.png
[  27% ] reimport | boss_wailing_mistress_accessory_1.png
[  27% ] reimport | boss_wailing_mistress_accessory_2.png
[  28% ] reimport | boss_wailing_mistress_accessory_3.png
[  28% ] reimport | boss_wailing_mistress_accessory_4.png
[  29% ] reimport | boss_wailing_mistress_armor.png
[  29% ] reimport | boss_wailing_mistress_boots_1.png
[  29% ] reimport | boss_wailing_mistress_boots_2.png
[  30% ] reimport | boss_wailing_mistress_gloves_1.png
[  30% ] reimport | boss_wailing_mistress_gloves_2.png
[  31% ] reimport | boss_wailing_mistress_helm.png
[  31% ] reimport | boss_wailing_mistress_inner_garment.png
[  31% ] reimport | boss_wailing_mistress_main_weapon.png
[  32% ] reimport | boss_winter_court_accessory_1.png
[  32% ] reimport | boss_winter_court_accessory_2.png
[  32% ] reimport | boss_winter_court_accessory_3.png
[  33% ] reimport | boss_winter_court_accessory_4.png
[  33% ] reimport | boss_winter_court_armor.png
[  34% ] reimport | boss_winter_court_boots_1.png
[  34% ] reimport | boss_winter_court_boots_2.png
[  34% ] reimport | boss_winter_court_gloves_1.png
[  35% ] reimport | boss_winter_court_gloves_2.png
[  35% ] reimport | boss_winter_court_helm.png
[  36% ] reimport | boss_winter_court_inner_garment.png
[  36% ] reimport | boss_winter_court_main_weapon.png
[  36% ] reimport | boss_winter_court_sub_weapon.png
[  37% ] reimport | boss_starfall_hunter_helm.png
[  37% ] reimport | boss_starfall_hunter_inner_garment.png
[  37% ] reimport | boss_starfall_hunter_main_weapon.png
[  38% ] reimport | boss_sunken_crown_accessory_1.png
[  38% ] reimport | boss_sunken_crown_accessory_2.png
[  39% ] reimport | boss_sunken_crown_accessory_3.png
[  39% ] reimport | boss_sunken_crown_accessory_4.png
[  39% ] reimport | boss_sunken_crown_armor.png
[  40% ] reimport | boss_sunken_crown_boots_1.png
[  40% ] reimport | boss_sunken_crown_boots_2.png
[  41% ] reimport | boss_sunken_crown_gloves_1.png
[  41% ] reimport | boss_sunken_crown_gloves_2.png
[  41% ] reimport | boss_sunken_crown_helm.png
[  42% ] reimport | boss_sunken_crown_inner_garment.png
[  42% ] reimport | boss_sunken_crown_main_weapon.png
[  43% ] reimport | boss_thunder_abbot_accessory_1.png
[  43% ] reimport | boss_thunder_abbot_accessory_2.png
[  43% ] reimport | boss_thunder_abbot_accessory_3.png
[  44% ] reimport | boss_thunder_abbot_accessory_4.png
[  44% ] reimport | boss_thunder_abbot_armor.png
[  44% ] reimport | boss_thunder_abbot_boots_1.png
[  45% ] reimport | boss_thunder_abbot_boots_2.png
[  45% ] reimport | boss_thunder_abbot_gloves_1.png
[  46% ] reimport | boss_thunder_abbot_gloves_2.png
[  46% ] reimport | boss_thunder_abbot_helm.png
[  46% ] reimport | boss_thunder_abbot_inner_garment.png
[  47% ] reimport | boss_thunder_abbot_main_weapon.png
[  47% ] reimport | boss_truth_of_raikuru_accessory_1.png
[  48% ] reimport | boss_truth_of_raikuru_accessory_2.png
[  48% ] reimport | boss_truth_of_raikuru_accessory_3.png
[  48% ] reimport | boss_truth_of_raikuru_accessory_4.png
[  49% ] reimport | boss_truth_of_raikuru_armor.png
[  49% ] reimport | boss_dragonforge_accessory_3.png
[  50% ] reimport | boss_dragonforge_accessory_2.png
[  50% ] reimport | boss_dragonforge_accessory_1.png
[  50% ] reimport | boss_crimson_glory_sub_weapon.png
[  51% ] reimport | boss_crimson_glory_main_weapon.png
[  51% ] reimport | boss_crimson_glory_inner_garment.png
[  51% ] reimport | boss_crimson_glory_helm.png
[  52% ] reimport | boss_crimson_glory_gloves_2.png
[  52% ] reimport | boss_crimson_glory_gloves_1.png
[  53% ] reimport | boss_crimson_glory_boots_2.png
[  53% ] reimport | boss_crimson_glory_boots_1.png
[  53% ] reimport | boss_crimson_glory_armor.png
[  54% ] reimport | boss_crimson_glory_accessory_4.png
[  54% ] reimport | boss_crimson_glory_accessory_3.png
[  55% ] reimport | boss_crimson_glory_accessory_2.png
[  55% ] reimport | boss_crimson_glory_accessory_1.png
[  55% ] reimport | boss_ashfall_pilgrim_sub_weapon.png
[  56% ] reimport | boss_ashfall_pilgrim_main_weapon.png
[  56% ] reimport | boss_ashfall_pilgrim_inner_garment.png
[  56% ] reimport | boss_ashfall_pilgrim_helm.png
[  57% ] reimport | boss_ashfall_pilgrim_gloves_2.png
[  57% ] reimport | boss_ashfall_pilgrim_gloves_1.png
[  58% ] reimport | boss_ashfall_pilgrim_boots_2.png
[  58% ] reimport | boss_ashfall_pilgrim_boots_1.png
[  58% ] reimport | boss_ashfall_pilgrim_armor.png
[  59% ] reimport | boss_ashfall_pilgrim_accessory_4.png
[  59% ] reimport | boss_ashfall_pilgrim_accessory_3.png
[  60% ] reimport | boss_ashfall_pilgrim_accessory_2.png
[  60% ] reimport | boss_ashfall_pilgrim_accessory_1.png
[  60% ] reimport | boss_gale_nomad_boots_2.png
[  61% ] reimport | boss_gale_nomad_boots_1.png
[  61% ] reimport | boss_gale_nomad_armor.png
[  62% ] reimport | boss_gale_nomad_accessory_4.png
[  62% ] reimport | boss_gale_nomad_accessory_3.png
[  62% ] reimport | boss_gale_nomad_accessory_2.png
[  63% ] reimport | boss_gale_nomad_accessory_1.png
[  63% ] reimport | boss_eclipse_dancer_sub_weapon.png
[  63% ] reimport | boss_eclipse_dancer_main_weapon.png
[  64% ] reimport | boss_eclipse_dancer_inner_garment.png
[  64% ] reimport | boss_eclipse_dancer_helm.png
[  65% ] reimport | boss_eclipse_dancer_gloves_2.png
[  65% ] reimport | boss_eclipse_dancer_gloves_1.png
[  65% ] reimport | boss_eclipse_dancer_boots_2.png
[  66% ] reimport | boss_eclipse_dancer_boots_1.png
[  66% ] reimport | boss_dragonforge_accessory_4.png
[  67% ] reimport | boss_dragonforge_armor.png
[  67% ] reimport | boss_dragonforge_boots_1.png
[  67% ] reimport | boss_dragonforge_boots_2.png
[  68% ] reimport | boss_dragonforge_gloves_1.png
[  68% ] reimport | boss_dragonforge_gloves_2.png
[  68% ] reimport | boss_dragonforge_helm.png
[  69% ] reimport | boss_dragonforge_inner_garment.png
[  69% ] reimport | boss_dragonforge_main_weapon.png
[  70% ] reimport | boss_dragonforge_sub_weapon.png
[  70% ] reimport | boss_eclipse_dancer_accessory_1.png
[  70% ] reimport | boss_eclipse_dancer_accessory_2.png
[  71% ] reimport | boss_eclipse_dancer_accessory_3.png
[  71% ] reimport | boss_eclipse_dancer_accessory_4.png
[  72% ] reimport | boss_eclipse_dancer_armor.png
[  72% ] reimport | artisan_heron_estoc.glb
[   0% ] import | Started Import Scene (104 steps)
[   0% ] import | Importing Scene...
[   1% ] import | Running Custom Script...
[  99% ] import | Saving...
[ DONE ] import

[  72% ] reimport | artisan_heron_wing_bow.glb
[   0% ] import | Started Import Scene (104 steps)
[   0% ] import | Importing Scene...
[   1% ] import | Running Custom Script...
[  99% ] import | Saving...
[ DONE ] import

[  73% ] reimport | artisan_ironleaf_bow.glb
[   0% ] import | Started Import Scene (104 steps)
[   0% ] import | Importing Scene...
[   1% ] import | Running Custom Script...
[  99% ] import | Saving...
[ DONE ] import

[  73% ] reimport | artisan_moon_hook_sword.glb
[   0% ] import | Started Import Scene (104 steps)
[   0% ] import | Importing Scene...
[   1% ] import | Running Custom Script...
[  99% ] import | Saving...
[ DONE ] import

[  74% ] reimport | artisan_orchid_fan_dagger.glb
[   0% ] import | Started Import Scene (104 steps)
[   0% ] import | Importing Scene...
[   1% ] import | Running Custom Script...
[  99% ] import | Saving...
[ DONE ] import

[  74% ] reimport | artisan_prism_greatblade.glb
[   0% ] import | Started Import Scene (104 steps)
[   0% ] import | Importing Scene...
[   1% ] import | Running Custom Script...
[  99% ] import | Saving...
[ DONE ] import

[  74% ] reimport | artisan_raven_beak_axe.glb
[   0% ] import | Started Import Scene (104 steps)
[   0% ] import | Importing Scene...
[   1% ] import | Running Custom Script...
[  99% ] import | Saving...
[ DONE ] import

[  75% ] reimport | artisan_sawback_dagger.glb
[   0% ] import | Started Import Scene (104 steps)
[   0% ] import | Importing Scene...
[   1% ] import | Running Custom Script...
[  99% ] import | Saving...
[ DONE ] import

[  75% ] reimport | artisan_scorpion_tail_dagger.glb
[   0% ] import | Started Import Scene (104 steps)
[   0% ] import | Importing Scene...
[   1% ] import | Running Custom Script...
[  99% ] import | Saving...
[ DONE ] import

[  75% ] reimport | artisan_serpent_coil_bow.glb
[   0% ] import | Started Import Scene (104 steps)
[   0% ] import | Importing Scene...
[   1% ] import | Running Custom Script...
[  99% ] import | Saving...
[ DONE ] import

[  76% ] reimport | artisan_serpent_kris_dagger.glb
[   0% ] import | Started Import Scene (104 steps)
[   0% ] import | Importing Scene...
[   1% ] import | Running Custom Script...
[  99% ] import | Saving...
[ DONE ] import

[  76% ] reimport | artisan_split_crown_sword.glb
[   0% ] import | Started Import Scene (104 steps)
[   0% ] import | Importing Scene...
[   1% ] import | Running Custom Script...
[  99% ] import | Saving...
[ DONE ] import

[  77% ] reimport | artisan_star_compass_dagger.glb
[   0% ] import | Started Import Scene (104 steps)
[   0% ] import | Importing Scene...
[   1% ] import | Running Custom Script...
[  99% ] import | Saving...
[ DONE ] import

[  77% ] reimport | artisan_sunwheel_bow.glb
[   0% ] import | Started Import Scene (104 steps)
[   0% ] import | Importing Scene...
[   1% ] import | Running Custom Script...
[  99% ] import | Saving...
[ DONE ] import

[  77% ] reimport | artisan_sun_disc_axe.glb
[   0% ] import | Started Import Scene (104 steps)
[   0% ] import | Importing Scene...
[   1% ] import | Running Custom Script...
[  99% ] import | Saving...
[ DONE ] import

[  78% ] reimport | artisan_thunder_fork_axe.glb
[   0% ] import | Started Import Scene (104 steps)
[   0% ] import | Importing Scene...
[   1% ] import | Running Custom Script...
[  99% ] import | Saving...
[ DONE ] import

[  78% ] reimport | artisan_tide_harp_bow.glb
[   0% ] import | Started Import Scene (104 steps)
[   0% ] import | Importing Scene...
[   1% ] import | Running Custom Script...
[  99% ] import | Saving...
[ DONE ] import

[  79% ] reimport | artisan_anchor_beard_axe.glb
[   0% ] import | Started Import Scene (104 steps)
[   0% ] import | Importing Scene...
[   1% ] import | Running Custom Script...
[  99% ] import | Saving...
[ DONE ] import

[  79% ] reimport | artisan_antler_crown_bow.glb
[   0% ] import | Started Import Scene (104 steps)
[   0% ] import | Importing Scene...
[   1% ] import | Running Custom Script...
[  99% ] import | Saving...
[ DONE ] import

[  79% ] reimport | artisan_astral_ring_sword.glb
[   0% ] import | Started Import Scene (104 steps)
[   0% ] import | Importing Scene...
[   1% ] import | Running Custom Script...
[  99% ] import | Saving...
[ DONE ] import

[  80% ] reimport | artisan_boar_cleaver_axe.glb
[   0% ] import | Started Import Scene (104 steps)
[   0% ] import | Importing Scene...
[   1% ] import | Running Custom Script...
[  99% ] import | Saving...
[ DONE ] import

[  80% ] reimport | artisan_clockwork_cam_bow.glb
[   0% ] import | Started Import Scene (104 steps)
[   0% ] import | Importing Scene...
[   1% ] import | Running Custom Script...
[  99% ] import | Saving...
[ DONE ] import

[  81% ] reimport | artisan_copperleaf_sword.glb
[   0% ] import | Started Import Scene (104 steps)
[   0% ] import | Importing Scene...
[   1% ] import | Running Custom Script...
[  99% ] import | Saving...
[ DONE ] import

[  81% ] reimport | artisan_crescent_fang_dagger.glb
[   0% ] import | Started Import Scene (104 steps)
[   0% ] import | Importing Scene...
[   1% ] import | Running Custom Script...
[  99% ] import | Saving...
[ DONE ] import

[  81% ] reimport | artisan_crescent_moon_axe.glb
[   0% ] import | Started Import Scene (104 steps)
[   0% ] import | Importing Scene...
[   1% ] import | Running Custom Script...
[  99% ] import | Saving...
[ DONE ] import

[  82% ] reimport | artisan_crystal_spire_bow.glb
[   0% ] import | Started Import Scene (104 steps)
[   0% ] import | Importing Scene...
[   1% ] import | Running Custom Script...
[  99% ] import | Saving...
[ DONE ] import

[  82% ] reimport | artisan_dragon_rib_bow.glb
[   0% ] import | Started Import Scene (104 steps)
[   0% ] import | Importing Scene...
[   1% ] import | Running Custom Script...
[  99% ] import | Saving...
[ DONE ] import

[  82% ] reimport | artisan_dragon_talon_axe.glb
[   0% ] import | Started Import Scene (104 steps)
[   0% ] import | Importing Scene...
[   1% ] import | Running Custom Script...
[  99% ] import | Saving...
[ DONE ] import

[  83% ] reimport | artisan_dragon_tooth_sword.glb
[   0% ] import | Started Import Scene (104 steps)
[   0% ] import | Importing Scene...
[   1% ] import | Running Custom Script...
[  99% ] import | Saving...
[ DONE ] import

[  83% ] reimport | artisan_flame_ribbon_sword.glb
[   0% ] import | Started Import Scene (104 steps)
[   0% ] import | Importing Scene...
[   1% ] import | Running Custom Script...
[  99% ] import | Saving...
[ DONE ] import

[  84% ] reimport | artisan_frost_pick_axe.glb
[   0% ] import | Started Import Scene (104 steps)
[   0% ] import | Importing Scene...
[   1% ] import | Running Custom Script...
[  99% ] import | Saving...
[ DONE ] import

[  84% ] reimport | artisan_glass_leaf_dagger.glb
[   0% ] import | Started Import Scene (104 steps)
[   0% ] import | Importing Scene...
[   1% ] import | Running Custom Script...
[  99% ] import | Saving...
[ DONE ] import

[  84% ] reimport | artisan_gothic_window_axe.glb
[   0% ] import | Started Import Scene (104 steps)
[   0% ] import | Importing Scene...
[   1% ] import | Running Custom Script...
[  99% ] import | Saving...
[ DONE ] import

[  85% ] reimport | artisan_gull_hook_dagger.glb
[   0% ] import | Started Import Scene (104 steps)
[   0% ] import | Importing Scene...
[   1% ] import | Running Custom Script...
[  99% ] import | Saving...
[ DONE ] import

[  85% ] reimport | artisan_harbor_basket_sword.glb
[   0% ] import | Started Import Scene (104 steps)
[   0% ] import | Importing Scene...
[   1% ] import | Running Custom Script...
[  99% ] import | Saving...
[ DONE ] import

[  86% ] reimport | boss_crimson_glory_accessory_2.glb
[   0% ] import | Started Import Scene (104 steps)
[   0% ] import | Importing Scene...
[   1% ] import | Running Custom Script...
[  99% ] import | Saving...
[ DONE ] import

[  86% ] reimport | boss_crimson_glory_accessory_3.glb
[   0% ] import | Started Import Scene (104 steps)
[   0% ] import | Importing Scene...
[   1% ] import | Running Custom Script...
[  99% ] import | Saving...
[ DONE ] import

[  86% ] reimport | boss_crimson_glory_accessory_4.glb
[   0% ] import | Started Import Scene (104 steps)
[   0% ] import | Importing Scene...
[   1% ] import | Running Custom Script...
[  99% ] import | Saving...
[ DONE ] import

[  87% ] reimport | boss_crimson_glory_armor.glb
[   0% ] import | Started Import Scene (104 steps)
[   0% ] import | Importing Scene...
[   1% ] import | Running Custom Script...
[  99% ] import | Saving...
[ DONE ] import

[  87% ] reimport | boss_crimson_glory_boots_1.glb
[   0% ] import | Started Import Scene (104 steps)
[   0% ] import | Importing Scene...
[   1% ] import | Running Custom Script...
[  99% ] import | Saving...
[ DONE ] import

[  87% ] reimport | boss_crimson_glory_boots_2.glb
[   0% ] import | Started Import Scene (104 steps)
[   0% ] import | Importing Scene...
[   1% ] import | Running Custom Script...
[  99% ] import | Saving...
[ DONE ] import

[  88% ] reimport | boss_crimson_glory_gloves_1.glb
[   0% ] import | Started Import Scene (104 steps)
[   0% ] import | Importing Scene...
[   1% ] import | Running Custom Script...
[  99% ] import | Saving...
[ DONE ] import

[  88% ] reimport | boss_crimson_glory_gloves_2.glb
[   0% ] import | Started Import Scene (104 steps)
[   0% ] import | Importing Scene...
[   1% ] import | Running Custom Script...
[  99% ] import | Saving...
[ DONE ] import

[  89% ] reimport | boss_crimson_glory_helm.glb
[   0% ] import | Started Import Scene (104 steps)
[   0% ] import | Importing Scene...
[   1% ] import | Running Custom Script...
[  99% ] import | Saving...
[ DONE ] import

[  89% ] reimport | boss_crimson_glory_inner_garment.glb
[   0% ] import | Started Import Scene (104 steps)
[   0% ] import | Importing Scene...
[   1% ] import | Running Custom Script...
[  99% ] import | Saving...
[ DONE ] import

[  89% ] reimport | boss_dragonforge_accessory_1.glb
[   0% ] import | Started Import Scene (104 steps)
[   0% ] import | Importing Scene...
[   1% ] import | Running Custom Script...
[  99% ] import | Saving...
[ DONE ] import

[  90% ] reimport | boss_dragonforge_accessory_2.glb
[   0% ] import | Started Import Scene (104 steps)
[   0% ] import | Importing Scene...
[   1% ] import | Running Custom Script...
[  99% ] import | Saving...
[ DONE ] import

[  90% ] reimport | boss_dragonforge_accessory_3.glb
[   0% ] import | Started Import Scene (104 steps)
[   0% ] import | Importing Scene...
[   1% ] import | Running Custom Script...
[  99% ] import | Saving...
[ DONE ] import

[  91% ] reimport | boss_dragonforge_accessory_4.glb
[   0% ] import | Started Import Scene (104 steps)
[   0% ] import | Importing Scene...
[   1% ] import | Running Custom Script...
[  99% ] import | Saving...
[ DONE ] import

[  91% ] reimport | boss_dragonforge_armor.glb
[   0% ] import | Started Import Scene (104 steps)
[   0% ] import | Importing Scene...
[   1% ] import | Running Custom Script...
[  99% ] import | Saving...
[ DONE ] import

[  91% ] reimport | boss_dragonforge_boots_1.glb
[   0% ] import | Started Import Scene (104 steps)
[   0% ] import | Importing Scene...
[   1% ] import | Running Custom Script...
[  99% ] import | Saving...
[ DONE ] import

[  92% ] reimport | boss_dragonforge_boots_2.glb
[   0% ] import | Started Import Scene (104 steps)
[   0% ] import | Importing Scene...
[   1% ] import | Running Custom Script...
[  99% ] import | Saving...
[ DONE ] import

[  92% ] reimport | artisan_tide_scimitar.glb
[   0% ] import | Started Import Scene (104 steps)
[   0% ] import | Importing Scene...
[   1% ] import | Running Custom Script...
[  99% ] import | Saving...
[ DONE ] import

[  93% ] reimport | artisan_trident_dirk.glb
[   0% ] import | Started Import Scene (104 steps)
[   0% ] import | Importing Scene...
[   1% ] import | Running Custom Script...
[  99% ] import | Saving...
[ DONE ] import

[  93% ] reimport | artisan_twin_crescent_bow.glb
[   0% ] import | Started Import Scene (104 steps)
[   0% ] import | Importing Scene...
[   1% ] import | Running Custom Script...
[  99% ] import | Saving...
[ DONE ] import

[  93% ] reimport | artisan_twin_fang_dagger.glb
[   0% ] import | Started Import Scene (104 steps)
[   0% ] import | Importing Scene...
[   1% ] import | Running Custom Script...
[  99% ] import | Saving...
[ DONE ] import

[  94% ] reimport | artisan_twin_petal_axe.glb
[   0% ] import | Started Import Scene (104 steps)
[   0% ] import | Importing Scene...
[   1% ] import | Running Custom Script...
[  99% ] import | Saving...
[ DONE ] import

[  94% ] reimport | ashwood_crossbow.glb
[   0% ] import | Started Import Scene (104 steps)
[   0% ] import | Importing Scene...
[   1% ] import | Running Custom Script...
[  99% ] import | Saving...
[ DONE ] import

[  94% ] reimport | boss_ashfall_pilgrim_accessory_1.glb
[   0% ] import | Started Import Scene (104 steps)
[   0% ] import | Importing Scene...
[   1% ] import | Running Custom Script...
[  99% ] import | Saving...
[ DONE ] import

[  95% ] reimport | boss_ashfall_pilgrim_accessory_2.glb
[   0% ] import | Started Import Scene (104 steps)
[   0% ] import | Importing Scene...
[   1% ] import | Running Custom Script...
[  99% ] import | Saving...
[ DONE ] import

[  95% ] reimport | boss_ashfall_pilgrim_accessory_3.glb
[   0% ] import | Started Import Scene (104 steps)
[   0% ] import | Importing Scene...
[   1% ] import | Running Custom Script...
[  99% ] import | Saving...
[ DONE ] import

[  96% ] reimport | boss_ashfall_pilgrim_accessory_4.glb
[   0% ] import | Started Import Scene (104 steps)
[   0% ] import | Importing Scene...
[   1% ] import | Running Custom Script...
[  99% ] import | Saving...
[ DONE ] import

[  96% ] reimport | boss_ashfall_pilgrim_armor.glb
[   0% ] import | Started Import Scene (104 steps)
[   0% ] import | Importing Scene...
[   1% ] import | Running Custom Script...
[  99% ] import | Saving...
[ DONE ] import

[  96% ] reimport | boss_ashfall_pilgrim_boots_1.glb
[   0% ] import | Started Import Scene (104 steps)
[   0% ] import | Importing Scene...
[   1% ] import | Running Custom Script...
[  99% ] import | Saving...
[ DONE ] import

[  97% ] reimport | boss_ashfall_pilgrim_boots_2.glb
[   0% ] import | Started Import Scene (104 steps)
[   0% ] import | Importing Scene...
[   1% ] import | Running Custom Script...
[  99% ] import | Saving...
[ DONE ] import

[  97% ] reimport | boss_ashfall_pilgrim_gloves_1.glb
[   0% ] import | Started Import Scene (104 steps)
[   0% ] import | Importing Scene...
[   1% ] import | Running Custom Script...
[  99% ] import | Saving...
[ DONE ] import

[  98% ] reimport | boss_ashfall_pilgrim_gloves_2.glb
[   0% ] import | Started Import Scene (104 steps)
[   0% ] import | Importing Scene...
[   1% ] import | Running Custom Script...
[  99% ] import | Saving...
[ DONE ] import

[  98% ] reimport | boss_ashfall_pilgrim_helm.glb
[   0% ] import | Started Import Scene (104 steps)
[   0% ] import | Importing Scene...
[   1% ] import | Running Custom Script...
[  99% ] import | Saving...
[ DONE ] import

[  98% ] reimport | boss_ashfall_pilgrim_inner_garment.glb
[   0% ] import | Started Import Scene (104 steps)
[   0% ] import | Importing Scene...
[   1% ] import | Running Custom Script...
[  99% ] import | Saving...
[ DONE ] import

[  99% ] reimport | boss_crimson_glory_accessory_1.glb
[   0% ] import | Started Import Scene (104 steps)
[   0% ] import | Importing Scene...
[   1% ] import | Running Custom Script...
[  99% ] import | Saving...
[ DONE ] import

[  99% ] reimport | Finalizing Asset Import...
[ DONE ] reimport

[   0% ] reimport | Started (Re)Importing Assets (257 steps)
[   0% ] reimport | Executing post-reimport operations...
[ DONE ] reimport

[   0% ] loading_editor_layout | Started Loading editor (5 steps)
[   0% ] loading_editor_layout | Loading editor layout...
[  16% ] loading_editor_layout | Loading docks...
[  33% ] loading_editor_layout | Reopening scenes...
[  50% ] loading_editor_layout | Loading central editor layout...
[  66% ] loading_editor_layout | Loading plugin window layout...
[  83% ] loading_editor_layout | Editor layout ready.
[ DONE ] loading_editor_layout

