Godot Engine v4.7.2.stable.official.ed1daf0bf - https://godotengine.org

[   0% ] first_scan_filesystem | Started Project initialization (5 steps)
[   0% ] first_scan_filesystem | Scanning file structure...
[  16% ] first_scan_filesystem | Loading global class names...
[  33% ] first_scan_filesystem | Verifying GDExtensions...
[  50% ] first_scan_filesystem | Creating autoload scripts...
[  66% ] first_scan_filesystem | Initializing plugins...
[  83% ] first_scan_filesystem | Starting file scan...
[ DONE ] first_scan_filesystem

[   0% ] update_scripts_classes | Started Registering global classes... (25 steps)
[   0% ] update_scripts_classes | Player
[   3% ] update_scripts_classes | Tempo
[   7% ] update_scripts_classes | CharacterVisual
[  11% ] update_scripts_classes | 
[  15% ] update_scripts_classes | ClassPassives
[  19% ] update_scripts_classes | Projectile
[  23% ] update_scripts_classes | Equipment
[  26% ] update_scripts_classes | StatCalculator
[  30% ] update_scripts_classes | TempoRules
[  34% ] update_scripts_classes | Cheats
[  38% ] update_scripts_classes | HeroData
[  42% ] update_scripts_classes | AnimDefaults
[  46% ] update_scripts_classes | DataClasses
[  50% ] update_scripts_classes | DataCrafting
[  53% ] update_scripts_classes | DataItems
[  57% ] update_scripts_classes | DataArtisanWeapons
[  61% ] update_scripts_classes | DataShops
[  65% ] update_scripts_classes | DataTalentsExt
[  69% ] update_scripts_classes | DataTempos
[  73% ] update_scripts_classes | DataWeapons
[  76% ] update_scripts_classes | SkillRunner
[  80% ] update_scripts_classes | TempoWindow
[  84% ] update_scripts_classes | 
[  88% ] update_scripts_classes | 
[  92% ] update_scripts_classes | 
[ DONE ] update_scripts_classes

[   0% ] _update_scan_actions | Started Scanning actions... (50 steps)
[   0% ] _update_scan_actions | artisan_anchor_beard_axe.glb
[   1% ] _update_scan_actions | artisan_antler_crown_bow.glb
[   3% ] _update_scan_actions | artisan_astral_ring_sword.glb
[   5% ] _update_scan_actions | artisan_boar_cleaver_axe.glb
[   7% ] _update_scan_actions | artisan_clockwork_cam_bow.glb
[   9% ] _update_scan_actions | artisan_copperleaf_sword.glb
[  11% ] _update_scan_actions | artisan_crescent_fang_dagger.glb
[  13% ] _update_scan_actions | artisan_crescent_moon_axe.glb
[  15% ] _update_scan_actions | artisan_crystal_spire_bow.glb
[  17% ] _update_scan_actions | artisan_dragon_rib_bow.glb
[  19% ] _update_scan_actions | artisan_dragon_talon_axe.glb
[  21% ] _update_scan_actions | artisan_dragon_tooth_sword.glb
[  23% ] _update_scan_actions | artisan_flame_ribbon_sword.glb
[  25% ] _update_scan_actions | artisan_frost_pick_axe.glb
[  27% ] _update_scan_actions | artisan_glass_leaf_dagger.glb
[  29% ] _update_scan_actions | artisan_gothic_window_axe.glb
[  31% ] _update_scan_actions | artisan_gull_hook_dagger.glb
[  33% ] _update_scan_actions | artisan_harbor_basket_sword.glb
[  35% ] _update_scan_actions | artisan_heron_estoc.glb
[  37% ] _update_scan_actions | artisan_heron_wing_bow.glb
[  39% ] _update_scan_actions | artisan_ironleaf_bow.glb
[  41% ] _update_scan_actions | artisan_moon_hook_sword.glb
[  43% ] _update_scan_actions | artisan_orchid_fan_dagger.glb
[  45% ] _update_scan_actions | artisan_prism_greatblade.glb
[  47% ] _update_scan_actions | artisan_raven_beak_axe.glb
[  49% ] _update_scan_actions | artisan_sawback_dagger.glb
[  50% ] _update_scan_actions | artisan_scorpion_tail_dagger.glb
[  52% ] _update_scan_actions | artisan_serpent_coil_bow.glb
[  54% ] _update_scan_actions | artisan_serpent_kris_dagger.glb
[  56% ] _update_scan_actions | artisan_split_crown_sword.glb
[  58% ] _update_scan_actions | artisan_star_compass_dagger.glb
[  60% ] _update_scan_actions | artisan_sunwheel_bow.glb
[  62% ] _update_scan_actions | artisan_sun_disc_axe.glb
[  64% ] _update_scan_actions | artisan_thunder_fork_axe.glb
[  66% ] _update_scan_actions | artisan_tide_harp_bow.glb
[  68% ] _update_scan_actions | artisan_tide_scimitar.glb
[  70% ] _update_scan_actions | artisan_trident_dirk.glb
[  72% ] _update_scan_actions | artisan_twin_crescent_bow.glb
[  74% ] _update_scan_actions | artisan_twin_fang_dagger.glb
[  76% ] _update_scan_actions | artisan_twin_petal_axe.glb
[  78% ] _update_scan_actions | ashwood_crossbow.glb
[  80% ] _update_scan_actions | crane_lever_crossbow.glb
[  82% ] _update_scan_actions | dragon_jaw_crossbow.glb
[  84% ] _update_scan_actions | frost_fork_crossbow.glb
[  86% ] _update_scan_actions | iron_boar_crossbow.glb
[  88% ] _update_scan_actions | orrery_crossbow.glb
[  90% ] _update_scan_actions | raven_wing_crossbow.glb
[  92% ] _update_scan_actions | repeater_crossbow.glb
[  94% ] _update_scan_actions | sun_dial_crossbow.glb
[  96% ] _update_scan_actions | twin_rail_crossbow.glb
[ DONE ] _update_scan_actions

[   0% ] reimport | Started (Re)Importing Assets (50 steps)
[   0% ] reimport | Preparing files to reimport...
[   1% ] reimport | Preparing files to reimport...
[   3% ] reimport | Preparing files to reimport...
[   5% ] reimport | Preparing files to reimport...
[   7% ] reimport | Preparing files to reimport...
[   9% ] reimport | Preparing files to reimport...
[  11% ] reimport | Preparing files to reimport...
[  13% ] reimport | Preparing files to reimport...
[  15% ] reimport | Preparing files to reimport...
[  17% ] reimport | Preparing files to reimport...
[  19% ] reimport | Preparing files to reimport...
[  21% ] reimport | Preparing files to reimport...
[  23% ] reimport | Preparing files to reimport...
[  25% ] reimport | Preparing files to reimport...
[  27% ] reimport | Preparing files to reimport...
[  29% ] reimport | Preparing files to reimport...
[  31% ] reimport | Preparing files to reimport...
[  33% ] reimport | Preparing files to reimport...
[  35% ] reimport | Preparing files to reimport...
[  37% ] reimport | Preparing files to reimport...
[  39% ] reimport | Preparing files to reimport...
[  41% ] reimport | Preparing files to reimport...
[  43% ] reimport | Preparing files to reimport...
[  45% ] reimport | Preparing files to reimport...
[  47% ] reimport | Preparing files to reimport...
[  49% ] reimport | Preparing files to reimport...
[  50% ] reimport | Preparing files to reimport...
[  52% ] reimport | Preparing files to reimport...
[  54% ] reimport | Preparing files to reimport...
[  56% ] reimport | Preparing files to reimport...
[  58% ] reimport | Preparing files to reimport...
[  60% ] reimport | Preparing files to reimport...
[  62% ] reimport | Preparing files to reimport...
[  64% ] reimport | Preparing files to reimport...
[  66% ] reimport | Preparing files to reimport...
[  68% ] reimport | Preparing files to reimport...
[  70% ] reimport | Preparing files to reimport...
[  72% ] reimport | Preparing files to reimport...
[  74% ] reimport | Preparing files to reimport...
[  76% ] reimport | Preparing files to reimport...
[  78% ] reimport | Preparing files to reimport...
[  80% ] reimport | Preparing files to reimport...
[  82% ] reimport | Preparing files to reimport...
[  84% ] reimport | Preparing files to reimport...
[  86% ] reimport | Preparing files to reimport...
[  88% ] reimport | Preparing files to reimport...
[  90% ] reimport | Preparing files to reimport...
[  92% ] reimport | Preparing files to reimport...
[  94% ] reimport | Preparing files to reimport...
[  96% ] reimport | Preparing files to reimport...
[   0% ] reimport | Executing pre-reimport operations...
[   0% ] reimport | artisan_sawback_dagger.glb
[   0% ] import | Started Import Scene (104 steps)
[   0% ] import | Importing Scene...
[   1% ] import | Running Custom Script...
[  99% ] import | Saving...
[ DONE ] import

[   1% ] reimport | artisan_scorpion_tail_dagger.glb
[   0% ] import | Started Import Scene (104 steps)
[   0% ] import | Importing Scene...
[   1% ] import | Running Custom Script...
[  99% ] import | Saving...
[ DONE ] import

[   3% ] reimport | artisan_serpent_coil_bow.glb
[   0% ] import | Started Import Scene (104 steps)
[   0% ] import | Importing Scene...
[   1% ] import | Running Custom Script...
[  99% ] import | Saving...
[ DONE ] import

[   5% ] reimport | artisan_serpent_kris_dagger.glb
[   0% ] import | Started Import Scene (104 steps)
[   0% ] import | Importing Scene...
[   1% ] import | Running Custom Script...
[  99% ] import | Saving...
[ DONE ] import

[   7% ] reimport | artisan_split_crown_sword.glb
[   0% ] import | Started Import Scene (104 steps)
[   0% ] import | Importing Scene...
[   1% ] import | Running Custom Script...
[  99% ] import | Saving...
[ DONE ] import

[   9% ] reimport | artisan_star_compass_dagger.glb
[   0% ] import | Started Import Scene (104 steps)
[   0% ] import | Importing Scene...
[   1% ] import | Running Custom Script...
[  99% ] import | Saving...
[ DONE ] import

[  11% ] reimport | artisan_sunwheel_bow.glb
[   0% ] import | Started Import Scene (104 steps)
[   0% ] import | Importing Scene...
[   1% ] import | Running Custom Script...
[  99% ] import | Saving...
[ DONE ] import

[  13% ] reimport | artisan_sun_disc_axe.glb
[   0% ] import | Started Import Scene (104 steps)
[   0% ] import | Importing Scene...
[   1% ] import | Running Custom Script...
[  99% ] import | Saving...
[ DONE ] import

[  15% ] reimport | artisan_thunder_fork_axe.glb
[   0% ] import | Started Import Scene (104 steps)
[   0% ] import | Importing Scene...
[   1% ] import | Running Custom Script...
[  99% ] import | Saving...
[ DONE ] import

[  17% ] reimport | artisan_tide_harp_bow.glb
[   0% ] import | Started Import Scene (104 steps)
[   0% ] import | Importing Scene...
[   1% ] import | Running Custom Script...
[  99% ] import | Saving...
[ DONE ] import

[  19% ] reimport | artisan_tide_scimitar.glb
[   0% ] import | Started Import Scene (104 steps)
[   0% ] import | Importing Scene...
[   1% ] import | Running Custom Script...
[  99% ] import | Saving...
[ DONE ] import

[  21% ] reimport | artisan_trident_dirk.glb
[   0% ] import | Started Import Scene (104 steps)
[   0% ] import | Importing Scene...
[   1% ] import | Running Custom Script...
[  99% ] import | Saving...
[ DONE ] import

[  23% ] reimport | artisan_twin_crescent_bow.glb
[   0% ] import | Started Import Scene (104 steps)
[   0% ] import | Importing Scene...
[   1% ] import | Running Custom Script...
[  99% ] import | Saving...
[ DONE ] import

[  25% ] reimport | artisan_twin_fang_dagger.glb
[   0% ] import | Started Import Scene (104 steps)
[   0% ] import | Importing Scene...
[   1% ] import | Running Custom Script...
[  99% ] import | Saving...
[ DONE ] import

[  27% ] reimport | artisan_twin_petal_axe.glb
[   0% ] import | Started Import Scene (104 steps)
[   0% ] import | Importing Scene...
[   1% ] import | Running Custom Script...
[  99% ] import | Saving...
[ DONE ] import

[  29% ] reimport | ashwood_crossbow.glb
[   0% ] import | Started Import Scene (104 steps)
[   0% ] import | Importing Scene...
[   1% ] import | Running Custom Script...
[  99% ] import | Saving...
[ DONE ] import

[  31% ] reimport | crane_lever_crossbow.glb
[   0% ] import | Started Import Scene (104 steps)
[   0% ] import | Importing Scene...
[   1% ] import | Running Custom Script...
[  99% ] import | Saving...
[ DONE ] import

[  33% ] reimport | dragon_jaw_crossbow.glb
[   0% ] import | Started Import Scene (104 steps)
[   0% ] import | Importing Scene...
[   1% ] import | Running Custom Script...
[  99% ] import | Saving...
[ DONE ] import

[  35% ] reimport | frost_fork_crossbow.glb
[   0% ] import | Started Import Scene (104 steps)
[   0% ] import | Importing Scene...
[   1% ] import | Running Custom Script...
[  99% ] import | Saving...
[ DONE ] import

[  37% ] reimport | iron_boar_crossbow.glb
[   0% ] import | Started Import Scene (104 steps)
[   0% ] import | Importing Scene...
[   1% ] import | Running Custom Script...
[  99% ] import | Saving...
[ DONE ] import

[  39% ] reimport | orrery_crossbow.glb
[   0% ] import | Started Import Scene (104 steps)
[   0% ] import | Importing Scene...
[   1% ] import | Running Custom Script...
[  99% ] import | Saving...
[ DONE ] import

[  41% ] reimport | raven_wing_crossbow.glb
[   0% ] import | Started Import Scene (104 steps)
[   0% ] import | Importing Scene...
[   1% ] import | Running Custom Script...
[  99% ] import | Saving...
[ DONE ] import

[  43% ] reimport | repeater_crossbow.glb
[   0% ] import | Started Import Scene (104 steps)
[   0% ] import | Importing Scene...
[   1% ] import | Running Custom Script...
[  99% ] import | Saving...
[ DONE ] import

[  45% ] reimport | sun_dial_crossbow.glb
[   0% ] import | Started Import Scene (104 steps)
[   0% ] import | Importing Scene...
[   1% ] import | Running Custom Script...
[  99% ] import | Saving...
[ DONE ] import

[  47% ] reimport | twin_rail_crossbow.glb
[   0% ] import | Started Import Scene (104 steps)
[   0% ] import | Importing Scene...
[   1% ] import | Running Custom Script...
[  99% ] import | Saving...
[ DONE ] import

[  49% ] reimport | artisan_anchor_beard_axe.glb
[   0% ] import | Started Import Scene (104 steps)
[   0% ] import | Importing Scene...
[   1% ] import | Running Custom Script...
[  99% ] import | Saving...
[ DONE ] import

[  50% ] reimport | artisan_antler_crown_bow.glb
[   0% ] import | Started Import Scene (104 steps)
[   0% ] import | Importing Scene...
[   1% ] import | Running Custom Script...
[  99% ] import | Saving...
[ DONE ] import

[  52% ] reimport | artisan_astral_ring_sword.glb
[   0% ] import | Started Import Scene (104 steps)
[   0% ] import | Importing Scene...
[   1% ] import | Running Custom Script...
[  99% ] import | Saving...
[ DONE ] import

[  54% ] reimport | artisan_boar_cleaver_axe.glb
[   0% ] import | Started Import Scene (104 steps)
[   0% ] import | Importing Scene...
[   1% ] import | Running Custom Script...
[  99% ] import | Saving...
[ DONE ] import

[  56% ] reimport | artisan_clockwork_cam_bow.glb
[   0% ] import | Started Import Scene (104 steps)
[   0% ] import | Importing Scene...
[   1% ] import | Running Custom Script...
[  99% ] import | Saving...
[ DONE ] import

[  58% ] reimport | artisan_copperleaf_sword.glb
[   0% ] import | Started Import Scene (104 steps)
[   0% ] import | Importing Scene...
[   1% ] import | Running Custom Script...
[  99% ] import | Saving...
[ DONE ] import

[  60% ] reimport | artisan_crescent_fang_dagger.glb
[   0% ] import | Started Import Scene (104 steps)
[   0% ] import | Importing Scene...
[   1% ] import | Running Custom Script...
[  99% ] import | Saving...
[ DONE ] import

[  62% ] reimport | artisan_crescent_moon_axe.glb
[   0% ] import | Started Import Scene (104 steps)
[   0% ] import | Importing Scene...
[   1% ] import | Running Custom Script...
[  99% ] import | Saving...
[ DONE ] import

[  64% ] reimport | artisan_crystal_spire_bow.glb
[   0% ] import | Started Import Scene (104 steps)
[   0% ] import | Importing Scene...
[   1% ] import | Running Custom Script...
[  99% ] import | Saving...
[ DONE ] import

[  66% ] reimport | artisan_dragon_rib_bow.glb
[   0% ] import | Started Import Scene (104 steps)
[   0% ] import | Importing Scene...
[   1% ] import | Running Custom Script...
[  99% ] import | Saving...
[ DONE ] import

[  68% ] reimport | artisan_dragon_talon_axe.glb
[   0% ] import | Started Import Scene (104 steps)
[   0% ] import | Importing Scene...
[   1% ] import | Running Custom Script...
[  99% ] import | Saving...
[ DONE ] import

[  70% ] reimport | artisan_dragon_tooth_sword.glb
[   0% ] import | Started Import Scene (104 steps)
[   0% ] import | Importing Scene...
[   1% ] import | Running Custom Script...
[  99% ] import | Saving...
[ DONE ] import

[  72% ] reimport | artisan_flame_ribbon_sword.glb
[   0% ] import | Started Import Scene (104 steps)
[   0% ] import | Importing Scene...
[   1% ] import | Running Custom Script...
[  99% ] import | Saving...
[ DONE ] import

[  74% ] reimport | artisan_frost_pick_axe.glb
[   0% ] import | Started Import Scene (104 steps)
[   0% ] import | Importing Scene...
[   1% ] import | Running Custom Script...
[  99% ] import | Saving...
[ DONE ] import

[  76% ] reimport | artisan_glass_leaf_dagger.glb
[   0% ] import | Started Import Scene (104 steps)
[   0% ] import | Importing Scene...
[   1% ] import | Running Custom Script...
[  99% ] import | Saving...
[ DONE ] import

[  78% ] reimport | artisan_gothic_window_axe.glb
[   0% ] import | Started Import Scene (104 steps)
[   0% ] import | Importing Scene...
[   1% ] import | Running Custom Script...
[  99% ] import | Saving...
[ DONE ] import

[  80% ] reimport | artisan_gull_hook_dagger.glb
[   0% ] import | Started Import Scene (104 steps)
[   0% ] import | Importing Scene...
[   1% ] import | Running Custom Script...
[  99% ] import | Saving...
[ DONE ] import

[  82% ] reimport | artisan_harbor_basket_sword.glb
[   0% ] import | Started Import Scene (104 steps)
[   0% ] import | Importing Scene...
[   1% ] import | Running Custom Script...
[  99% ] import | Saving...
[ DONE ] import

[  84% ] reimport | artisan_heron_estoc.glb
[   0% ] import | Started Import Scene (104 steps)
[   0% ] import | Importing Scene...
[   1% ] import | Running Custom Script...
[  99% ] import | Saving...
[ DONE ] import

[  86% ] reimport | artisan_heron_wing_bow.glb
[   0% ] import | Started Import Scene (104 steps)
[   0% ] import | Importing Scene...
[   1% ] import | Running Custom Script...
[  99% ] import | Saving...
[ DONE ] import

[  88% ] reimport | artisan_ironleaf_bow.glb
[   0% ] import | Started Import Scene (104 steps)
[   0% ] import | Importing Scene...
[   1% ] import | Running Custom Script...
[  99% ] import | Saving...
[ DONE ] import

[  90% ] reimport | artisan_moon_hook_sword.glb
[   0% ] import | Started Import Scene (104 steps)
[   0% ] import | Importing Scene...
[   1% ] import | Running Custom Script...
[  99% ] import | Saving...
[ DONE ] import

[  92% ] reimport | artisan_orchid_fan_dagger.glb
[   0% ] import | Started Import Scene (104 steps)
[   0% ] import | Importing Scene...
[   1% ] import | Running Custom Script...
[  99% ] import | Saving...
[ DONE ] import

[  94% ] reimport | artisan_prism_greatblade.glb
[   0% ] import | Started Import Scene (104 steps)
[   0% ] import | Importing Scene...
[   1% ] import | Running Custom Script...
[  99% ] import | Saving...
[ DONE ] import

[  96% ] reimport | artisan_raven_beak_axe.glb
[   0% ] import | Started Import Scene (104 steps)
[   0% ] import | Importing Scene...
[   1% ] import | Running Custom Script...
[  99% ] import | Saving...
[ DONE ] import

[  98% ] reimport | Finalizing Asset Import...
[ DONE ] reimport

[   0% ] reimport | Started (Re)Importing Assets (50 steps)
[   0% ] reimport | Executing post-reimport operations...
[ DONE ] reimport

[   0% ] loading_editor_layout | Started Loading editor (5 steps)
[   0% ] loading_editor_layout | Loading editor layout...
[  16% ] loading_editor_layout | Loading docks...
[  33% ] loading_editor_layout | Reopening scenes...
[  50% ] loading_editor_layout | Loading central editor layout...
[  66% ] loading_editor_layout | Loading plugin window layout...
[  83% ] loading_editor_layout | Editor layout ready.
[ DONE ] loading_editor_layout

