Godot Engine v4.7.2.stable.official.ed1daf0bf - https://godotengine.org

[PASS] test_progression.gd — 7 tests, 51 checks, 0 failures (12.2 ms)
[PASS] test_shops_dialogue.gd — 10 tests, 1175 checks, 0 failures (1127.2 ms)
[PASS] test_skills.gd — 11 tests, 3515 checks, 0 failures (47667.8 ms)
[PASS] test_stats.gd — 8 tests, 159 checks, 0 failures (22.6 ms)
[PASS] test_status.gd — 8 tests, 24 checks, 0 failures (107.4 ms)
[PASS] test_team_loot.gd — 3 tests, 21667 checks, 0 failures (29725.1 ms)
[PASS] test_tempos.gd — 16 tests, 3538 checks, 0 failures (22975.6 ms)
WARNING: Navigation region synchronization had 80 edge error(s).
More than 2 edges tried to occupy the same map rasterization space.
This causes a logical error in the navigation mesh geometry and is commonly caused by overlap or too densely placed edges.
Consider baking with a higher 'cell_size', greater geometry margin, and less detailed bake objects to cause fewer edges.
Consider lowering the 'navigation/3d/merge_rasterizer_cell_scale' in the project settings.
This warning can be toggled under 'navigation/3d/warnings/navmesh_edge_merge_errors' in the project settings.
   at: _build_step_find_edge_connection_pairs (modules/navigation_3d/3d/nav_region_builder_3d.cpp:219)
   GDScript backtrace (most recent call first):
       [0] bake_navigation (res://src/world/map_builder.gd:87)
       [1] test_both_bridges_walkable_in_both_directions (res://tests/unit/test_westreach_bridges.gd:16)
       [2] _run (res://tests/run_tests.gd:43)
       [3] test_every_skill_works_live (res://tests/unit/test_tempos.gd:646)
       [4] _until (res://tests/unit/test_tempos.gd:96)
[PASS] test_westreach_bridges.gd — 1 tests, 14 checks, 0 failures (58393.1 ms)
TOTAL: 30143 checks, 0 failures
