Godot Engine v4.7.2.stable.official.ed1daf0bf - https://godotengine.org
OpenGL API 3.3.0 NVIDIA 596.36 - Compatibility - Using Device: NVIDIA - NVIDIA GeForce RTX 4060

WARNING: Screen-space AA is only available when using the Forward+ or Mobile renderer.
   at: viewport_set_screen_space_aa (servers/rendering/renderer_viewport.cpp:1435)
WARNING: Navigation region synchronization had 2 edge error(s).
More than 2 edges tried to occupy the same map rasterization space.
This causes a logical error in the navigation mesh geometry and is commonly caused by overlap or too densely placed edges.
Consider baking with a higher 'cell_size', greater geometry margin, and less detailed bake objects to cause fewer edges.
Consider lowering the 'navigation/3d/merge_rasterizer_cell_scale' in the project settings.
This warning can be toggled under 'navigation/3d/warnings/navmesh_edge_merge_errors' in the project settings.
   at: _build_step_find_edge_connection_pairs (modules/navigation_3d/3d/nav_region_builder_3d.cpp:219)
   GDScript backtrace (most recent call first):
       [0] bake_navigation (res://src/world/map_builder.gd:89)
       [1] load_map (res://src/autoload/game.gd:251)
       [2] _begin_session (res://src/autoload/game.gd:146)
PERF {"cpu_render":{"avg":3.47,"median":3.42,"p95":5.09,"samples":900},"draws":{"avg":337.12,"median":344.0,"p95":348.0,"samples":900},"frame":{"avg":7.01,"max":25.53,"median":6.8,"p95":10.86,"p99":12.82,"samples":900},"gpu":{"avg":3.38,"median":3.26,"p95":4.36,"samples":900},"lights":{"avg":6.0,"median":6.0,"p95":6.0,"samples":900},"objects":{"avg":770.18,"median":774.0,"p95":825.0,"samples":900},"prims":{"avg":76383.17,"median":81957.0,"p95":86697.0,"samples":900},"script":{"avg":31.48,"median":26.31,"p95":77.54,"samples":900}} renderer=gl_compatibility lite=true map=zr_barrens lights_in_map=43 vmem=292.3
ERROR: 1 RID allocations of type 'N5GLES37TextureE' were leaked at exit.
ERROR: Texture with GL ID of 72: leaked 12280 bytes.
   at: ~Utilities (drivers/gles3/storage/utilities.cpp:82)
ERROR: Texture with GL ID of 422: leaked 21844 bytes.
   at: ~Utilities (drivers/gles3/storage/utilities.cpp:82)
ERROR: Texture with GL ID of 423: leaked 21844 bytes.
   at: ~Utilities (drivers/gles3/storage/utilities.cpp:82)
ERROR: Parameter "RenderingServer::get_singleton()" is null.
   at: ~CompressedTexture2D (scene/resources/compressed_texture.cpp:464)
