Godot Engine v4.7.2.stable.official.ed1daf0bf - https://godotengine.org
OpenGL API 3.3.0 NVIDIA 596.36 - Compatibility - Using Device: NVIDIA - NVIDIA GeForce RTX 4060

WARNING: Screen-space AA is only available when using the Forward+ or Mobile renderer.
   at: viewport_set_screen_space_aa (servers/rendering/renderer_viewport.cpp:1435)
STRESS {"avg":59.68,"max":96.89,"median":58.76,"p95":72.49,"p99":83.45,"samples":300} gpu={"avg":18.59,"median":17.94,"p95":21.73,"samples":300} process={"avg":44.33,"median":41.81,"p95":74.05,"samples":300} physics={"avg":16.62,"median":15.05,"p95":23.85,"samples":300} nav={"avg":0.01,"median":0.01,"p95":0.01,"samples":300} engaged=51 map=ruined_forest lite=true
ERROR: 1 RID allocations of type 'N5GLES37TextureE' were leaked at exit.
ERROR: Texture with GL ID of 72: leaked 12280 bytes.
   at: ~Utilities (drivers/gles3/storage/utilities.cpp:82)
ERROR: Texture with GL ID of 450: leaked 21844 bytes.
   at: ~Utilities (drivers/gles3/storage/utilities.cpp:82)
ERROR: Texture with GL ID of 451: leaked 21844 bytes.
   at: ~Utilities (drivers/gles3/storage/utilities.cpp:82)
ERROR: Parameter "RenderingServer::get_singleton()" is null.
   at: ~CompressedTexture2D (scene/resources/compressed_texture.cpp:464)
WARNING: 36 ObjectDB instances were leaked at exit (run with `--verbose` for details).
   at: cleanup (core/object/object.cpp:2536)
ERROR: 4 resources still in use at exit (run with --verbose for details).
   at: clear (core/io/resource.cpp:822)
ERROR: Pages in use exist at exit in PagedAllocator: N12VariantPools12BucketMediumE
   at: ~PagedAllocator (./core/templates/paged_allocator.h:170)
