Godot Engine v4.7.2.stable.official.ed1daf0bf - https://godotengine.org
OpenGL API 3.3.0 NVIDIA 596.36 - Compatibility - Using Device: NVIDIA - NVIDIA GeForce RTX 4060

WARNING: Screen-space AA is only available when using the Forward+ or Mobile renderer.
   at: viewport_set_screen_space_aa (servers/rendering/renderer_viewport.cpp:1435)
STRESS {"avg":74.18,"max":279.3,"median":72.73,"p95":89.4,"p99":101.34,"samples":300} gpu={"avg":22.76,"median":22.59,"p95":25.64,"samples":300} process={"avg":49.6,"median":48.98,"p95":71.14,"samples":300} physics={"avg":17.98,"median":18.02,"p95":24.71,"samples":300} nav={"avg":0.01,"median":0.01,"p95":0.02,"samples":300} engaged=56 map=ruined_forest lite=true
ERROR: 1 RID allocations of type 'N5GLES37TextureE' were leaked at exit.
ERROR: Texture with GL ID of 72: leaked 12280 bytes.
   at: ~Utilities (drivers/gles3/storage/utilities.cpp:82)
ERROR: Texture with GL ID of 450: leaked 21844 bytes.
   at: ~Utilities (drivers/gles3/storage/utilities.cpp:82)
ERROR: Texture with GL ID of 451: leaked 21844 bytes.
   at: ~Utilities (drivers/gles3/storage/utilities.cpp:82)
ERROR: Parameter "RenderingServer::get_singleton()" is null.
   at: ~CompressedTexture2D (scene/resources/compressed_texture.cpp:464)
WARNING: 38 ObjectDB instances were leaked at exit (run with `--verbose` for details).
   at: cleanup (core/object/object.cpp:2536)
ERROR: 4 resources still in use at exit (run with --verbose for details).
   at: clear (core/io/resource.cpp:822)
ERROR: Pages in use exist at exit in PagedAllocator: N12VariantPools12BucketMediumE
   at: ~PagedAllocator (./core/templates/paged_allocator.h:170)
