Godot Engine v4.7.2.stable.official.ed1daf0bf - https://godotengine.org
OpenGL API 3.3.0 NVIDIA 596.36 - Compatibility - Using Device: NVIDIA - NVIDIA GeForce RTX 4060

WARNING: Screen-space AA is only available when using the Forward+ or Mobile renderer.
   at: viewport_set_screen_space_aa (servers/rendering/renderer_viewport.cpp:1435)
STRESS {"avg":66.33,"max":155.33,"median":64.44,"p95":85.76,"p99":96.25,"samples":300} gpu={"avg":21.08,"median":20.71,"p95":24.67,"samples":300} process={"avg":51.67,"median":45.98,"p95":128.19,"samples":300} physics={"avg":17.58,"median":15.17,"p95":41.98,"samples":300} nav={"avg":0.01,"median":0.01,"p95":0.02,"samples":300} engaged=52 map=ruined_forest lite=true
ERROR: 1 RID allocations of type 'N5GLES37TextureE' were leaked at exit.
ERROR: Texture with GL ID of 72: leaked 12280 bytes.
   at: ~Utilities (drivers/gles3/storage/utilities.cpp:82)
ERROR: Texture with GL ID of 450: leaked 21844 bytes.
   at: ~Utilities (drivers/gles3/storage/utilities.cpp:82)
ERROR: Texture with GL ID of 451: leaked 21844 bytes.
   at: ~Utilities (drivers/gles3/storage/utilities.cpp:82)
ERROR: Parameter "RenderingServer::get_singleton()" is null.
   at: ~CompressedTexture2D (scene/resources/compressed_texture.cpp:464)
WARNING: 46 ObjectDB instances were leaked at exit (run with `--verbose` for details).
   at: cleanup (core/object/object.cpp:2536)
ERROR: 4 resources still in use at exit (run with --verbose for details).
   at: clear (core/io/resource.cpp:822)
ERROR: Pages in use exist at exit in PagedAllocator: N12VariantPools12BucketMediumE
   at: ~PagedAllocator (./core/templates/paged_allocator.h:170)
