Godot Engine v4.7.2.stable.official.ed1daf0bf - https://godotengine.org
Vulkan 1.4.329 - Forward+ - Using Device #0: NVIDIA - NVIDIA GeForce RTX 4060

WARNING: Adding 'ring_a' as child to '@Node3D@2693' will make owner 'armillary_sphere_116' inconsistent. Consider unsetting the owner beforehand.
   at: add_child (scene/main/node.cpp:1728)
   GDScript backtrace (most recent call first):
       [0] _light_and_dress (res://src/world/maps/dungeon.gd:613)
       [1] compose (res://src/world/maps/dungeon.gd:96)
       [2] build (res://src/world/map_builder.gd:62)
       [3] build_map (res://src/autoload/game.gd:228)
       [4] load_map (res://src/autoload/game.gd:233)
       [5] _begin_session (res://src/autoload/game.gd:146)
WARNING: Adding 'ring_b' as child to '@Node3D@2694' will make owner 'armillary_sphere_116' inconsistent. Consider unsetting the owner beforehand.
   at: add_child (scene/main/node.cpp:1728)
   GDScript backtrace (most recent call first):
       [0] _light_and_dress (res://src/world/maps/dungeon.gd:613)
       [1] compose (res://src/world/maps/dungeon.gd:96)
       [2] build (res://src/world/map_builder.gd:62)
       [3] build_map (res://src/autoload/game.gd:228)
       [4] load_map (res://src/autoload/game.gd:233)
       [5] _begin_session (res://src/autoload/game.gd:146)
WARNING: Adding 'ring_c' as child to '@Node3D@2695' will make owner 'armillary_sphere_116' inconsistent. Consider unsetting the owner beforehand.
   at: add_child (scene/main/node.cpp:1728)
   GDScript backtrace (most recent call first):
       [0] _light_and_dress (res://src/world/maps/dungeon.gd:613)
       [1] compose (res://src/world/maps/dungeon.gd:96)
       [2] build (res://src/world/map_builder.gd:62)
       [3] build_map (res://src/autoload/game.gd:228)
       [4] load_map (res://src/autoload/game.gd:233)
       [5] _begin_session (res://src/autoload/game.gd:146)
PERF {"cpu_render":{"avg":1.04,"median":0.97,"p95":1.72,"samples":900},"draws":{"avg":376.9,"median":335.0,"p95":483.0,"samples":900},"frame":{"avg":5.37,"max":14.57,"median":4.92,"p95":9.42,"p99":11.69,"samples":900},"gpu":{"avg":1.15,"median":1.08,"p95":1.78,"samples":900},"lights":{"avg":73.0,"median":73.0,"p95":73.0,"samples":900},"objects":{"avg":988.65,"median":953.0,"p95":1275.0,"samples":900},"prims":{"avg":241043.17,"median":192236.0,"p95":353022.0,"samples":900},"script":{"avg":21.26,"median":17.26,"p95":40.74,"samples":900}} renderer=forward_plus lite=false map=dg_orrery_2 lights_in_map=65 vmem=367.5
ERROR: 1 RID allocations of type 'N10RendererRD14TextureStorage7TextureE' were leaked at exit.
ERROR: Parameter "RenderingServer::get_singleton()" is null.
   at: ~CompressedTexture2D (scene/resources/compressed_texture.cpp:464)
WARNING: 2 RIDs of type "Texture" were leaked.
   at: finalize (servers/rendering/rendering_device.cpp:8900)
