Godot Engine v4.7.2.stable.official.ed1daf0bf - https://godotengine.org
Vulkan 1.4.329 - Forward+ - Using Device #0: NVIDIA - NVIDIA GeForce RTX 4060

WARNING: Adding 'ring_a' as child to '@Node3D@2693' will make owner 'armillary_sphere_116' inconsistent. Consider unsetting the owner beforehand.
   at: add_child (scene/main/node.cpp:1728)
   GDScript backtrace (most recent call first):
       [0] _light_and_dress (res://src/world/maps/dungeon.gd:613)
       [1] compose (res://src/world/maps/dungeon.gd:96)
       [2] build (res://src/world/map_builder.gd:62)
       [3] build_map (res://src/autoload/game.gd:228)
       [4] load_map (res://src/autoload/game.gd:233)
       [5] _begin_session (res://src/autoload/game.gd:146)
WARNING: Adding 'ring_b' as child to '@Node3D@2694' will make owner 'armillary_sphere_116' inconsistent. Consider unsetting the owner beforehand.
   at: add_child (scene/main/node.cpp:1728)
   GDScript backtrace (most recent call first):
       [0] _light_and_dress (res://src/world/maps/dungeon.gd:613)
       [1] compose (res://src/world/maps/dungeon.gd:96)
       [2] build (res://src/world/map_builder.gd:62)
       [3] build_map (res://src/autoload/game.gd:228)
       [4] load_map (res://src/autoload/game.gd:233)
       [5] _begin_session (res://src/autoload/game.gd:146)
WARNING: Adding 'ring_c' as child to '@Node3D@2695' will make owner 'armillary_sphere_116' inconsistent. Consider unsetting the owner beforehand.
   at: add_child (scene/main/node.cpp:1728)
   GDScript backtrace (most recent call first):
       [0] _light_and_dress (res://src/world/maps/dungeon.gd:613)
       [1] compose (res://src/world/maps/dungeon.gd:96)
       [2] build (res://src/world/map_builder.gd:62)
       [3] build_map (res://src/autoload/game.gd:228)
       [4] load_map (res://src/autoload/game.gd:233)
       [5] _begin_session (res://src/autoload/game.gd:146)
PERF {"cpu_render":{"avg":1.15,"median":1.1,"p95":1.85,"samples":900},"draws":{"avg":386.19,"median":335.0,"p95":521.0,"samples":900},"frame":{"avg":6.06,"max":20.87,"median":5.5,"p95":10.57,"p99":12.8,"samples":900},"gpu":{"avg":1.43,"median":1.49,"p95":2.18,"samples":900},"lights":{"avg":73.33,"median":73.0,"p95":74.0,"samples":900},"objects":{"avg":993.17,"median":963.0,"p95":1309.0,"samples":900},"prims":{"avg":254384.26,"median":198444.0,"p95":388894.0,"samples":900},"script":{"avg":23.74,"median":16.49,"p95":45.29,"samples":900}} renderer=forward_plus lite=false map=dg_orrery_2 lights_in_map=65 vmem=367.3
ERROR: 1 RID allocations of type 'N10RendererRD14TextureStorage7TextureE' were leaked at exit.
ERROR: Parameter "RenderingServer::get_singleton()" is null.
   at: ~CompressedTexture2D (scene/resources/compressed_texture.cpp:464)
WARNING: 2 RIDs of type "Texture" were leaked.
   at: finalize (servers/rendering/rendering_device.cpp:8900)
WARNING: 3 ObjectDB instances were leaked at exit (run with `--verbose` for details).
   at: cleanup (core/object/object.cpp:2536)
ERROR: 1 resources still in use at exit (run with --verbose for details).
   at: clear (core/io/resource.cpp:822)
