Godot Engine v4.7.2.stable.official.ed1daf0bf - https://godotengine.org
Vulkan 1.4.329 - Forward+ - Using Device #0: NVIDIA - NVIDIA GeForce RTX 4060

WARNING: Adding 'ring_a' as child to '@Node3D@2693' will make owner 'armillary_sphere_116' inconsistent. Consider unsetting the owner beforehand.
   at: add_child (scene/main/node.cpp:1728)
   GDScript backtrace (most recent call first):
       [0] _light_and_dress (res://src/world/maps/dungeon.gd:613)
       [1] compose (res://src/world/maps/dungeon.gd:96)
       [2] build (res://src/world/map_builder.gd:62)
       [3] build_map (res://src/autoload/game.gd:228)
       [4] load_map (res://src/autoload/game.gd:233)
       [5] _begin_session (res://src/autoload/game.gd:146)
WARNING: Adding 'ring_b' as child to '@Node3D@2694' will make owner 'armillary_sphere_116' inconsistent. Consider unsetting the owner beforehand.
   at: add_child (scene/main/node.cpp:1728)
   GDScript backtrace (most recent call first):
       [0] _light_and_dress (res://src/world/maps/dungeon.gd:613)
       [1] compose (res://src/world/maps/dungeon.gd:96)
       [2] build (res://src/world/map_builder.gd:62)
       [3] build_map (res://src/autoload/game.gd:228)
       [4] load_map (res://src/autoload/game.gd:233)
       [5] _begin_session (res://src/autoload/game.gd:146)
WARNING: Adding 'ring_c' as child to '@Node3D@2695' will make owner 'armillary_sphere_116' inconsistent. Consider unsetting the owner beforehand.
   at: add_child (scene/main/node.cpp:1728)
   GDScript backtrace (most recent call first):
       [0] _light_and_dress (res://src/world/maps/dungeon.gd:613)
       [1] compose (res://src/world/maps/dungeon.gd:96)
       [2] build (res://src/world/map_builder.gd:62)
       [3] build_map (res://src/autoload/game.gd:228)
       [4] load_map (res://src/autoload/game.gd:233)
       [5] _begin_session (res://src/autoload/game.gd:146)
PERF {"cpu_render":{"avg":1.08,"median":1.01,"p95":1.91,"samples":900},"draws":{"avg":409.05,"median":323.0,"p95":612.0,"samples":900},"frame":{"avg":5.27,"max":17.06,"median":4.67,"p95":10.22,"p99":12.5,"samples":900},"gpu":{"avg":1.25,"median":1.01,"p95":2.13,"samples":900},"lights":{"avg":73.0,"median":73.0,"p95":73.0,"samples":900},"objects":{"avg":1046.04,"median":947.0,"p95":1273.0,"samples":900},"prims":{"avg":290902.21,"median":196900.0,"p95":487478.0,"samples":900},"script":{"avg":20.21,"median":14.39,"p95":48.37,"samples":900}} renderer=forward_plus lite=false map=dg_orrery_2 lights_in_map=65 vmem=367.7
ERROR: 1 RID allocations of type 'N10RendererRD14TextureStorage7TextureE' were leaked at exit.
ERROR: Parameter "RenderingServer::get_singleton()" is null.
   at: ~CompressedTexture2D (scene/resources/compressed_texture.cpp:464)
WARNING: 2 RIDs of type "Texture" were leaked.
   at: finalize (servers/rendering/rendering_device.cpp:8900)
WARNING: 3 ObjectDB instances were leaked at exit (run with `--verbose` for details).
   at: cleanup (core/object/object.cpp:2536)
ERROR: 1 resources still in use at exit (run with --verbose for details).
   at: clear (core/io/resource.cpp:822)
