Godot Engine v4.7.2.stable.official.ed1daf0bf - https://godotengine.org
OpenGL API 3.3.0 NVIDIA 596.36 - Compatibility - Using Device: NVIDIA - NVIDIA GeForce RTX 4060

WARNING: Screen-space AA is only available when using the Forward+ or Mobile renderer.
   at: viewport_set_screen_space_aa (servers/rendering/renderer_viewport.cpp:1435)
WARNING: Adding 'ring_a' as child to '@Node3D@2690' will make owner 'armillary_sphere_113' inconsistent. Consider unsetting the owner beforehand.
   at: add_child (scene/main/node.cpp:1728)
   GDScript backtrace (most recent call first):
       [0] _light_and_dress (res://src/world/maps/dungeon.gd:613)
       [1] compose (res://src/world/maps/dungeon.gd:96)
       [2] build (res://src/world/map_builder.gd:62)
       [3] build_map (res://src/autoload/game.gd:228)
       [4] load_map (res://src/autoload/game.gd:233)
       [5] _begin_session (res://src/autoload/game.gd:146)
WARNING: Adding 'ring_b' as child to '@Node3D@2691' will make owner 'armillary_sphere_113' inconsistent. Consider unsetting the owner beforehand.
   at: add_child (scene/main/node.cpp:1728)
   GDScript backtrace (most recent call first):
       [0] _light_and_dress (res://src/world/maps/dungeon.gd:613)
       [1] compose (res://src/world/maps/dungeon.gd:96)
       [2] build (res://src/world/map_builder.gd:62)
       [3] build_map (res://src/autoload/game.gd:228)
       [4] load_map (res://src/autoload/game.gd:233)
       [5] _begin_session (res://src/autoload/game.gd:146)
WARNING: Adding 'ring_c' as child to '@Node3D@2692' will make owner 'armillary_sphere_113' inconsistent. Consider unsetting the owner beforehand.
   at: add_child (scene/main/node.cpp:1728)
   GDScript backtrace (most recent call first):
       [0] _light_and_dress (res://src/world/maps/dungeon.gd:613)
       [1] compose (res://src/world/maps/dungeon.gd:96)
       [2] build (res://src/world/map_builder.gd:62)
       [3] build_map (res://src/autoload/game.gd:228)
       [4] load_map (res://src/autoload/game.gd:233)
       [5] _begin_session (res://src/autoload/game.gd:146)
PERF {"cpu_render":{"avg":4.01,"median":3.75,"p95":6.53,"samples":900},"draws":{"avg":531.59,"median":483.0,"p95":682.0,"samples":900},"frame":{"avg":8.46,"max":32.31,"median":7.81,"p95":14.71,"p99":17.72,"samples":900},"gpu":{"avg":3.88,"median":3.47,"p95":6.09,"samples":900},"lights":{"avg":6.0,"median":6.0,"p95":6.0,"samples":900},"objects":{"avg":978.52,"median":947.0,"p95":1241.0,"samples":900},"prims":{"avg":225790.89,"median":170808.0,"p95":360044.0,"samples":900},"script":{"avg":19.09,"median":16.0,"p95":34.46,"samples":900}} renderer=gl_compatibility lite=true map=dg_orrery_2 lights_in_map=65 vmem=193.5
ERROR: 1 RID allocations of type 'N5GLES37TextureE' were leaked at exit.
ERROR: Texture with GL ID of 72: leaked 12280 bytes.
   at: ~Utilities (drivers/gles3/storage/utilities.cpp:82)
ERROR: Parameter "RenderingServer::get_singleton()" is null.
   at: ~CompressedTexture2D (scene/resources/compressed_texture.cpp:464)
WARNING: 4 ObjectDB instances were leaked at exit (run with `--verbose` for details).
   at: cleanup (core/object/object.cpp:2536)
ERROR: 1 resources still in use at exit (run with --verbose for details).
   at: clear (core/io/resource.cpp:822)
