Godot Engine v4.7.2.stable.official.ed1daf0bf - https://godotengine.org
Vulkan 1.4.329 - Forward+ - Using Device #0: NVIDIA - NVIDIA GeForce RTX 4060

WARNING: Navigation region synchronization had 2 edge error(s).
More than 2 edges tried to occupy the same map rasterization space.
This causes a logical error in the navigation mesh geometry and is commonly caused by overlap or too densely placed edges.
Consider baking with a higher 'cell_size', greater geometry margin, and less detailed bake objects to cause fewer edges.
Consider lowering the 'navigation/3d/merge_rasterizer_cell_scale' in the project settings.
This warning can be toggled under 'navigation/3d/warnings/navmesh_edge_merge_errors' in the project settings.
   at: _build_step_find_edge_connection_pairs (modules/navigation_3d/3d/nav_region_builder_3d.cpp:219)
   GDScript backtrace (most recent call first):
       [0] bake_navigation (res://src/world/map_builder.gd:89)
       [1] load_map (res://src/autoload/game.gd:251)
       [2] _begin_session (res://src/autoload/game.gd:146)
PERF {"cpu_render":{"avg":0.97,"median":0.9,"p95":1.66,"samples":900},"draws":{"avg":396.74,"median":367.0,"p95":499.0,"samples":900},"frame":{"avg":5.4,"max":77.46,"median":4.9,"p95":9.39,"p99":11.69,"samples":900},"gpu":{"avg":1.54,"median":1.46,"p95":1.91,"samples":900},"lights":{"avg":84.0,"median":84.0,"p95":85.0,"samples":900},"objects":{"avg":893.18,"median":912.0,"p95":1043.0,"samples":900},"prims":{"avg":183105.26,"median":137502.0,"p95":277297.0,"samples":900},"script":{"avg":55.24,"median":66.07,"p95":97.3,"samples":900}} renderer=forward_plus lite=false map=wyman_outpost lights_in_map=74 vmem=498.3
ERROR: 1 RID allocations of type 'N10RendererRD14TextureStorage7TextureE' were leaked at exit.
ERROR: Parameter "RenderingServer::get_singleton()" is null.
   at: ~CompressedTexture2D (scene/resources/compressed_texture.cpp:464)
WARNING: 2 RIDs of type "Texture" were leaked.
   at: finalize (servers/rendering/rendering_device.cpp:8900)
WARNING: 27 ObjectDB instances were leaked at exit (run with `--verbose` for details).
   at: cleanup (core/object/object.cpp:2536)
ERROR: 2 resources still in use at exit (run with --verbose for details).
   at: clear (core/io/resource.cpp:822)
ERROR: Pages in use exist at exit in PagedAllocator: N12VariantPools12BucketMediumE
   at: ~PagedAllocator (./core/templates/paged_allocator.h:170)
