Godot Engine v4.7.2.stable.official.ed1daf0bf - https://godotengine.org
Vulkan 1.4.329 - Forward+ - Using Device #0: NVIDIA - NVIDIA GeForce RTX 4060

WARNING: Navigation region synchronization had 2 edge error(s).
More than 2 edges tried to occupy the same map rasterization space.
This causes a logical error in the navigation mesh geometry and is commonly caused by overlap or too densely placed edges.
Consider baking with a higher 'cell_size', greater geometry margin, and less detailed bake objects to cause fewer edges.
Consider lowering the 'navigation/3d/merge_rasterizer_cell_scale' in the project settings.
This warning can be toggled under 'navigation/3d/warnings/navmesh_edge_merge_errors' in the project settings.
   at: _build_step_find_edge_connection_pairs (modules/navigation_3d/3d/nav_region_builder_3d.cpp:219)
   GDScript backtrace (most recent call first):
       [0] bake_navigation (res://src/world/map_builder.gd:89)
       [1] load_map (res://src/autoload/game.gd:251)
       [2] _begin_session (res://src/autoload/game.gd:146)
PERF {"cpu_render":{"avg":0.94,"median":0.86,"p95":1.63,"samples":900},"draws":{"avg":421.54,"median":452.0,"p95":481.0,"samples":900},"frame":{"avg":5.3,"max":94.74,"median":4.59,"p95":9.06,"p99":13.25,"samples":900},"gpu":{"avg":1.55,"median":1.57,"p95":1.76,"samples":900},"lights":{"avg":82.67,"median":83.0,"p95":83.0,"samples":900},"objects":{"avg":870.57,"median":864.0,"p95":1011.0,"samples":900},"prims":{"avg":190811.34,"median":185135.0,"p95":244135.0,"samples":900},"script":{"avg":59.75,"median":67.5,"p95":103.92,"samples":900}} renderer=forward_plus lite=false map=wyman_outpost lights_in_map=77 vmem=497.8
ERROR: 1 RID allocations of type 'N10RendererRD14TextureStorage7TextureE' were leaked at exit.
ERROR: Parameter "RenderingServer::get_singleton()" is null.
   at: ~CompressedTexture2D (scene/resources/compressed_texture.cpp:464)
WARNING: 2 RIDs of type "Texture" were leaked.
   at: finalize (servers/rendering/rendering_device.cpp:8900)
WARNING: 22 ObjectDB instances were leaked at exit (run with `--verbose` for details).
   at: cleanup (core/object/object.cpp:2536)
ERROR: 2 resources still in use at exit (run with --verbose for details).
   at: clear (core/io/resource.cpp:822)
ERROR: Pages in use exist at exit in PagedAllocator: N12VariantPools12BucketMediumE
   at: ~PagedAllocator (./core/templates/paged_allocator.h:170)
