Godot Engine v4.7.2.stable.official.ed1daf0bf - https://godotengine.org
Vulkan 1.4.329 - Forward+ - Using Device #0: NVIDIA - NVIDIA GeForce RTX 4060

TRANSCEND[join] ok   joined ()
TRANSCEND[join] ok   the host's avatar arrived
TRANSCEND[join] ok   first arrival: Royal Guard under the host's name (Level 121 Royal Guard · PC · Host)
TRANSCEND[join] ok   Royal Guard is not a master class
TRANSCEND[join] shot 01_sees_royal_guard
TRANSCEND[join] ok   advanced to Tracker
TRANSCEND[join] ok   advanced to Starstrider
TRANSCEND[join] ok   I am a Starstrider now
TRANSCEND[join] ok   equipped tc_constellation_leathers ()
TRANSCEND[join] ok   host master phase
TRANSCEND[join] ok   the host now reads Dark General (Level 121 Dark General · PC · Host)
TRANSCEND[join] ok   and is a Dark General
TRANSCEND[join] ok   the host wears the Black Dominion Plate on my screen
TRANSCEND[join] shot 02_sees_dark_general_armor
TRANSCEND[join] ok   equipped the Starfall Crossbow ()
TRANSCEND[join] ok   back home: the host's class line is right (Level 121 Dark General · PC · Host)
TRANSCEND[join] ok   back home: the host's class is right
TRANSCEND[join] ok   rejoined ()
TRANSCEND[join] ok   after reconnecting the host's class line is right
TRANSCEND[join] ok   after reconnecting the host's class is right
TRANSCEND[join] shot 03_after_reconnect
TRANSCEND[join] PASS
ERROR: 1 RID allocations of type 'N10RendererRD14TextureStorage7TextureE' were leaked at exit.
ERROR: Parameter "RenderingServer::get_singleton()" is null.
   at: ~CompressedTexture2D (scene/resources/compressed_texture.cpp:464)
WARNING: 2 RIDs of type "Texture" were leaked.
   at: finalize (servers/rendering/rendering_device.cpp:8900)
WARNING: 14 ObjectDB instances were leaked at exit (run with `--verbose` for details).
   at: cleanup (core/object/object.cpp:2536)
ERROR: 3 resources still in use at exit (run with --verbose for details).
   at: clear (core/io/resource.cpp:822)
ERROR: Pages in use exist at exit in PagedAllocator: N12VariantPools12BucketMediumE
   at: ~PagedAllocator (./core/templates/paged_allocator.h:170)
