Godot Engine v4.7.2.stable.official.ed1daf0bf - https://godotengine.org
Vulkan 1.4.329 - Forward+ - Using Device #0: NVIDIA - NVIDIA GeForce RTX 4060

TRANSCEND[host] ok   hosted ()
TRANSCEND[host] ok   the joiner's avatar arrived
TRANSCEND[host] ok   first arrival: the plain Hunter reads Hunter under the name (Level 121 Hunter · PC)
TRANSCEND[host] ok   a starting class is not a master class
TRANSCEND[host] shot 01_sees_hunter
TRANSCEND[host] ok   same session: Tracker shows (Level 121 Hunter · PC)
TRANSCEND[host] ok   a first transcendence has its colour and is not a master class
TRANSCEND[host] ok   the class line takes the Tracker colour
TRANSCEND[host] shot 02_sees_tracker
TRANSCEND[host] ok   same session: Starstrider shows (Level 121 Tracker · PC)
TRANSCEND[host] ok   and the Starstrider identity arrives
TRANSCEND[host] ok   the joiner wears the Constellation Leathers on my screen
TRANSCEND[host] shot 03_sees_starstrider_armor
TRANSCEND[host] ok   host advanced to Dark General
TRANSCEND[host] ok   equipped tc_black_dominion_plate ()
TRANSCEND[host] ok   forged claim sent
TRANSCEND[host] ok   another family's path is never shown for the joiner (ranger)
TRANSCEND[host] ok   no free-text label or colour keys survive
TRANSCEND[host] ok   the forged class never shows as a Knight class
TRANSCEND[host] ok   restored Starstrider after the real profile
TRANSCEND[host] ok   gear changed
TRANSCEND[host] ok   the avatar re-dressed after the gear change
TRANSCEND[host] ok   the class stayed through the re-dress
TRANSCEND[host] ok   the joiner went away and came back
TRANSCEND[host] ok   after the map change the class line is right (Level 121 Starstrider · PC)
TRANSCEND[host] ok   after the map change the class is back
TRANSCEND[host] ok   the joiner reconnected
TRANSCEND[host] ok   after reconnecting the class line is right (Level 121 Starstrider · PC)
TRANSCEND[host] ok   after reconnecting the class is back
TRANSCEND[host] shot 04_after_reconnect
TRANSCEND[host] PASS
ERROR: 1 RID allocations of type 'N10RendererRD14TextureStorage7TextureE' were leaked at exit.
ERROR: Parameter "RenderingServer::get_singleton()" is null.
   at: ~CompressedTexture2D (scene/resources/compressed_texture.cpp:464)
WARNING: 2 RIDs of type "Texture" were leaked.
   at: finalize (servers/rendering/rendering_device.cpp:8900)
WARNING: 8 ObjectDB instances were leaked at exit (run with `--verbose` for details).
   at: cleanup (core/object/object.cpp:2536)
ERROR: 3 resources still in use at exit (run with --verbose for details).
   at: clear (core/io/resource.cpp:822)
ERROR: Pages in use exist at exit in PagedAllocator: N12VariantPools12BucketMediumE
   at: ~PagedAllocator (./core/templates/paged_allocator.h:170)
