Godot Engine v4.7.2.stable.official.ed1daf0bf - https://godotengine.org
Vulkan 1.4.329 - Forward+ - Using Device #0: NVIDIA - NVIDIA GeForce RTX 4060

EXPLORE[join] ok   join sent ()
EXPLORE[join] ok   arrived at the host's side in the Ruined Forest on joining
EXPLORE[join] ok   sharing the host's world: no monsters of its own (0), 28 replicas
EXPLORE[join] ok   travelled to Westreach on its own
EXPLORE[join] ok   its own monsters in its own world (44)
EXPLORE[join] ok   knows the host is in the Ruined Forest
EXPLORE[join] ok   the host's party frame says where they are: 'Level 1 · in Ruined Forest'
EXPLORE[join] ok   summoned: 'Wanderer summons the party to Ruined Forest. Go to their side?'
EXPLORE[join] ok   Go carried it to the host's map
EXPLORE[join] ok   standing beside the host (1.8 m)
EXPLORE[join] ok   sharing again: no monsters of its own (0)
EXPLORE[join] ok   the host left: the forest filled with its own monsters (54)
EXPLORE[join] ok   and it did not have to move (ruined_forest)
EXPLORE[join] ok   the host came back: this machine keeps running the forest and the host shares it
EXPLORE[join] ok   summoned again
EXPLORE[join] ok   Stay: still in Westreach
EXPLORE[join] ok   after the host closed the world, still in Westreach with its own monsters (44)
EXPLORE[join] PASS
ERROR: 1 RID allocations of type 'N10RendererRD14TextureStorage7TextureE' were leaked at exit.
ERROR: Parameter "RenderingServer::get_singleton()" is null.
   at: ~CompressedTexture2D (scene/resources/compressed_texture.cpp:464)
WARNING: 2 RIDs of type "Texture" were leaked.
   at: finalize (servers/rendering/rendering_device.cpp:8900)
WARNING: 8 ObjectDB instances were leaked at exit (run with `--verbose` for details).
   at: cleanup (core/object/object.cpp:2536)
ERROR: 3 resources still in use at exit (run with --verbose for details).
   at: clear (core/io/resource.cpp:822)
ERROR: Pages in use exist at exit in PagedAllocator: N12VariantPools12BucketMediumE
   at: ~PagedAllocator (./core/templates/paged_allocator.h:170)
