Godot Engine v4.7.2.stable.official.ed1daf0bf - https://godotengine.org

GUILD[join] ok   the host's guild is in their profile
GUILD[join] ok   the host's banner picture arrived
GUILD[join] ok   the invitation arrived and was accepted
GUILD[join] ok   joined: a member of The Golden Keys
GUILD[join] ok   with the guild's banner
GUILD[join] ok   and its info
GUILD[join] ok   the Guildmaster's new passive reached us
GUILD[join] ok   and applies to us
GUILD[join] ok   the whisper arrived
GUILD[join] ok   the Showcase opened here
GUILD[join] ok   with the host's gear
GUILD[join] ok   the host's Call to Arms fighter is here, under the guild's name
GUILD[join] ok   dismissed: no longer in the guild
GUILD[join] PASS
WARNING: 10 ObjectDB instances were leaked at exit (run with `--verbose` for details).
   at: cleanup (core/object/object.cpp:2536)
ERROR: 3 resources still in use at exit (run with --verbose for details).
   at: clear (core/io/resource.cpp:822)
ERROR: Pages in use exist at exit in PagedAllocator: N12VariantPools12BucketMediumE
   at: ~PagedAllocator (./core/templates/paged_allocator.h:170)
