Godot Engine v4.7.2.stable.official.ed1daf0bf - https://godotengine.org
Vulkan 1.4.329 - Forward+ - Using Device #0: NVIDIA - NVIDIA GeForce RTX 4060

TEAM[host] PASS host opened
ERROR: Error calling deferred method: 'GDScript::enlarge': Cannot convert argument 1 from Object to Object.
   at: _call_function (core/object/message_queue.cpp:220)
ERROR: Error calling deferred method: 'GDScript::enlarge': Cannot convert argument 1 from Object to Object.
   at: _call_function (core/object/message_queue.cpp:220)
ERROR: Error calling deferred method: 'GDScript::enlarge': Cannot convert argument 1 from Object to Object.
   at: _call_function (core/object/message_queue.cpp:220)
ERROR: Error calling deferred method: 'GDScript::enlarge': Cannot convert argument 1 from Object to Object.
   at: _call_function (core/object/message_queue.cpp:220)
ERROR: Error calling deferred method: 'GDScript::enlarge': Cannot convert argument 1 from Object to Object.
   at: _call_function (core/object/message_queue.cpp:220)
ERROR: Error calling deferred method: 'GDScript::enlarge': Cannot convert argument 1 from Object to Object.
   at: _call_function (core/object/message_queue.cpp:220)
ERROR: Error calling deferred method: 'GDScript::enlarge': Cannot convert argument 1 from Object to Object.
   at: _call_function (core/object/message_queue.cpp:220)
ERROR: Error calling deferred method: 'GDScript::enlarge': Cannot convert argument 1 from Object to Object.
   at: _call_function (core/object/message_queue.cpp:220)
ERROR: Error calling deferred method: 'GDScript::enlarge': Cannot convert argument 1 from Object to Object.
   at: _call_function (core/object/message_queue.cpp:220)
ERROR: Error calling deferred method: 'GDScript::enlarge': Cannot convert argument 1 from Object to Object.
   at: _call_function (core/object/message_queue.cpp:220)
TEAM[host] PASS three players connected
TEAM[host] PASS travel on scout
TEAM[host] PASS travel on ally
TEAM[host] PASS leader remained in town
TEAM[host] PASS first explorer owns remote map
TEAM[host] PASS authority on scout
TEAM[host] PASS authority on ally
TEAM[host] PASS replicas on ally
TEAM[host] PASS prepare_kill on scout
TEAM[host] PASS kill on ally
TEAM[host] PASS dead on scout
TEAM[host] PASS kill_reward on ally
TEAM[host] PASS leader portal begins
TEAM[host] PASS leader portal changes map
TEAM[host] PASS leader arrival preserves explorer authority
TEAM[host] PASS selected member is visible after map transition
TEAM landing player=(-110.2, -1.223616, 44.0) ally=(-112.0, -1.234758, 44.0) avatar=true
TEAM[host] PASS leader lands beside selected member
TEAM[host] PASS portal cooldown blocks repeat
TEAM[host] PASS checkpoint on scout
TEAM[host] PASS travel on scout
TEAM[host] PASS leader takes over remaining map
TEAM[host] PASS handoff keeps killed enemy dead
TEAM[host] PASS replicas on ally
TEAM[host] PASS portal_interrupted on scout
TEAM[host] PASS portal on scout
TEAM[host] PASS member portal reaches leader
TEAM[host] PASS stale_packet on ally
TEAM[host] PASS portal_guards on ally
TEAM[host] PASS remember_stage on ally
TEAM[host] PASS stage_award on ally
TEAM[host] PASS travel on ally
TEAM[host] PASS bad_revive on ally
TEAM[host] PASS optional summon sent
TEAM[host] PASS stay on ally
TEAM[host] PASS travel on ally
TEAM[host] PASS rejoin on 1243100587
TEAM[host] PASS travel on scout
TEAM[host] PASS leave on scout
TEAM[host] PASS client disconnect leaves other players connected
TEAM[host] PASS remote map gets a remaining owner
TEAM[host] PASS authority on ally
TEAM[host] PASS handoff_state on ally
TEAM[host] PASS expect_shutdown on ally
ERROR: Error calling deferred method: 'GDScript::enlarge': Cannot convert argument 1 from Object to Object.
   at: _call_function (core/object/message_queue.cpp:220)
ERROR: Error calling deferred method: 'GDScript::enlarge': Cannot convert argument 1 from Object to Object.
   at: _call_function (core/object/message_queue.cpp:220)
TEAM[host] SUMMARY 28 steps, 0 failures
ERROR: 1 RID allocations of type 'N10RendererRD14TextureStorage7TextureE' were leaked at exit.
ERROR: Parameter "RenderingServer::get_singleton()" is null.
   at: ~CompressedTexture2D (scene/resources/compressed_texture.cpp:464)
WARNING: 2 RIDs of type "Texture" were leaked.
   at: finalize (servers/rendering/rendering_device.cpp:8900)
WARNING: 10 ObjectDB instances were leaked at exit (run with `--verbose` for details).
   at: cleanup (core/object/object.cpp:2536)
ERROR: 3 resources still in use at exit (run with --verbose for details).
   at: clear (core/io/resource.cpp:822)
ERROR: Pages in use exist at exit in PagedAllocator: N12VariantPools12BucketMediumE
   at: ~PagedAllocator (./core/templates/paged_allocator.h:170)
