Godot Engine v4.7.2.stable.official.ed1daf0bf - https://godotengine.org
Vulkan 1.4.329 - Forward+ - Using Device #0: NVIDIA - NVIDIA GeForce RTX 4060

TEAM[ally] PASS join requested
TEAM[ally] PASS travel
TEAM[ally] PASS authority
TEAM[ally] PASS replicas
TEAM[ally] PASS kill
TEAM[ally] PASS kill_reward
TEAM[ally] PASS replicas
TEAM[ally] PASS stale_packet
TEAM[ally] PASS portal_guards
TEAM[ally] PASS remember_stage
TEAM[ally] PASS stage_award
TEAM[ally] PASS travel
TEAM[ally] PASS bad_revive
TEAM[ally] PASS stay
TEAM[ally] PASS travel
TEAM[ally] PASS authority
TEAM[ally] PASS handoff_state
TEAM[ally] PASS host closed: playable local world
ERROR: 1 RID allocations of type 'N10RendererRD14TextureStorage7TextureE' were leaked at exit.
ERROR: Parameter "RenderingServer::get_singleton()" is null.
   at: ~CompressedTexture2D (scene/resources/compressed_texture.cpp:464)
WARNING: 2 RIDs of type "Texture" were leaked.
   at: finalize (servers/rendering/rendering_device.cpp:8900)
WARNING: 12 ObjectDB instances were leaked at exit (run with `--verbose` for details).
   at: cleanup (core/object/object.cpp:2536)
ERROR: 3 resources still in use at exit (run with --verbose for details).
   at: clear (core/io/resource.cpp:822)
ERROR: Pages in use exist at exit in PagedAllocator: N12VariantPools12BucketMediumE
   at: ~PagedAllocator (./core/templates/paged_allocator.h:170)
