Godot Engine v4.7.2.stable.official.ed1daf0bf - https://godotengine.org
Vulkan 1.4.329 - Forward+ - Using Device #0: NVIDIA - NVIDIA GeForce RTX 4060

TCO[a] ok   signed in ()
TCO[a] ok   imported a level-121 character ()
TCO[a] ok   the account card shows the starting class
TCO[a] ok   play ticket ()
TCO[a] ok   joined the official game ()
TCO[a] ok   handshake
TCO[a] ok   advanced to Royal Guard locally
TCO[a] ok   the server acknowledged the Royal Guard save
TCO[a] ACK royal_guard 1791063566617
TCO[a] ok   B joined and saw Royal Guard
TCO[a] ok   advanced to Grand Paladin locally
TCO[a] LOCAL grand_paladin 1791063574719
TCO[a] ok   the server acknowledged the Grand Paladin save
TCO[a] ACK grand_paladin 1791063574820
TCO[a] shot 01_self_grand_paladin
TCO[a] ok   B finished its map change and reconnect
TCO[a] ok   the server refused the sibling switch ()
TCO[a] ok   the refusal names the rule
TCO[a] PASS
WARNING: 8 ObjectDB instances were leaked at exit (run with `--verbose` for details).
   at: cleanup (core/object/object.cpp:2536)
ERROR: 3 resources still in use at exit (run with --verbose for details).
   at: clear (core/io/resource.cpp:822)
ERROR: Pages in use exist at exit in PagedAllocator: N12VariantPools12BucketMediumE
   at: ~PagedAllocator (./core/templates/paged_allocator.h:170)
