Godot Engine v4.7.2.stable.official.ed1daf0bf - https://godotengine.org
OpenGL API 3.3.0 NVIDIA 596.36 - Compatibility - Using Device: NVIDIA - NVIDIA GeForce RTX 4060

WARNING: Screen-space AA is only available when using the Forward+ or Mobile renderer.
   at: viewport_set_screen_space_aa (servers/rendering/renderer_viewport.cpp:1435)
SHOT 01_town_hud (1920, 864) window (1920, 864) ui_scale 1.25
SHOT 02_chat_open (1920, 864) window (1920, 864) ui_scale 1.25
SHOT 03_pause (1920, 864) window (1920, 864) ui_scale 1.25
SHOT 1_inventory (1920, 864) window (1920, 864) ui_scale 1.25
SHOT 1_character (1920, 864) window (1920, 864) ui_scale 1.25
SHOT 1_skills (1920, 864) window (1920, 864) ui_scale 1.25
SHOT 1_multiplayer (1920, 864) window (1920, 864) ui_scale 1.25
SHOT 1_settings (1920, 864) window (1920, 864) ui_scale 1.25
SHOT 1_world_map (1920, 864) window (1920, 864) ui_scale 1.25
SHOT 20_back_to_play (1920, 864) window (1920, 864) ui_scale 1.25
CAPTURE DONE
ERROR: 1 RID allocations of type 'N5GLES37TextureE' were leaked at exit.
ERROR: Texture with GL ID of 72: leaked 12280 bytes.
   at: ~Utilities (drivers/gles3/storage/utilities.cpp:82)
ERROR: Texture with GL ID of 353: leaked 21844 bytes.
   at: ~Utilities (drivers/gles3/storage/utilities.cpp:82)
ERROR: Texture with GL ID of 354: leaked 21844 bytes.
   at: ~Utilities (drivers/gles3/storage/utilities.cpp:82)
ERROR: Parameter "RenderingServer::get_singleton()" is null.
   at: ~CompressedTexture2D (scene/resources/compressed_texture.cpp:464)
