A first run per scenario is a warm-up for the disk cache and is kept in the folder but not summarised separately.
  town      pc-low  r1:    20 s
  town      mobile  r1:    19 s
  town-wide-map pc-low  r1:    22 s
  town-wide-map mobile  r1:    21 s
  forest    pc-low  r1:    21 s
  forest    mobile  r1:    22 s
  interior  pc-low  r1:    13 s
  interior  mobile  r1:    13 s
  dungeon   pc-low  r1:    19 s
  dungeon   mobile  r1:    19 s
  combat    pc-low  r1:    33 s
  combat    mobile  r1:    41 s
  combat-12 pc-low  r1:    23 s
  combat-12 mobile  r1:    20 s
  town      pc-low  r2:    18 s
  town      mobile  r2:    17 s
  town-wide-map pc-low  r2:    20 s
  town-wide-map mobile  r2:    20 s
  forest    pc-low  r2:    27 s
  forest    mobile  r2:    25 s
  interior  pc-low  r2:    15 s
  interior  mobile  r2:    14 s
  dungeon   pc-low  r2:    20 s
  dungeon   mobile  r2:    20 s
  combat    pc-low  r2:    39 s
  combat    mobile  r2:    40 s
  combat-12 pc-low  r2:    22 s
  combat-12 mobile  r2:    21 s
  town      pc-low  r3:    18 s
  town      mobile  r3:    17 s
  town-wide-map pc-low  r3:    23 s
  town-wide-map mobile  r3:    23 s
  forest    pc-low  r3:    25 s
  forest    mobile  r3:    23 s
  interior  pc-low  r3:    15 s
  interior  mobile  r3:    14 s
  dungeon   pc-low  r3:    23 s
  dungeon   mobile  r3:    21 s
  combat    pc-low  r3:    40 s
  combat    mobile  r3:    44 s
  combat-12 pc-low  r3:    23 s
  combat-12 mobile  r3:    22 s
summary: A:\Python\beyond-heroes\output\beta-20261002\perf\baseline\summary.json
exit=0
