00:05.469  render           | Saved: 'A:\Python\beyond-heroes\work\lemondev\bh-012\evidence\models_rime\renders\rime_weaver\tiles\rest_0.png'
00:05.500  render           | Saved: 'A:\Python\beyond-heroes\work\lemondev\bh-012\evidence\models_rime\renders\rime_weaver\tiles\rest_90.png'
00:05.532  render           | Saved: 'A:\Python\beyond-heroes\work\lemondev\bh-012\evidence\models_rime\renders\rime_weaver\tiles\rest_180.png'
00:05.563  render           | Saved: 'A:\Python\beyond-heroes\work\lemondev\bh-012\evidence\models_rime\renders\rime_weaver\tiles\rest_270.png'
00:05.594  render           | Saved: 'A:\Python\beyond-heroes\work\lemondev\bh-012\evidence\models_rime\renders\rime_weaver\tiles\rest_35.png'
00:05.625  render           | Saved: 'A:\Python\beyond-heroes\work\lemondev\bh-012\evidence\models_rime\renders\rime_weaver\tiles\rest_iso_100.png'
00:05.875  render           | Saved: 'A:\Python\beyond-heroes\work\lemondev\bh-012\evidence\models_rime\renders\rime_weaver\tiles\clips_idle_0.png'
00:05.891  render           | Saved: 'A:\Python\beyond-heroes\work\lemondev\bh-012\evidence\models_rime\renders\rime_weaver\tiles\clips_walk_0.png'
00:05.922  render           | Saved: 'A:\Python\beyond-heroes\work\lemondev\bh-012\evidence\models_rime\renders\rime_weaver\tiles\clips_walk_5.png'
00:05.953  render           | Saved: 'A:\Python\beyond-heroes\work\lemondev\bh-012\evidence\models_rime\renders\rime_weaver\tiles\clips_walk_10.png'
00:05.969  render           | Saved: 'A:\Python\beyond-heroes\work\lemondev\bh-012\evidence\models_rime\renders\rime_weaver\tiles\clips_run_2.png'
00:06.000  render           | Saved: 'A:\Python\beyond-heroes\work\lemondev\bh-012\evidence\models_rime\renders\rime_weaver\tiles\clips_weaver_bite_0.png'
00:06.032  render           | Saved: 'A:\Python\beyond-heroes\work\lemondev\bh-012\evidence\models_rime\renders\rime_weaver\tiles\clips_weaver_bite_7.png'
00:06.047  render           | Saved: 'A:\Python\beyond-heroes\work\lemondev\bh-012\evidence\models_rime\renders\rime_weaver\tiles\clips_weaver_bite_11.png'
00:06.078  render           | Saved: 'A:\Python\beyond-heroes\work\lemondev\bh-012\evidence\models_rime\renders\rime_weaver\tiles\clips_weaver_bite_14.png'
00:06.110  render           | Saved: 'A:\Python\beyond-heroes\work\lemondev\bh-012\evidence\models_rime\renders\rime_weaver\tiles\clips_weaver_spit_12.png'
00:06.125  render           | Saved: 'A:\Python\beyond-heroes\work\lemondev\bh-012\evidence\models_rime\renders\rime_weaver\tiles\clips_weaver_spit_16.png'
00:06.157  render           | Saved: 'A:\Python\beyond-heroes\work\lemondev\bh-012\evidence\models_rime\renders\rime_weaver\tiles\clips_weaver_spit_18.png'
00:06.188  render           | Saved: 'A:\Python\beyond-heroes\work\lemondev\bh-012\evidence\models_rime\renders\rime_weaver\tiles\clips_weaver_spit_27.png'
00:06.203  render           | Saved: 'A:\Python\beyond-heroes\work\lemondev\bh-012\evidence\models_rime\renders\rime_weaver\tiles\clips_weaver_pounce_10.png'
00:06.235  render           | Saved: 'A:\Python\beyond-heroes\work\lemondev\bh-012\evidence\models_rime\renders\rime_weaver\tiles\clips_weaver_pounce_14.png'
00:06.266  render           | Saved: 'A:\Python\beyond-heroes\work\lemondev\bh-012\evidence\models_rime\renders\rime_weaver\tiles\clips_weaver_pounce_19.png'
00:06.282  render           | Saved: 'A:\Python\beyond-heroes\work\lemondev\bh-012\evidence\models_rime\renders\rime_weaver\tiles\clips_weaver_pounce_24.png'
00:06.313  render           | Saved: 'A:\Python\beyond-heroes\work\lemondev\bh-012\evidence\models_rime\renders\rime_weaver\tiles\clips_death_20.png'
00:06.344  render           | Saved: 'A:\Python\beyond-heroes\work\lemondev\bh-012\evidence\models_rime\renders\rime_weaver\tiles\clips_death_45.png'
00:06.360  render           | Saved: 'A:\Python\beyond-heroes\work\lemondev\bh-012\evidence\models_rime\renders\rime_weaver\tiles\clips_death_back_45.png'
00:06.391  render           | Saved: 'A:\Python\beyond-heroes\work\lemondev\bh-012\evidence\models_rime\renders\rime_weaver\tiles\clips_alert_9.png'
00:06.422  render           | Saved: 'A:\Python\beyond-heroes\work\lemondev\bh-012\evidence\models_rime\renders\rime_weaver\tiles\clips_hit_heavy_4.png'
[rime_weaver] numpy-vs-Blender pose check: worst bone head/tail error 0.001 mm
[rime_weaver] mesh 5734 tris, 3125 verts, 43 bones, 15 clips
[rime_weaver] foot slip walk: max 7.23 mm/frame, mean 0.16, stance 0.55
[rime_weaver] foot slip run: max 0.00 mm/frame, mean 0.00, stance 0.38
[rime_weaver] foot slip run_combat: max 0.00 mm/frame, mean 0.00, stance 0.38
[rime_weaver] clip idle frames 90 loop True hits None gs None
[rime_weaver] clip idle_look frames 75 loop False hits None gs None
[rime_weaver] clip walk frames 20 loop True hits None gs 1.12
[rime_weaver] clip run frames 10 loop True hits None gs 3.5
[rime_weaver] clip run_combat frames 10 loop True hits None gs 3.22
[rime_weaver] clip hit_light frames 12 loop False hits None gs None
[rime_weaver] clip hit_heavy frames 18 loop False hits None gs None
[rime_weaver] clip stagger_small frames 24 loop False hits None gs None
[rime_weaver] clip knockback frames 27 loop False hits None gs None
[rime_weaver] clip death frames 45 loop False hits None gs None
[rime_weaver] clip death_back frames 45 loop False hits None gs None
[rime_weaver] clip alert frames 30 loop False hits None gs None
[rime_weaver] clip weaver_bite frames 24 loop False hits [[0.36666666666666664, 0.4666666666666667]] gs None
[rime_weaver] clip weaver_spit frames 36 loop False hits [[0.6, 0.6666666666666666]] gs None
[rime_weaver] clip weaver_pounce frames 42 loop False hits [[0.8, 0.9]] gs None
[compose] A:/Python/beyond-heroes/work/lemondev/bh-012/evidence/models_rime/renders\rime_weaver\rime_weaver_rest.png (2520, 510)
[compose] A:/Python/beyond-heroes/work/lemondev/bh-012/evidence/models_rime/renders\rime_weaver\rime_weaver_clips.png (1800, 1326)
[rime_weaver] meta merged -> A:\Python\beyond-heroes\game\assets\characters\creature_meta.json
INFO Draco is available, use library at C:\Program Files\Blender Foundation\Blender 5.2\5.2\scripts\addons_core\io_scene_gltf2\bf_intern_draco_bridge.dll
INFO MeshOptimizer is available, use library at C:\Program Files\Blender Foundation\Blender 5.2\5.2\scripts\addons_core\io_scene_gltf2\bf_intern_meshopt_bridge.dll
19:54:24 | INFO: Starting glTF 2.0 export
19:54:24 | INFO: Extracting primitive: rime_weaver
19:54:25 | INFO: Primitives created: 5
19:54:28 | INFO: Finished glTF 2.0 export in 3.1926984786987305 s

[rime_weaver] -> A:\Python\beyond-heroes\game\assets\characters\rime_weaver.glb (1.72 MB)
[rime_weaver] check_lengths: 15 animations in the GLB; mismatches: []
[rime_weaver]   idle             want  3.000s got 3
[rime_weaver]   idle_look        want  2.500s got 2.5
[rime_weaver]   walk             want  0.667s got 0.6666666666666666
[rime_weaver]   run              want  0.333s got 0.3333333333333333
[rime_weaver]   run_combat       want  0.333s got 0.3333333333333333
[rime_weaver]   hit_light        want  0.400s got 0.4
[rime_weaver]   hit_heavy        want  0.600s got 0.6
[rime_weaver]   stagger_small    want  0.800s got 0.8
[rime_weaver]   knockback        want  0.900s got 0.9
[rime_weaver]   death            want  1.500s got 1.5
[rime_weaver]   death_back       want  1.500s got 1.5
[rime_weaver]   alert            want  1.000s got 1
[rime_weaver]   weaver_bite      want  0.800s got 0.8
[rime_weaver]   weaver_spit      want  1.200s got 1.2
[rime_weaver]   weaver_pounce    want  1.400s got 1.4
Blender 5.2.1 LTS (hash 9e2066aef7ef built 2026-08-25 02:38:20)

Blender quit
