INFO Draco is available, use library at C:\Program Files\Blender Foundation\Blender 5.2\5.2\scripts\addons_core\io_scene_gltf2\bf_intern_draco_bridge.dll
INFO MeshOptimizer is available, use library at C:\Program Files\Blender Foundation\Blender 5.2\5.2\scripts\addons_core\io_scene_gltf2\bf_intern_meshopt_bridge.dll
03:56:15 | INFO: Starting glTF 2.0 export
03:56:15 | INFO: Extracting primitive: boss_dragonforge_main_weapon
03:56:15 | INFO: Primitives created: 4
03:56:15 | INFO: Finished glTF 2.0 export in 0.05907416343688965 s

03:56:15 | INFO: Starting glTF 2.0 export
03:56:15 | INFO: Extracting primitive: boss_dragonforge_sub_weapon
03:56:15 | INFO: Primitives created: 4
03:56:15 | INFO: Finished glTF 2.0 export in 0.013025522232055664 s

03:56:16 | INFO: Starting glTF 2.0 export
03:56:16 | INFO: Extracting primitive: boss_truth_of_raikuru_main_weapon
03:56:16 | INFO: Primitives created: 6
03:56:16 | INFO: Finished glTF 2.0 export in 0.016903400421142578 s

03:56:16 | INFO: Starting glTF 2.0 export
03:56:16 | INFO: Extracting primitive: boss_crimson_glory_main_weapon
03:56:16 | INFO: Primitives created: 4
03:56:16 | INFO: Finished glTF 2.0 export in 0.010634899139404297 s

03:56:16 | INFO: Starting glTF 2.0 export
03:56:16 | INFO: Extracting primitive: boss_crimson_glory_sub_weapon
03:56:16 | INFO: Primitives created: 4
03:56:16 | INFO: Finished glTF 2.0 export in 0.012655496597290039 s

03:56:16 | INFO: Starting glTF 2.0 export
03:56:16 | INFO: Extracting primitive: boss_grievance_of_the_fairy_main_weapon
03:56:16 | INFO: Primitives created: 5
03:56:16 | INFO: Finished glTF 2.0 export in 0.02063441276550293 s

03:56:16 | INFO: Starting glTF 2.0 export
03:56:16 | INFO: Extracting primitive: boss_wailing_mistress_main_weapon
03:56:16 | INFO: Primitives created: 4
03:56:16 | INFO: Finished glTF 2.0 export in 0.011701107025146484 s

03:56:16 | INFO: Starting glTF 2.0 export
03:56:16 | INFO: Extracting primitive: boss_winter_court_main_weapon
03:56:16 | INFO: Primitives created: 5
03:56:16 | INFO: Finished glTF 2.0 export in 0.011846303939819336 s

03:56:16 | INFO: Starting glTF 2.0 export
03:56:16 | INFO: Extracting primitive: boss_winter_court_sub_weapon
03:56:16 | INFO: Primitives created: 4
03:56:16 | INFO: Finished glTF 2.0 export in 0.012751102447509766 s

03:56:16 | INFO: Starting glTF 2.0 export
03:56:16 | INFO: Extracting primitive: boss_sunken_crown_main_weapon
03:56:16 | INFO: Primitives created: 4
03:56:16 | INFO: Finished glTF 2.0 export in 0.012640237808227539 s

03:56:16 | INFO: Starting glTF 2.0 export
03:56:16 | INFO: Extracting primitive: boss_thunder_abbot_main_weapon
03:56:16 | INFO: Primitives created: 4
03:56:16 | INFO: Finished glTF 2.0 export in 0.01751399040222168 s

03:56:16 | INFO: Starting glTF 2.0 export
03:56:16 | INFO: Extracting primitive: boss_ashfall_pilgrim_main_weapon
03:56:16 | INFO: Primitives created: 4
03:56:16 | INFO: Finished glTF 2.0 export in 0.010591745376586914 s

03:56:17 | INFO: Starting glTF 2.0 export
03:56:17 | INFO: Extracting primitive: boss_ashfall_pilgrim_sub_weapon
03:56:17 | INFO: Primitives created: 4
03:56:17 | INFO: Finished glTF 2.0 export in 0.018180131912231445 s

03:56:17 | INFO: Starting glTF 2.0 export
03:56:17 | INFO: Extracting primitive: boss_starfall_hunter_main_weapon
03:56:17 | INFO: Primitives created: 6
03:56:17 | INFO: Finished glTF 2.0 export in 0.020633935928344727 s

03:56:17 | INFO: Starting glTF 2.0 export
03:56:17 | INFO: Extracting primitive: boss_gale_nomad_main_weapon
03:56:17 | INFO: Primitives created: 6
03:56:17 | INFO: Finished glTF 2.0 export in 0.023042678833007812 s

03:56:17 | INFO: Starting glTF 2.0 export
03:56:17 | INFO: Extracting primitive: boss_obsidian_oath_main_weapon
03:56:17 | INFO: Primitives created: 4
03:56:17 | INFO: Finished glTF 2.0 export in 0.011409997940063477 s

03:56:17 | INFO: Starting glTF 2.0 export
03:56:17 | INFO: Extracting primitive: boss_pale_requiem_main_weapon
03:56:17 | INFO: Primitives created: 4
03:56:17 | INFO: Finished glTF 2.0 export in 0.01556706428527832 s

03:56:17 | INFO: Starting glTF 2.0 export
03:56:17 | INFO: Extracting primitive: boss_pale_requiem_sub_weapon
03:56:17 | INFO: Primitives created: 4
03:56:17 | INFO: Finished glTF 2.0 export in 0.021997928619384766 s

03:56:17 | INFO: Starting glTF 2.0 export
03:56:17 | INFO: Extracting primitive: boss_serpent_veil_main_weapon
03:56:17 | INFO: Primitives created: 4
03:56:17 | INFO: Finished glTF 2.0 export in 0.07443547248840332 s

03:56:17 | INFO: Starting glTF 2.0 export
03:56:17 | INFO: Extracting primitive: boss_serpent_veil_sub_weapon
03:56:17 | INFO: Primitives created: 4
03:56:17 | INFO: Finished glTF 2.0 export in 0.017694711685180664 s

03:56:18 | INFO: Starting glTF 2.0 export
03:56:18 | INFO: Extracting primitive: boss_eclipse_dancer_main_weapon
03:56:18 | INFO: Primitives created: 4
03:56:18 | INFO: Finished glTF 2.0 export in 0.011519193649291992 s

03:56:18 | INFO: Starting glTF 2.0 export
03:56:18 | INFO: Extracting primitive: boss_eclipse_dancer_sub_weapon
03:56:18 | INFO: Primitives created: 4
03:56:18 | INFO: Finished glTF 2.0 export in 0.016532182693481445 s

BOSS_SIGNATURE_WEAPONS_DONE 22
Blender 5.2.1 LTS (hash 9e2066aef7ef built 2026-08-25 02:38:20)

Blender quit
