INFO Draco is available, use library at C:\Program Files\Blender Foundation\Blender 5.2\5.2\scripts\addons_core\io_scene_gltf2\bf_intern_draco_bridge.dll
INFO MeshOptimizer is available, use library at C:\Program Files\Blender Foundation\Blender 5.2\5.2\scripts\addons_core\io_scene_gltf2\bf_intern_meshopt_bridge.dll
03:44:56 | INFO: Starting glTF 2.0 export
03:44:56 | INFO: Extracting primitive: hunters_bow
03:44:56 | INFO: Primitives created: 7
03:44:56 | INFO: Finished glTF 2.0 export in 0.07140111923217773 s

[item] hunters_bow                    3940 tris  size 0.476 x 0.064 x 1.449
03:44:56 | INFO: Starting glTF 2.0 export
03:44:56 | INFO: Extracting primitive: composite_bow
03:44:56 | INFO: Primitives created: 6
03:44:56 | INFO: Finished glTF 2.0 export in 0.027060985565185547 s

[item] composite_bow                  3616 tris  size 0.427 x 0.064 x 1.340
03:44:56 | INFO: Starting glTF 2.0 export
03:44:56 | INFO: Extracting primitive: warden_longbow
03:44:56 | INFO: Primitives created: 8
03:44:56 | INFO: Finished glTF 2.0 export in 0.025331735610961914 s

[item] warden_longbow                 3944 tris  size 0.460 x 0.064 x 1.182
03:44:57 | INFO: Starting glTF 2.0 export
03:44:57 | INFO: Extracting primitive: shortbow
03:44:57 | INFO: Primitives created: 8
03:44:57 | INFO: Finished glTF 2.0 export in 0.03120279312133789 s

[item] shortbow                       4084 tris  size 0.425 x 0.064 x 1.339
03:44:57 | INFO: Starting glTF 2.0 export
03:44:57 | INFO: Extracting primitive: recurve_bow
03:44:57 | INFO: Primitives created: 7
03:44:57 | INFO: Finished glTF 2.0 export in 0.0186922550201416 s

[item] recurve_bow                    3940 tris  size 0.476 x 0.064 x 1.497
03:44:57 | INFO: Starting glTF 2.0 export
03:44:57 | INFO: Extracting primitive: hornbow
03:44:57 | INFO: Primitives created: 6
03:44:57 | INFO: Finished glTF 2.0 export in 0.0249178409576416 s

[item] hornbow                        4108 tris  size 0.509 x 0.064 x 1.206
03:44:57 | INFO: Starting glTF 2.0 export
03:44:57 | INFO: Extracting primitive: siege_greatbow
03:44:57 | INFO: Primitives created: 7
03:44:57 | INFO: Finished glTF 2.0 export in 0.02511739730834961 s

[item] siege_greatbow                 4324 tris  size 0.476 x 0.064 x 1.428
03:44:57 | INFO: Starting glTF 2.0 export
03:44:57 | INFO: Extracting primitive: galewing_bow
03:44:57 | INFO: Primitives created: 6
03:44:57 | INFO: Finished glTF 2.0 export in 0.016613483428955078 s

[item] galewing_bow                   4108 tris  size 0.467 x 0.064 x 1.566
03:44:57 | INFO: Starting glTF 2.0 export
03:44:57 | INFO: Extracting primitive: fowling_bow
03:44:57 | INFO: Primitives created: 6
03:44:57 | INFO: Finished glTF 2.0 export in 0.016124486923217773 s

[item] fowling_bow                    1820 tris  size 0.395 x 0.065 x 1.370
03:44:57 | INFO: Starting glTF 2.0 export
03:44:57 | INFO: Extracting primitive: yew_longbow
03:44:57 | INFO: Primitives created: 7
03:44:57 | INFO: Finished glTF 2.0 export in 0.016925334930419922 s

[item] yew_longbow                    2716 tris  size 0.339 x 0.071 x 1.436
03:44:57 | INFO: Starting glTF 2.0 export
03:44:57 | INFO: Extracting primitive: thornback_bow
03:44:58 | INFO: Primitives created: 7
03:44:58 | INFO: Finished glTF 2.0 export in 0.023126602172851562 s

[item] thornback_bow                  3940 tris  size 0.476 x 0.064 x 1.449
03:44:58 | INFO: Starting glTF 2.0 export
03:44:58 | INFO: Extracting primitive: frostwing_bow
03:44:58 | INFO: Primitives created: 6
03:44:58 | INFO: Finished glTF 2.0 export in 0.016959428787231445 s

[item] frostwing_bow                  3616 tris  size 0.427 x 0.064 x 1.340
03:44:58 | INFO: Starting glTF 2.0 export
03:44:58 | INFO: Extracting primitive: stormstring_greatbow
03:44:58 | INFO: Primitives created: 8
03:44:58 | INFO: Finished glTF 2.0 export in 0.02795863151550293 s

[item] stormstring_greatbow           3944 tris  size 0.460 x 0.064 x 1.182
03:44:58 | INFO: Starting glTF 2.0 export
03:44:58 | INFO: Extracting primitive: depth_rootbend_shortbow
03:44:58 | INFO: Primitives created: 8
03:44:58 | INFO: Finished glTF 2.0 export in 0.023048877716064453 s

[item] depth_rootbend_shortbow        3944 tris  size 0.460 x 0.064 x 1.182
03:44:58 | INFO: Starting glTF 2.0 export
03:44:58 | INFO: Extracting primitive: depth_saltwind_recurve
03:44:58 | INFO: Primitives created: 8
03:44:58 | INFO: Finished glTF 2.0 export in 0.029222726821899414 s

[item] depth_saltwind_recurve         4084 tris  size 0.425 x 0.064 x 1.339
03:44:58 | INFO: Starting glTF 2.0 export
03:44:58 | INFO: Extracting primitive: depth_cinderhorn_bow
03:44:58 | INFO: Primitives created: 7
03:44:58 | INFO: Finished glTF 2.0 export in 0.021323204040527344 s

[item] depth_cinderhorn_bow           3940 tris  size 0.476 x 0.064 x 1.497
03:44:58 | INFO: Starting glTF 2.0 export
03:44:58 | INFO: Extracting primitive: depth_icebranch_longbow
03:44:58 | INFO: Primitives created: 6
03:44:58 | INFO: Finished glTF 2.0 export in 0.02454066276550293 s

[item] depth_icebranch_longbow        4108 tris  size 0.509 x 0.064 x 1.206
03:44:58 | INFO: Starting glTF 2.0 export
03:44:58 | INFO: Extracting primitive: depth_thornwing_bow
03:44:58 | INFO: Primitives created: 7
03:44:59 | INFO: Finished glTF 2.0 export in 0.023155927658081055 s

[item] depth_thornwing_bow            4324 tris  size 0.476 x 0.064 x 1.428
03:44:59 | INFO: Starting glTF 2.0 export
03:44:59 | INFO: Extracting primitive: depth_starbridge_bow
03:44:59 | INFO: Primitives created: 6
03:44:59 | INFO: Finished glTF 2.0 export in 0.023272991180419922 s

[item] depth_starbridge_bow           4108 tris  size 0.467 x 0.064 x 1.566
03:44:59 | INFO: Starting glTF 2.0 export
03:44:59 | INFO: Extracting primitive: depth_nightglass_warbow
03:44:59 | INFO: Primitives created: 6
03:44:59 | INFO: Finished glTF 2.0 export in 0.015465736389160156 s

[item] depth_nightglass_warbow        1820 tris  size 0.395 x 0.065 x 1.370
03:44:59 | INFO: Starting glTF 2.0 export
03:44:59 | INFO: Extracting primitive: depth_dawnfeather_bow
03:44:59 | INFO: Primitives created: 7
03:44:59 | INFO: Finished glTF 2.0 export in 0.02263355255126953 s

[item] depth_dawnfeather_bow          2716 tris  size 0.339 x 0.071 x 1.436
03:44:59 | INFO: Starting glTF 2.0 export
03:44:59 | INFO: Extracting primitive: artisan_heron_wing_bow
03:44:59 | INFO: Primitives created: 7
03:44:59 | INFO: Finished glTF 2.0 export in 0.027959823608398438 s

[item] artisan_heron_wing_bow         3940 tris  size 0.476 x 0.064 x 1.449
03:44:59 | INFO: Starting glTF 2.0 export
03:44:59 | INFO: Extracting primitive: artisan_antler_crown_bow
03:44:59 | INFO: Primitives created: 6
03:44:59 | INFO: Finished glTF 2.0 export in 0.020075321197509766 s

[item] artisan_antler_crown_bow       3616 tris  size 0.427 x 0.064 x 1.340
03:44:59 | INFO: Starting glTF 2.0 export
03:44:59 | INFO: Extracting primitive: artisan_serpent_coil_bow
03:44:59 | INFO: Primitives created: 8
03:44:59 | INFO: Finished glTF 2.0 export in 0.02470564842224121 s

[item] artisan_serpent_coil_bow       3944 tris  size 0.460 x 0.064 x 1.182
03:44:59 | INFO: Starting glTF 2.0 export
03:44:59 | INFO: Extracting primitive: artisan_sunwheel_bow
03:44:59 | INFO: Primitives created: 8
03:44:59 | INFO: Finished glTF 2.0 export in 0.020441055297851562 s

[item] artisan_sunwheel_bow           4084 tris  size 0.425 x 0.064 x 1.339
03:45:00 | INFO: Starting glTF 2.0 export
03:45:00 | INFO: Extracting primitive: artisan_ironleaf_bow
03:45:00 | INFO: Primitives created: 7
03:45:00 | INFO: Finished glTF 2.0 export in 0.024458885192871094 s

[item] artisan_ironleaf_bow           3940 tris  size 0.476 x 0.064 x 1.497
03:45:00 | INFO: Starting glTF 2.0 export
03:45:00 | INFO: Extracting primitive: artisan_twin_crescent_bow
03:45:00 | INFO: Primitives created: 6
03:45:00 | INFO: Finished glTF 2.0 export in 0.01618814468383789 s

[item] artisan_twin_crescent_bow      4108 tris  size 0.509 x 0.064 x 1.206
03:45:00 | INFO: Starting glTF 2.0 export
03:45:00 | INFO: Extracting primitive: artisan_dragon_rib_bow
03:45:00 | INFO: Primitives created: 7
03:45:00 | INFO: Finished glTF 2.0 export in 0.019517183303833008 s

[item] artisan_dragon_rib_bow         4324 tris  size 0.476 x 0.064 x 1.428
03:45:00 | INFO: Starting glTF 2.0 export
03:45:00 | INFO: Extracting primitive: artisan_tide_harp_bow
03:45:00 | INFO: Primitives created: 6
03:45:00 | INFO: Finished glTF 2.0 export in 0.02383279800415039 s

[item] artisan_tide_harp_bow          4108 tris  size 0.467 x 0.064 x 1.566
03:45:00 | INFO: Starting glTF 2.0 export
03:45:00 | INFO: Extracting primitive: artisan_crystal_spire_bow
03:45:00 | INFO: Primitives created: 6
03:45:00 | INFO: Finished glTF 2.0 export in 0.015049457550048828 s

[item] artisan_crystal_spire_bow      1820 tris  size 0.395 x 0.065 x 1.370
03:45:00 | INFO: Starting glTF 2.0 export
03:45:00 | INFO: Extracting primitive: artisan_clockwork_cam_bow
03:45:00 | INFO: Primitives created: 7
03:45:00 | INFO: Finished glTF 2.0 export in 0.01901841163635254 s

[item] artisan_clockwork_cam_bow      2716 tris  size 0.339 x 0.071 x 1.436
03:45:00 | INFO: Starting glTF 2.0 export
03:45:00 | INFO: Extracting primitive: ashwood_crossbow
03:45:00 | INFO: Primitives created: 7
03:45:00 | INFO: Finished glTF 2.0 export in 0.01820063591003418 s

[item] ashwood_crossbow               2472 tris  size 0.721 x 0.154 x 1.041
03:45:00 | INFO: Starting glTF 2.0 export
03:45:00 | INFO: Extracting primitive: crane_lever_crossbow
03:45:00 | INFO: Primitives created: 9
03:45:00 | INFO: Finished glTF 2.0 export in 0.022528648376464844 s

[item] crane_lever_crossbow           2508 tris  size 0.604 x 0.164 x 1.293
03:45:01 | INFO: Starting glTF 2.0 export
03:45:01 | INFO: Extracting primitive: iron_boar_crossbow
03:45:01 | INFO: Primitives created: 10
03:45:01 | INFO: Finished glTF 2.0 export in 0.02358269691467285 s

[item] iron_boar_crossbow             2568 tris  size 0.820 x 0.154 x 1.082
03:45:01 | INFO: Starting glTF 2.0 export
03:45:01 | INFO: Extracting primitive: twin_rail_crossbow
03:45:01 | INFO: Primitives created: 9
03:45:01 | INFO: Finished glTF 2.0 export in 0.025471925735473633 s

[item] twin_rail_crossbow             2080 tris  size 0.681 x 0.154 x 1.214
03:45:01 | INFO: Starting glTF 2.0 export
03:45:01 | INFO: Extracting primitive: repeater_crossbow
03:45:01 | INFO: Primitives created: 9
03:45:01 | INFO: Finished glTF 2.0 export in 0.027327299118041992 s

[item] repeater_crossbow              2312 tris  size 0.622 x 0.244 x 0.980
03:45:01 | INFO: Starting glTF 2.0 export
03:45:01 | INFO: Extracting primitive: raven_wing_crossbow
03:45:01 | INFO: Primitives created: 9
03:45:01 | INFO: Finished glTF 2.0 export in 0.02514338493347168 s

[item] raven_wing_crossbow            2932 tris  size 0.941 x 0.154 x 1.163
03:45:01 | INFO: Starting glTF 2.0 export
03:45:01 | INFO: Extracting primitive: sun_dial_crossbow
03:45:01 | INFO: Primitives created: 9
03:45:01 | INFO: Finished glTF 2.0 export in 0.024977922439575195 s

[item] sun_dial_crossbow              2544 tris  size 0.780 x 0.154 x 1.132
03:45:01 | INFO: Starting glTF 2.0 export
03:45:01 | INFO: Extracting primitive: frost_fork_crossbow
03:45:01 | INFO: Primitives created: 10
03:45:01 | INFO: Finished glTF 2.0 export in 0.030356168746948242 s

[item] frost_fork_crossbow            2164 tris  size 0.741 x 0.154 x 1.252
03:45:01 | INFO: Starting glTF 2.0 export
03:45:01 | INFO: Extracting primitive: dragon_jaw_crossbow
03:45:01 | INFO: Primitives created: 10
03:45:01 | INFO: Finished glTF 2.0 export in 0.0300140380859375 s

[item] dragon_jaw_crossbow            2736 tris  size 0.860 x 0.154 x 1.262
03:45:01 | INFO: Starting glTF 2.0 export
03:45:01 | INFO: Extracting primitive: orrery_crossbow
03:45:01 | INFO: Primitives created: 9
03:45:01 | INFO: Finished glTF 2.0 export in 0.028211593627929688 s

[item] orrery_crossbow                3540 tris  size 0.830 x 0.154 x 1.183
03:45:02 | INFO: Starting glTF 2.0 export
03:45:02 | INFO: Extracting primitive: artisan_gull_hook_dagger
03:45:02 | INFO: Primitives created: 4
03:45:02 | INFO: Finished glTF 2.0 export in 0.011348962783813477 s

[item] artisan_gull_hook_dagger       1116 tris  size 0.199 x 0.060 x 0.586
03:45:02 | INFO: Starting glTF 2.0 export
03:45:02 | INFO: Extracting primitive: artisan_scorpion_tail_dagger
03:45:02 | INFO: Primitives created: 4
03:45:02 | INFO: Finished glTF 2.0 export in 0.010320901870727539 s

[item] artisan_scorpion_tail_dagger   1432 tris  size 0.181 x 0.063 x 0.599
03:45:02 | INFO: Starting glTF 2.0 export
03:45:02 | INFO: Extracting primitive: artisan_glass_leaf_dagger
03:45:02 | INFO: Primitives created: 4
03:45:02 | INFO: Finished glTF 2.0 export in 0.014361143112182617 s

[item] artisan_glass_leaf_dagger      1252 tris  size 0.199 x 0.054 x 0.526
03:45:02 | INFO: Starting glTF 2.0 export
03:45:02 | INFO: Extracting primitive: artisan_trident_dirk
03:45:02 | INFO: Primitives created: 4
03:45:02 | INFO: Finished glTF 2.0 export in 0.011365652084350586 s

[item] artisan_trident_dirk           1328 tris  size 0.199 x 0.054 x 0.623
03:45:02 | INFO: Starting glTF 2.0 export
03:45:02 | INFO: Extracting primitive: artisan_crescent_fang_dagger
03:45:02 | INFO: Primitives created: 4
03:45:02 | INFO: Finished glTF 2.0 export in 0.01749134063720703 s

[item] artisan_crescent_fang_dagger   1206 tris  size 0.184 x 0.060 x 0.582
03:45:02 | INFO: Starting glTF 2.0 export
03:45:02 | INFO: Extracting primitive: artisan_serpent_kris_dagger
03:45:02 | INFO: Primitives created: 4
03:45:02 | INFO: Finished glTF 2.0 export in 0.015249013900756836 s

[item] artisan_serpent_kris_dagger    1312 tris  size 0.199 x 0.054 x 0.622
03:45:02 | INFO: Starting glTF 2.0 export
03:45:02 | INFO: Extracting primitive: artisan_sawback_dagger
03:45:02 | INFO: Primitives created: 4
03:45:02 | INFO: Finished glTF 2.0 export in 0.011240720748901367 s

[item] artisan_sawback_dagger         1464 tris  size 0.197 x 0.059 x 0.550
03:45:02 | INFO: Starting glTF 2.0 export
03:45:02 | INFO: Extracting primitive: artisan_orchid_fan_dagger
03:45:02 | INFO: Primitives created: 5
03:45:02 | INFO: Finished glTF 2.0 export in 0.012599468231201172 s

[item] artisan_orchid_fan_dagger      1524 tris  size 0.219 x 0.059 x 0.528
03:45:02 | INFO: Starting glTF 2.0 export
03:45:02 | INFO: Extracting primitive: artisan_twin_fang_dagger
03:45:02 | INFO: Primitives created: 4
03:45:02 | INFO: Finished glTF 2.0 export in 0.012435197830200195 s

[item] artisan_twin_fang_dagger       1048 tris  size 0.199 x 0.060 x 0.640
03:45:02 | INFO: Starting glTF 2.0 export
03:45:02 | INFO: Extracting primitive: artisan_star_compass_dagger
03:45:02 | INFO: Primitives created: 4
03:45:02 | INFO: Finished glTF 2.0 export in 0.011039972305297852 s

[item] artisan_star_compass_dagger    1592 tris  size 0.214 x 0.054 x 0.676
03:45:02 | INFO: Starting glTF 2.0 export
03:45:02 | INFO: Extracting primitive: artisan_heron_estoc
03:45:02 | INFO: Primitives created: 4
03:45:02 | INFO: Finished glTF 2.0 export in 0.014582633972167969 s

[item] artisan_heron_estoc            1060 tris  size 0.324 x 0.069 x 1.205
03:45:03 | INFO: Starting glTF 2.0 export
03:45:03 | INFO: Extracting primitive: artisan_harbor_basket_sword
03:45:03 | INFO: Primitives created: 4
03:45:03 | INFO: Finished glTF 2.0 export in 0.012348413467407227 s

[item] artisan_harbor_basket_sword    1432 tris  size 0.294 x 0.065 x 1.155
03:45:03 | INFO: Starting glTF 2.0 export
03:45:03 | INFO: Extracting primitive: artisan_copperleaf_sword
03:45:03 | INFO: Primitives created: 4
03:45:03 | INFO: Finished glTF 2.0 export in 0.011089563369750977 s

[item] artisan_copperleaf_sword       1236 tris  size 0.324 x 0.061 x 1.007
03:45:03 | INFO: Starting glTF 2.0 export
03:45:03 | INFO: Extracting primitive: artisan_flame_ribbon_sword
03:45:03 | INFO: Primitives created: 4
03:45:03 | INFO: Finished glTF 2.0 export in 0.011594772338867188 s

[item] artisan_flame_ribbon_sword     1636 tris  size 0.324 x 0.061 x 1.223
03:45:03 | INFO: Starting glTF 2.0 export
03:45:03 | INFO: Extracting primitive: artisan_moon_hook_sword
03:45:03 | INFO: Primitives created: 4
03:45:03 | INFO: Finished glTF 2.0 export in 0.010742902755737305 s

[item] artisan_moon_hook_sword        1202 tris  size 0.299 x 0.069 x 1.125
03:45:03 | INFO: Starting glTF 2.0 export
03:45:03 | INFO: Extracting primitive: artisan_split_crown_sword
03:45:03 | INFO: Primitives created: 4
03:45:03 | INFO: Finished glTF 2.0 export in 0.010183572769165039 s

[item] artisan_split_crown_sword      1236 tris  size 0.324 x 0.061 x 1.214
03:45:03 | INFO: Starting glTF 2.0 export
03:45:03 | INFO: Extracting primitive: artisan_dragon_tooth_sword
03:45:03 | INFO: Primitives created: 4
03:45:03 | INFO: Finished glTF 2.0 export in 0.01279306411743164 s

[item] artisan_dragon_tooth_sword     1444 tris  size 0.303 x 0.061 x 1.072
03:45:03 | INFO: Starting glTF 2.0 export
03:45:03 | INFO: Extracting primitive: artisan_tide_scimitar
03:45:03 | INFO: Primitives created: 4
03:45:03 | INFO: Finished glTF 2.0 export in 0.012056827545166016 s

[item] artisan_tide_scimitar          1396 tris  size 0.294 x 0.065 x 1.026
03:45:03 | INFO: Starting glTF 2.0 export
03:45:03 | INFO: Extracting primitive: artisan_prism_greatblade
03:45:03 | INFO: Primitives created: 4
03:45:03 | INFO: Finished glTF 2.0 export in 0.014405250549316406 s

[item] artisan_prism_greatblade        952 tris  size 0.324 x 0.069 x 1.253
03:45:03 | INFO: Starting glTF 2.0 export
03:45:03 | INFO: Extracting primitive: artisan_astral_ring_sword
03:45:03 | INFO: Primitives created: 4
03:45:03 | INFO: Finished glTF 2.0 export in 0.010907173156738281 s

[item] artisan_astral_ring_sword      1592 tris  size 0.364 x 0.061 x 1.304
03:45:03 | INFO: Starting glTF 2.0 export
03:45:03 | INFO: Extracting primitive: artisan_raven_beak_axe
03:45:03 | INFO: Primitives created: 5
03:45:03 | INFO: Finished glTF 2.0 export in 0.013877630233764648 s

[item] artisan_raven_beak_axe         1180 tris  size 0.475 x 0.070 x 0.964
03:45:03 | INFO: Starting glTF 2.0 export
03:45:03 | INFO: Extracting primitive: artisan_anchor_beard_axe
03:45:03 | INFO: Primitives created: 5
03:45:03 | INFO: Finished glTF 2.0 export in 0.02060699462890625 s

[item] artisan_anchor_beard_axe       1496 tris  size 0.403 x 0.070 x 0.976
03:45:04 | INFO: Starting glTF 2.0 export
03:45:04 | INFO: Extracting primitive: artisan_crescent_moon_axe
03:45:04 | INFO: Primitives created: 5
03:45:04 | INFO: Finished glTF 2.0 export in 0.017199277877807617 s

[item] artisan_crescent_moon_axe      1280 tris  size 0.433 x 0.070 x 1.002
03:45:04 | INFO: Starting glTF 2.0 export
03:45:04 | INFO: Extracting primitive: artisan_boar_cleaver_axe
03:45:04 | INFO: Primitives created: 5
03:45:04 | INFO: Finished glTF 2.0 export in 0.014944314956665039 s

[item] artisan_boar_cleaver_axe       1524 tris  size 0.436 x 0.070 x 0.977
03:45:04 | INFO: Starting glTF 2.0 export
03:45:04 | INFO: Extracting primitive: artisan_twin_petal_axe
03:45:04 | INFO: Primitives created: 5
03:45:04 | INFO: Finished glTF 2.0 export in 0.012979984283447266 s

[item] artisan_twin_petal_axe         1328 tris  size 0.588 x 0.070 x 0.999
03:45:04 | INFO: Starting glTF 2.0 export
03:45:04 | INFO: Extracting primitive: artisan_dragon_talon_axe
03:45:04 | INFO: Primitives created: 5
03:45:04 | INFO: Finished glTF 2.0 export in 0.013073921203613281 s

[item] artisan_dragon_talon_axe       1580 tris  size 0.419 x 0.070 x 1.001
03:45:04 | INFO: Starting glTF 2.0 export
03:45:04 | INFO: Extracting primitive: artisan_sun_disc_axe
03:45:04 | INFO: Primitives created: 5
03:45:04 | INFO: Finished glTF 2.0 export in 0.018375158309936523 s

[item] artisan_sun_disc_axe           1620 tris  size 0.436 x 0.070 x 0.964
03:45:04 | INFO: Starting glTF 2.0 export
03:45:04 | INFO: Extracting primitive: artisan_frost_pick_axe
03:45:04 | INFO: Primitives created: 6
03:45:04 | INFO: Finished glTF 2.0 export in 0.022257566452026367 s

[item] artisan_frost_pick_axe         1424 tris  size 0.519 x 0.070 x 0.986
03:45:04 | INFO: Starting glTF 2.0 export
03:45:04 | INFO: Extracting primitive: artisan_gothic_window_axe
03:45:04 | INFO: Primitives created: 5
03:45:04 | INFO: Finished glTF 2.0 export in 0.014131784439086914 s

[item] artisan_gothic_window_axe      1380 tris  size 0.427 x 0.070 x 0.995
03:45:04 | INFO: Starting glTF 2.0 export
03:45:04 | INFO: Extracting primitive: artisan_thunder_fork_axe
03:45:04 | INFO: Primitives created: 5
03:45:04 | INFO: Finished glTF 2.0 export in 0.015776872634887695 s
00:12.969  render           | Saved: 'A:\Python\beyond-heroes\work\lemondev\tempo-armory\evidence\weapons\icons\raw\hunters_bow.png'
00:13.312  render           | Saved: 'A:\Python\beyond-heroes\work\lemondev\tempo-armory\evidence\weapons\icons\raw\composite_bow.png'
00:13.640  render           | Saved: 'A:\Python\beyond-heroes\work\lemondev\tempo-armory\evidence\weapons\icons\raw\warden_longbow.png'
00:14.000  render           | Saved: 'A:\Python\beyond-heroes\work\lemondev\tempo-armory\evidence\weapons\icons\raw\shortbow.png'
00:14.359  render           | Saved: 'A:\Python\beyond-heroes\work\lemondev\tempo-armory\evidence\weapons\icons\raw\recurve_bow.png'
00:14.672  render           | Saved: 'A:\Python\beyond-heroes\work\lemondev\tempo-armory\evidence\weapons\icons\raw\hornbow.png'
00:15.000  render           | Saved: 'A:\Python\beyond-heroes\work\lemondev\tempo-armory\evidence\weapons\icons\raw\siege_greatbow.png'
00:15.375  render           | Saved: 'A:\Python\beyond-heroes\work\lemondev\tempo-armory\evidence\weapons\icons\raw\galewing_bow.png'
00:15.687  render           | Saved: 'A:\Python\beyond-heroes\work\lemondev\tempo-armory\evidence\weapons\icons\raw\fowling_bow.png'
00:16.000  render           | Saved: 'A:\Python\beyond-heroes\work\lemondev\tempo-armory\evidence\weapons\icons\raw\yew_longbow.png'
00:16.328  render           | Saved: 'A:\Python\beyond-heroes\work\lemondev\tempo-armory\evidence\weapons\icons\raw\thornback_bow.png'
00:16.672  render           | Saved: 'A:\Python\beyond-heroes\work\lemondev\tempo-armory\evidence\weapons\icons\raw\frostwing_bow.png'
00:17.031  render           | Saved: 'A:\Python\beyond-heroes\work\lemondev\tempo-armory\evidence\weapons\icons\raw\stormstring_greatbow.png'
00:17.375  render           | Saved: 'A:\Python\beyond-heroes\work\lemondev\tempo-armory\evidence\weapons\icons\raw\depth_rootbend_shortbow.png'
00:17.750  render           | Saved: 'A:\Python\beyond-heroes\work\lemondev\tempo-armory\evidence\weapons\icons\raw\depth_saltwind_recurve.png'
00:18.078  render           | Saved: 'A:\Python\beyond-heroes\work\lemondev\tempo-armory\evidence\weapons\icons\raw\depth_cinderhorn_bow.png'
00:18.422  render           | Saved: 'A:\Python\beyond-heroes\work\lemondev\tempo-armory\evidence\weapons\icons\raw\depth_icebranch_longbow.png'
00:18.750  render           | Saved: 'A:\Python\beyond-heroes\work\lemondev\tempo-armory\evidence\weapons\icons\raw\depth_thornwing_bow.png'
00:19.078  render           | Saved: 'A:\Python\beyond-heroes\work\lemondev\tempo-armory\evidence\weapons\icons\raw\depth_starbridge_bow.png'
00:19.328  render           | Saved: 'A:\Python\beyond-heroes\work\lemondev\tempo-armory\evidence\weapons\icons\raw\depth_nightglass_warbow.png'
00:19.656  render           | Saved: 'A:\Python\beyond-heroes\work\lemondev\tempo-armory\evidence\weapons\icons\raw\depth_dawnfeather_bow.png'
00:20.000  render           | Saved: 'A:\Python\beyond-heroes\work\lemondev\tempo-armory\evidence\weapons\icons\raw\artisan_heron_wing_bow.png'
00:20.359  render           | Saved: 'A:\Python\beyond-heroes\work\lemondev\tempo-armory\evidence\weapons\icons\raw\artisan_antler_crown_bow.png'
00:20.750  render           | Saved: 'A:\Python\beyond-heroes\work\lemondev\tempo-armory\evidence\weapons\icons\raw\artisan_serpent_coil_bow.png'
00:21.062  render           | Saved: 'A:\Python\beyond-heroes\work\lemondev\tempo-armory\evidence\weapons\icons\raw\artisan_sunwheel_bow.png'
00:21.359  render           | Saved: 'A:\Python\beyond-heroes\work\lemondev\tempo-armory\evidence\weapons\icons\raw\artisan_ironleaf_bow.png'
00:21.703  render           | Saved: 'A:\Python\beyond-heroes\work\lemondev\tempo-armory\evidence\weapons\icons\raw\artisan_twin_crescent_bow.png'
00:22.062  render           | Saved: 'A:\Python\beyond-heroes\work\lemondev\tempo-armory\evidence\weapons\icons\raw\artisan_dragon_rib_bow.png'
00:22.437  render           | Saved: 'A:\Python\beyond-heroes\work\lemondev\tempo-armory\evidence\weapons\icons\raw\artisan_tide_harp_bow.png'
00:22.750  render           | Saved: 'A:\Python\beyond-heroes\work\lemondev\tempo-armory\evidence\weapons\icons\raw\artisan_crystal_spire_bow.png'
00:23.047  render           | Saved: 'A:\Python\beyond-heroes\work\lemondev\tempo-armory\evidence\weapons\icons\raw\artisan_clockwork_cam_bow.png'
00:23.375  render           | Saved: 'A:\Python\beyond-heroes\work\lemondev\tempo-armory\evidence\weapons\icons\raw\ashwood_crossbow.png'
00:23.719  render           | Saved: 'A:\Python\beyond-heroes\work\lemondev\tempo-armory\evidence\weapons\icons\raw\crane_lever_crossbow.png'
00:24.000  render           | Saved: 'A:\Python\beyond-heroes\work\lemondev\tempo-armory\evidence\weapons\icons\raw\iron_boar_crossbow.png'
00:24.312  render           | Saved: 'A:\Python\beyond-heroes\work\lemondev\tempo-armory\evidence\weapons\icons\raw\twin_rail_crossbow.png'
00:24.625  render           | Saved: 'A:\Python\beyond-heroes\work\lemondev\tempo-armory\evidence\weapons\icons\raw\repeater_crossbow.png'
00:24.953  render           | Saved: 'A:\Python\beyond-heroes\work\lemondev\tempo-armory\evidence\weapons\icons\raw\raven_wing_crossbow.png'
00:25.281  render           | Saved: 'A:\Python\beyond-heroes\work\lemondev\tempo-armory\evidence\weapons\icons\raw\sun_dial_crossbow.png'
00:25.625  render           | Saved: 'A:\Python\beyond-heroes\work\lemondev\tempo-armory\evidence\weapons\icons\raw\frost_fork_crossbow.png'
00:25.969  render           | Saved: 'A:\Python\beyond-heroes\work\lemondev\tempo-armory\evidence\weapons\icons\raw\dragon_jaw_crossbow.png'
00:26.328  render           | Saved: 'A:\Python\beyond-heroes\work\lemondev\tempo-armory\evidence\weapons\icons\raw\orrery_crossbow.png'
00:26.640  render           | Saved: 'A:\Python\beyond-heroes\work\lemondev\tempo-armory\evidence\weapons\icons\raw\artisan_gull_hook_dagger.png'
00:26.953  render           | Saved: 'A:\Python\beyond-heroes\work\lemondev\tempo-armory\evidence\weapons\icons\raw\artisan_scorpion_tail_dagger.png'
00:27.265  render           | Saved: 'A:\Python\beyond-heroes\work\lemondev\tempo-armory\evidence\weapons\icons\raw\artisan_glass_leaf_dagger.png'
00:27.562  render           | Saved: 'A:\Python\beyond-heroes\work\lemondev\tempo-armory\evidence\weapons\icons\raw\artisan_trident_dirk.png'
00:27.844  render           | Saved: 'A:\Python\beyond-heroes\work\lemondev\tempo-armory\evidence\weapons\icons\raw\artisan_crescent_fang_dagger.png'
00:28.140  render           | Saved: 'A:\Python\beyond-heroes\work\lemondev\tempo-armory\evidence\weapons\icons\raw\artisan_serpent_kris_dagger.png'
00:28.422  render           | Saved: 'A:\Python\beyond-heroes\work\lemondev\tempo-armory\evidence\weapons\icons\raw\artisan_sawback_dagger.png'
00:28.672  render           | Saved: 'A:\Python\beyond-heroes\work\lemondev\tempo-armory\evidence\weapons\icons\raw\artisan_orchid_fan_dagger.png'
00:28.953  render           | Saved: 'A:\Python\beyond-heroes\work\lemondev\tempo-armory\evidence\weapons\icons\raw\artisan_twin_fang_dagger.png'
00:29.250  render           | Saved: 'A:\Python\beyond-heroes\work\lemondev\tempo-armory\evidence\weapons\icons\raw\artisan_star_compass_dagger.png'
00:29.562  render           | Saved: 'A:\Python\beyond-heroes\work\lemondev\tempo-armory\evidence\weapons\icons\raw\artisan_heron_estoc.png'
00:29.859  render           | Saved: 'A:\Python\beyond-heroes\work\lemondev\tempo-armory\evidence\weapons\icons\raw\artisan_harbor_basket_sword.png'
00:30.172  render           | Saved: 'A:\Python\beyond-heroes\work\lemondev\tempo-armory\evidence\weapons\icons\raw\artisan_copperleaf_sword.png'
00:30.469  render           | Saved: 'A:\Python\beyond-heroes\work\lemondev\tempo-armory\evidence\weapons\icons\raw\artisan_flame_ribbon_sword.png'
00:30.781  render           | Saved: 'A:\Python\beyond-heroes\work\lemondev\tempo-armory\evidence\weapons\icons\raw\artisan_moon_hook_sword.png'
00:31.094  render           | Saved: 'A:\Python\beyond-heroes\work\lemondev\tempo-armory\evidence\weapons\icons\raw\artisan_split_crown_sword.png'
00:31.453  render           | Saved: 'A:\Python\beyond-heroes\work\lemondev\tempo-armory\evidence\weapons\icons\raw\artisan_dragon_tooth_sword.png'
00:31.781  render           | Saved: 'A:\Python\beyond-heroes\work\lemondev\tempo-armory\evidence\weapons\icons\raw\artisan_tide_scimitar.png'
00:32.062  render           | Saved: 'A:\Python\beyond-heroes\work\lemondev\tempo-armory\evidence\weapons\icons\raw\artisan_prism_greatblade.png'
00:32.359  render           | Saved: 'A:\Python\beyond-heroes\work\lemondev\tempo-armory\evidence\weapons\icons\raw\artisan_astral_ring_sword.png'
00:32.640  render           | Saved: 'A:\Python\beyond-heroes\work\lemondev\tempo-armory\evidence\weapons\icons\raw\artisan_raven_beak_axe.png'
00:32.937  render           | Saved: 'A:\Python\beyond-heroes\work\lemondev\tempo-armory\evidence\weapons\icons\raw\artisan_anchor_beard_axe.png'
00:33.187  render           | Saved: 'A:\Python\beyond-heroes\work\lemondev\tempo-armory\evidence\weapons\icons\raw\artisan_crescent_moon_axe.png'
00:33.453  render           | Saved: 'A:\Python\beyond-heroes\work\lemondev\tempo-armory\evidence\weapons\icons\raw\artisan_boar_cleaver_axe.png'
00:33.734  render           | Saved: 'A:\Python\beyond-heroes\work\lemondev\tempo-armory\evidence\weapons\icons\raw\artisan_twin_petal_axe.png'
00:34.047  render           | Saved: 'A:\Python\beyond-heroes\work\lemondev\tempo-armory\evidence\weapons\icons\raw\artisan_dragon_talon_axe.png'
00:34.375  render           | Saved: 'A:\Python\beyond-heroes\work\lemondev\tempo-armory\evidence\weapons\icons\raw\artisan_sun_disc_axe.png'
00:34.687  render           | Saved: 'A:\Python\beyond-heroes\work\lemondev\tempo-armory\evidence\weapons\icons\raw\artisan_frost_pick_axe.png'
00:35.000  render           | Saved: 'A:\Python\beyond-heroes\work\lemondev\tempo-armory\evidence\weapons\icons\raw\artisan_gothic_window_axe.png'
00:35.297  render           | Saved: 'A:\Python\beyond-heroes\work\lemondev\tempo-armory\evidence\weapons\icons\raw\artisan_thunder_fork_axe.png'

[item] artisan_thunder_fork_axe       1580 tris  size 0.436 x 0.070 x 1.022
[icon] hunters_bow
[icon] composite_bow
[icon] warden_longbow
[icon] shortbow
[icon] recurve_bow
[icon] hornbow
[icon] siege_greatbow
[icon] galewing_bow
[icon] fowling_bow
[icon] yew_longbow
[icon] thornback_bow
[icon] frostwing_bow
[icon] stormstring_greatbow
[icon] depth_rootbend_shortbow
[icon] depth_saltwind_recurve
[icon] depth_cinderhorn_bow
[icon] depth_icebranch_longbow
[icon] depth_thornwing_bow
[icon] depth_starbridge_bow
[icon] depth_nightglass_warbow
[icon] depth_dawnfeather_bow
[icon] artisan_heron_wing_bow
[icon] artisan_antler_crown_bow
[icon] artisan_serpent_coil_bow
[icon] artisan_sunwheel_bow
[icon] artisan_ironleaf_bow
[icon] artisan_twin_crescent_bow
[icon] artisan_dragon_rib_bow
[icon] artisan_tide_harp_bow
[icon] artisan_crystal_spire_bow
[icon] artisan_clockwork_cam_bow
[icon] ashwood_crossbow
[icon] crane_lever_crossbow
[icon] iron_boar_crossbow
[icon] twin_rail_crossbow
[icon] repeater_crossbow
[icon] raven_wing_crossbow
[icon] sun_dial_crossbow
[icon] frost_fork_crossbow
[icon] dragon_jaw_crossbow
[icon] orrery_crossbow
[icon] artisan_gull_hook_dagger
[icon] artisan_scorpion_tail_dagger
[icon] artisan_glass_leaf_dagger
[icon] artisan_trident_dirk
[icon] artisan_crescent_fang_dagger
[icon] artisan_serpent_kris_dagger
[icon] artisan_sawback_dagger
[icon] artisan_orchid_fan_dagger
[icon] artisan_twin_fang_dagger
[icon] artisan_star_compass_dagger
[icon] artisan_heron_estoc
[icon] artisan_harbor_basket_sword
[icon] artisan_copperleaf_sword
[icon] artisan_flame_ribbon_sword
[icon] artisan_moon_hook_sword
[icon] artisan_split_crown_sword
[icon] artisan_dragon_tooth_sword
[icon] artisan_tide_scimitar
[icon] artisan_prism_greatblade
[icon] artisan_astral_ring_sword
[icon] artisan_raven_beak_axe
[icon] artisan_anchor_beard_axe
[icon] artisan_crescent_moon_axe
[icon] artisan_boar_cleaver_axe
[icon] artisan_twin_petal_axe
[icon] artisan_dragon_talon_axe
[icon] artisan_sun_disc_axe
[icon] artisan_frost_pick_axe
[icon] artisan_gothic_window_axe
[icon] artisan_thunder_fork_axe
[build_items] 71 items done in 32.3s
Blender 5.2.1 LTS (hash 9e2066aef7ef built 2026-08-25 02:38:20)

Blender quit
