Godot Engine v4.7.2.stable.official.ed1daf0bf - https://godotengine.org
Vulkan 1.4.329 - Forward+ - Using Device #0: NVIDIA - NVIDIA GeForce RTX 4060

WALKINFO hero=Wanderer level=1 map=dg_geode_1 tempos=1
WALK map=dg_geode_1 stops=8 refresh=60 Hz window=(1920, 1080) vsync=false cap=0 lite=true shadows=2 effects=2 aa=1 scale=1.00 renderer=forward_plus
STUCK near (-0.950721, 0.00088, 12.67504) heading for random_0: hop to the next path point
SPIKE {"added":{"BoneAttachment3D":4,"GPUParticles3D":4,"MeshInstance3D":11,"Node3D":17,"Node3D(loot_drop.gd)":3,"OmniLight3D":1,"Timer":4},"awake":20,"cpu_render":0.6,"fades":0,"frame":27.3,"gpu":1.7,"lights_switched":1,"minimap":false,"origins":["fx.gd:211 spawn < enemy.gd:1099 <anonymous lambda> < area_effects.gd:202 _physics_process","fx.gd:211 spawn < fx.gd:537 _on_impact < enemy.gd:1101 <anonymous lambda> < area_effects.gd:202 _physics_process","fx.gd:211 spawn < fx.gd:539 _on_impact < enemy.gd:1101 <anonymous lambda> < area_effects.gd:202 _physics_process"],"phases":"pre>post 1.3, phys>proc 25.2","phys":2.1,"pipelines":4,"pos":"-15,0.0,12","proc":3.4,"steps":1,"stop":"random_0","t_ms":10351}
STUCK near (-30.32295, 0.00088, -3.599133) heading for random_0: hop to the next path point
STUCK near (4.871433, 5.495712, -18.34409) heading for descent: hop to the next path point
WALKNOTE left the map or time is up
WALKSUM {"avg_awake":16.76,"avg_cpu_render":0.59,"avg_draws":743.16,"avg_fps":429.4,"avg_gpu":1.68,"avg_objects":2016.74,"avg_phys":4.03,"avg_proc":6.56,"avg_steps":0.14,"drawn_speed_unevenness":0.953,"drawn_still_while_walking":0,"frames":12883,"hero_moving_frames":1325,"hero_still_frames":11558,"lite":true,"low1_fps":174.5,"map":"dg_geode_1","max_ms":27.3,"median_ms":2.16,"minimap_renders":8,"multi_step_frames":0,"nodes_end":4789,"nodes_start":4800,"over_17ms":1,"over_25ms":1,"over_33ms":0,"over_50ms":0,"p99_ms":4.33,"particles_end":41,"particles_start":35,"seconds":30.0,"spike_causes":{"fades":0,"lights":1,"minimap":0,"multi_step":0,"nodes_added":1,"pipelines":1},"stuck":3,"vsync":false,"walking_frames":9031,"zero_step_frames":11083}
ERROR: 1 RID allocations of type 'N10RendererRD14TextureStorage7TextureE' were leaked at exit.
ERROR: Parameter "RenderingServer::get_singleton()" is null.
   at: ~CompressedTexture2D (scene/resources/compressed_texture.cpp:464)
WARNING: 2 RIDs of type "Texture" were leaked.
   at: finalize (servers/rendering/rendering_device.cpp:8900)
WARNING: 11 ObjectDB instances were leaked at exit (run with `--verbose` for details).
   at: cleanup (core/object/object.cpp:2536)
ERROR: 2 resources still in use at exit (run with --verbose for details).
   at: clear (core/io/resource.cpp:822)
ERROR: Pages in use exist at exit in PagedAllocator: N12VariantPools12BucketMediumE
   at: ~PagedAllocator (./core/templates/paged_allocator.h:170)
