Godot Engine v4.7.2.stable.official.ed1daf0bf - https://godotengine.org
Vulkan 1.4.329 - Forward+ - Using Device #0: NVIDIA - NVIDIA GeForce RTX 4060

WARNING: Adding 'ring_a' as child to '@Node3D@2705' will make owner 'armillary_sphere_97' inconsistent. Consider unsetting the owner beforehand.
   at: add_child (scene/main/node.cpp:1728)
   GDScript backtrace (most recent call first):
       [0] _light_and_dress (res://src/world/maps/dungeon.gd:579)
       [1] compose (res://src/world/maps/dungeon.gd:96)
       [2] build (res://src/world/map_builder.gd:62)
       [3] build_map (res://src/autoload/game.gd:257)
       [4] load_map (res://src/autoload/game.gd:262)
       [5] _begin_session (res://src/autoload/game.gd:166)
WARNING: Adding 'ring_b' as child to '@Node3D@2706' will make owner 'armillary_sphere_97' inconsistent. Consider unsetting the owner beforehand.
   at: add_child (scene/main/node.cpp:1728)
   GDScript backtrace (most recent call first):
       [0] _light_and_dress (res://src/world/maps/dungeon.gd:579)
       [1] compose (res://src/world/maps/dungeon.gd:96)
       [2] build (res://src/world/map_builder.gd:62)
       [3] build_map (res://src/autoload/game.gd:257)
       [4] load_map (res://src/autoload/game.gd:262)
       [5] _begin_session (res://src/autoload/game.gd:166)
WARNING: Adding 'ring_c' as child to '@Node3D@2707' will make owner 'armillary_sphere_97' inconsistent. Consider unsetting the owner beforehand.
   at: add_child (scene/main/node.cpp:1728)
   GDScript backtrace (most recent call first):
       [0] _light_and_dress (res://src/world/maps/dungeon.gd:579)
       [1] compose (res://src/world/maps/dungeon.gd:96)
       [2] build (res://src/world/map_builder.gd:62)
       [3] build_map (res://src/autoload/game.gd:257)
       [4] load_map (res://src/autoload/game.gd:262)
       [5] _begin_session (res://src/autoload/game.gd:166)
WALKINFO hero=Wanderer level=1 map=dg_orrery_10 tempos=1
WALK map=dg_orrery_10 stops=8 refresh=60 Hz window=(1920, 1080) vsync=false cap=0 lite=true shadows=2 effects=2 aa=1 scale=1.00 renderer=forward_plus
SPIKE {"added":{"BoneAttachment3D":4,"GPUParticles3D":5,"HBoxContainer":1,"Label":1,"MeshInstance3D":13,"Node3D":20,"Node3D(loot_drop.gd)":3,"Node3D(projectile.gd)":1,"OmniLight3D":1,"PanelContainer":1,"TextureRect":1,"Timer":4},"awake":33,"cpu_render":1.4,"fades":0,"frame":48.1,"gpu":2.0,"lights_switched":1,"minimap":false,"origins":["projectile.gd:84 _build_body < projectile.gd:62 spawn < enemy.gd:1049 _fire < enemy.gd:911 <anonymous lambda>","fx.gd:211 spawn < enemy.gd:1099 <anonymous lambda> < area_effects.gd:202 _physics_process","fx.gd:211 spawn < fx.gd:537 _on_impact < enemy.gd:1101 <anonymous lambda> < area_effects.gd:202 _physics_process"],"phases":"pre>post 2.7, phys>proc 42.4","phys":4.6,"pipelines":4,"pos":"-10,0.0,-20","proc":13.2,"steps":1,"stop":"random_1","t_ms":16562}
WALKNOTE left the map or time is up
WALKSUM {"avg_awake":31.02,"avg_cpu_render":1.58,"avg_draws":1120.3,"avg_fps":163.3,"avg_gpu":2.1,"avg_objects":2767.08,"avg_phys":5.82,"avg_proc":11.34,"avg_steps":0.37,"drawn_speed_unevenness":0.441,"drawn_still_while_walking":0,"frames":4899,"hero_moving_frames":1798,"hero_still_frames":3101,"lite":true,"low1_fps":65.4,"map":"dg_orrery_10","max_ms":48.1,"median_ms":5.76,"minimap_renders":10,"multi_step_frames":1,"nodes_end":5833,"nodes_start":5770,"over_17ms":3,"over_25ms":1,"over_33ms":1,"over_50ms":0,"p99_ms":13.24,"particles_end":44,"particles_start":33,"seconds":30.0,"spike_causes":{"fades":0,"lights":1,"minimap":0,"multi_step":0,"nodes_added":1,"pipelines":1},"stuck":0,"vsync":false,"walking_frames":4882,"zero_step_frames":3101}
ERROR: 1 RID allocations of type 'N10RendererRD14TextureStorage7TextureE' were leaked at exit.
ERROR: Parameter "RenderingServer::get_singleton()" is null.
   at: ~CompressedTexture2D (scene/resources/compressed_texture.cpp:464)
WARNING: 2 RIDs of type "Texture" were leaked.
   at: finalize (servers/rendering/rendering_device.cpp:8900)
WARNING: 5 ObjectDB instances were leaked at exit (run with `--verbose` for details).
   at: cleanup (core/object/object.cpp:2536)
ERROR: 1 resources still in use at exit (run with --verbose for details).
   at: clear (core/io/resource.cpp:822)
