Godot Engine v4.7.2.stable.official.ed1daf0bf - https://godotengine.org
Vulkan 1.4.329 - Forward+ - Using Device #0: NVIDIA - NVIDIA GeForce RTX 4060

WARNING: Adding 'ring_a' as child to '@Node3D@2737' will make owner 'armillary_sphere_113' inconsistent. Consider unsetting the owner beforehand.
   at: add_child (scene/main/node.cpp:1728)
   GDScript backtrace (most recent call first):
       [0] _light_and_dress (res://src/world/maps/dungeon.gd:579)
       [1] compose (res://src/world/maps/dungeon.gd:96)
       [2] build (res://src/world/map_builder.gd:62)
       [3] build_map (res://src/autoload/game.gd:257)
       [4] load_map (res://src/autoload/game.gd:262)
       [5] _begin_session (res://src/autoload/game.gd:166)
WARNING: Adding 'ring_b' as child to '@Node3D@2738' will make owner 'armillary_sphere_113' inconsistent. Consider unsetting the owner beforehand.
   at: add_child (scene/main/node.cpp:1728)
   GDScript backtrace (most recent call first):
       [0] _light_and_dress (res://src/world/maps/dungeon.gd:579)
       [1] compose (res://src/world/maps/dungeon.gd:96)
       [2] build (res://src/world/map_builder.gd:62)
       [3] build_map (res://src/autoload/game.gd:257)
       [4] load_map (res://src/autoload/game.gd:262)
       [5] _begin_session (res://src/autoload/game.gd:166)
WARNING: Adding 'ring_c' as child to '@Node3D@2739' will make owner 'armillary_sphere_113' inconsistent. Consider unsetting the owner beforehand.
   at: add_child (scene/main/node.cpp:1728)
   GDScript backtrace (most recent call first):
       [0] _light_and_dress (res://src/world/maps/dungeon.gd:579)
       [1] compose (res://src/world/maps/dungeon.gd:96)
       [2] build (res://src/world/map_builder.gd:62)
       [3] build_map (res://src/autoload/game.gd:257)
       [4] load_map (res://src/autoload/game.gd:262)
       [5] _begin_session (res://src/autoload/game.gd:166)
WALKINFO hero=Wanderer level=1 map=dg_orrery_1 tempos=1
WALK map=dg_orrery_1 stops=8 refresh=60 Hz window=(1920, 1080) vsync=false cap=0 lite=true shadows=2 effects=2 aa=1 scale=1.00 renderer=forward_plus
WALKNOTE left the map or time is up
WALKSUM {"avg_awake":19.05,"avg_cpu_render":1.19,"avg_draws":918.34,"avg_fps":227.5,"avg_gpu":1.88,"avg_objects":2538.25,"avg_phys":4.75,"avg_proc":10.18,"avg_steps":0.26,"drawn_speed_unevenness":0.568,"drawn_still_while_walking":0,"frames":6825,"hero_moving_frames":1566,"hero_still_frames":5259,"lite":true,"low1_fps":89.9,"map":"dg_orrery_1","max_ms":17.8,"median_ms":4.07,"minimap_renders":6,"multi_step_frames":0,"nodes_end":5319,"nodes_start":5349,"over_17ms":1,"over_25ms":0,"over_33ms":0,"over_50ms":0,"p99_ms":9.68,"particles_end":38,"particles_start":37,"seconds":30.0,"spike_causes":{"fades":0,"lights":0,"minimap":0,"multi_step":0,"nodes_added":0,"pipelines":0},"stuck":0,"vsync":false,"walking_frames":5624,"zero_step_frames":5025}
ERROR: 1 RID allocations of type 'N10RendererRD14TextureStorage7TextureE' were leaked at exit.
ERROR: Parameter "RenderingServer::get_singleton()" is null.
   at: ~CompressedTexture2D (scene/resources/compressed_texture.cpp:464)
WARNING: 2 RIDs of type "Texture" were leaked.
   at: finalize (servers/rendering/rendering_device.cpp:8900)
WARNING: 34 ObjectDB instances were leaked at exit (run with `--verbose` for details).
   at: cleanup (core/object/object.cpp:2536)
ERROR: 2 resources still in use at exit (run with --verbose for details).
   at: clear (core/io/resource.cpp:822)
ERROR: Pages in use exist at exit in PagedAllocator: N12VariantPools12BucketMediumE
   at: ~PagedAllocator (./core/templates/paged_allocator.h:170)
