Godot Engine v4.7.2.stable.official.ed1daf0bf - https://godotengine.org
Vulkan 1.4.329 - Forward+ - Using Device #0: NVIDIA - NVIDIA GeForce RTX 4060

TEAM[scout] PASS join requested
TEAM[scout] PASS travel
TEAM[scout] PASS authority
TEAM[scout] PASS prepare_kill
TEAM[scout] PASS dead
TEAM[scout] PASS checkpoint
TEAM[scout] PASS travel
TEAM[scout] PASS portal_interrupted
TEAM[scout] PASS portal
TEAM[scout] PASS rejoin
TEAM[scout] PASS travel
TEAM[scout] PASS authority
TEAM[scout] PASS handoff_state
TEAM[scout] PASS host closed: playable local world
ERROR: 1 RID allocations of type 'N10RendererRD14TextureStorage7TextureE' were leaked at exit.
ERROR: Parameter "RenderingServer::get_singleton()" is null.
   at: ~CompressedTexture2D (scene/resources/compressed_texture.cpp:464)
WARNING: 2 RIDs of type "Texture" were leaked.
   at: finalize (servers/rendering/rendering_device.cpp:8900)
WARNING: 14 ObjectDB instances were leaked at exit (run with `--verbose` for details).
   at: cleanup (core/object/object.cpp:2536)
ERROR: 4 resources still in use at exit (run with --verbose for details).
   at: clear (core/io/resource.cpp:822)
ERROR: Pages in use exist at exit in PagedAllocator: N12VariantPools12BucketMediumE
   at: ~PagedAllocator (./core/templates/paged_allocator.h:170)
