Godot Engine v4.7.2.stable.official.ed1daf0bf - https://godotengine.org
Vulkan 1.4.329 - Forward+ - Using Device #0: NVIDIA - NVIDIA GeForce RTX 4060

WALKINFO hero=Wanderer level=1 map=dg_eclipse_1 tempos=1
WALK map=dg_eclipse_1 stops=8 refresh=60 Hz window=(1920, 1080) vsync=false cap=0 lite=true shadows=2 effects=2 aa=1 scale=1.00 renderer=forward_plus
SPIKE {"added":{"AnimationPlayer":2,"AnimationTree":2,"BoneAttachment3D":4,"CharacterBody3D(enemy.gd)":2,"CollisionShape3D":2,"MeshInstance3D":15,"NavigationAgent3D":2,"Node3D":6,"Node3D(character_visual.gd)":2,"Node3D(enemy_bar.gd)":2,"OmniLight3D":2,"PhysicalBoneSimulator3D":2,"Skeleton3D":2},"awake":11,"cpu_render":0.7,"fades":0,"frame":56.6,"gpu":1.7,"lights_switched":2,"minimap":false,"phases":"pre>post 1.2, phys>proc 54.4","phys":2.3,"pipelines":0,"pos":"29,0.0,1","proc":11.7,"steps":1,"stop":"random_0","t_ms":5285}
STUCK near (29.05129, 0.00088, 1.358049) heading for random_0: hop to the next path point
SPIKE {"added":{"AnimationPlayer":2,"AnimationTree":2,"BoneAttachment3D":4,"CharacterBody3D(enemy.gd)":2,"CollisionShape3D":2,"MeshInstance3D":10,"NavigationAgent3D":2,"Node3D":6,"Node3D(character_visual.gd)":2,"Node3D(enemy_bar.gd)":2,"OmniLight3D":2,"PhysicalBoneSimulator3D":2,"Skeleton3D":2},"awake":22,"cpu_render":1.8,"fades":0,"frame":54.0,"gpu":1.4,"lights_switched":2,"minimap":false,"phases":"pre>post 5.3, phys>proc 41.5","phys":3.1,"pipelines":0,"pos":"-9,0.0,-3","proc":8.8,"steps":1,"stop":"random_1","t_ms":18970}
SPIKE {"added":{"AnimationPlayer":2,"AnimationTree":2,"BoneAttachment3D":4,"CharacterBody3D(enemy.gd)":2,"CollisionShape3D":2,"MeshInstance3D":10,"NavigationAgent3D":2,"Node3D":6,"Node3D(character_visual.gd)":2,"Node3D(enemy_bar.gd)":2,"OmniLight3D":2,"PhysicalBoneSimulator3D":2,"Skeleton3D":2},"awake":22,"cpu_render":1.8,"fades":0,"frame":28.1,"gpu":1.3,"lights_switched":2,"minimap":false,"phases":"pre>post 3.5, phys>proc 22.4","phys":3.1,"pipelines":0,"pos":"-9,0.0,-2","proc":8.8,"steps":1,"stop":"random_1","t_ms":19253}
WALKNOTE left the map or time is up
WALKSUM {"avg_awake":16.63,"avg_cpu_render":1.15,"avg_draws":802.37,"avg_fps":226.3,"avg_gpu":1.71,"avg_objects":2025.35,"avg_phys":7.12,"avg_proc":9.99,"avg_steps":0.27,"drawn_speed_unevenness":0.645,"drawn_still_while_walking":0,"frames":6789,"hero_moving_frames":1591,"hero_still_frames":5198,"lite":true,"low1_fps":71.1,"map":"dg_eclipse_1","max_ms":56.6,"median_ms":3.92,"minimap_renders":8,"multi_step_frames":3,"nodes_end":5212,"nodes_start":5160,"over_17ms":4,"over_25ms":3,"over_33ms":2,"over_50ms":2,"p99_ms":11.34,"particles_end":40,"particles_start":41,"seconds":30.0,"spike_causes":{"fades":0,"lights":3,"minimap":0,"multi_step":0,"nodes_added":3,"pipelines":0},"stuck":1,"vsync":false,"walking_frames":5849,"zero_step_frames":4992}
ERROR: 1 RID allocations of type 'N10RendererRD14TextureStorage7TextureE' were leaked at exit.
ERROR: Parameter "RenderingServer::get_singleton()" is null.
   at: ~CompressedTexture2D (scene/resources/compressed_texture.cpp:464)
WARNING: 2 RIDs of type "Texture" were leaked.
   at: finalize (servers/rendering/rendering_device.cpp:8900)
WARNING: 28 ObjectDB instances were leaked at exit (run with `--verbose` for details).
   at: cleanup (core/object/object.cpp:2536)
ERROR: 4 resources still in use at exit (run with --verbose for details).
   at: clear (core/io/resource.cpp:822)
ERROR: Pages in use exist at exit in PagedAllocator: N12VariantPools12BucketMediumE
   at: ~PagedAllocator (./core/templates/paged_allocator.h:170)
