Godot Engine v4.7.2.stable.official.ed1daf0bf - https://godotengine.org
Vulkan 1.4.329 - Forward+ - Using Device #0: NVIDIA - NVIDIA GeForce RTX 4060

WARNING: Adding 'ring_a' as child to '@Node3D@2737' will make owner 'armillary_sphere_113' inconsistent. Consider unsetting the owner beforehand.
   at: add_child (scene/main/node.cpp:1728)
   GDScript backtrace (most recent call first):
       [0] _light_and_dress (res://src/world/maps/dungeon.gd:579)
       [1] compose (res://src/world/maps/dungeon.gd:96)
       [2] build (res://src/world/map_builder.gd:62)
       [3] build_map (res://src/autoload/game.gd:257)
       [4] load_map (res://src/autoload/game.gd:262)
       [5] _begin_session (res://src/autoload/game.gd:166)
WARNING: Adding 'ring_b' as child to '@Node3D@2738' will make owner 'armillary_sphere_113' inconsistent. Consider unsetting the owner beforehand.
   at: add_child (scene/main/node.cpp:1728)
   GDScript backtrace (most recent call first):
       [0] _light_and_dress (res://src/world/maps/dungeon.gd:579)
       [1] compose (res://src/world/maps/dungeon.gd:96)
       [2] build (res://src/world/map_builder.gd:62)
       [3] build_map (res://src/autoload/game.gd:257)
       [4] load_map (res://src/autoload/game.gd:262)
       [5] _begin_session (res://src/autoload/game.gd:166)
WARNING: Adding 'ring_c' as child to '@Node3D@2739' will make owner 'armillary_sphere_113' inconsistent. Consider unsetting the owner beforehand.
   at: add_child (scene/main/node.cpp:1728)
   GDScript backtrace (most recent call first):
       [0] _light_and_dress (res://src/world/maps/dungeon.gd:579)
       [1] compose (res://src/world/maps/dungeon.gd:96)
       [2] build (res://src/world/map_builder.gd:62)
       [3] build_map (res://src/autoload/game.gd:257)
       [4] load_map (res://src/autoload/game.gd:262)
       [5] _begin_session (res://src/autoload/game.gd:166)
WALKINFO hero=Wanderer level=1 map=dg_orrery_1 tempos=1
WALK map=dg_orrery_1 stops=8 refresh=60 Hz window=(1920, 1080) vsync=false cap=0 lite=true shadows=2 effects=2 aa=1 scale=1.00 renderer=forward_plus
SPIKE {"added":{"GPUParticles3D":3,"MeshInstance3D":2},"awake":20,"cpu_render":1.0,"fades":0,"frame":43.3,"gpu":1.9,"lights_switched":0,"minimap":false,"phases":"pre>post 4.4, phys>phys 1.9, phys>phys 1.3, phys>proc 1.3","phys":2.2,"pipelines":9,"pos":"-1,0.0,15","proc":6.7,"steps":3,"stop":"random_1","t_ms":3733}
WALKNOTE left the map or time is up
WALKSUM {"avg_awake":19.28,"avg_cpu_render":1.31,"avg_draws":957.38,"avg_fps":203.0,"avg_gpu":1.88,"avg_objects":2506.7,"avg_phys":5.21,"avg_proc":11.1,"avg_steps":0.3,"drawn_speed_unevenness":0.524,"drawn_still_while_walking":0,"frames":6089,"hero_moving_frames":1549,"hero_still_frames":4540,"lite":true,"low1_fps":78.5,"map":"dg_orrery_1","max_ms":43.3,"median_ms":4.64,"minimap_renders":7,"multi_step_frames":1,"nodes_end":5345,"nodes_start":5349,"over_17ms":3,"over_25ms":1,"over_33ms":1,"over_50ms":0,"p99_ms":10.65,"particles_end":41,"particles_start":37,"seconds":30.0,"spike_causes":{"fades":0,"lights":0,"minimap":0,"multi_step":1,"nodes_added":1,"pipelines":1},"stuck":0,"vsync":false,"walking_frames":4713,"zero_step_frames":4290}
ERROR: 1 RID allocations of type 'N10RendererRD14TextureStorage7TextureE' were leaked at exit.
ERROR: Parameter "RenderingServer::get_singleton()" is null.
   at: ~CompressedTexture2D (scene/resources/compressed_texture.cpp:464)
WARNING: 2 RIDs of type "Texture" were leaked.
   at: finalize (servers/rendering/rendering_device.cpp:8900)
WARNING: 31 ObjectDB instances were leaked at exit (run with `--verbose` for details).
   at: cleanup (core/object/object.cpp:2536)
ERROR: 2 resources still in use at exit (run with --verbose for details).
   at: clear (core/io/resource.cpp:822)
ERROR: Pages in use exist at exit in PagedAllocator: N12VariantPools12BucketMediumE
   at: ~PagedAllocator (./core/templates/paged_allocator.h:170)
