Godot Engine v4.7.2.stable.official.ed1daf0bf - https://godotengine.org
Vulkan 1.4.329 - Forward+ - Using Device #0: NVIDIA - NVIDIA GeForce RTX 4060

WALKINFO hero=Wanderer level=1 map=dg_sump_10 tempos=1
WALK map=dg_sump_10 stops=8 refresh=60 Hz window=(1920, 1080) vsync=false cap=0 lite=true shadows=2 effects=2 aa=1 scale=1.00 renderer=forward_plus
SCRIPT ERROR: Invalid access to property or key 'kind' on a base object of type 'Dictionary'.
   at: Enemy._attack_request (res://src/actors/enemy/enemy.gd:840)
   GDScript backtrace (most recent call first):
       [0] _attack_request (res://src/actors/enemy/enemy.gd:840)
       [1] _fire (res://src/actors/enemy/enemy.gd:1049)
       [2] _elite_tick (res://src/actors/enemy/enemy.gd:2132)
       [3] _physics_process (res://src/actors/enemy/enemy.gd:366)
SCRIPT ERROR: Invalid access to property or key 'kind' on a base object of type 'Dictionary'.
   at: Enemy._attack_request (res://src/actors/enemy/enemy.gd:840)
   GDScript backtrace (most recent call first):
       [0] _attack_request (res://src/actors/enemy/enemy.gd:840)
       [1] _fire (res://src/actors/enemy/enemy.gd:1049)
       [2] _elite_tick (res://src/actors/enemy/enemy.gd:2132)
       [3] _physics_process (res://src/actors/enemy/enemy.gd:366)
SCRIPT ERROR: Invalid access to property or key 'kind' on a base object of type 'Dictionary'.
   at: Enemy._attack_request (res://src/actors/enemy/enemy.gd:840)
   GDScript backtrace (most recent call first):
       [0] _attack_request (res://src/actors/enemy/enemy.gd:840)
       [1] _fire (res://src/actors/enemy/enemy.gd:1049)
       [2] _elite_tick (res://src/actors/enemy/enemy.gd:2132)
       [3] _physics_process (res://src/actors/enemy/enemy.gd:366)
SCRIPT ERROR: Invalid access to property or key 'kind' on a base object of type 'Dictionary'.
   at: Enemy._attack_request (res://src/actors/enemy/enemy.gd:840)
   GDScript backtrace (most recent call first):
       [0] _attack_request (res://src/actors/enemy/enemy.gd:840)
       [1] _fire (res://src/actors/enemy/enemy.gd:1049)
       [2] _elite_tick (res://src/actors/enemy/enemy.gd:2132)
       [3] _physics_process (res://src/actors/enemy/enemy.gd:366)
SCRIPT ERROR: Invalid access to property or key 'kind' on a base object of type 'Dictionary'.
   at: Enemy._attack_request (res://src/actors/enemy/enemy.gd:840)
   GDScript backtrace (most recent call first):
       [0] _attack_request (res://src/actors/enemy/enemy.gd:840)
       [1] _fire (res://src/actors/enemy/enemy.gd:1049)
       [2] _elite_tick (res://src/actors/enemy/enemy.gd:2132)
       [3] _physics_process (res://src/actors/enemy/enemy.gd:366)
SCRIPT ERROR: Invalid access to property or key 'kind' on a base object of type 'Dictionary'.
   at: Enemy._attack_request (res://src/actors/enemy/enemy.gd:840)
   GDScript backtrace (most recent call first):
       [0] _attack_request (res://src/actors/enemy/enemy.gd:840)
       [1] _fire (res://src/actors/enemy/enemy.gd:1049)
       [2] _elite_tick (res://src/actors/enemy/enemy.gd:2132)
       [3] _physics_process (res://src/actors/enemy/enemy.gd:366)
SCRIPT ERROR: Invalid access to property or key 'kind' on a base object of type 'Dictionary'.
   at: Enemy._attack_request (res://src/actors/enemy/enemy.gd:840)
   GDScript backtrace (most recent call first):
       [0] _attack_request (res://src/actors/enemy/enemy.gd:840)
       [1] _fire (res://src/actors/enemy/enemy.gd:1049)
       [2] _elite_tick (res://src/actors/enemy/enemy.gd:2132)
       [3] _physics_process (res://src/actors/enemy/enemy.gd:366)
SCRIPT ERROR: Invalid access to property or key 'kind' on a base object of type 'Dictionary'.
   at: Enemy._attack_request (res://src/actors/enemy/enemy.gd:840)
   GDScript backtrace (most recent call first):
       [0] _attack_request (res://src/actors/enemy/enemy.gd:840)
       [1] _fire (res://src/actors/enemy/enemy.gd:1049)
       [2] _elite_tick (res://src/actors/enemy/enemy.gd:2132)
       [3] _physics_process (res://src/actors/enemy/enemy.gd:366)
SCRIPT ERROR: Invalid access to property or key 'kind' on a base object of type 'Dictionary'.
   at: Enemy._attack_request (res://src/actors/enemy/enemy.gd:840)
   GDScript backtrace (most recent call first):
       [0] _attack_request (res://src/actors/enemy/enemy.gd:840)
       [1] _fire (res://src/actors/enemy/enemy.gd:1049)
       [2] _elite_tick (res://src/actors/enemy/enemy.gd:2132)
       [3] _physics_process (res://src/actors/enemy/enemy.gd:366)
WALKNOTE left the map or time is up
WALKSUM {"avg_awake":27.56,"avg_cpu_render":1.26,"avg_draws":885.88,"avg_fps":195.8,"avg_gpu":1.93,"avg_objects":2287.64,"avg_phys":5.66,"avg_proc":10.82,"avg_steps":0.31,"drawn_speed_unevenness":0.506,"drawn_still_while_walking":0,"frames":5875,"hero_moving_frames":1746,"hero_still_frames":4129,"lite":true,"low1_fps":75.0,"map":"dg_sump_10","max_ms":20.4,"median_ms":4.65,"minimap_renders":10,"multi_step_frames":0,"nodes_end":5674,"nodes_start":5698,"over_17ms":1,"over_25ms":0,"over_33ms":0,"over_50ms":0,"p99_ms":11.85,"particles_end":34,"particles_start":33,"seconds":30.0,"spike_causes":{"fades":0,"lights":0,"minimap":0,"multi_step":0,"nodes_added":0,"pipelines":0},"stuck":0,"vsync":false,"walking_frames":5507,"zero_step_frames":4075}
ERROR: 1 RID allocations of type 'N10RendererRD14TextureStorage7TextureE' were leaked at exit.
ERROR: Parameter "RenderingServer::get_singleton()" is null.
   at: ~CompressedTexture2D (scene/resources/compressed_texture.cpp:464)
WARNING: 2 RIDs of type "Texture" were leaked.
   at: finalize (servers/rendering/rendering_device.cpp:8900)
WARNING: 3 ObjectDB instances were leaked at exit (run with `--verbose` for details).
   at: cleanup (core/object/object.cpp:2536)
ERROR: 1 resources still in use at exit (run with --verbose for details).
   at: clear (core/io/resource.cpp:822)
