Godot Engine v4.7.2.stable.official.ed1daf0bf - https://godotengine.org
Vulkan 1.4.329 - Forward+ - Using Device #0: NVIDIA - NVIDIA GeForce RTX 4060

WALKINFO hero=Wanderer level=1 map=dg_sump_1 tempos=1
WALK map=dg_sump_1 stops=8 refresh=60 Hz window=(1920, 1080) vsync=false cap=0 lite=true shadows=2 effects=2 aa=1 scale=1.00 renderer=forward_plus
SCRIPT ERROR: Invalid access to property or key 'kind' on a base object of type 'Dictionary'.
   at: Enemy._attack_request (res://src/actors/enemy/enemy.gd:840)
   GDScript backtrace (most recent call first):
       [0] _attack_request (res://src/actors/enemy/enemy.gd:840)
       [1] _fire (res://src/actors/enemy/enemy.gd:1049)
       [2] _elite_tick (res://src/actors/enemy/enemy.gd:2132)
       [3] _physics_process (res://src/actors/enemy/enemy.gd:366)
SCRIPT ERROR: Invalid access to property or key 'kind' on a base object of type 'Dictionary'.
   at: Enemy._attack_request (res://src/actors/enemy/enemy.gd:840)
   GDScript backtrace (most recent call first):
       [0] _attack_request (res://src/actors/enemy/enemy.gd:840)
       [1] _fire (res://src/actors/enemy/enemy.gd:1049)
       [2] _elite_tick (res://src/actors/enemy/enemy.gd:2132)
       [3] _physics_process (res://src/actors/enemy/enemy.gd:366)
SCRIPT ERROR: Invalid access to property or key 'kind' on a base object of type 'Dictionary'.
   at: Enemy._attack_request (res://src/actors/enemy/enemy.gd:840)
   GDScript backtrace (most recent call first):
       [0] _attack_request (res://src/actors/enemy/enemy.gd:840)
       [1] _fire (res://src/actors/enemy/enemy.gd:1049)
       [2] _elite_tick (res://src/actors/enemy/enemy.gd:2132)
       [3] _physics_process (res://src/actors/enemy/enemy.gd:366)
WALKNOTE left the map or time is up
WALKSUM {"avg_awake":16.46,"avg_cpu_render":0.99,"avg_draws":740.3,"avg_fps":262.7,"avg_gpu":1.63,"avg_objects":1961.88,"avg_phys":4.15,"avg_proc":9.86,"avg_steps":0.23,"drawn_speed_unevenness":0.628,"drawn_still_while_walking":0,"frames":7883,"hero_moving_frames":1800,"hero_still_frames":6083,"lite":true,"low1_fps":96.3,"map":"dg_sump_1","max_ms":21.1,"median_ms":3.45,"minimap_renders":11,"multi_step_frames":0,"nodes_end":5106,"nodes_start":5063,"over_17ms":2,"over_25ms":0,"over_33ms":0,"over_50ms":0,"p99_ms":8.93,"particles_end":55,"particles_start":44,"seconds":30.0,"spike_causes":{"fades":0,"lights":0,"minimap":0,"multi_step":0,"nodes_added":0,"pipelines":0},"stuck":0,"vsync":false,"walking_frames":7816,"zero_step_frames":6083}
ERROR: 1 RID allocations of type 'N10RendererRD14TextureStorage7TextureE' were leaked at exit.
ERROR: Parameter "RenderingServer::get_singleton()" is null.
   at: ~CompressedTexture2D (scene/resources/compressed_texture.cpp:464)
WARNING: 2 RIDs of type "Texture" were leaked.
   at: finalize (servers/rendering/rendering_device.cpp:8900)
WARNING: 12 ObjectDB instances were leaked at exit (run with `--verbose` for details).
   at: cleanup (core/object/object.cpp:2536)
ERROR: 1 resources still in use at exit (run with --verbose for details).
   at: clear (core/io/resource.cpp:822)
