Godot Engine v4.7.2.stable.official.ed1daf0bf - https://godotengine.org
Vulkan 1.4.329 - Forward+ - Using Device #0: NVIDIA - NVIDIA GeForce RTX 4060

WALKINFO hero=Wanderer level=1 map=dg_warren_10 tempos=1
WALK map=dg_warren_10 stops=8 refresh=60 Hz window=(1920, 1080) vsync=false cap=0 lite=true shadows=2 effects=2 aa=1 scale=1.00 renderer=forward_plus
SCRIPT ERROR: Invalid access to property or key 'kind' on a base object of type 'Dictionary'.
   at: Enemy._attack_request (res://src/actors/enemy/enemy.gd:840)
   GDScript backtrace (most recent call first):
       [0] _attack_request (res://src/actors/enemy/enemy.gd:840)
       [1] _fire (res://src/actors/enemy/enemy.gd:1049)
       [2] _elite_tick (res://src/actors/enemy/enemy.gd:2132)
       [3] _physics_process (res://src/actors/enemy/enemy.gd:366)
SCRIPT ERROR: Invalid access to property or key 'kind' on a base object of type 'Dictionary'.
   at: Enemy._attack_request (res://src/actors/enemy/enemy.gd:840)
   GDScript backtrace (most recent call first):
       [0] _attack_request (res://src/actors/enemy/enemy.gd:840)
       [1] _fire (res://src/actors/enemy/enemy.gd:1049)
       [2] _elite_tick (res://src/actors/enemy/enemy.gd:2132)
       [3] _physics_process (res://src/actors/enemy/enemy.gd:366)
SCRIPT ERROR: Invalid access to property or key 'kind' on a base object of type 'Dictionary'.
   at: Enemy._attack_request (res://src/actors/enemy/enemy.gd:840)
   GDScript backtrace (most recent call first):
       [0] _attack_request (res://src/actors/enemy/enemy.gd:840)
       [1] _fire (res://src/actors/enemy/enemy.gd:1049)
       [2] _elite_tick (res://src/actors/enemy/enemy.gd:2132)
       [3] _physics_process (res://src/actors/enemy/enemy.gd:366)
WALKNOTE left the map or time is up
WALKSUM {"avg_awake":34.02,"avg_cpu_render":1.36,"avg_draws":902.14,"avg_fps":173.8,"avg_gpu":1.9,"avg_objects":2319.65,"avg_phys":5.9,"avg_proc":11.51,"avg_steps":0.35,"drawn_speed_unevenness":0.436,"drawn_still_while_walking":0,"frames":5214,"hero_moving_frames":1801,"hero_still_frames":3413,"lite":true,"low1_fps":65.2,"map":"dg_warren_10","max_ms":21.5,"median_ms":5.26,"minimap_renders":11,"multi_step_frames":0,"nodes_end":5828,"nodes_start":5661,"over_17ms":8,"over_25ms":0,"over_33ms":0,"over_50ms":0,"p99_ms":13.51,"particles_end":40,"particles_start":32,"seconds":30.0,"spike_causes":{"fades":0,"lights":0,"minimap":0,"multi_step":0,"nodes_added":0,"pipelines":0},"stuck":0,"vsync":false,"walking_frames":4978,"zero_step_frames":3413}
ERROR: 1 RID allocations of type 'N10RendererRD14TextureStorage7TextureE' were leaked at exit.
ERROR: Parameter "RenderingServer::get_singleton()" is null.
   at: ~CompressedTexture2D (scene/resources/compressed_texture.cpp:464)
WARNING: 2 RIDs of type "Texture" were leaked.
   at: finalize (servers/rendering/rendering_device.cpp:8900)
WARNING: 7 ObjectDB instances were leaked at exit (run with `--verbose` for details).
   at: cleanup (core/object/object.cpp:2536)
ERROR: 1 resources still in use at exit (run with --verbose for details).
   at: clear (core/io/resource.cpp:822)
