Godot Engine v4.7.2.stable.official.ed1daf0bf - https://godotengine.org
Vulkan 1.4.329 - Forward+ - Using Device #0: NVIDIA - NVIDIA GeForce RTX 4060

ERROR: Error calling deferred method: 'GDScript::enlarge': Cannot convert argument 1 from Object to Object.
   at: _call_function (core/object/message_queue.cpp:220)
ERROR: Error calling deferred method: 'GDScript::enlarge': Cannot convert argument 1 from Object to Object.
   at: _call_function (core/object/message_queue.cpp:220)
ERROR: Error calling deferred method: 'GDScript::enlarge': Cannot convert argument 1 from Object to Object.
   at: _call_function (core/object/message_queue.cpp:220)
ERROR: Error calling deferred method: 'GDScript::enlarge': Cannot convert argument 1 from Object to Object.
   at: _call_function (core/object/message_queue.cpp:220)
ERROR: Error calling deferred method: 'GDScript::enlarge': Cannot convert argument 1 from Object to Object.
   at: _call_function (core/object/message_queue.cpp:220)
ERROR: Error calling deferred method: 'GDScript::enlarge': Cannot convert argument 1 from Object to Object.
   at: _call_function (core/object/message_queue.cpp:220)
ERROR: Error calling deferred method: 'GDScript::enlarge': Cannot convert argument 1 from Object to Object.
   at: _call_function (core/object/message_queue.cpp:220)
ERROR: Error calling deferred method: 'GDScript::enlarge': Cannot convert argument 1 from Object to Object.
   at: _call_function (core/object/message_queue.cpp:220)
ERROR: Error calling deferred method: 'GDScript::enlarge': Cannot convert argument 1 from Object to Object.
   at: _call_function (core/object/message_queue.cpp:220)
SHOT ag_01_pier__before_high_hud
SHOT ag_01_pier__before_high_clean
SHOT ag_02_harbour__before_high_hud
SHOT ag_02_harbour__before_high_clean
SHOT ag_03_market__before_high_hud
SHOT ag_03_market__before_high_clean
SHOT ag_04_middle__before_high_hud
SHOT ag_04_middle__before_high_clean
SHOT ag_05_upper__before_high_hud
SHOT ag_05_upper__before_high_clean
SHOT ag_06_crown__before_high_hud
SHOT ag_06_crown__before_high_clean
SHOT ag_07_gate__before_high_hud
SHOT ag_07_gate__before_high_clean
SHOT zc_01_shrine__before_high_hud
SHOT zc_01_shrine__before_high_clean
SHOT zc_02_aqueduct__before_high_hud
SHOT zc_02_aqueduct__before_high_clean
WARNING: Navigation region synchronization had 2 edge error(s).
More than 2 edges tried to occupy the same map rasterization space.
This causes a logical error in the navigation mesh geometry and is commonly caused by overlap or too densely placed edges.
Consider baking with a higher 'cell_size', greater geometry margin, and less detailed bake objects to cause fewer edges.
Consider lowering the 'navigation/3d/merge_rasterizer_cell_scale' in the project settings.
This warning can be toggled under 'navigation/3d/warnings/navmesh_edge_merge_errors' in the project settings.
   at: _build_step_find_edge_connection_pairs (modules/navigation_3d/3d/nav_region_builder_3d.cpp:219)
   GDScript backtrace (most recent call first):
       [0] bake_navigation (res://src/world/map_builder.gd:89)
       [1] load_map (res://src/autoload/game.gd:251)
       [2] _view (res://tests/tools/capture_map_design.gd:130)
       [3] _run (res://tests/tools/capture_map_design.gd:120)
       [4] _view (res://tests/tools/capture_map_design.gd:156)
       [5] _shot (res://tests/tools/capture_map_design.gd:93)
SHOT zb_01_camp__before_high_hud
SHOT zb_01_camp__before_high_clean
SHOT zb_02_colossus__before_high_hud
SHOT zb_02_colossus__before_high_clean
SHOT bd_01_south__before_high_hud
SHOT bd_01_south__before_high_clean
SHOT hc_01_siege__before_high_hud
SHOT hc_01_siege__before_high_clean
SHOT hc_02_avenue__before_high_hud
SHOT hc_02_avenue__before_high_clean
ERROR: 1 RID allocations of type 'N10RendererRD14TextureStorage7TextureE' were leaked at exit.
ERROR: Parameter "RenderingServer::get_singleton()" is null.
   at: ~CompressedTexture2D (scene/resources/compressed_texture.cpp:464)
WARNING: 2 RIDs of type "Texture" were leaked.
   at: finalize (servers/rendering/rendering_device.cpp:8900)
