A first run per scenario is a warm-up for the disk cache and is kept in the folder but not summarised separately.
  town      pc-low  r1:    22 s
  town      mobile  r1:    23 s
  town-wide-map pc-low  r1:    21 s
  town-wide-map mobile  r1:    24 s
  forest    pc-low  r1:    27 s
  forest    mobile  r1:    27 s
  interior  pc-low  r1:    19 s
  interior  mobile  r1:    19 s
  dungeon   pc-low  r1:    25 s
  dungeon   mobile  r1:    27 s
  combat    pc-low  r1:    40 s
  combat    mobile  r1:    50 s
  combat-12 pc-low  r1:    28 s
  combat-12 mobile  r1:    26 s
  westreach pc-low  r1:    28 s
  westreach mobile  r1:    28 s
  olivar    pc-low  r1:    22 s
  olivar    mobile  r1:    22 s
  wyman     pc-low  r1:    27 s
  wyman     mobile  r1:    28 s
  causeway  pc-low  r1:    18 s
  causeway  mobile  r1:    21 s
  agdao     pc-low  r1:    26 s
  agdao     mobile  r1:    26 s
  coilwood  pc-low  r1:    28 s
  coilwood  mobile  r1:    27 s
  barrens   pc-low  r1:    26 s
  barrens   mobile  r1:    27 s
  bridge    pc-low  r1:    19 s
  bridge    mobile  r1:    18 s
  citadel   pc-low  r1:    22 s
  citadel   mobile  r1:    22 s
  guildhouse pc-low  r1:    20 s
  guildhouse mobile  r1:    20 s
  domestic  pc-low  r1:    19 s
  domestic  mobile  r1:    20 s
  dg-deeps  pc-low  r1:    37 s
  dg-deeps  mobile  r1:    26 s
  dg-warren pc-low  r1:    25 s
  dg-warren mobile  r1:    24 s
  dg-ember  pc-low  r1:    21 s
  dg-ember  mobile  r1:    26 s
  dg-barrow pc-low  r1:    24 s
  dg-barrow mobile  r1:    25 s
  dg-orrery pc-low  r1:    24 s
  dg-orrery mobile  r1:    27 s
  dg-jade   pc-low  r1:    23 s
  dg-jade   mobile  r1:    24 s
  dg-obsidian pc-low  r1:    21 s
  dg-obsidian mobile  r1:    24 s
  dg-vein   pc-low  r1:    19 s
  dg-vein   mobile  r1:    22 s
  town      pc-low  r2:    25 s
  town      mobile  r2:    22 s
  town-wide-map pc-low  r2:    26 s
  town-wide-map mobile  r2:    23 s
  forest    pc-low  r2:    26 s
  forest    mobile  r2:    30 s
  interior  pc-low  r2:    20 s
  interior  mobile  r2:    19 s
  dungeon   pc-low  r2:    23 s
  dungeon   mobile  r2:    31 s
  combat    pc-low  r2:    62 s
  combat    mobile  r2:    58 s
  combat-12 pc-low  r2:    28 s
  combat-12 mobile  r2:    30 s
  westreach pc-low  r2:    29 s
  westreach mobile  r2:    28 s
  olivar    pc-low  r2:    24 s
  olivar    mobile  r2:    23 s
  wyman     pc-low  r2:    28 s
  wyman     mobile  r2:    27 s
  causeway  pc-low  r2:    21 s
  causeway  mobile  r2:    20 s
  agdao     pc-low  r2:    28 s
  agdao     mobile  r2:    25 s
  coilwood  pc-low  r2:    24 s
  coilwood  mobile  r2:    28 s
  barrens   pc-low  r2:    25 s
  barrens   mobile  r2:    24 s
  bridge    pc-low  r2:    19 s
  bridge    mobile  r2:    20 s
  citadel   pc-low  r2:    23 s
  citadel   mobile  r2:    22 s
  guildhouse pc-low  r2:    17 s
  guildhouse mobile  r2:    17 s
  domestic  pc-low  r2:    17 s
  domestic  mobile  r2:    17 s
  dg-deeps  pc-low  r2:    23 s
  dg-deeps  mobile  r2:    22 s
  dg-warren pc-low  r2:    20 s
  dg-warren mobile  r2:    22 s
  dg-ember  pc-low  r2:    21 s
  dg-ember  mobile  r2:    21 s
  dg-barrow pc-low  r2:    24 s
  dg-barrow mobile  r2:    24 s
  dg-orrery pc-low  r2:    25 s
  dg-orrery mobile  r2:    27 s
  dg-jade   pc-low  r2:    23 s
  dg-jade   mobile  r2:    24 s
  dg-obsidian pc-low  r2:    24 s
  dg-obsidian mobile  r2:    23 s
  dg-vein   pc-low  r2:    15 s
  dg-vein   mobile  r2:    16 s
  town      pc-low  r3:    19 s
  town      mobile  r3:    19 s
  town-wide-map pc-low  r3:    19 s
  town-wide-map mobile  r3:    18 s
  forest    pc-low  r3:    27 s
  forest    mobile  r3:    32 s
  interior  pc-low  r3:    21 s
  interior  mobile  r3:    20 s
  dungeon   pc-low  r3:    25 s
  dungeon   mobile  r3:    27 s
  combat    pc-low  r3:    48 s
  combat    mobile  r3:    49 s
  combat-12 pc-low  r3:    24 s
  combat-12 mobile  r3:    29 s
  westreach pc-low  r3:    25 s
  westreach mobile  r3:    25 s
  olivar    pc-low  r3:    22 s
  olivar    mobile  r3:    21 s
  wyman     pc-low  r3:    25 s
  wyman     mobile  r3:    25 s
  causeway  pc-low  r3:    20 s
  causeway  mobile  r3:    20 s
  agdao     pc-low  r3:    29 s
  agdao     mobile  r3:    30 s
  coilwood  pc-low  r3:    28 s
  coilwood  mobile  r3:    29 s
  barrens   pc-low  r3:    27 s
  barrens   mobile  r3:    29 s
  bridge    pc-low  r3:    21 s
  bridge    mobile  r3:    21 s
  citadel   pc-low  r3:    22 s
  citadel   mobile  r3:    21 s
  guildhouse pc-low  r3:    17 s
  guildhouse mobile  r3:    19 s
  domestic  pc-low  r3:    17 s
  domestic  mobile  r3:    16 s
  dg-deeps  pc-low  r3:    23 s
  dg-deeps  mobile  r3:    22 s
  dg-warren pc-low  r3:    23 s
  dg-warren mobile  r3:    23 s
  dg-ember  pc-low  r3:    24 s
  dg-ember  mobile  r3:    23 s
  dg-barrow pc-low  r3:    24 s
  dg-barrow mobile  r3:    26 s
  dg-orrery pc-low  r3:    26 s
  dg-orrery mobile  r3:    26 s
  dg-jade   pc-low  r3:    21 s
  dg-jade   mobile  r3:    24 s
  dg-obsidian pc-low  r3:    24 s
  dg-obsidian mobile  r3:    24 s
  dg-vein   pc-low  r3:    21 s
  dg-vein   mobile  r3:    22 s
summary: A:\Python\beyond-heroes\output\map-design-20261003\perf\map-design-baseline\summary.json
