Godot Engine v4.7.2.stable.official.ed1daf0bf - https://godotengine.org

TBAL knight      L121 base                   single   74367.0  aoe  253326.7  ehp    513456  live    515618  sustain    81.4  casts 5 (0 new)
TBAL knight      L121 first                  single   62952.2  aoe  239896.4  ehp    540659  live    620807  sustain    81.4  casts 8 (3 new)
TBAL knight      L121 dark_general           single   67407.6  aoe  283139.2  ehp    540659  live    617026  sustain   588.8  casts 11 (6 new)
TBAL knight      L121 grand_paladin          single   69597.5  aoe  314094.1  ehp    540659  live    621922  sustain   427.4  casts 11 (6 new)
TBAL knight      L300 base                   single  651482.5  aoe 2914500.8  ehp   1358040  live   1252592  sustain   199.8  casts 5 (0 new)
TBAL knight      L300 first                  single  577518.8  aoe 2796010.6  ehp   1376772  live   1655667  sustain   199.7  casts 8 (3 new)
TBAL knight      L300 dark_general           single  870480.9  aoe 3554972.0  ehp   1376772  live   1684777  sustain  5893.3  casts 11 (6 new)
TBAL knight      L300 grand_paladin          single  881712.7  aoe 3765622.2  ehp   1376772  live   1652237  sustain  1055.1  casts 11 (6 new)
TBAL knight      L300 dark_general+max       single  879090.2  aoe 3761472.8  ehp   1623024  live   2095653  sustain  8247.4  casts 11 (6 new)
TBAL knight      L300 grand_paladin+max      single  860003.7  aoe 3909964.8  ehp   1623024  live   2126842  sustain  1055.1  casts 11 (6 new)
TBAL mage        L121 base                   single   43675.0  aoe  136966.3  ehp     63435  live     58575  sustain  1476.6  casts 43 (0 new)
TBAL mage        L121 first                  single   47684.8  aoe  156813.6  ehp     63435  live     58575  sustain  1643.3  casts 42 (10 new)
TBAL mage        L121 archmage               single   60079.9  aoe  208157.3  ehp     63435  live     59535  sustain  1927.9  casts 44 (14 new)
TBAL mage        L121 void_sovereign         single   55344.3  aoe  182189.5  ehp     63435  live     59286  sustain  3195.4  casts 43 (16 new)
TBAL mage        L300 base                   single  397477.3  aoe 1261845.6  ehp    192464  live    162130  sustain 11052.9  casts 52 (0 new)
TBAL mage        L300 first                  single  450892.0  aoe 1554376.9  ehp    192464  live    162130  sustain  9414.2  casts 51 (10 new)
TBAL mage        L300 archmage               single  577862.3  aoe 1729224.0  ehp    192464  live    164993  sustain 10833.9  casts 52 (15 new)
TBAL mage        L300 void_sovereign         single  512081.9  aoe 1582500.5  ehp    192464  live    163875  sustain 17139.9  casts 51 (17 new)
TBAL mage        L300 archmage+max           single  806763.1  aoe 3043014.4  ehp    192464  live    164993  sustain 12421.1  casts 52 (15 new)
TBAL mage        L300 void_sovereign+max     single  703050.7  aoe 2887616.6  ehp    192464  live    163875  sustain 21765.3  casts 51 (17 new)
TBAL shadowblade L121 base                   single  221798.5  aoe  628456.5  ehp     48827  live     51082  sustain    20.4  casts 65 (0 new)
TBAL shadowblade L121 first                  single  217433.0  aoe  691591.5  ehp     48827  live     51082  sustain   131.3  casts 65 (5 new)
TBAL shadowblade L121 blood_sovereign        single  230340.3  aoe  748903.3  ehp     49803  live     52103  sustain   317.2  casts 65 (11 new)
TBAL shadowblade L121 phantom_reaper         single  228452.4  aoe  695409.5  ehp     48827  live     51082  sustain   138.4  casts 68 (10 new)
TBAL shadowblade L300 base                   single 1865364.5  aoe 6065507.1  ehp    145752  live    139507  sustain    48.8  casts 67 (0 new)
TBAL shadowblade L300 first                  single 1966169.4  aoe 5932151.4  ehp    145752  live    139507  sustain  1667.0  casts 69 (6 new)
TBAL shadowblade L300 blood_sovereign        single 1969361.2  aoe 6403016.3  ehp    148667  live    142297  sustain  1542.9  casts 67 (11 new)
TBAL shadowblade L300 phantom_reaper         single 2202386.9  aoe 6142916.1  ehp    145752  live    139507  sustain   811.4  casts 70 (11 new)
TBAL shadowblade L300 blood_sovereign+max    single 2035653.0  aoe 6722004.9  ehp    166156  live    159036  sustain  1952.2  casts 67 (11 new)
TBAL shadowblade L300 phantom_reaper+max     single 2322858.9  aoe 7049224.9  ehp    145752  live    139507  sustain  1307.3  casts 69 (11 new)
WROTE ../output/class-transcendence/balance_retune.csv
WARNING: 1544 ObjectDB instances were leaked at exit (run with `--verbose` for details).
   at: cleanup (core/object/object.cpp:2536)
ERROR: 6 resources still in use at exit (run with --verbose for details).
   at: clear (core/io/resource.cpp:822)
ERROR: Pages in use exist at exit in PagedAllocator: N12VariantPools12BucketMediumE
   at: ~PagedAllocator (./core/templates/paged_allocator.h:170)
