Godot Engine v4.7.2.stable.official.ed1daf0bf - https://godotengine.org

TBAL knight      L60  base                   single   12731.2  aoe   47830.2  ehp    184482  live    171359  sustain    41.1  casts 25 (0 new)
TBAL knight      L60  first                  single   10062.5  aoe   43504.1  ehp    171100  live    198718  sustain    41.1  casts 26 (7 new)
TBAL knight      L121 base                   single   73977.3  aoe  239530.6  ehp    513456  live    515618  sustain    81.4  casts 5 (0 new)
TBAL knight      L121 first                  single   64983.2  aoe  234378.3  ehp    540659  live    620807  sustain    81.4  casts 8 (3 new)
TBAL knight      L121 dark_general           single   61597.5  aoe  284133.8  ehp    540659  live    617026  sustain   478.6  casts 11 (6 new)
TBAL knight      L121 grand_paladin          single   71466.0  aoe  306466.0  ehp    540659  live    621922  sustain   427.5  casts 11 (6 new)
TBAL knight      L180 base                   single  209549.5  aoe  698847.7  ehp    651966  live    777108  sustain   120.4  casts 5 (0 new)
TBAL knight      L180 first                  single  204484.3  aoe  665178.3  ehp    662713  live    953802  sustain   120.5  casts 8 (3 new)
TBAL knight      L180 dark_general           single  181183.3  aoe  795803.2  ehp    662713  live    977970  sustain  1171.2  casts 11 (6 new)
TBAL knight      L180 grand_paladin          single  213420.5  aoe  895555.3  ehp    662713  live    990628  sustain   634.4  casts 11 (6 new)
TBAL knight      L300 base                   single  795405.5  aoe 2842343.7  ehp   1358040  live   1252592  sustain   199.7  casts 5 (0 new)
TBAL knight      L300 first                  single  835524.4  aoe 2831593.0  ehp   1376772  live   1655667  sustain   199.7  casts 8 (3 new)
TBAL knight      L300 dark_general           single  802507.8  aoe 3299188.0  ehp   1376772  live   1684777  sustain  4166.1  casts 11 (6 new)
TBAL knight      L300 grand_paladin          single  837363.1  aoe 3753831.8  ehp   1376772  live   1652237  sustain  1055.1  casts 11 (6 new)
TBAL knight      L300 dark_general+max       single  818956.6  aoe 3619087.0  ehp   1623024  live   2095653  sustain  5644.2  casts 11 (6 new)
TBAL knight      L300 grand_paladin+max      single  897906.7  aoe 4133191.7  ehp   1623024  live   2126842  sustain  1055.2  casts 11 (6 new)
TBAL ranger      L60  base                   single   46220.0  aoe  248294.0  ehp     27397  live     28672  sustain     6.8  casts 63 (0 new)
TBAL ranger      L60  first                  single   50476.3  aoe  235406.3  ehp     27397  live     28672  sustain     6.8  casts 63 (8 new)
TBAL ranger      L121 base                   single  257238.0  aoe 1308506.3  ehp     66597  live     69673  sustain    12.8  casts 74 (0 new)
TBAL ranger      L121 first                  single  271090.9  aoe 1235807.9  ehp     66597  live     69673  sustain    12.8  casts 74 (8 new)
TBAL ranger      L121 starstrider            single  282771.4  aoe 1277203.5  ehp     66597  live     69673  sustain    12.8  casts 73 (17 new)
TBAL ranger      L121 wildwarden             single  269389.3  aoe 1232078.1  ehp     67757  live     75445  sustain    68.4  casts 71 (12 new)
TBAL ranger      L180 base                   single  697321.7  aoe 3540271.5  ehp    113325  live    114329  sustain    18.6  casts 79 (0 new)
TBAL ranger      L180 first                  single  710863.4  aoe 3563118.9  ehp    113325  live    114329  sustain    18.6  casts 79 (8 new)
TBAL ranger      L180 starstrider            single  774895.9  aoe 3517357.0  ehp    113325  live    114329  sustain    18.6  casts 79 (17 new)
TBAL ranger      L180 wildwarden             single  789649.1  aoe 3464141.9  ehp    115296  live    124607  sustain   101.2  casts 77 (14 new)
TBAL ranger      L300 base                   single 2915649.5  aoe 13935238.5  ehp    196205  live    187798  sustain    30.5  casts 86 (0 new)
TBAL ranger      L300 first                  single 3169733.7  aoe 13760385.8  ehp    196205  live    187798  sustain    30.5  casts 86 (8 new)
TBAL ranger      L300 starstrider            single 3025183.8  aoe 14332841.4  ehp    196205  live    187798  sustain    30.5  casts 84 (19 new)
TBAL ranger      L300 wildwarden             single 3074083.4  aoe 13256509.9  ehp    199618  live    205066  sustain   305.3  casts 82 (15 new)
TBAL ranger      L300 starstrider+max        single 3621367.1  aoe 17021499.4  ehp    196205  live    187798  sustain    30.5  casts 84 (18 new)
TBAL ranger      L300 wildwarden+max         single 3665444.5  aoe 16529388.8  ehp    220093  live    226099  sustain   234.3  casts 82 (15 new)
TBAL mage        L60  base                   single    9896.8  aoe   29538.8  ehp     25098  live     23170  sustain   198.0  casts 36 (0 new)
TBAL mage        L60  first                  single   14167.0  aoe   39861.1  ehp     25098  live     23170  sustain   274.3  casts 36 (8 new)
TBAL mage        L121 base                   single   45685.3  aoe  137777.2  ehp     63435  live     58575  sustain  1627.2  casts 43 (0 new)
TBAL mage        L121 first                  single   60462.7  aoe  210207.8  ehp     63435  live     58575  sustain  2098.4  casts 42 (10 new)
TBAL mage        L121 archmage               single   76405.6  aoe  262466.0  ehp     63435  live     59535  sustain  2283.1  casts 44 (14 new)
TBAL mage        L121 void_sovereign         single   69504.5  aoe  238678.8  ehp     63435  live     59286  sustain  4088.0  casts 43 (16 new)
TBAL mage        L180 base                   single  119378.9  aoe  363266.5  ehp    110572  live     98413  sustain  3715.1  casts 47 (0 new)
TBAL mage        L180 first                  single  162233.5  aoe  495706.9  ehp    110572  live     98413  sustain  5461.4  casts 46 (10 new)
TBAL mage        L180 archmage               single  198879.6  aoe  667155.5  ehp    110572  live     99933  sustain  4875.6  casts 48 (15 new)
TBAL mage        L180 void_sovereign         single  180154.0  aoe  603296.3  ehp    110572  live     99697  sustain  8331.3  casts 47 (17 new)
TBAL mage        L300 base                   single  419477.9  aoe 1249267.0  ehp    192464  live    162130  sustain 11220.6  casts 52 (0 new)
TBAL mage        L300 first                  single  498853.0  aoe 1774862.2  ehp    192464  live    162130  sustain 10167.2  casts 51 (10 new)
TBAL mage        L300 archmage               single  617149.6  aoe 2168167.8  ehp    192464  live    164993  sustain 11798.1  casts 52 (15 new)
TBAL mage        L300 void_sovereign         single  599530.2  aoe 2123030.5  ehp    192464  live    163875  sustain 21381.6  casts 51 (18 new)
TBAL mage        L300 archmage+max           single 1091757.3  aoe 3714757.6  ehp    192464  live    164993  sustain 12912.2  casts 52 (15 new)
TBAL mage        L300 void_sovereign+max     single  931909.5  aoe 3449600.6  ehp    192464  live    163875  sustain 23906.0  casts 51 (17 new)
TBAL shadowblade L60  base                   single   43593.3  aoe  131695.7  ehp     19842  live     20764  sustain    10.7  casts 60 (0 new)
TBAL shadowblade L60  first                  single   45170.5  aoe  149294.7  ehp     19842  live     20764  sustain    39.1  casts 61 (5 new)
TBAL shadowblade L121 base                   single  212810.2  aoe  649092.6  ehp     48827  live     51082  sustain    20.4  casts 65 (0 new)
TBAL shadowblade L121 first                  single  228977.9  aoe  656235.9  ehp     48827  live     51082  sustain    94.8  casts 67 (5 new)
TBAL shadowblade L121 blood_sovereign        single  238330.2  aoe  718122.7  ehp     49803  live     52103  sustain  2734.8  casts 66 (11 new)
TBAL shadowblade L121 phantom_reaper         single  233577.0  aoe  678717.5  ehp     48827  live     51082  sustain   111.9  casts 68 (10 new)
TBAL shadowblade L180 base                   single  511355.5  aoe 1653934.6  ehp     84216  live     84963  sustain    29.8  casts 65 (0 new)
TBAL shadowblade L180 first                  single  564356.6  aoe 1743727.7  ehp     84216  live     84963  sustain   197.6  casts 69 (5 new)
TBAL shadowblade L180 blood_sovereign        single  562041.4  aoe 1794081.9  ehp     85897  live     86658  sustain  6468.6  casts 67 (11 new)
TBAL shadowblade L180 phantom_reaper         single  602411.3  aoe 1819271.6  ehp     84216  live     84963  sustain   324.3  casts 69 (10 new)
TBAL shadowblade L300 base                   single 1908172.0  aoe 5876615.3  ehp    145752  live    139507  sustain    48.8  casts 67 (0 new)
TBAL shadowblade L300 first                  single 1887166.7  aoe 6012262.5  ehp    145752  live    139507  sustain   939.4  casts 68 (5 new)
TBAL shadowblade L300 blood_sovereign        single 2053097.5  aoe 6221621.7  ehp    148667  live    142297  sustain 22236.1  casts 68 (11 new)
TBAL shadowblade L300 phantom_reaper         single 2069551.4  aoe 6566498.6  ehp    145752  live    139507  sustain  1122.8  casts 69 (11 new)
TBAL shadowblade L300 blood_sovereign+max    single 2053437.5  aoe 6334650.8  ehp    166156  live    159036  sustain 26799.7  casts 68 (11 new)
TBAL shadowblade L300 phantom_reaper+max     single 2361973.0  aoe 6349822.8  ehp    145752  live    139507  sustain   997.7  casts 69 (11 new)
WROTE A:/Python/beyond-heroes/game/../output/class-transcendence/balance.csv
WARNING: 2364 ObjectDB instances were leaked at exit (run with `--verbose` for details).
   at: cleanup (core/object/object.cpp:2536)
ERROR: 6 resources still in use at exit (run with --verbose for details).
   at: clear (core/io/resource.cpp:822)
ERROR: Pages in use exist at exit in PagedAllocator: N12VariantPools12BucketMediumE
   at: ~PagedAllocator (./core/templates/paged_allocator.h:170)
