Godot Engine v4.7.2.stable.official.ed1daf0bf - https://godotengine.org
Vulkan 1.4.329 - Forward+ - Using Device #0: NVIDIA - NVIDIA GeForce RTX 4060

SPOT 0 -104,55.1,-100 changed=0.129% black=0.00%
SPOT 1 -88,54.8,-100 changed=0.000% black=0.00%
SPOT 2 -72,53.6,-100 changed=0.077% black=0.00%
SPOT 3 -56,53.9,-100 changed=0.025% black=0.00%
SPOT 4 -40,36.8,-100 changed=0.063% black=0.00%
SPOT 5 -24,36.8,-100 changed=0.007% black=0.00%
SPOT 6 -8,36.8,-100 changed=0.037% black=0.00%
SPOT 7 8,36.8,-100 changed=0.000% black=0.00%
SPOT 8 24,36.8,-100 changed=0.040% black=0.00%
SPOT 9 40,36.8,-100 changed=0.000% black=0.00%
SPOT 10 56,53.6,-100 changed=0.034% black=0.00%
SPOT 11 72,54.8,-100 changed=0.004% black=0.00%
SPOT 12 88,55.2,-100 changed=0.303% black=0.00%
SPOT 13 104,54.9,-100 changed=0.004% black=0.00%
SPOT 14 -104,36.9,-84 changed=0.177% black=0.00%
SPOT 15 -88,36.3,-84 changed=0.407% black=0.00%
SPOT 16 -72,35.4,-84 changed=0.001% black=0.00%
SPOT 17 -56,35.7,-84 changed=0.025% black=0.00%
SPOT 18 -40,25.6,-84 changed=0.001% black=0.00%
SPOT 19 -24,25.6,-84 changed=0.065% black=0.00%
SPOT 20 -8,25.6,-84 changed=1.290% black=0.00%
SPOT 21 8,25.6,-84 changed=1.221% black=0.00%
SPOT 22 24,25.6,-84 changed=0.207% black=0.00%
SPOT 23 40,25.6,-84 changed=0.025% black=0.00%
SPOT 24 56,36.1,-84 changed=0.002% black=0.00%
SPOT 25 72,35.8,-84 changed=0.039% black=0.00%
SPOT 26 88,34.5,-84 changed=0.245% black=0.00%
SPOT 27 104,34.5,-84 changed=0.000% black=0.00%
SPOT 28 -104,35.2,-68 changed=0.086% black=0.00%
SPOT 29 -88,34.8,-68 changed=0.288% black=0.00%
SPOT 30 -72,35.9,-68 changed=0.005% black=0.00%
SPOT 31 -56,37.0,-68 changed=0.045% black=0.00%
SPOT 32 -40,17.6,-68 changed=0.002% black=0.00%
SPOT 33 -24,17.6,-68 changed=0.049% black=0.00%
SPOT 34 -8,28.6,-68 changed=0.471% black=0.00%
SPOT 35 8,30.0,-68 changed=0.559% black=0.00%
SPOT 36 24,17.6,-68 changed=0.355% black=0.00%
SPOT 37 40,17.6,-68 changed=0.165% black=0.00%
SPOT 38 56,36.7,-68 changed=0.003% black=0.00%
SPOT 39 72,36.4,-68 changed=0.052% black=0.00%
SPOT 40 88,35.6,-68 changed=0.248% black=0.00%
SPOT 41 104,35.9,-68 changed=0.001% black=0.00%
SPOT 42 -104,35.3,-52 changed=0.094% black=0.00%
SPOT 43 -88,34.6,-52 changed=0.102% black=0.00%
SPOT 44 -72,35.3,-52 changed=0.002% black=0.00%
SPOT 45 -56,35.3,-52 changed=0.015% black=0.00%
SPOT 46 -40,17.6,-52 changed=0.351% black=0.00%
SPOT 47 -24,17.6,-52 changed=0.170% black=0.00%
SPOT 48 -8,17.6,-52 changed=0.406% black=0.00%
SPOT 49 8,17.6,-52 changed=0.257% black=0.00%
SPOT 50 24,17.6,-52 changed=0.266% black=0.00%
SPOT 51 40,17.6,-52 changed=0.333% black=0.00%
SPOT 52 56,35.2,-52 changed=0.001% black=0.00%
SPOT 53 72,34.6,-52 changed=0.043% black=0.00%
SPOT 54 88,35.6,-52 changed=0.233% black=0.06%
SPOT 55 104,36.9,-52 changed=0.005% black=0.00%
SPOT 56 -104,31.7,-36 changed=0.074% black=0.00%
SPOT 57 -88,32.6,-36 changed=0.090% black=0.00%
SPOT 58 -72,32.5,-36 changed=0.003% black=0.00%
SPOT 59 -56,13.6,-36 changed=0.049% black=0.00%
SPOT 60 -40,13.6,-36 changed=0.149% black=0.00%
SPOT 61 -24,13.6,-36 changed=0.097% black=0.00%
SPOT 62 -8,13.6,-36 changed=0.187% black=0.00%
SPOT 63 8,13.6,-36 changed=0.527% black=0.00%
SPOT 64 24,13.6,-36 changed=0.016% black=0.00%
SPOT 65 40,17.7,-36 changed=0.049% black=0.00%
SPOT 66 56,13.6,-36 changed=0.125% black=0.01%
SPOT 67 72,13.6,-36 changed=0.019% black=0.00%
SPOT 68 88,13.6,-36 changed=0.092% black=0.00%
SPOT 69 104,31.2,-36 changed=0.002% black=0.00%
SPOT 70 -104,26.8,-20 changed=0.184% black=0.10%
SPOT 71 -88,28.0,-20 changed=0.252% black=0.00%
SPOT 72 -72,18.9,-20 changed=0.023% black=0.00%
SPOT 73 -56,13.6,-20 changed=0.279% black=0.00%
SPOT 74 -40,13.6,-20 changed=0.417% black=0.00%
SPOT 75 -24,17.6,-20 changed=0.061% black=0.00%
SPOT 76 -8,13.6,-20 changed=1.235% black=0.00%
SPOT 77 8,13.6,-20 changed=0.505% black=0.00%
SPOT 78 24,13.6,-20 changed=0.473% black=0.00%
SPOT 79 40,13.6,-20 changed=0.927% black=0.00%
SPOT 80 56,13.6,-20 changed=1.023% black=0.00%
SPOT 81 72,17.6,-20 changed=0.273% black=0.00%
SPOT 82 88,28.7,-20 changed=0.063% black=0.00%
SPOT 83 104,27.3,-20 changed=0.063% black=0.00%
SPOT 84 -104,28.0,-4 changed=0.177% black=0.00%
SPOT 85 -88,27.3,-4 changed=0.178% black=0.00%
SPOT 86 -72,17.5,-4 changed=0.066% black=0.00%
SPOT 87 -56,9.6,-4 changed=0.053% black=0.00%
SPOT 88 -40,12.0,-4 changed=0.115% black=0.00%
SPOT 89 -24,9.6,-4 changed=0.038% black=0.00%
SPOT 90 -8,14.6,-4 changed=0.128% black=0.00%
SPOT 91 8,14.6,-4 changed=0.147% black=0.00%
SPOT 92 24,9.6,-4 changed=0.070% black=0.00%
SPOT 93 40,12.0,-4 changed=0.190% black=0.00%
SPOT 94 56,9.6,-4 changed=0.014% black=0.00%
SPOT 95 72,17.6,-4 changed=0.018% black=0.00%
SPOT 96 88,27.8,-4 changed=0.001% black=0.00%
SPOT 97 104,27.7,-4 changed=0.041% black=0.00%
SPOT 98 -104,24.9,12 changed=0.039% black=0.00%
SPOT 99 -88,24.0,12 changed=0.007% black=0.00%
SPOT 100 -72,13.6,12 changed=0.111% black=0.00%
SPOT 101 -56,5.6,12 changed=0.228% black=0.00%
SPOT 102 -40,10.6,12 changed=0.275% black=0.00%
SPOT 103 -24,9.8,12 changed=0.090% black=0.00%
SPOT 104 -8,5.6,12 changed=0.420% black=0.00%
SPOT 105 8,5.6,12 changed=0.200% black=0.00%
SPOT 106 24,10.6,12 changed=0.139% black=0.00%
SPOT 107 40,9.8,12 changed=0.576% black=0.00%
SPOT 108 56,9.8,12 changed=0.335% black=0.00%
SPOT 109 72,11.6,12 changed=0.421% black=0.00%
SPOT 110 88,22.3,12 changed=0.049% black=0.00%
SPOT 111 104,22.7,12 changed=0.024% black=0.00%
SPOT 112 -104,23.0,28 changed=0.093% black=0.00%
SPOT 113 -88,22.9,28 changed=0.057% black=0.00%
SPOT 114 -72,13.6,28 changed=0.240% black=0.00%
SPOT 115 -56,5.6,28 changed=0.463% black=0.00%
SPOT 116 -40,5.6,28 changed=0.521% black=0.00%
SPOT 117 -24,5.6,28 changed=0.478% black=0.00%
SPOT 118 -8,8.0,28 changed=0.529% black=0.00%
SPOT 119 8,8.0,28 changed=0.611% black=0.00%
SPOT 120 24,5.6,28 changed=0.464% black=0.00%
SPOT 121 40,5.6,28 changed=0.392% black=0.00%
SPOT 122 56,5.6,28 changed=0.542% black=0.00%
SPOT 123 72,11.9,28 changed=0.508% black=0.00%
SPOT 124 88,23.7,28 changed=0.025% black=0.00%
SPOT 125 104,24.1,28 changed=0.024% black=0.00%
SPOT 126 -104,19.0,44 changed=0.146% black=0.00%
SPOT 127 -88,15.8,44 changed=0.252% black=0.00%
SPOT 128 -72,1.6,44 changed=0.198% black=0.00%
SPOT 129 -56,1.6,44 changed=0.331% black=0.00%
SPOT 130 -40,1.6,44 changed=0.371% black=0.00%
SPOT 131 -24,1.6,44 changed=0.348% black=0.00%
SPOT 132 -8,1.6,44 changed=0.260% black=0.00%
SPOT 133 8,1.6,44 changed=0.432% black=0.00%
SPOT 134 24,1.6,44 changed=0.286% black=0.00%
SPOT 135 40,1.6,44 changed=0.381% black=0.00%
SPOT 136 56,1.6,44 changed=0.127% black=0.00%
SPOT 137 72,15.6,44 changed=0.356% black=0.00%
SPOT 138 88,19.9,44 changed=0.047% black=0.00%
SPOT 139 104,20.9,44 changed=0.050% black=0.00%
SPOT 140 -104,-1.6,60 changed=0.116% black=0.00%
SPOT 141 -88,-1.5,60 changed=0.115% black=0.00%
SPOT 142 -72,1.2,60 changed=0.028% black=0.00%
SPOT 143 -56,-3.8,60 changed=0.054% black=0.00%
SPOT 144 -40,-3.8,60 changed=0.000% black=0.00%
SPOT 145 -24,-3.5,60 changed=0.350% black=0.00%
SPOT 146 -8,3.2,60 changed=0.097% black=0.01%
SPOT 147 8,-3.6,60 changed=0.014% black=0.00%
SPOT 148 24,-3.2,60 changed=0.000% black=0.00%
SPOT 149 40,-3.2,60 changed=0.027% black=0.00%
SPOT 150 56,-3.6,60 changed=0.013% black=0.00%
SPOT 151 72,-2.1,60 changed=0.087% black=0.00%
SPOT 152 88,-1.7,60 changed=0.046% black=0.00%
SPOT 153 104,-1.9,60 changed=0.097% black=0.00%
SPOT 154 -104,-3.7,76 changed=0.131% black=0.00%
SPOT 155 -88,-3.4,76 changed=0.063% black=0.00%
SPOT 156 -72,-3.4,76 changed=0.000% black=0.00%
SPOT 157 -56,-3.4,76 changed=0.029% black=0.00%
SPOT 158 -40,-3.2,76 changed=0.023% black=0.00%
SPOT 159 -24,-3.4,76 changed=0.053% black=0.00%
SPOT 160 -8,-3.8,76 changed=0.062% black=0.00%
SPOT 161 8,-3.8,76 changed=0.000% black=0.00%
SPOT 162 24,-3.5,76 changed=0.000% black=0.00%
SPOT 163 40,-3.6,76 changed=0.027% black=0.00%
SPOT 164 56,-3.5,76 changed=0.000% black=0.00%
SPOT 165 72,-3.1,76 changed=0.000% black=0.00%
SPOT 166 88,-3.2,76 changed=0.034% black=0.00%
SPOT 167 104,-3.7,76 changed=0.000% black=0.00%
SWEEP agdao spots=168
ERROR: 1 RID allocations of type 'N10RendererRD14TextureStorage7TextureE' were leaked at exit.
ERROR: Parameter "RenderingServer::get_singleton()" is null.
   at: ~CompressedTexture2D (scene/resources/compressed_texture.cpp:464)
WARNING: 2 RIDs of type "Texture" were leaked.
   at: finalize (servers/rendering/rendering_device.cpp:8900)
