Godot Engine v4.7.2.stable.official.ed1daf0bf - https://godotengine.org
Vulkan 1.4.329 - Forward+ - Using Device #0: NVIDIA - NVIDIA GeForce RTX 4060

SPOT 0 -72,35.8,-80 changed=0.188% black=0.00%
SPOT 1 -56,36.2,-80 changed=0.072% black=0.00%
SPOT 2 -40,17.6,-80 changed=0.000% black=0.00%
SPOT 3 -24,17.6,-80 changed=0.180% black=0.00%
SPOT 4 -8,28.6,-80 changed=1.041% black=0.00%
SPOT 5 8,28.6,-80 changed=1.705% black=0.00%
SPOT 6 24,17.6,-80 changed=0.189% black=0.00%
SPOT 7 40,17.6,-80 changed=0.003% black=0.00%
SPOT 8 56,36.6,-80 changed=0.059% black=0.00%
SPOT 9 72,36.1,-80 changed=0.000% black=0.00%
SPOT 10 -72,35.7,-64 changed=0.181% black=0.00%
SPOT 11 -56,36.7,-64 changed=0.000% black=0.00%
SPOT 12 -40,17.6,-64 changed=0.000% black=0.00%
SPOT 13 -24,17.6,-64 changed=0.237% black=0.00%
SPOT 14 -8,27.2,-64 changed=1.368% black=0.00%
SPOT 15 8,27.2,-64 changed=1.779% black=0.00%
SPOT 16 24,17.6,-64 changed=0.069% black=0.00%
SPOT 17 40,17.6,-64 changed=0.001% black=0.00%
SPOT 18 56,36.3,-64 changed=0.078% black=0.00%
SPOT 19 72,36.1,-64 changed=0.008% black=0.00%
SPOT 20 -72,35.5,-48 changed=0.215% black=0.00%
SPOT 21 -56,34.9,-48 changed=0.171% black=0.00%
SPOT 22 -40,17.6,-48 changed=0.868% black=0.00%
SPOT 23 -24,17.6,-48 changed=0.719% black=0.00%
SPOT 24 -8,18.0,-48 changed=0.925% black=0.00%
SPOT 25 8,18.0,-48 changed=0.666% black=0.00%
SPOT 26 24,17.6,-48 changed=0.685% black=0.00%
SPOT 27 40,17.6,-48 changed=0.599% black=0.00%
SPOT 28 56,35.1,-48 changed=0.014% black=0.00%
SPOT 29 72,34.3,-48 changed=0.188% black=0.00%
SPOT 30 -72,32.7,-32 changed=0.162% black=0.00%
SPOT 31 -56,13.6,-32 changed=0.026% black=0.00%
SPOT 32 -40,13.6,-32 changed=0.016% black=0.00%
SPOT 33 -24,13.6,-32 changed=0.097% black=0.00%
SPOT 34 -8,13.6,-32 changed=0.209% black=0.00%
SPOT 35 8,13.6,-32 changed=1.708% black=0.00%
SPOT 36 24,13.6,-32 changed=0.075% black=0.00%
SPOT 37 40,13.6,-32 changed=0.211% black=0.00%
SPOT 38 56,13.6,-32 changed=0.012% black=0.00%
SPOT 39 72,13.6,-32 changed=0.089% black=0.00%
SPOT 40 -72,18.4,-16 changed=0.242% black=0.00%
SPOT 41 -56,13.8,-16 changed=0.195% black=0.00%
SPOT 42 -40,9.6,-16 changed=0.348% black=0.00%
SPOT 43 -24,17.6,-16 changed=0.089% black=0.00%
SPOT 44 -8,9.6,-16 changed=0.301% black=0.00%
SPOT 45 8,9.6,-16 changed=0.617% black=0.00%
SPOT 46 24,15.3,-16 changed=0.063% black=0.00%
SPOT 47 40,11.4,-16 changed=1.919% black=0.00%
SPOT 48 56,9.6,-16 changed=0.399% black=0.00%
SPOT 49 72,17.6,-16 changed=0.305% black=0.00%
SPOT 50 -72,17.5,0 changed=1.173% black=0.00%
SPOT 51 -56,9.6,0 changed=0.254% black=0.00%
SPOT 52 -40,9.6,0 changed=0.219% black=0.00%
SPOT 53 -24,9.6,0 changed=0.144% black=0.00%
SPOT 54 -8,12.1,0 changed=0.178% black=0.00%
SPOT 55 8,14.6,0 changed=0.311% black=0.00%
SPOT 56 24,13.8,0 changed=0.231% black=0.00%
SPOT 57 40,9.6,0 changed=0.166% black=0.00%
SPOT 58 56,15.3,0 changed=0.096% black=0.00%
SPOT 59 72,17.6,0 changed=0.024% black=0.00%
SPOT 60 -72,13.6,16 changed=0.462% black=0.00%
SPOT 61 -56,5.6,16 changed=0.113% black=0.00%
SPOT 62 -40,5.6,16 changed=0.320% black=0.00%
SPOT 63 -24,5.6,16 changed=0.179% black=0.00%
SPOT 64 -8,5.6,16 changed=0.428% black=0.00%
SPOT 65 8,5.6,16 changed=0.486% black=0.00%
SPOT 66 24,5.6,16 changed=0.194% black=0.00%
SPOT 67 40,5.6,16 changed=0.392% black=0.01%
SPOT 68 56,5.6,16 changed=0.265% black=0.00%
SPOT 69 72,11.7,16 changed=0.325% black=0.00%
SPOT 70 -72,1.6,32 changed=0.925% black=0.00%
SPOT 71 -56,1.6,32 changed=1.165% black=0.00%
SPOT 72 -40,1.6,32 changed=0.523% black=0.00%
SPOT 73 -24,5.4,32 changed=0.802% black=0.00%
SPOT 74 -8,1.6,32 changed=0.291% black=0.01%
SPOT 75 8,1.6,32 changed=0.362% black=0.00%
SPOT 76 24,5.8,32 changed=0.631% black=0.00%
SPOT 77 40,4.6,32 changed=0.998% black=0.00%
SPOT 78 56,5.8,32 changed=0.556% black=0.00%
SPOT 79 72,16.9,32 changed=0.673% black=0.00%
SPOT 80 -72,1.6,48 changed=1.252% black=0.00%
SPOT 81 -56,1.6,48 changed=0.424% black=0.00%
SPOT 82 -40,1.6,48 changed=0.705% black=0.00%
SPOT 83 -24,1.6,48 changed=0.765% black=0.00%
SPOT 84 -8,1.6,48 changed=1.663% black=0.00%
SPOT 85 8,1.6,48 changed=1.033% black=0.00%
SPOT 86 24,1.6,48 changed=0.365% black=0.00%
SPOT 87 40,1.6,48 changed=0.399% black=0.00%
SPOT 88 56,1.6,48 changed=0.238% black=0.00%
SPOT 89 72,15.3,48 changed=0.354% black=0.00%
SWEEP agdao spots=90
ERROR: 1 RID allocations of type 'N10RendererRD14TextureStorage7TextureE' were leaked at exit.
ERROR: Parameter "RenderingServer::get_singleton()" is null.
   at: ~CompressedTexture2D (scene/resources/compressed_texture.cpp:464)
WARNING: 2 RIDs of type "Texture" were leaked.
   at: finalize (servers/rendering/rendering_device.cpp:8900)
WARNING: 3 ObjectDB instances were leaked at exit (run with `--verbose` for details).
   at: cleanup (core/object/object.cpp:2536)
ERROR: 1 resources still in use at exit (run with --verbose for details).
   at: clear (core/io/resource.cpp:822)
