Godot Engine v4.7.2.stable.official.ed1daf0bf - https://godotengine.org
Vulkan 1.4.329 - Forward+ - Using Device #0: NVIDIA - NVIDIA GeForce RTX 4060

SPOT 0 -136,17.8,-100 changed=0.175% black=0.00%
SPOT 1 -116,34.0,-100 changed=0.023% black=0.00%
SPOT 2 -96,34.0,-100 changed=0.086% black=0.00%
SPOT 3 -76,34.0,-100 changed=0.000% black=0.00%
SPOT 4 -56,34.0,-100 changed=0.122% black=0.00%
SPOT 5 -36,34.0,-100 changed=0.001% black=0.00%
SPOT 6 -16,34.0,-100 changed=0.114% black=0.00%
SPOT 7 4,34.0,-100 changed=0.000% black=0.00%
SPOT 8 24,34.0,-100 changed=0.148% black=0.00%
SPOT 9 44,34.0,-100 changed=0.001% black=0.00%
SPOT 10 64,34.0,-100 changed=0.140% black=0.00%
SPOT 11 84,34.0,-100 changed=0.000% black=0.00%
SPOT 12 104,34.0,-100 changed=0.128% black=0.00%
SPOT 13 124,34.0,-100 changed=0.002% black=0.00%
SPOT 14 -136,18.3,-80 changed=0.119% black=0.00%
SPOT 15 -116,2.1,-80 changed=0.000% black=0.00%
SPOT 16 -96,3.1,-80 changed=0.079% black=0.00%
SPOT 17 -76,2.8,-80 changed=0.001% black=0.00%
SPOT 18 -56,2.5,-80 changed=0.046% black=0.00%
SPOT 19 -36,3.2,-80 changed=0.001% black=0.00%
SPOT 20 -16,7.8,-80 changed=0.025% black=0.00%
SPOT 21 4,0.8,-80 changed=0.005% black=0.00%
SPOT 22 24,1.3,-80 changed=0.139% black=0.00%
SPOT 23 44,1.4,-80 changed=0.146% black=0.00%
SPOT 24 64,3.5,-80 changed=0.061% black=0.00%
SPOT 25 84,3.7,-80 changed=0.000% black=0.00%
SPOT 26 104,4.1,-80 changed=0.430% black=0.00%
SPOT 27 124,9.6,-80 changed=0.002% black=0.00%
SPOT 28 -136,18.4,-60 changed=0.201% black=0.00%
SPOT 29 -116,3.2,-60 changed=0.000% black=0.00%
SPOT 30 -96,3.4,-60 changed=0.068% black=0.00%
SPOT 31 -76,2.2,-60 changed=0.077% black=0.03%
SPOT 32 -56,1.4,-60 changed=0.541% black=0.00%
SPOT 33 -36,1.7,-60 changed=0.384% black=0.00%
SPOT 34 -16,0.5,-60 changed=0.363% black=0.00%
SPOT 35 4,0.2,-60 changed=0.112% black=0.00%
SPOT 36 24,0.2,-60 changed=0.160% black=0.00%
SPOT 37 44,0.6,-60 changed=0.253% black=0.00%
SPOT 38 64,-0.3,-60 changed=0.106% black=0.01%
SPOT 39 84,6.4,-60 changed=0.242% black=0.00%
SPOT 40 104,2.8,-60 changed=0.373% black=0.00%
SPOT 41 124,8.2,-60 changed=0.041% black=0.00%
SPOT 42 -136,17.6,-40 changed=0.123% black=0.00%
SPOT 43 -116,3.1,-40 changed=0.025% black=0.00%
SPOT 44 -96,3.3,-40 changed=0.136% black=0.00%
SPOT 45 -76,1.6,-40 changed=0.437% black=0.00%
SPOT 46 -56,1.3,-40 changed=0.039% black=0.00%
SPOT 47 -36,1.4,-40 changed=0.421% black=0.00%
SPOT 48 -16,0.5,-40 changed=0.390% black=0.00%
SPOT 49 4,-0.6,-40 changed=0.266% black=0.00%
SPOT 50 24,-0.1,-40 changed=0.231% black=0.00%
SPOT 51 44,0.1,-40 changed=0.612% black=0.00%
SPOT 52 64,-1.2,-40 changed=0.450% black=0.00%
SPOT 53 84,-0.1,-40 changed=0.033% black=0.00%
SPOT 54 104,8.3,-40 changed=0.103% black=0.00%
SPOT 55 124,7.7,-40 changed=0.000% black=0.00%
SPOT 56 -136,16.2,-20 changed=0.149% black=0.00%
SPOT 57 -116,1.1,-20 changed=0.169% black=0.00%
SPOT 58 -96,1.4,-20 changed=0.573% black=0.00%
SPOT 59 -76,0.4,-20 changed=0.225% black=0.00%
SPOT 60 -56,1.3,-20 changed=0.207% black=0.00%
SPOT 61 -36,2.0,-20 changed=0.283% black=0.00%
SPOT 62 -16,0.7,-20 changed=0.364% black=0.00%
SPOT 63 4,0.7,-20 changed=0.000% black=0.00%
SPOT 64 24,0.1,-20 changed=0.066% black=0.00%
SPOT 65 44,-0.8,-20 changed=0.029% black=0.00%
SPOT 66 64,-2.3,-20 changed=0.153% black=0.00%
SPOT 67 84,1.4,-20 changed=0.011% black=0.00%
SPOT 68 104,1.9,-20 changed=0.072% black=0.00%
SPOT 69 124,7.7,-20 changed=0.001% black=0.00%
SPOT 70 -136,8.3,0 changed=0.172% black=0.00%
SPOT 71 -116,-0.2,0 changed=0.075% black=0.00%
SPOT 72 -96,-1.3,0 changed=0.043% black=0.00%
SPOT 73 -76,-0.7,0 changed=0.001% black=0.00%
SPOT 74 -56,1.0,0 changed=0.055% black=0.00%
SPOT 75 -36,1.5,0 changed=0.001% black=0.00%
SPOT 76 -16,1.5,0 changed=0.052% black=0.00%
SPOT 77 4,0.6,0 changed=0.000% black=0.00%
SPOT 78 24,2.1,0 changed=0.055% black=0.00%
SPOT 79 44,0.4,0 changed=0.001% black=0.00%
SPOT 80 64,-0.4,0 changed=0.228% black=0.00%
SPOT 81 84,0.6,0 changed=0.254% black=0.00%
SPOT 82 104,0.4,0 changed=0.440% black=0.00%
SPOT 83 124,5.7,0 changed=0.079% black=0.00%
SPOT 84 -136,9.3,20 changed=0.157% black=0.00%
SPOT 85 -116,0.0,20 changed=0.171% black=0.00%
SPOT 86 -96,-0.0,20 changed=0.059% black=0.00%
SPOT 87 -76,0.9,20 changed=0.001% black=0.00%
SPOT 88 -56,3.3,20 changed=0.057% black=0.00%
SPOT 89 -36,0.8,20 changed=0.175% black=0.00%
SPOT 90 -16,0.8,20 changed=0.051% black=0.00%
SPOT 91 4,2.2,20 changed=0.319% black=0.00%
SPOT 92 24,0.5,20 changed=0.053% black=0.00%
SPOT 93 44,1.3,20 changed=0.000% black=0.00%
SPOT 94 64,1.9,20 changed=0.083% black=0.00%
SPOT 95 84,1.5,20 changed=0.406% black=0.00%
SPOT 96 104,0.4,20 changed=0.059% black=0.00%
SPOT 97 124,6.0,20 changed=0.035% black=0.00%
SPOT 98 -136,16.8,40 changed=0.158% black=0.00%
SPOT 99 -116,0.3,40 changed=0.000% black=0.00%
SPOT 100 -96,0.5,40 changed=0.068% black=0.00%
SPOT 101 -76,1.2,40 changed=0.000% black=0.00%
SPOT 102 -56,4.9,40 changed=0.177% black=0.00%
SPOT 103 -36,0.9,40 changed=0.193% black=0.00%
SPOT 104 -16,1.0,40 changed=0.055% black=0.00%
SPOT 105 4,1.6,40 changed=0.308% black=0.00%
SPOT 106 24,0.7,40 changed=0.059% black=0.00%
SPOT 107 44,1.5,40 changed=0.000% black=0.00%
SPOT 108 64,1.8,40 changed=0.045% black=0.00%
SPOT 109 84,3.0,40 changed=0.870% black=0.00%
SPOT 110 104,1.4,40 changed=0.064% black=0.00%
SPOT 111 124,7.9,40 changed=0.000% black=0.00%
SPOT 112 -136,16.6,60 changed=0.115% black=0.00%
SPOT 113 -116,0.3,60 changed=0.000% black=0.00%
SPOT 114 -96,1.0,60 changed=0.061% black=0.00%
SPOT 115 -76,1.8,60 changed=0.073% black=0.00%
SPOT 116 -56,1.2,60 changed=0.375% black=0.00%
SPOT 117 -36,0.9,60 changed=0.000% black=0.00%
SPOT 118 -16,1.5,60 changed=0.331% black=0.00%
SPOT 119 4,1.1,60 changed=0.123% black=0.00%
SPOT 120 24,0.3,60 changed=0.068% black=0.00%
SPOT 121 44,0.5,60 changed=0.000% black=0.00%
SPOT 122 64,1.8,60 changed=0.041% black=0.00%
SPOT 123 84,1.8,60 changed=0.010% black=0.00%
SPOT 124 104,2.6,60 changed=0.583% black=0.00%
SPOT 125 124,9.2,60 changed=0.000% black=0.00%
SPOT 126 -136,17.4,80 changed=0.114% black=0.00%
SPOT 127 -116,0.9,80 changed=0.000% black=0.00%
SPOT 128 -96,1.7,80 changed=0.058% black=0.00%
SPOT 129 -76,1.3,80 changed=0.016% black=0.00%
SPOT 130 -56,0.4,80 changed=0.103% black=0.00%
SPOT 131 -36,0.4,80 changed=0.001% black=0.00%
SPOT 132 -16,1.1,80 changed=0.242% black=0.00%
SPOT 133 4,0.7,80 changed=0.001% black=0.00%
SPOT 134 24,0.5,80 changed=0.071% black=0.00%
SPOT 135 44,6.4,80 changed=0.001% black=0.00%
SPOT 136 64,1.9,80 changed=0.110% black=0.00%
SPOT 137 84,2.2,80 changed=0.000% black=0.00%
SPOT 138 104,2.6,80 changed=0.119% black=0.00%
SPOT 139 124,9.4,80 changed=0.000% black=0.00%
SWEEP zr_barrens spots=140
ERROR: 1 RID allocations of type 'N10RendererRD14TextureStorage7TextureE' were leaked at exit.
ERROR: Parameter "RenderingServer::get_singleton()" is null.
   at: ~CompressedTexture2D (scene/resources/compressed_texture.cpp:464)
WARNING: 2 RIDs of type "Texture" were leaked.
   at: finalize (servers/rendering/rendering_device.cpp:8900)
