Godot Engine v4.7.2.stable.official.ed1daf0bf - https://godotengine.org
Vulkan 1.4.329 - Forward+ - Using Device #0: NVIDIA - NVIDIA GeForce RTX 4060

WALKINFO hero=Wanderer level=1 map=forgotten_temple tempos=1
WALK map=forgotten_temple stops=8 refresh=60 Hz window=(1920, 1080) vsync=false cap=0 lite=true shadows=2 effects=2 aa=1 scale=1.00 renderer=forward_plus
SPIKE {"added":{"GPUParticles3D":3,"MeshInstance3D":2,"Node3D":3,"OmniLight3D":1,"Timer":6},"awake":29,"cpu_render":3.2,"fades":0,"frame":36.8,"gpu":2.3,"lights_switched":1,"minimap":false,"origins":["fx.gd:209 spawn < fx.gd:396 _on_damage < actor.gd:272 _apply_result < actor.gd:183 receive_hit","fx.gd:209 spawn < fx.gd:398 _on_damage < actor.gd:272 _apply_result < actor.gd:183 receive_hit","fx.gd:209 spawn < fx.gd:407 _on_damage < actor.gd:272 _apply_result < actor.gd:183 receive_hit"],"phases":"pre>post 4.0, phys>proc 30.3","phys":6.1,"pipelines":0,"pos":"-2,2.0,-30","proc":13.3,"steps":1,"stop":"random_0","t_ms":17213}
SPIKE {"added":{"BoneAttachment3D":4,"HBoxContainer":2,"Label":2,"MeshInstance3D":6,"Node3D":4,"OmniLight3D":2,"PanelContainer":2,"TextureRect":2},"awake":29,"cpu_render":1.6,"fades":0,"frame":25.6,"gpu":2.4,"lights_switched":2,"minimap":false,"origins":["hud.gd:984 _feed_line < hud.gd:965 _on_notify < flag_trigger.gd:27 fire < flag_trigger.gd:21 _on_body","hud.gd:984 _feed_line < hud.gd:965 _on_notify < game.gd:528 _check_tempo_grade < game.gd:51 <anonymous lambda>"],"phases":"pre>post 3.0, post>phys 12.7, phys>proc 8.1","phys":5.7,"pipelines":0,"pos":"-2,2.0,-32","proc":13.3,"steps":1,"stop":"random_2","t_ms":19355}
STUCK near (-0.221111, 2.000896, -31.98139) heading for random_2: hop to the next path point
WALKNOTE left the map or time is up
WALKSUM {"avg_awake":29.0,"avg_cpu_render":1.99,"avg_draws":1461.6,"avg_fps":132.2,"avg_gpu":2.32,"avg_objects":2791.11,"avg_phys":6.73,"avg_proc":12.81,"avg_steps":0.45,"drawn_speed_unevenness":0.474,"drawn_still_while_walking":0,"frames":3965,"hero_moving_frames":1489,"hero_still_frames":2476,"lite":true,"low1_fps":57.4,"map":"forgotten_temple","max_ms":36.8,"median_ms":7.26,"minimap_renders":5,"multi_step_frames":1,"nodes_end":4862,"nodes_start":4866,"over_17ms":10,"over_25ms":2,"over_33ms":1,"over_50ms":0,"p99_ms":15.29,"particles_end":45,"particles_start":27,"seconds":30.0,"spike_causes":{"fades":0,"lights":2,"minimap":0,"multi_step":0,"nodes_added":2,"pipelines":0},"stuck":1,"vsync":false,"walking_frames":2913,"zero_step_frames":2165}
ERROR: 1 RID allocations of type 'N10RendererRD14TextureStorage7TextureE' were leaked at exit.
ERROR: Parameter "RenderingServer::get_singleton()" is null.
   at: ~CompressedTexture2D (scene/resources/compressed_texture.cpp:464)
WARNING: 2 RIDs of type "Texture" were leaked.
   at: finalize (servers/rendering/rendering_device.cpp:8900)
WARNING: 28 ObjectDB instances were leaked at exit (run with `--verbose` for details).
   at: cleanup (core/object/object.cpp:2536)
ERROR: 2 resources still in use at exit (run with --verbose for details).
   at: clear (core/io/resource.cpp:822)
ERROR: Pages in use exist at exit in PagedAllocator: N12VariantPools12BucketMediumE
   at: ~PagedAllocator (./core/templates/paged_allocator.h:170)
