15 maps
[1/15] dg_orrery_10: avg 141.2 fps, 1% low 48.1, max 58.6 ms, >17ms 30, >33ms 2 (46 s)
[2/15] dg_dunemourn_10: avg 147.6 fps, 1% low 46.1, max 31.1 ms, >17ms 65, >33ms 0 (44 s)
[3/15] dg_undercroft_10: avg 142.4 fps, 1% low 55.5, max 29.6 ms, >17ms 17, >33ms 0 (44 s)
[4/15] catacombs: avg 125.6 fps, 1% low 55.1, max 25.9 ms, >17ms 23, >33ms 0 (46 s)
[5/15] forgotten_temple: avg 132.2 fps, 1% low 57.4, max 36.8 ms, >17ms 10, >33ms 1 (46 s)
[6/15] dg_reliquary_11: avg 144.6 fps, 1% low 52.2, max 34.3 ms, >17ms 23, >33ms 1 (45 s)
[7/15] dg_wyrmcoil_11: avg 142.7 fps, 1% low 46.6, max 45.6 ms, >17ms 49, >33ms 2 (44 s)
[8/15] dg_undercroft_1: avg 190.0 fps, 1% low 70.0, max 29.7 ms, >17ms 2, >33ms 0 (45 s)
[9/15] dg_eclipse_1: avg 227.4 fps, 1% low 80.8, max 26.2 ms, >17ms 3, >33ms 0 (46 s)
[10/15] dg_dunemourn_1: avg 236.3 fps, 1% low 89.4, max 23.4 ms, >17ms 1, >33ms 0 (44 s)
[11/15] dg_prismheart_10: avg 418.3 fps, 1% low 198.0, max 14.7 ms, >17ms 0, >33ms 0 (44 s)
[12/15] boss_arena: avg 371.3 fps, 1% low 163.5, max 19.7 ms, >17ms 1, >33ms 0 (44 s)
[13/15] int_cartographer: avg 551.4 fps, 1% low 236.5, max 6.3 ms, >17ms 0, >33ms 0 (20 s)
[14/15] int_guildhouse: avg 398.7 fps, 1% low 171.3, max 8.5 ms, >17ms 0, >33ms 0 (44 s)
[15/15] int_keeper: avg 539.9 fps, 1% low 221.1, max 10.3 ms, >17ms 0, >33ms 0 (23 s)
| map | avg fps | 1% low | median ms | p99 ms | max ms | >16.7 ms | >33 ms | pass | worst spikes |
|---|---|---|---|---|---|---|---|---|---|
| dg_dunemourn_10 | 147.6 | 46.1 | 6.05 | 18.9 | 31.1 | 65 | 0 | NO | 31.1 ms (AnimationPlayer+AnimationTree); 28.9 ms (AnimationPlayer+AnimationTree); 28.0 ms (Control(status_icon.gd)) |
| dg_wyrmcoil_11 | 142.7 | 46.6 | 6.33 | 17.84 | 45.6 | 49 | 2 | NO | 45.6 ms (GPUParticles3D+MeshInstance3D); 37.9 ms (Control(status_icon.gd)); 28.1 ms (MeshInstance3D) |
| dg_orrery_10 | 141.2 | 48.1 | 6.45 | 16.38 | 58.6 | 30 | 2 | NO | 58.6 ms (BoneAttachment3D+GPUParticles3D); 40.1 ms (AudioStreamPlayer); 33.6 ms (pipes 4 BoneAttachment3D+GPUParticles3D) |
| dg_reliquary_11 | 144.6 | 52.2 | 6.46 | 16.35 | 34.3 | 23 | 1 | NO | 34.3 ms (AudioStreamPlayer); 30.5 ms (GPUParticles3D+MeshInstance3D); 25.0 ms () |
| catacombs | 125.6 | 55.1 | 7.68 | 16.12 | 25.9 | 23 | 0 | NO | 25.9 ms (Control(status_icon.gd)+GPUParticles3D) |
| dg_undercroft_10 | 142.4 | 55.5 | 6.56 | 16.11 | 29.6 | 17 | 0 | NO | 29.6 ms (GPUParticles3D+MeshInstance3D) |
| forgotten_temple | 132.2 | 57.4 | 7.26 | 15.29 | 36.8 | 10 | 1 | NO | 36.8 ms (GPUParticles3D+MeshInstance3D); 25.6 ms (BoneAttachment3D+HBoxContainer) |
| dg_undercroft_1 | 190.0 | 70.0 | 5.02 | 12.26 | 29.7 | 2 | 0 | yes | 29.7 ms (MeshInstance3D+Node3D) |
| dg_eclipse_1 | 227.4 | 80.8 | 4.09 | 10.44 | 26.2 | 3 | 0 | yes | 26.2 ms () |
| dg_dunemourn_1 | 236.3 | 89.4 | 3.95 | 9.56 | 23.4 | 1 | 0 | yes |  |
| boss_arena | 371.3 | 163.5 | 2.51 | 5.11 | 19.7 | 1 | 0 | yes |  |
| int_guildhouse | 398.7 | 171.3 | 2.32 | 5.21 | 8.5 | 0 | 0 | yes |  |
| dg_prismheart_10 | 418.3 | 198.0 | 2.22 | 4.22 | 14.7 | 0 | 0 | yes |  |
| int_keeper | 539.9 | 221.1 | 1.65 | 3.88 | 10.3 | 0 | 0 | yes |  |
| int_cartographer | 551.4 | 236.5 | 1.63 | 3.8 | 6.3 | 0 | 0 | yes |  |
