80 maps
[1/80] agdao: avg 360.0 fps, 1% low 150.1, max 12.5 ms, >17ms 0, >33ms 0 (46 s)
[2/80] boss_arena: avg 1000.0 fps, 1% low 100000.0, max 0.0 ms, >17ms 0, >33ms 0 (13 s)
[3/80] bridge_of_death: avg 369.7 fps, 1% low 116.9, max 21.4 ms, >17ms 3, >33ms 0 (44 s)
[4/80] catacombs: avg 128.2 fps, 1% low 50.1, max 26.7 ms, >17ms 40, >33ms 0 (45 s)
[5/80] forgotten_temple: avg 119.2 fps, 1% low 53.6, max 24.8 ms, >17ms 22, >33ms 0 (42 s)
[6/80] int_cartographer: avg 1000.0 fps, 1% low 100000.0, max 0.0 ms, >17ms 0, >33ms 0 (15 s)
[7/80] int_guildhouse: avg 1000.0 fps, 1% low 100000.0, max 0.0 ms, >17ms 0, >33ms 0 (14 s)
[8/80] int_keeper: avg 1000.0 fps, 1% low 100000.0, max 0.0 ms, >17ms 0, >33ms 0 (13 s)
[9/80] int_lantern: avg 460.6 fps, 1% low 189.3, max 7.8 ms, >17ms 0, >33ms 0 (43 s)
[10/80] int_netmender: avg 389.8 fps, 1% low 155.7, max 8.3 ms, >17ms 0, >33ms 0 (26 s)
[11/80] int_refugee: avg 459.4 fps, 1% low 167.5, max 8.4 ms, >17ms 0, >33ms 0 (23 s)
[12/80] int_swordfin: avg 440.4 fps, 1% low 162.9, max 8.4 ms, >17ms 0, >33ms 0 (26 s)
[13/80] int_tavern: avg 386.9 fps, 1% low 146.4, max 9.4 ms, >17ms 0, >33ms 0 (36 s)
[14/80] int_widow: avg 496.3 fps, 1% low 197.7, max 5.8 ms, >17ms 0, >33ms 0 (19 s)
[15/80] olivar: avg 376.1 fps, 1% low 127.5, max 17.0 ms, >17ms 0, >33ms 0 (45 s)
[16/80] ruined_forest: avg 203.5 fps, 1% low 73.9, max 19.6 ms, >17ms 5, >33ms 0 (46 s)
[17/80] sanctuary: avg 335.8 fps, 1% low 120.7, max 29.6 ms, >17ms 1, >33ms 0 (47 s)
[18/80] sundered_reach: avg 426.7 fps, 1% low 207.6, max 11.3 ms, >17ms 0, >33ms 0 (43 s)
[19/80] weeping_causeway: avg 339.6 fps, 1% low 115.2, max 21.3 ms, >17ms 2, >33ms 0 (43 s)
[20/80] westreach: avg 334.1 fps, 1% low 129.2, max 24.3 ms, >17ms 1, >33ms 0 (47 s)
[21/80] wyman_outpost: avg 263.5 fps, 1% low 91.3, max 27.9 ms, >17ms 3, >33ms 0 (46 s)
[22/80] zr_barrens: avg 474.5 fps, 1% low 166.5, max 14.6 ms, >17ms 0, >33ms 0 (46 s)
[23/80] zr_citadel: avg 307.7 fps, 1% low 118.1, max 24.0 ms, >17ms 2, >33ms 0 (45 s)
[24/80] zr_coilwood: avg 432.1 fps, 1% low 177.0, max 20.9 ms, >17ms 1, >33ms 0 (47 s)
[25/80] dg_aetherreach_1: avg 327.8 fps, 1% low 112.8, max 46.8 ms, >17ms 2, >33ms 1 (43 s)
[26/80] dg_aetherreach_13: avg 429.7 fps, 1% low 202.6, max 11.9 ms, >17ms 0, >33ms 0 (43 s)
[27/80] dg_barrow_1: avg 234.1 fps, 1% low 87.4, max 27.3 ms, >17ms 3, >33ms 0 (43 s)
[28/80] dg_barrow_10: avg 195.5 fps, 1% low 67.8, max 42.6 ms, >17ms 6, >33ms 1 (43 s)
[29/80] dg_briar_1: avg 329.7 fps, 1% low 114.8, max 15.8 ms, >17ms 0, >33ms 0 (43 s)
[30/80] dg_briar_10: avg 247.7 fps, 1% low 84.2, max 16.7 ms, >17ms 0, >33ms 0 (44 s)
[31/80] dg_burrows_1: avg 223.2 fps, 1% low 82.2, max 18.8 ms, >17ms 1, >33ms 0 (44 s)
[32/80] dg_burrows_9: avg 176.5 fps, 1% low 70.2, max 24.1 ms, >17ms 5, >33ms 0 (45 s)
[33/80] dg_cellars_1: avg 386.3 fps, 1% low 147.5, max 22.3 ms, >17ms 1, >33ms 0 (43 s)
[34/80] dg_cellars_8: avg 187.3 fps, 1% low 69.8, max 29.2 ms, >17ms 5, >33ms 0 (44 s)
[35/80] dg_deeps_1: avg 260.4 fps, 1% low 97.6, max 17.8 ms, >17ms 1, >33ms 0 (44 s)
[36/80] dg_deeps_10: avg 202.8 fps, 1% low 79.2, max 19.9 ms, >17ms 1, >33ms 0 (43 s)
[37/80] dg_dunemourn_1: avg 251.3 fps, 1% low 82.1, max 57.8 ms, >17ms 7, >33ms 2 (43 s)
[38/80] dg_dunemourn_10: avg 150.7 fps, 1% low 44.5, max 62.9 ms, >17ms 38, >33ms 4 (44 s)
[39/80] dg_eclipse_1: avg 226.3 fps, 1% low 71.1, max 56.6 ms, >17ms 4, >33ms 2 (44 s)
[40/80] dg_eclipse_14: avg 416.3 fps, 1% low 166.7, max 20.2 ms, >17ms 1, >33ms 0 (44 s)
[41/80] dg_ember_1: avg 211.3 fps, 1% low 81.7, max 17.0 ms, >17ms 0, >33ms 0 (45 s)
[42/80] dg_ember_10: avg 217.9 fps, 1% low 77.4, max 19.2 ms, >17ms 3, >33ms 0 (44 s)
[43/80] dg_geode_1: avg 314.4 fps, 1% low 101.0, max 42.1 ms, >17ms 3, >33ms 1 (44 s)
[44/80] dg_geode_10: avg 200.1 fps, 1% low 75.4, max 26.0 ms, >17ms 2, >33ms 0 (43 s)
[45/80] dg_hive_1: avg 299.6 fps, 1% low 114.8, max 18.8 ms, >17ms 1, >33ms 0 (43 s)
[46/80] dg_hive_9: avg 177.2 fps, 1% low 65.5, max 20.7 ms, >17ms 7, >33ms 0 (44 s)
[47/80] dg_jade_sepulchre_1: avg 312.1 fps, 1% low 109.5, max 16.8 ms, >17ms 0, >33ms 0 (43 s)
[48/80] dg_jade_sepulchre_7: avg 432.2 fps, 1% low 201.7, max 20.6 ms, >17ms 1, >33ms 0 (43 s)
[49/80] dg_maw_1: avg 234.2 fps, 1% low 83.6, max 24.6 ms, >17ms 4, >33ms 0 (44 s)
[50/80] dg_maw_11: avg 167.5 fps, 1% low 64.6, max 26.0 ms, >17ms 8, >33ms 0 (44 s)
[51/80] dg_obsidian_engine_1: avg 314.4 fps, 1% low 119.6, max 13.7 ms, >17ms 0, >33ms 0 (43 s)
[52/80] dg_obsidian_engine_7: avg 430.2 fps, 1% low 226.2, max 13.1 ms, >17ms 0, >33ms 0 (43 s)
[53/80] dg_orrery_1: avg 203.0 fps, 1% low 78.5, max 43.3 ms, >17ms 3, >33ms 1 (45 s)
[54/80] dg_orrery_10: avg 106.2 fps, 1% low 42.4, max 54.1 ms, >17ms 65, >33ms 2 (54 s)
[55/80] dg_ossuary_1: avg 331.4 fps, 1% low 109.7, max 19.4 ms, >17ms 3, >33ms 0 (43 s)
[56/80] dg_ossuary_9: avg 266.2 fps, 1% low 75.1, max 30.5 ms, >17ms 9, >33ms 0 (42 s)
[57/80] dg_prismheart_1: avg 384.6 fps, 1% low 141.4, max 14.4 ms, >17ms 0, >33ms 0 (42 s)
[58/80] dg_prismheart_10: TIMEOUT
[59/80] dg_reliquary_1: avg 216.3 fps, 1% low 76.1, max 26.9 ms, >17ms 5, >33ms 0 (46 s)
[60/80] dg_reliquary_11: avg 153.4 fps, 1% low 55.7, max 27.9 ms, >17ms 19, >33ms 0 (45 s)
[61/80] dg_solarium_1: avg 289.6 fps, 1% low 104.6, max 24.3 ms, >17ms 2, >33ms 0 (45 s)
[62/80] dg_solarium_15: avg 414.4 fps, 1% low 186.9, max 14.7 ms, >17ms 0, >33ms 0 (44 s)
[63/80] dg_sump_1: avg 262.7 fps, 1% low 96.3, max 21.1 ms, >17ms 2, >33ms 0 (44 s)
[64/80] dg_sump_10: avg 195.8 fps, 1% low 75.0, max 20.4 ms, >17ms 1, >33ms 0 (45 s)
[65/80] dg_thunderwell_1: avg 270.9 fps, 1% low 97.6, max 15.4 ms, >17ms 0, >33ms 0 (45 s)
[66/80] dg_thunderwell_10: avg 168.6 fps, 1% low 65.4, max 40.4 ms, >17ms 6, >33ms 1 (44 s)
[67/80] dg_undercroft_1: avg 201.0 fps, 1% low 61.0, max 58.2 ms, >17ms 9, >33ms 2 (44 s)
[68/80] dg_undercroft_10: avg 151.8 fps, 1% low 47.4, max 59.8 ms, >17ms 40, >33ms 2 (44 s)
[69/80] dg_underworld_1: avg 335.4 fps, 1% low 117.1, max 22.9 ms, >17ms 1, >33ms 0 (45 s)
[70/80] dg_underworld_12: avg 425.1 fps, 1% low 196.9, max 22.0 ms, >17ms 1, >33ms 0 (44 s)
[71/80] dg_vault_1: avg 236.1 fps, 1% low 88.6, max 15.9 ms, >17ms 0, >33ms 0 (44 s)
[72/80] dg_vault_10: avg 196.9 fps, 1% low 72.4, max 29.9 ms, >17ms 3, >33ms 0 (45 s)
[73/80] dg_veinworks_1: avg 276.0 fps, 1% low 89.2, max 24.2 ms, >17ms 1, >33ms 0 (44 s)
[74/80] dg_veinworks_7: avg 423.9 fps, 1% low 202.8, max 13.2 ms, >17ms 0, >33ms 0 (43 s)
[75/80] dg_warcamp_1: avg 286.3 fps, 1% low 93.5, max 36.8 ms, >17ms 2, >33ms 1 (44 s)
[76/80] dg_warcamp_9: avg 179.9 fps, 1% low 71.4, max 18.6 ms, >17ms 2, >33ms 0 (45 s)
[77/80] dg_warren_1: avg 246.2 fps, 1% low 87.7, max 20.2 ms, >17ms 2, >33ms 0 (44 s)
[78/80] dg_warren_10: avg 173.8 fps, 1% low 65.2, max 21.5 ms, >17ms 8, >33ms 0 (45 s)
[79/80] dg_wyrmcoil_1: avg 265.9 fps, 1% low 101.3, max 15.3 ms, >17ms 0, >33ms 0 (44 s)
[80/80] dg_wyrmcoil_11: avg 173.7 fps, 1% low 58.1, max 34.1 ms, >17ms 16, >33ms 1 (45 s)
| map | avg fps | 1% low | median ms | p99 ms | max ms | >16.7 ms | >33 ms | pass | worst spikes |
|---|---|---|---|---|---|---|---|---|---|
| dg_orrery_10 | 106.2 | 42.4 | 8.93 | 18.64 | 54.1 | 65 | 2 | NO | 54.1 ms (pipes 9 GPUParticles3D+MeshInstance3D); 39.0 ms (pipes 4 BoneAttachment3D+GPUParticles3D); 28.1 ms (Control(status_icon.gd)) |
| dg_dunemourn_10 | 150.7 | 44.5 | 5.86 | 17.16 | 62.9 | 38 | 4 | NO | 62.9 ms (AnimationPlayer+AnimationTree); 43.5 ms (pipes 3 GPUParticles3D+MeshInstance3D); 38.5 ms (AnimationPlayer+AnimationTree) |
| dg_undercroft_10 | 151.8 | 47.4 | 5.89 | 17.18 | 59.8 | 40 | 2 | NO | 59.8 ms (AnimationPlayer+AnimationTree); 43.3 ms (pipes 3 GPUParticles3D+MeshInstance3D); 26.9 ms () |
| catacombs | 128.2 | 50.1 | 7.12 | 17.72 | 26.7 | 40 | 0 | NO | 26.7 ms () |
| forgotten_temple | 119.2 | 53.6 | 7.92 | 16.94 | 24.8 | 22 | 0 | NO |  |
| dg_reliquary_11 | 153.4 | 55.7 | 5.96 | 15.2 | 27.9 | 19 | 0 | NO | 27.9 ms (); 26.2 ms (AnimationPlayer+AnimationTree); 25.9 ms (GPUParticles3D+MeshInstance3D) |
| dg_wyrmcoil_11 | 173.7 | 58.1 | 5.16 | 15.06 | 34.1 | 16 | 1 | NO | 34.1 ms (MeshInstance3D) |
| dg_undercroft_1 | 201.0 | 61.0 | 4.54 | 12.2 | 58.2 | 9 | 2 | NO | 58.2 ms (AnimationPlayer+AnimationTree); 48.1 ms (pipes 3 GPUParticles3D+MeshInstance3D); 32.2 ms (GPUParticles3D+MeshInstance3D) |
| dg_maw_11 | 167.5 | 64.6 | 5.7 | 13.21 | 26.0 | 8 | 0 | yes | 26.0 ms () |
| dg_warren_10 | 173.8 | 65.2 | 5.26 | 13.51 | 21.5 | 8 | 0 | yes |  |
| dg_thunderwell_10 | 168.6 | 65.4 | 5.54 | 13.18 | 40.4 | 6 | 1 | yes | 40.4 ms () |
| dg_hive_9 | 177.2 | 65.5 | 5.24 | 13.59 | 20.7 | 7 | 0 | yes |  |
| dg_barrow_10 | 195.5 | 67.8 | 4.72 | 11.75 | 42.6 | 6 | 1 | yes | 42.6 ms (pipes 4 AnimationPlayer+AnimationTree); 28.9 ms (GPUParticles3D+MeshInstance3D); 28.8 ms (GPUParticles3D+MeshInstance3D) |
| dg_cellars_8 | 187.3 | 69.8 | 4.89 | 12.03 | 29.2 | 5 | 0 | yes | 29.2 ms (GPUParticles3D+MeshInstance3D) |
| dg_burrows_9 | 176.5 | 70.2 | 5.3 | 12.11 | 24.1 | 5 | 0 | yes |  |
| dg_eclipse_1 | 226.3 | 71.1 | 3.92 | 11.34 | 56.6 | 4 | 2 | NO | 56.6 ms (AnimationPlayer+AnimationTree); 54.0 ms (AnimationPlayer+AnimationTree); 28.1 ms (AnimationPlayer+AnimationTree) |
| dg_warcamp_9 | 179.9 | 71.4 | 5.28 | 12.62 | 18.6 | 2 | 0 | yes |  |
| dg_vault_10 | 196.9 | 72.4 | 4.67 | 12.02 | 29.9 | 3 | 0 | yes | 29.9 ms (GPUParticles3D+MeshInstance3D) |
| ruined_forest | 203.5 | 73.9 | 4.45 | 11.66 | 19.6 | 5 | 0 | yes |  |
| dg_sump_10 | 195.8 | 75.0 | 4.65 | 11.85 | 20.4 | 1 | 0 | yes |  |
| dg_ossuary_9 | 266.2 | 75.1 | 3.1 | 10.28 | 30.5 | 9 | 0 | yes | 30.5 ms (GPUParticles3D+MeshInstance3D); 27.5 ms (GPUParticles3D+MeshInstance3D); 26.8 ms (GPUParticles3D+MeshInstance3D) |
| dg_geode_10 | 200.1 | 75.4 | 4.7 | 11.27 | 26.0 | 2 | 0 | yes | 26.0 ms (GPUParticles3D+MeshInstance3D) |
| dg_reliquary_1 | 216.3 | 76.1 | 4.36 | 11.15 | 26.9 | 5 | 0 | yes | 26.9 ms (GPUParticles3D+MeshInstance3D) |
| dg_ember_10 | 217.9 | 77.4 | 4.19 | 11.21 | 19.2 | 3 | 0 | yes |  |
| dg_orrery_1 | 203.0 | 78.5 | 4.64 | 10.65 | 43.3 | 3 | 1 | yes | 43.3 ms (pipes 9 GPUParticles3D+MeshInstance3D) |
| dg_deeps_10 | 202.8 | 79.2 | 4.71 | 10.68 | 19.9 | 1 | 0 | yes |  |
| dg_ember_1 | 211.3 | 81.7 | 4.34 | 10.76 | 17.0 | 0 | 0 | yes |  |
| dg_dunemourn_1 | 251.3 | 82.1 | 3.65 | 9.01 | 57.8 | 7 | 2 | NO | 57.8 ms (AnimationPlayer+AnimationTree); 42.6 ms (pipes 5 GPUParticles3D+MeshInstance3D) |
| dg_burrows_1 | 223.2 | 82.2 | 4.12 | 10.88 | 18.8 | 1 | 0 | yes |  |
| dg_maw_1 | 234.2 | 83.6 | 3.86 | 9.66 | 24.6 | 4 | 0 | yes |  |
| dg_briar_10 | 247.7 | 84.2 | 3.76 | 9.98 | 16.7 | 0 | 0 | yes |  |
| dg_barrow_1 | 234.1 | 87.4 | 3.95 | 9.65 | 27.3 | 3 | 0 | yes | 27.3 ms (GPUParticles3D+MeshInstance3D); 25.3 ms (GPUParticles3D+MeshInstance3D) |
| dg_warren_1 | 246.2 | 87.7 | 3.65 | 9.67 | 20.2 | 2 | 0 | yes |  |
| dg_vault_1 | 236.1 | 88.6 | 3.93 | 9.95 | 15.9 | 0 | 0 | yes |  |
| dg_veinworks_1 | 276.0 | 89.2 | 3.3 | 9.55 | 24.2 | 1 | 0 | yes |  |
| wyman_outpost | 263.5 | 91.3 | 3.59 | 8.79 | 27.9 | 3 | 0 | yes | 27.9 ms (pipes 4 AnimationPlayer+AnimationTree) |
| dg_warcamp_1 | 286.3 | 93.5 | 3.14 | 8.82 | 36.8 | 2 | 1 | yes | 36.8 ms (); 28.6 ms (MeshInstance3D+Node3D(sapper_mine.gd)) |
| dg_sump_1 | 262.7 | 96.3 | 3.45 | 8.93 | 21.1 | 2 | 0 | yes |  |
| dg_deeps_1 | 260.4 | 97.6 | 3.52 | 8.7 | 17.8 | 1 | 0 | yes |  |
| dg_thunderwell_1 | 270.9 | 97.6 | 3.36 | 8.97 | 15.4 | 0 | 0 | yes |  |
| dg_geode_1 | 314.4 | 101.0 | 2.91 | 7.7 | 42.1 | 3 | 1 | yes | 42.1 ms (pipes 9 GPUParticles3D+MeshInstance3D) |
| dg_wyrmcoil_1 | 265.9 | 101.3 | 3.44 | 8.67 | 15.3 | 0 | 0 | yes |  |
| dg_solarium_1 | 289.6 | 104.6 | 3.12 | 7.99 | 24.3 | 2 | 0 | yes |  |
| dg_jade_sepulchre_1 | 312.1 | 109.5 | 2.93 | 7.54 | 16.8 | 0 | 0 | yes |  |
| dg_ossuary_1 | 331.4 | 109.7 | 2.59 | 7.05 | 19.4 | 3 | 0 | yes |  |
| dg_aetherreach_1 | 327.8 | 112.8 | 2.78 | 6.93 | 46.8 | 2 | 1 | yes | 46.8 ms (pipes 4 AnimationPlayer+AnimationTree); 27.1 ms (pipes 3 ) |
| dg_briar_1 | 329.7 | 114.8 | 2.67 | 7.32 | 15.8 | 0 | 0 | yes |  |
| dg_hive_1 | 299.6 | 114.8 | 3.07 | 7.25 | 18.8 | 1 | 0 | yes |  |
| weeping_causeway | 339.6 | 115.2 | 2.75 | 6.67 | 21.3 | 2 | 0 | yes |  |
| bridge_of_death | 369.7 | 116.9 | 2.32 | 7.36 | 21.4 | 3 | 0 | yes |  |
| dg_underworld_1 | 335.4 | 117.1 | 2.64 | 7.1 | 22.9 | 1 | 0 | yes |  |
| zr_citadel | 307.7 | 118.1 | 2.92 | 6.99 | 24.0 | 2 | 0 | yes |  |
| dg_obsidian_engine_1 | 314.4 | 119.6 | 2.89 | 7.07 | 13.7 | 0 | 0 | yes |  |
| sanctuary | 335.8 | 120.7 | 2.72 | 7.28 | 29.6 | 1 | 0 | yes | 29.6 ms () |
| olivar | 376.1 | 127.5 | 2.33 | 6.6 | 17.0 | 0 | 0 | yes |  |
| westreach | 334.1 | 129.2 | 2.77 | 6.45 | 24.3 | 1 | 0 | yes |  |
| dg_prismheart_1 | 384.6 | 141.4 | 2.31 | 5.49 | 14.4 | 0 | 0 | yes |  |
| int_tavern | 386.9 | 146.4 | 2.31 | 6.18 | 9.4 | 0 | 0 | yes |  |
| dg_cellars_1 | 386.3 | 147.5 | 2.35 | 5.44 | 22.3 | 1 | 0 | yes |  |
| agdao | 360.0 | 150.1 | 2.53 | 5.86 | 12.5 | 0 | 0 | yes |  |
| int_netmender | 389.8 | 155.7 | 2.25 | 5.79 | 8.3 | 0 | 0 | yes |  |
| int_swordfin | 440.4 | 162.9 | 1.95 | 5.51 | 8.4 | 0 | 0 | yes |  |
| zr_barrens | 474.5 | 166.5 | 1.77 | 5.13 | 14.6 | 0 | 0 | yes |  |
| dg_eclipse_14 | 416.3 | 166.7 | 2.19 | 5.05 | 20.2 | 1 | 0 | yes |  |
| int_refugee | 459.4 | 167.5 | 1.89 | 5.39 | 8.4 | 0 | 0 | yes |  |
| zr_coilwood | 432.1 | 177.0 | 2.1 | 4.55 | 20.9 | 1 | 0 | yes |  |
| dg_solarium_15 | 414.4 | 186.9 | 2.26 | 4.48 | 14.7 | 0 | 0 | yes |  |
| int_lantern | 460.6 | 189.3 | 1.89 | 4.79 | 7.8 | 0 | 0 | yes |  |
| dg_underworld_12 | 425.1 | 196.9 | 2.23 | 4.07 | 22.0 | 1 | 0 | yes |  |
| int_widow | 496.3 | 197.7 | 1.68 | 4.69 | 5.8 | 0 | 0 | yes |  |
| dg_jade_sepulchre_7 | 432.2 | 201.7 | 2.2 | 4.0 | 20.6 | 1 | 0 | yes |  |
| dg_aetherreach_13 | 429.7 | 202.6 | 2.22 | 4.08 | 11.9 | 0 | 0 | yes |  |
| dg_veinworks_7 | 423.9 | 202.8 | 2.2 | 4.2 | 13.2 | 0 | 0 | yes |  |
| sundered_reach | 426.7 | 207.6 | 2.22 | 3.85 | 11.3 | 0 | 0 | yes |  |
| dg_obsidian_engine_7 | 430.2 | 226.2 | 2.24 | 3.75 | 13.1 | 0 | 0 | yes |  |
| boss_arena | 1000.0 | 100000.0 | 0.0 | 0.0 | 0.0 | 0 | 0 | yes |  |
| int_cartographer | 1000.0 | 100000.0 | 0.0 | 0.0 | 0.0 | 0 | 0 | yes |  |
| int_guildhouse | 1000.0 | 100000.0 | 0.0 | 0.0 | 0.0 | 0 | 0 | yes |  |
| int_keeper | 1000.0 | 100000.0 | 0.0 | 0.0 | 0.0 | 0 | 0 | yes |  |
