80 maps
[1/80] agdao: avg 354.5 fps, 1% low 139.0, max 12.8 ms, >17ms 0, >33ms 0 (48 s)
[2/80] boss_arena: avg 380.6 fps, 1% low 181.4, max 17.7 ms, >17ms 1, >33ms 0 (44 s)
[3/80] bridge_of_death: avg 456.8 fps, 1% low 135.8, max 12.5 ms, >17ms 0, >33ms 0 (45 s)
[4/80] catacombs: avg 126.8 fps, 1% low 53.4, max 27.9 ms, >17ms 25, >33ms 0 (45 s)
[5/80] forgotten_temple: avg 139.2 fps, 1% low 60.5, max 20.3 ms, >17ms 8, >33ms 0 (45 s)
[6/80] int_cartographer: avg 584.5 fps, 1% low 247.0, max 5.6 ms, >17ms 0, >33ms 0 (34 s)
[7/80] int_guildhouse: avg 409.3 fps, 1% low 175.7, max 8.1 ms, >17ms 0, >33ms 0 (44 s)
[8/80] int_keeper: avg 596.0 fps, 1% low 270.4, max 5.2 ms, >17ms 0, >33ms 0 (28 s)
[9/80] int_lantern: avg 549.7 fps, 1% low 237.1, max 6.1 ms, >17ms 0, >33ms 0 (30 s)
[10/80] int_netmender: avg 508.9 fps, 1% low 176.1, max 53.5 ms, >17ms 1, >33ms 1 (35 s)
[11/80] int_refugee: avg 497.7 fps, 1% low 212.0, max 6.5 ms, >17ms 0, >33ms 0 (31 s)
[12/80] int_swordfin: avg 500.9 fps, 1% low 220.2, max 6.7 ms, >17ms 0, >33ms 0 (33 s)
[13/80] int_tavern: avg 382.4 fps, 1% low 145.9, max 8.3 ms, >17ms 0, >33ms 0 (39 s)
[14/80] int_widow: avg 593.3 fps, 1% low 249.3, max 5.7 ms, >17ms 0, >33ms 0 (22 s)
[15/80] olivar: avg 421.1 fps, 1% low 160.7, max 11.6 ms, >17ms 0, >33ms 0 (46 s)
[16/80] ruined_forest: avg 203.9 fps, 1% low 70.9, max 21.7 ms, >17ms 5, >33ms 0 (47 s)
[17/80] sanctuary: avg 330.6 fps, 1% low 135.2, max 14.3 ms, >17ms 0, >33ms 0 (47 s)
[18/80] sundered_reach: avg 416.7 fps, 1% low 220.4, max 10.9 ms, >17ms 0, >33ms 0 (44 s)
[19/80] weeping_causeway: avg 299.7 fps, 1% low 110.8, max 15.3 ms, >17ms 0, >33ms 0 (44 s)
[20/80] westreach: avg 313.9 fps, 1% low 116.6, max 20.1 ms, >17ms 2, >33ms 0 (49 s)
[21/80] wyman_outpost: avg 203.4 fps, 1% low 75.8, max 27.8 ms, >17ms 3, >33ms 0 (49 s)
[22/80] zr_barrens: avg 413.5 fps, 1% low 147.9, max 20.4 ms, >17ms 1, >33ms 0 (47 s)
[23/80] zr_citadel: avg 250.3 fps, 1% low 94.6, max 22.7 ms, >17ms 2, >33ms 0 (46 s)
[24/80] zr_coilwood: avg 380.6 fps, 1% low 160.9, max 26.3 ms, >17ms 1, >33ms 0 (48 s)
[25/80] dg_aetherreach_1: avg 295.3 fps, 1% low 114.5, max 14.3 ms, >17ms 0, >33ms 0 (45 s)
[26/80] dg_aetherreach_13: avg 403.5 fps, 1% low 176.3, max 14.4 ms, >17ms 0, >33ms 0 (44 s)
[27/80] dg_barrow_1: avg 221.0 fps, 1% low 85.9, max 24.3 ms, >17ms 3, >33ms 0 (45 s)
[28/80] dg_barrow_10: avg 166.6 fps, 1% low 66.1, max 21.4 ms, >17ms 6, >33ms 0 (45 s)
[29/80] dg_briar_1: avg 302.7 fps, 1% low 109.9, max 24.5 ms, >17ms 1, >33ms 0 (44 s)
[30/80] dg_briar_10: avg 231.5 fps, 1% low 88.2, max 17.9 ms, >17ms 1, >33ms 0 (44 s)
[31/80] dg_burrows_1: avg 273.0 fps, 1% low 103.0, max 19.4 ms, >17ms 1, >33ms 0 (44 s)
[32/80] dg_burrows_9: avg 210.8 fps, 1% low 83.7, max 20.9 ms, >17ms 1, >33ms 0 (44 s)
[33/80] dg_cellars_1: avg 349.8 fps, 1% low 125.6, max 14.2 ms, >17ms 0, >33ms 0 (44 s)
[34/80] dg_cellars_8: avg 181.6 fps, 1% low 69.1, max 18.8 ms, >17ms 3, >33ms 0 (45 s)
[35/80] dg_deeps_1: avg 235.0 fps, 1% low 90.3, max 21.3 ms, >17ms 2, >33ms 0 (44 s)
[36/80] dg_deeps_10: avg 190.0 fps, 1% low 73.6, max 22.3 ms, >17ms 3, >33ms 0 (45 s)
[37/80] dg_dunemourn_1: avg 225.0 fps, 1% low 85.9, max 16.9 ms, >17ms 0, >33ms 0 (44 s)
[38/80] dg_dunemourn_10: avg 169.5 fps, 1% low 67.5, max 22.6 ms, >17ms 4, >33ms 0 (44 s)
[39/80] dg_eclipse_1: avg 250.2 fps, 1% low 87.4, max 26.0 ms, >17ms 2, >33ms 0 (45 s)
[40/80] dg_eclipse_14: avg 415.5 fps, 1% low 199.8, max 15.9 ms, >17ms 0, >33ms 0 (44 s)
[41/80] dg_ember_1: avg 360.7 fps, 1% low 143.5, max 15.3 ms, >17ms 0, >33ms 0 (46 s)
[42/80] dg_ember_10: avg 358.6 fps, 1% low 156.0, max 14.0 ms, >17ms 0, >33ms 0 (42 s)
[43/80] dg_geode_1: avg 429.4 fps, 1% low 174.5, max 27.3 ms, >17ms 1, >33ms 0 (42 s)
[44/80] dg_geode_10: avg 267.9 fps, 1% low 87.3, max 16.2 ms, >17ms 0, >33ms 0 (42 s)
[45/80] dg_hive_1: avg 281.7 fps, 1% low 101.4, max 19.1 ms, >17ms 1, >33ms 0 (44 s)
[46/80] dg_hive_9: avg 191.3 fps, 1% low 70.9, max 21.9 ms, >17ms 2, >33ms 0 (44 s)
[47/80] dg_jade_sepulchre_1: avg 262.8 fps, 1% low 96.7, max 25.0 ms, >17ms 1, >33ms 0 (44 s)
[48/80] dg_jade_sepulchre_7: avg 427.0 fps, 1% low 198.3, max 12.8 ms, >17ms 0, >33ms 0 (44 s)
[49/80] dg_maw_1: avg 203.7 fps, 1% low 76.6, max 20.2 ms, >17ms 1, >33ms 0 (46 s)
[50/80] dg_maw_11: avg 143.3 fps, 1% low 57.0, max 30.9 ms, >17ms 14, >33ms 0 (45 s)
[51/80] dg_obsidian_engine_1: avg 244.2 fps, 1% low 93.2, max 15.8 ms, >17ms 0, >33ms 0 (44 s)
[52/80] dg_obsidian_engine_7: avg 428.4 fps, 1% low 204.5, max 11.7 ms, >17ms 0, >33ms 0 (44 s)
[53/80] dg_orrery_1: avg 227.5 fps, 1% low 89.9, max 17.8 ms, >17ms 1, >33ms 0 (44 s)
[54/80] dg_orrery_10: avg 163.3 fps, 1% low 65.4, max 48.1 ms, >17ms 3, >33ms 1 (45 s)
[55/80] dg_ossuary_1: avg 178.7 fps, 1% low 64.7, max 22.4 ms, >17ms 7, >33ms 0 (45 s)
[56/80] dg_ossuary_9: avg 145.8 fps, 1% low 54.3, max 26.7 ms, >17ms 23, >33ms 0 (46 s)
[57/80] dg_prismheart_1: avg 266.7 fps, 1% low 96.7, max 20.5 ms, >17ms 2, >33ms 0 (45 s)
[58/80] dg_prismheart_10: avg 429.4 fps, 1% low 202.3, max 13.6 ms, >17ms 0, >33ms 0 (44 s)
[59/80] dg_reliquary_1: avg 247.8 fps, 1% low 87.0, max 23.8 ms, >17ms 1, >33ms 0 (45 s)
[60/80] dg_reliquary_11: avg 164.5 fps, 1% low 62.0, max 23.8 ms, >17ms 12, >33ms 0 (45 s)
[61/80] dg_solarium_1: avg 290.4 fps, 1% low 108.0, max 14.8 ms, >17ms 0, >33ms 0 (46 s)
[62/80] dg_solarium_15: avg 419.2 fps, 1% low 192.8, max 14.6 ms, >17ms 0, >33ms 0 (44 s)
[63/80] dg_sump_1: avg 276.4 fps, 1% low 93.8, max 25.6 ms, >17ms 1, >33ms 0 (45 s)
[64/80] dg_sump_10: avg 203.2 fps, 1% low 79.4, max 17.8 ms, >17ms 1, >33ms 0 (44 s)
[65/80] dg_thunderwell_1: avg 302.8 fps, 1% low 105.2, max 18.2 ms, >17ms 2, >33ms 0 (44 s)
[66/80] dg_thunderwell_10: avg 218.4 fps, 1% low 80.2, max 21.1 ms, >17ms 1, >33ms 0 (45 s)
[67/80] dg_undercroft_1: avg 217.5 fps, 1% low 75.1, max 24.7 ms, >17ms 4, >33ms 0 (44 s)
[68/80] dg_undercroft_10: avg 153.7 fps, 1% low 54.1, max 25.0 ms, >17ms 24, >33ms 0 (44 s)
[69/80] dg_underworld_1: avg 315.2 fps, 1% low 123.1, max 14.0 ms, >17ms 0, >33ms 0 (45 s)
[70/80] dg_underworld_12: avg 461.7 fps, 1% low 216.5, max 18.9 ms, >17ms 1, >33ms 0 (45 s)
[71/80] dg_vault_1: avg 243.5 fps, 1% low 92.5, max 15.7 ms, >17ms 0, >33ms 0 (45 s)
[72/80] dg_vault_10: avg 203.2 fps, 1% low 80.0, max 19.4 ms, >17ms 1, >33ms 0 (44 s)
[73/80] dg_veinworks_1: avg 369.0 fps, 1% low 144.5, max 14.9 ms, >17ms 0, >33ms 0 (44 s)
[74/80] dg_veinworks_7: avg 445.4 fps, 1% low 214.6, max 12.9 ms, >17ms 0, >33ms 0 (44 s)
[75/80] dg_warcamp_1: avg 290.5 fps, 1% low 110.8, max 23.8 ms, >17ms 1, >33ms 0 (45 s)
[76/80] dg_warcamp_9: avg 199.9 fps, 1% low 78.5, max 18.3 ms, >17ms 1, >33ms 0 (44 s)
[77/80] dg_warren_1: avg 289.5 fps, 1% low 107.5, max 13.9 ms, >17ms 0, >33ms 0 (45 s)
[78/80] dg_warren_10: avg 181.9 fps, 1% low 72.8, max 21.9 ms, >17ms 2, >33ms 0 (44 s)
[79/80] dg_wyrmcoil_1: avg 327.9 fps, 1% low 119.4, max 14.2 ms, >17ms 0, >33ms 0 (44 s)
[80/80] dg_wyrmcoil_11: avg 157.5 fps, 1% low 57.1, max 24.2 ms, >17ms 18, >33ms 0 (44 s)
| map | avg fps | 1% low | median ms | p99 ms | max ms | >16.7 ms | >33 ms | pass | worst spikes |
|---|---|---|---|---|---|---|---|---|---|
| catacombs | 126.8 | 53.4 | 7.58 | 16.76 | 27.9 | 25 | 0 | NO | 27.9 ms () |
| dg_undercroft_10 | 153.7 | 54.1 | 6.15 | 16.32 | 25.0 | 24 | 0 | NO |  |
| dg_ossuary_9 | 145.8 | 54.3 | 6.26 | 15.94 | 26.7 | 23 | 0 | NO | 26.7 ms () |
| dg_maw_11 | 143.3 | 57.0 | 6.62 | 15.05 | 30.9 | 14 | 0 | NO | 30.9 ms (GPUParticles3D+MeshInstance3D) |
| dg_wyrmcoil_11 | 157.5 | 57.1 | 5.77 | 16.04 | 24.2 | 18 | 0 | NO |  |
| forgotten_temple | 139.2 | 60.5 | 6.76 | 14.9 | 20.3 | 8 | 0 | yes |  |
| dg_reliquary_11 | 164.5 | 62.0 | 5.61 | 13.91 | 23.8 | 12 | 0 | yes |  |
| dg_ossuary_1 | 178.7 | 64.7 | 5.08 | 13.59 | 22.4 | 7 | 0 | yes |  |
| dg_orrery_10 | 163.3 | 65.4 | 5.76 | 13.24 | 48.1 | 3 | 1 | yes | 48.1 ms (pipes 4 BoneAttachment3D+GPUParticles3D) |
| dg_barrow_10 | 166.6 | 66.1 | 5.64 | 13.56 | 21.4 | 6 | 0 | yes |  |
| dg_dunemourn_10 | 169.5 | 67.5 | 5.55 | 13.22 | 22.6 | 4 | 0 | yes |  |
| dg_cellars_8 | 181.6 | 69.1 | 5.27 | 13.17 | 18.8 | 3 | 0 | yes |  |
| dg_hive_9 | 191.3 | 70.9 | 4.74 | 12.49 | 21.9 | 2 | 0 | yes |  |
| ruined_forest | 203.9 | 70.9 | 4.35 | 12.18 | 21.7 | 5 | 0 | yes |  |
| dg_warren_10 | 181.9 | 72.8 | 5.05 | 12.01 | 21.9 | 2 | 0 | yes |  |
| dg_deeps_10 | 190.0 | 73.6 | 4.94 | 11.77 | 22.3 | 3 | 0 | yes |  |
| dg_undercroft_1 | 217.5 | 75.1 | 4.29 | 11.1 | 24.7 | 4 | 0 | yes |  |
| wyman_outpost | 203.4 | 75.8 | 4.62 | 11.09 | 27.8 | 3 | 0 | yes | 27.8 ms (AnimationPlayer+AnimationTree) |
| dg_maw_1 | 203.7 | 76.6 | 4.56 | 11.36 | 20.2 | 1 | 0 | yes |  |
| dg_warcamp_9 | 199.9 | 78.5 | 4.6 | 11.06 | 18.3 | 1 | 0 | yes |  |
| dg_sump_10 | 203.2 | 79.4 | 4.57 | 10.94 | 17.8 | 1 | 0 | yes |  |
| dg_vault_10 | 203.2 | 80.0 | 4.51 | 10.94 | 19.4 | 1 | 0 | yes |  |
| dg_thunderwell_10 | 218.4 | 80.2 | 4.18 | 11.03 | 21.1 | 1 | 0 | yes |  |
| dg_burrows_9 | 210.8 | 83.7 | 4.37 | 10.32 | 20.9 | 1 | 0 | yes |  |
| dg_barrow_1 | 221.0 | 85.9 | 4.05 | 9.78 | 24.3 | 3 | 0 | yes |  |
| dg_dunemourn_1 | 225.0 | 85.9 | 4.15 | 10.06 | 16.9 | 0 | 0 | yes |  |
| dg_reliquary_1 | 247.8 | 87.0 | 3.75 | 9.92 | 23.8 | 1 | 0 | yes |  |
| dg_geode_10 | 267.9 | 87.3 | 2.92 | 10.0 | 16.2 | 0 | 0 | yes |  |
| dg_eclipse_1 | 250.2 | 87.4 | 3.59 | 9.27 | 26.0 | 2 | 0 | yes | 26.0 ms () |
| dg_briar_10 | 231.5 | 88.2 | 3.9 | 9.89 | 17.9 | 1 | 0 | yes |  |
| dg_orrery_1 | 227.5 | 89.9 | 4.07 | 9.68 | 17.8 | 1 | 0 | yes |  |
| dg_deeps_1 | 235.0 | 90.3 | 3.92 | 9.4 | 21.3 | 2 | 0 | yes |  |
| dg_vault_1 | 243.5 | 92.5 | 3.8 | 9.41 | 15.7 | 0 | 0 | yes |  |
| dg_obsidian_engine_1 | 244.2 | 93.2 | 3.74 | 8.98 | 15.8 | 0 | 0 | yes |  |
| dg_sump_1 | 276.4 | 93.8 | 3.36 | 9.16 | 25.6 | 1 | 0 | yes | 25.6 ms (Control(status_icon.gd)) |
| zr_citadel | 250.3 | 94.6 | 3.51 | 9.34 | 22.7 | 2 | 0 | yes |  |
| dg_jade_sepulchre_1 | 262.8 | 96.7 | 3.58 | 8.71 | 25.0 | 1 | 0 | yes | 25.0 ms () |
| dg_prismheart_1 | 266.7 | 96.7 | 3.41 | 8.71 | 20.5 | 2 | 0 | yes |  |
| dg_hive_1 | 281.7 | 101.4 | 3.14 | 8.32 | 19.1 | 1 | 0 | yes |  |
| dg_burrows_1 | 273.0 | 103.0 | 3.38 | 8.1 | 19.4 | 1 | 0 | yes |  |
| dg_thunderwell_1 | 302.8 | 105.2 | 2.95 | 7.95 | 18.2 | 2 | 0 | yes |  |
| dg_warren_1 | 289.5 | 107.5 | 3.1 | 8.06 | 13.9 | 0 | 0 | yes |  |
| dg_solarium_1 | 290.4 | 108.0 | 3.17 | 7.7 | 14.8 | 0 | 0 | yes |  |
| dg_briar_1 | 302.7 | 109.9 | 3.06 | 7.54 | 24.5 | 1 | 0 | yes |  |
| dg_warcamp_1 | 290.5 | 110.8 | 3.12 | 7.66 | 23.8 | 1 | 0 | yes |  |
| weeping_causeway | 299.7 | 110.8 | 3.2 | 7.69 | 15.3 | 0 | 0 | yes |  |
| dg_aetherreach_1 | 295.3 | 114.5 | 3.11 | 7.19 | 14.3 | 0 | 0 | yes |  |
| westreach | 313.9 | 116.6 | 2.91 | 7.24 | 20.1 | 2 | 0 | yes |  |
| dg_wyrmcoil_1 | 327.9 | 119.4 | 2.71 | 7.02 | 14.2 | 0 | 0 | yes |  |
| dg_underworld_1 | 315.2 | 123.1 | 2.86 | 6.75 | 14.0 | 0 | 0 | yes |  |
| dg_cellars_1 | 349.8 | 125.6 | 2.58 | 6.8 | 14.2 | 0 | 0 | yes |  |
| sanctuary | 330.6 | 135.2 | 2.81 | 6.59 | 14.3 | 0 | 0 | yes |  |
| bridge_of_death | 456.8 | 135.8 | 1.88 | 6.27 | 12.5 | 0 | 0 | yes |  |
| agdao | 354.5 | 139.0 | 2.51 | 6.4 | 12.8 | 0 | 0 | yes |  |
| dg_ember_1 | 360.7 | 143.5 | 2.48 | 5.75 | 15.3 | 0 | 0 | yes |  |
| dg_veinworks_1 | 369.0 | 144.5 | 2.42 | 5.8 | 14.9 | 0 | 0 | yes |  |
| int_tavern | 382.4 | 145.9 | 2.32 | 6.02 | 8.3 | 0 | 0 | yes |  |
| zr_barrens | 413.5 | 147.9 | 2.13 | 5.51 | 20.4 | 1 | 0 | yes |  |
| dg_ember_10 | 358.6 | 156.0 | 2.45 | 5.38 | 14.0 | 0 | 0 | yes |  |
| olivar | 421.1 | 160.7 | 2.11 | 5.15 | 11.6 | 0 | 0 | yes |  |
| zr_coilwood | 380.6 | 160.9 | 2.39 | 5.19 | 26.3 | 1 | 0 | yes | 26.3 ms (pipes 30 ) |
| dg_geode_1 | 429.4 | 174.5 | 2.16 | 4.33 | 27.3 | 1 | 0 | yes | 27.3 ms (pipes 4 BoneAttachment3D+GPUParticles3D) |
| int_guildhouse | 409.3 | 175.7 | 2.21 | 5.08 | 8.1 | 0 | 0 | yes |  |
| int_netmender | 508.9 | 176.1 | 1.84 | 4.58 | 53.5 | 1 | 1 | NO | 53.5 ms () |
| dg_aetherreach_13 | 403.5 | 176.3 | 2.31 | 4.71 | 14.4 | 0 | 0 | yes |  |
| boss_arena | 380.6 | 181.4 | 2.41 | 4.71 | 17.7 | 1 | 0 | yes |  |
| dg_solarium_15 | 419.2 | 192.8 | 2.24 | 4.25 | 14.6 | 0 | 0 | yes |  |
| dg_jade_sepulchre_7 | 427.0 | 198.3 | 2.22 | 4.06 | 12.8 | 0 | 0 | yes |  |
| dg_eclipse_14 | 415.5 | 199.8 | 2.31 | 4.03 | 15.9 | 0 | 0 | yes |  |
| dg_prismheart_10 | 429.4 | 202.3 | 2.19 | 3.96 | 13.6 | 0 | 0 | yes |  |
| dg_obsidian_engine_7 | 428.4 | 204.5 | 2.18 | 4.13 | 11.7 | 0 | 0 | yes |  |
| int_refugee | 497.7 | 212.0 | 1.82 | 4.25 | 6.5 | 0 | 0 | yes |  |
| dg_veinworks_7 | 445.4 | 214.6 | 2.12 | 3.83 | 12.9 | 0 | 0 | yes |  |
| dg_underworld_12 | 461.7 | 216.5 | 2.08 | 3.83 | 18.9 | 1 | 0 | yes |  |
| int_swordfin | 500.9 | 220.2 | 1.8 | 4.03 | 6.7 | 0 | 0 | yes |  |
| sundered_reach | 416.7 | 220.4 | 2.25 | 3.93 | 10.9 | 0 | 0 | yes |  |
| int_lantern | 549.7 | 237.1 | 1.63 | 3.76 | 6.1 | 0 | 0 | yes |  |
| int_cartographer | 584.5 | 247.0 | 1.5 | 3.6 | 5.6 | 0 | 0 | yes |  |
| int_widow | 593.3 | 249.3 | 1.48 | 3.53 | 5.7 | 0 | 0 | yes |  |
| int_keeper | 596.0 | 270.4 | 1.5 | 3.31 | 5.2 | 0 | 0 | yes |  |
