[prism_sentinel] core: 1306 tris, parent=-, loc=(0.0, 0.0, 0.0), rot_deg=(0.0, 0.0, 0.0)
[prism_sentinel] ring_1: 2376 tris, parent=-, loc=(0.0, 0.0, 0.0), rot_deg=(70.0, 0.0, 0.0)
[prism_sentinel] ring_2: 2408 tris, parent=-, loc=(0.0, 0.0, 0.0), rot_deg=(18.0, 52.0, 0.0)
[prism_sentinel] ring_3: 906 tris, parent=-, loc=(0.0, 0.0, 0.0), rot_deg=(-10.0, 0.0, 0.0)
[prism_sentinel] total 6996 tris
[prism_sentinel] bbox min [-1.005, -0.909, -0.943] max [1.04, 1.084, 0.924] size [2.045, 1.993, 1.867]
INFO Draco is available, use library at C:\Program Files\Blender Foundation\Blender 5.2\5.2\scripts\addons_core\io_scene_gltf2\bf_intern_draco_bridge.dll
INFO MeshOptimizer is available, use library at C:\Program Files\Blender Foundation\Blender 5.2\5.2\scripts\addons_core\io_scene_gltf2\bf_intern_meshopt_bridge.dll
00:47:43 | INFO: Starting glTF 2.0 export
00:47:43 | INFO: Extracting primitive: core
00:47:43 | INFO: Primitives created: 6
00:47:43 | INFO: Extracting primitive: ring_1
00:47:43 | INFO: Primitives created: 3
00:47:43 | INFO: Extracting primitive: ring_2
00:47:43 | INFO: Primitives created: 3
00:47:43 | INFO: Extracting primitive: ring_3
00:47:43 | INFO: Primitives created: 3
00:47:43 | INFO: Finished glTF 2.0 export in 0.07900357246398926 s
00:03.782  render           | Saved: 'A:\Python\beyond-heroes\work\lemondev\bh-013\scratch\floaters\_tiles_prism_sentinel\v0_6.png'
00:03.813  render           | Saved: 'A:\Python\beyond-heroes\work\lemondev\bh-013\scratch\floaters\_tiles_prism_sentinel\v60_22.png'
00:03.844  render           | Saved: 'A:\Python\beyond-heroes\work\lemondev\bh-013\scratch\floaters\_tiles_prism_sentinel\v150_10.png'
00:03.875  render           | Saved: 'A:\Python\beyond-heroes\work\lemondev\bh-013\scratch\floaters\_tiles_prism_sentinel\v270_6.png'
00:03.907  render           | Saved: 'A:\Python\beyond-heroes\work\lemondev\bh-013\scratch\floaters\_tiles_prism_sentinel\top.png'
00:03.938  render           | Saved: 'A:\Python\beyond-heroes\work\lemondev\bh-013\scratch\floaters\_tiles_prism_sentinel\close.png'
00:04.219  render           | Saved: 'A:\Python\beyond-heroes\work\lemondev\bh-013\scratch\floaters\_tiles_prism_sentinel\game_0_16.png'
00:04.469  render           | Saved: 'A:\Python\beyond-heroes\work\lemondev\bh-013\scratch\floaters\_tiles_prism_sentinel\game_0_22.png'
00:04.688  render           | Saved: 'A:\Python\beyond-heroes\work\lemondev\bh-013\scratch\floaters\_tiles_prism_sentinel\game_180_16.png'
00:04.907  render           | Saved: 'A:\Python\beyond-heroes\work\lemondev\bh-013\scratch\floaters\_tiles_prism_sentinel\game_35_7.png'

[prism_sentinel] -> A:\Python\beyond-heroes\game\assets\characters\prism_sentinel.glb
MANIFEST A:\Python\beyond-heroes\work\lemondev\bh-013\scratch\floaters\prism_sentinel_views.json A:\Python\beyond-heroes\work\lemondev\bh-013\scratch\floaters\prism_sentinel_iso.json
Blender 5.2.1 LTS (hash 9e2066aef7ef built 2026-08-25 02:38:20)

Blender quit
