[hive_drone] core: 2280 tris, parent=-, loc=(0.0, 0.0, 0.0), rot_deg=(0.0, 0.0, 0.0)
[hive_drone] wing_l: 368 tris, parent=core, loc=(0.045, -0.221, 0.099), rot_deg=(0.0, 0.0, 0.0)
[hive_drone] wing_r: 368 tris, parent=core, loc=(-0.045, -0.221, 0.099), rot_deg=(0.0, 0.0, 0.0)
[hive_drone] total 3016 tris
[hive_drone] bbox min [-0.495, -0.555, -0.362] max [0.495, 0.445, 0.185] size [0.991, 1.0, 0.546]
INFO Draco is available, use library at C:\Program Files\Blender Foundation\Blender 5.2\5.2\scripts\addons_core\io_scene_gltf2\bf_intern_draco_bridge.dll
INFO MeshOptimizer is available, use library at C:\Program Files\Blender Foundation\Blender 5.2\5.2\scripts\addons_core\io_scene_gltf2\bf_intern_meshopt_bridge.dll
00:52:27 | INFO: Starting glTF 2.0 export
00:52:27 | INFO: Extracting primitive: core
00:52:27 | INFO: Primitives created: 3
00:52:27 | INFO: Extracting primitive: wing_l
00:52:27 | INFO: Primitives created: 2
00:52:27 | INFO: Extracting primitive: wing_r
00:52:27 | INFO: Primitives created: 2
00:52:27 | INFO: Finished glTF 2.0 export in 0.07146358489990234 s
00:04.437  render           | Saved: 'A:\Python\beyond-heroes\work\lemondev\bh-013\scratch\floaters\_tiles_hive_drone\v0_6.png'
00:04.469  render           | Saved: 'A:\Python\beyond-heroes\work\lemondev\bh-013\scratch\floaters\_tiles_hive_drone\v60_22.png'
00:04.500  render           | Saved: 'A:\Python\beyond-heroes\work\lemondev\bh-013\scratch\floaters\_tiles_hive_drone\v150_10.png'
00:04.531  render           | Saved: 'A:\Python\beyond-heroes\work\lemondev\bh-013\scratch\floaters\_tiles_hive_drone\v270_6.png'
00:04.578  render           | Saved: 'A:\Python\beyond-heroes\work\lemondev\bh-013\scratch\floaters\_tiles_hive_drone\top.png'
00:04.609  render           | Saved: 'A:\Python\beyond-heroes\work\lemondev\bh-013\scratch\floaters\_tiles_hive_drone\close.png'
00:04.922  render           | Saved: 'A:\Python\beyond-heroes\work\lemondev\bh-013\scratch\floaters\_tiles_hive_drone\game_0_16.png'
00:05.187  render           | Saved: 'A:\Python\beyond-heroes\work\lemondev\bh-013\scratch\floaters\_tiles_hive_drone\game_0_22.png'
00:05.469  render           | Saved: 'A:\Python\beyond-heroes\work\lemondev\bh-013\scratch\floaters\_tiles_hive_drone\game_180_16.png'
00:05.766  render           | Saved: 'A:\Python\beyond-heroes\work\lemondev\bh-013\scratch\floaters\_tiles_hive_drone\game_35_7.png'

[hive_drone] -> A:\Python\beyond-heroes\game\assets\characters\hive_drone.glb
MANIFEST A:\Python\beyond-heroes\work\lemondev\bh-013\scratch\floaters\hive_drone_views.json A:\Python\beyond-heroes\work\lemondev\bh-013\scratch\floaters\hive_drone_iso.json
Blender 5.2.1 LTS (hash 9e2066aef7ef built 2026-08-25 02:38:20)

Blender quit
