[hive_nest] core: 10692 tris, parent=-, loc=(0.0, 0.0, 0.0), rot_deg=(0.0, 0.0, 0.0)
[hive_nest] base: 826 tris, parent=-, loc=(0.0, 0.0, 0.0), rot_deg=(0.0, 0.0, 0.0)
[hive_nest] total 11518 tris
[hive_nest] bbox min [-1.526, -1.525, -0.061] max [1.577, 1.334, 2.44] size [3.103, 2.859, 2.501]
INFO Draco is available, use library at C:\Program Files\Blender Foundation\Blender 5.2\5.2\scripts\addons_core\io_scene_gltf2\bf_intern_draco_bridge.dll
INFO MeshOptimizer is available, use library at C:\Program Files\Blender Foundation\Blender 5.2\5.2\scripts\addons_core\io_scene_gltf2\bf_intern_meshopt_bridge.dll
00:52:12 | INFO: Starting glTF 2.0 export
00:52:12 | INFO: Extracting primitive: base
00:52:12 | INFO: Primitives created: 2
00:52:12 | INFO: Extracting primitive: core
00:52:12 | INFO: Primitives created: 8
00:52:12 | INFO: Finished glTF 2.0 export in 0.08810997009277344 s
00:04.641  render           | Saved: 'A:\Python\beyond-heroes\work\lemondev\bh-013\scratch\floaters\_tiles_hive_nest\v0_6.png'
00:04.672  render           | Saved: 'A:\Python\beyond-heroes\work\lemondev\bh-013\scratch\floaters\_tiles_hive_nest\v60_22.png'
00:04.704  render           | Saved: 'A:\Python\beyond-heroes\work\lemondev\bh-013\scratch\floaters\_tiles_hive_nest\v150_10.png'
00:04.735  render           | Saved: 'A:\Python\beyond-heroes\work\lemondev\bh-013\scratch\floaters\_tiles_hive_nest\v270_6.png'
00:04.782  render           | Saved: 'A:\Python\beyond-heroes\work\lemondev\bh-013\scratch\floaters\_tiles_hive_nest\top.png'
00:04.813  render           | Saved: 'A:\Python\beyond-heroes\work\lemondev\bh-013\scratch\floaters\_tiles_hive_nest\close.png'
00:05.079  render           | Saved: 'A:\Python\beyond-heroes\work\lemondev\bh-013\scratch\floaters\_tiles_hive_nest\game_0_16.png'
00:05.329  render           | Saved: 'A:\Python\beyond-heroes\work\lemondev\bh-013\scratch\floaters\_tiles_hive_nest\game_0_22.png'
00:05.594  render           | Saved: 'A:\Python\beyond-heroes\work\lemondev\bh-013\scratch\floaters\_tiles_hive_nest\game_180_16.png'
00:05.844  render           | Saved: 'A:\Python\beyond-heroes\work\lemondev\bh-013\scratch\floaters\_tiles_hive_nest\game_35_7.png'

[hive_nest] -> A:\Python\beyond-heroes\game\assets\characters\hive_nest.glb
MANIFEST A:\Python\beyond-heroes\work\lemondev\bh-013\scratch\floaters\hive_nest_views.json A:\Python\beyond-heroes\work\lemondev\bh-013\scratch\floaters\hive_nest_iso.json
Blender 5.2.1 LTS (hash 9e2066aef7ef built 2026-08-25 02:38:20)

Blender quit
