[gloomwraith] core: 4396 tris, parent=-, loc=(0.0, 0.0, 0.0), rot_deg=(0.0, 0.0, 0.0)
[gloomwraith] ring_1: 1308 tris, parent=-, loc=(0.0, 0.0, -0.15), rot_deg=(10.0, -8.0, 0.0)
[gloomwraith] ring_2: 288 tris, parent=-, loc=(0.0, 0.0, 0.2), rot_deg=(-14.0, 18.0, 0.0)
[gloomwraith] ribbons: 1036 tris, parent=-, loc=(0.0, 0.0, 0.0), rot_deg=(0.0, 0.0, 0.0)
[gloomwraith] total 7028 tris
[gloomwraith] bbox min [-0.845, -0.799, -1.221] max [0.845, 0.601, 0.85] size [1.69, 1.4, 2.072]
INFO Draco is available, use library at C:\Program Files\Blender Foundation\Blender 5.2\5.2\scripts\addons_core\io_scene_gltf2\bf_intern_draco_bridge.dll
INFO MeshOptimizer is available, use library at C:\Program Files\Blender Foundation\Blender 5.2\5.2\scripts\addons_core\io_scene_gltf2\bf_intern_meshopt_bridge.dll
00:45:58 | INFO: Starting glTF 2.0 export
00:45:58 | INFO: Extracting primitive: core
00:45:58 | INFO: Primitives created: 6
00:45:58 | INFO: Extracting primitive: ribbons
00:45:58 | INFO: Primitives created: 3
00:45:58 | INFO: Extracting primitive: ring_1
00:45:58 | INFO: Primitives created: 2
00:45:58 | INFO: Extracting primitive: ring_2
00:45:58 | INFO: Primitives created: 2
00:45:58 | INFO: Finished glTF 2.0 export in 0.07579469680786133 s
00:04.125  render           | Saved: 'A:\Python\beyond-heroes\work\lemondev\bh-013\scratch\floaters\_tiles_gloomwraith\v0_6.png'
00:04.156  render           | Saved: 'A:\Python\beyond-heroes\work\lemondev\bh-013\scratch\floaters\_tiles_gloomwraith\v60_22.png'
00:04.187  render           | Saved: 'A:\Python\beyond-heroes\work\lemondev\bh-013\scratch\floaters\_tiles_gloomwraith\v150_10.png'
00:04.218  render           | Saved: 'A:\Python\beyond-heroes\work\lemondev\bh-013\scratch\floaters\_tiles_gloomwraith\v270_6.png'
00:04.250  render           | Saved: 'A:\Python\beyond-heroes\work\lemondev\bh-013\scratch\floaters\_tiles_gloomwraith\top.png'
00:04.281  render           | Saved: 'A:\Python\beyond-heroes\work\lemondev\bh-013\scratch\floaters\_tiles_gloomwraith\close.png'
00:04.546  render           | Saved: 'A:\Python\beyond-heroes\work\lemondev\bh-013\scratch\floaters\_tiles_gloomwraith\game_0_16.png'
00:04.796  render           | Saved: 'A:\Python\beyond-heroes\work\lemondev\bh-013\scratch\floaters\_tiles_gloomwraith\game_0_22.png'
00:05.031  render           | Saved: 'A:\Python\beyond-heroes\work\lemondev\bh-013\scratch\floaters\_tiles_gloomwraith\game_180_16.png'
00:05.250  render           | Saved: 'A:\Python\beyond-heroes\work\lemondev\bh-013\scratch\floaters\_tiles_gloomwraith\game_35_7.png'

[gloomwraith] -> A:\Python\beyond-heroes\game\assets\characters\gloomwraith.glb
MANIFEST A:\Python\beyond-heroes\work\lemondev\bh-013\scratch\floaters\gloomwraith_views.json A:\Python\beyond-heroes\work\lemondev\bh-013\scratch\floaters\gloomwraith_iso.json
Blender 5.2.1 LTS (hash 9e2066aef7ef built 2026-08-25 02:38:20)

Blender quit
