[void_rift] core: 3490 tris, parent=-, loc=(0.0, 0.0, 0.0), rot_deg=(-20.0, 0.0, 0.0)
[void_rift] ring_1: 132 tris, parent=-, loc=(0.0, 0.0, 0.0), rot_deg=(70.0, 0.0, 0.0)
[void_rift] ring_2: 164 tris, parent=-, loc=(0.0, 0.0, 0.0), rot_deg=(64.0, 8.0, 0.0)
[void_rift] ring_3: 48 tris, parent=-, loc=(0.0, 0.0, 0.0), rot_deg=(0.0, 0.0, 0.0)
[void_rift] total 3834 tris
[void_rift] bbox min [-1.261, -1.102, -1.229] max [1.304, 1.065, 1.187] size [2.565, 2.166, 2.416]
INFO Draco is available, use library at C:\Program Files\Blender Foundation\Blender 5.2\5.2\scripts\addons_core\io_scene_gltf2\bf_intern_draco_bridge.dll
INFO MeshOptimizer is available, use library at C:\Program Files\Blender Foundation\Blender 5.2\5.2\scripts\addons_core\io_scene_gltf2\bf_intern_meshopt_bridge.dll
00:53:27 | INFO: Starting glTF 2.0 export
00:53:27 | INFO: Extracting primitive: core
00:53:27 | INFO: Primitives created: 5
00:53:27 | INFO: Extracting primitive: ring_1
00:53:27 | INFO: Primitives created: 3
00:53:27 | INFO: Extracting primitive: ring_2
00:53:27 | INFO: Primitives created: 3
00:53:27 | INFO: Extracting primitive: ring_3
00:53:27 | INFO: Primitives created: 2
00:53:27 | INFO: Finished glTF 2.0 export in 0.06792426109313965 s
00:03.765  render           | Saved: 'A:\Python\beyond-heroes\work\lemondev\bh-013\scratch\floaters\_tiles_void_rift\v0_6.png'
00:03.797  render           | Saved: 'A:\Python\beyond-heroes\work\lemondev\bh-013\scratch\floaters\_tiles_void_rift\v60_22.png'
00:03.828  render           | Saved: 'A:\Python\beyond-heroes\work\lemondev\bh-013\scratch\floaters\_tiles_void_rift\v150_10.png'
00:03.859  render           | Saved: 'A:\Python\beyond-heroes\work\lemondev\bh-013\scratch\floaters\_tiles_void_rift\v270_6.png'
00:03.875  render           | Saved: 'A:\Python\beyond-heroes\work\lemondev\bh-013\scratch\floaters\_tiles_void_rift\top.png'
00:03.906  render           | Saved: 'A:\Python\beyond-heroes\work\lemondev\bh-013\scratch\floaters\_tiles_void_rift\close.png'
00:04.156  render           | Saved: 'A:\Python\beyond-heroes\work\lemondev\bh-013\scratch\floaters\_tiles_void_rift\game_0_16.png'
00:04.390  render           | Saved: 'A:\Python\beyond-heroes\work\lemondev\bh-013\scratch\floaters\_tiles_void_rift\game_0_22.png'
00:04.609  render           | Saved: 'A:\Python\beyond-heroes\work\lemondev\bh-013\scratch\floaters\_tiles_void_rift\game_180_16.png'
00:04.828  render           | Saved: 'A:\Python\beyond-heroes\work\lemondev\bh-013\scratch\floaters\_tiles_void_rift\game_35_7.png'

[void_rift] -> A:\Python\beyond-heroes\game\assets\characters\void_rift.glb
MANIFEST A:\Python\beyond-heroes\work\lemondev\bh-013\scratch\floaters\void_rift_views.json A:\Python\beyond-heroes\work\lemondev\bh-013\scratch\floaters\void_rift_iso.json
Blender 5.2.1 LTS (hash 9e2066aef7ef built 2026-08-25 02:38:20)

Blender quit
